2025-08-09T01:11:30.9650234Z Current runner version: '2.327.1'
2025-08-09T01:11:30.9673896Z ##[group]Runner Image Provisioner
2025-08-09T01:11:30.9674747Z Hosted Compute Agent
2025-08-09T01:11:30.9675334Z Version: 20250711.363
2025-08-09T01:11:30.9675911Z Commit: 6785254374ce925a23743850c1cb91912ce5c14c
2025-08-09T01:11:30.9676648Z Build Date: 2025-07-11T20:04:25Z
2025-08-09T01:11:30.9677226Z ##[endgroup]
2025-08-09T01:11:30.9677765Z ##[group]Operating System
2025-08-09T01:11:30.9678358Z Ubuntu
2025-08-09T01:11:30.9678818Z 22.04.5
2025-08-09T01:11:30.9679306Z LTS
2025-08-09T01:11:30.9679718Z ##[endgroup]
2025-08-09T01:11:30.9680284Z ##[group]Runner Image
2025-08-09T01:11:30.9680779Z Image: ubuntu-22.04
2025-08-09T01:11:30.9681524Z Version: 20250804.2.0
2025-08-09T01:11:30.9682613Z Included Software: https://github.com/actions/runner-images/blob/ubuntu22/20250804.2/images/ubuntu/Ubuntu2204-Readme.md
2025-08-09T01:11:30.9684182Z Image Release: https://github.com/actions/runner-images/releases/tag/ubuntu22%2F20250804.2
2025-08-09T01:11:30.9685230Z ##[endgroup]
2025-08-09T01:11:30.9687648Z ##[group]GITHUB_TOKEN Permissions
2025-08-09T01:11:30.9689926Z Actions: write
2025-08-09T01:11:30.9690498Z Attestations: write
2025-08-09T01:11:30.9691150Z Checks: write
2025-08-09T01:11:30.9692052Z Contents: write
2025-08-09T01:11:30.9692539Z Deployments: write
2025-08-09T01:11:30.9693084Z Discussions: write
2025-08-09T01:11:30.9693643Z Issues: write
2025-08-09T01:11:30.9694099Z Metadata: read
2025-08-09T01:11:30.9694608Z Models: read
2025-08-09T01:11:30.9695128Z Packages: write
2025-08-09T01:11:30.9695693Z Pages: write
2025-08-09T01:11:30.9696181Z PullRequests: write
2025-08-09T01:11:30.9696738Z RepositoryProjects: write
2025-08-09T01:11:30.9697282Z SecurityEvents: write
2025-08-09T01:11:30.9697913Z Statuses: write
2025-08-09T01:11:30.9698457Z ##[endgroup]
2025-08-09T01:11:30.9700474Z Secret source: Actions
2025-08-09T01:11:30.9701464Z Prepare workflow directory
2025-08-09T01:11:31.0019046Z Prepare all required actions
2025-08-09T01:11:31.0068211Z Getting action download info
2025-08-09T01:11:31.4202463Z ##[group]Download immutable action package 'actions/checkout@v4'
2025-08-09T01:11:31.4204034Z Version: 4.2.2
2025-08-09T01:11:31.4205036Z Digest: sha256:ccb2698953eaebd21c7bf6268a94f9c26518a7e38e27e0b83c1fe1ad049819b1
2025-08-09T01:11:31.4206193Z Source commit SHA: 11bd71901bbe5b1630ceea73d27597364c9af683
2025-08-09T01:11:31.4207008Z ##[endgroup]
2025-08-09T01:11:31.5076104Z ##[group]Download immutable action package 'actions/upload-artifact@v4'
2025-08-09T01:11:31.5076967Z Version: 4.6.2
2025-08-09T01:11:31.5077699Z Digest: sha256:290722aa3281d5caf23d0acdc3dbeb3424786a1a01a9cc97e72f147225e37c38
2025-08-09T01:11:31.5078717Z Source commit SHA: ea165f8d65b6e75b540449e92b4886f43607fa02
2025-08-09T01:11:31.5079427Z ##[endgroup]
2025-08-09T01:11:31.6957608Z Complete job name: build-test (main, true)
2025-08-09T01:11:31.7648752Z ##[group]Run actions/checkout@v4
2025-08-09T01:11:31.7649591Z with:
2025-08-09T01:11:31.7649967Z   lfs: true
2025-08-09T01:11:31.7650480Z   repository: yaotagroep/ainux
2025-08-09T01:11:31.7651354Z   token: ***
2025-08-09T01:11:31.7651741Z   ssh-strict: true
2025-08-09T01:11:31.7652142Z   ssh-user: git
2025-08-09T01:11:31.7652536Z   persist-credentials: true
2025-08-09T01:11:31.7652979Z   clean: true
2025-08-09T01:11:31.7653371Z   sparse-checkout-cone-mode: true
2025-08-09T01:11:31.7653851Z   fetch-depth: 1
2025-08-09T01:11:31.7654229Z   fetch-tags: false
2025-08-09T01:11:31.7654629Z   show-progress: true
2025-08-09T01:11:31.7655035Z   submodules: false
2025-08-09T01:11:31.7655440Z   set-safe-directory: true
2025-08-09T01:11:31.7656160Z ##[endgroup]
2025-08-09T01:11:31.8753538Z Syncing repository: yaotagroep/ainux
2025-08-09T01:11:31.8756205Z ##[group]Getting Git version info
2025-08-09T01:11:31.8757284Z Working directory is '/home/runner/work/ainux/ainux'
2025-08-09T01:11:31.8758924Z [command]/usr/bin/git version
2025-08-09T01:11:31.8850642Z git version 2.50.1
2025-08-09T01:11:31.8899326Z [command]/usr/bin/git lfs version
2025-08-09T01:11:32.3971895Z git-lfs/3.7.0 (GitHub; linux amd64; go 1.24.4)
2025-08-09T01:11:32.3987910Z ##[endgroup]
2025-08-09T01:11:32.4003926Z Temporarily overriding HOME='/home/runner/work/_temp/1938a10d-39bc-4f60-af52-84f58e4036e8' before making global git config changes
2025-08-09T01:11:32.4005309Z Adding repository directory to the temporary git global config as a safe directory
2025-08-09T01:11:32.4009364Z [command]/usr/bin/git config --global --add safe.directory /home/runner/work/ainux/ainux
2025-08-09T01:11:32.4043904Z Deleting the contents of '/home/runner/work/ainux/ainux'
2025-08-09T01:11:32.4047739Z ##[group]Initializing the repository
2025-08-09T01:11:32.4051632Z [command]/usr/bin/git init /home/runner/work/ainux/ainux
2025-08-09T01:11:32.4115499Z hint: Using 'master' as the name for the initial branch. This default branch name
2025-08-09T01:11:32.4116728Z hint: is subject to change. To configure the initial branch name to use in all
2025-08-09T01:11:32.4117647Z hint: of your new repositories, which will suppress this warning, call:
2025-08-09T01:11:32.4118313Z hint:
2025-08-09T01:11:32.4118783Z hint: 	git config --global init.defaultBranch <name>
2025-08-09T01:11:32.4119638Z hint:
2025-08-09T01:11:32.4120628Z hint: Names commonly chosen instead of 'master' are 'main', 'trunk' and
2025-08-09T01:11:32.4122457Z hint: 'development'. The just-created branch can be renamed via this command:
2025-08-09T01:11:32.4123708Z hint:
2025-08-09T01:11:32.4124404Z hint: 	git branch -m <name>
2025-08-09T01:11:32.4125193Z hint:
2025-08-09T01:11:32.4126246Z hint: Disable this message with "git config set advice.defaultBranchName false"
2025-08-09T01:11:32.4127915Z Initialized empty Git repository in /home/runner/work/ainux/ainux/.git/
2025-08-09T01:11:32.4134419Z [command]/usr/bin/git remote add origin https://github.com/yaotagroep/ainux
2025-08-09T01:11:32.4171783Z ##[endgroup]
2025-08-09T01:11:32.4172973Z ##[group]Disabling automatic garbage collection
2025-08-09T01:11:32.4176522Z [command]/usr/bin/git config --local gc.auto 0
2025-08-09T01:11:32.4202998Z ##[endgroup]
2025-08-09T01:11:32.4204157Z ##[group]Setting up auth
2025-08-09T01:11:32.4210475Z [command]/usr/bin/git config --local --name-only --get-regexp core\.sshCommand
2025-08-09T01:11:32.4241265Z [command]/usr/bin/git submodule foreach --recursive sh -c "git config --local --name-only --get-regexp 'core\.sshCommand' && git config --local --unset-all 'core.sshCommand' || :"
2025-08-09T01:11:32.4484519Z [command]/usr/bin/git config --local --name-only --get-regexp http\.https\:\/\/github\.com\/\.extraheader
2025-08-09T01:11:32.4515080Z [command]/usr/bin/git submodule foreach --recursive sh -c "git config --local --name-only --get-regexp 'http\.https\:\/\/github\.com\/\.extraheader' && git config --local --unset-all 'http.https://github.com/.extraheader' || :"
2025-08-09T01:11:32.4745106Z [command]/usr/bin/git config --local http.https://github.com/.extraheader AUTHORIZATION: basic ***
2025-08-09T01:11:32.4779471Z ##[endgroup]
2025-08-09T01:11:32.4783845Z [command]/usr/bin/git lfs install --local
2025-08-09T01:11:32.5187476Z Updated Git hooks.
2025-08-09T01:11:32.5188035Z Git LFS initialized.
2025-08-09T01:11:32.5348156Z ##[group]Fetching the repository
2025-08-09T01:11:32.5358241Z [command]/usr/bin/git -c protocol.version=2 fetch --no-tags --prune --no-recurse-submodules --depth=1 origin +cf77246496244bca5dc55ffcdfafec3f2394184e:refs/remotes/origin/main
2025-08-09T01:11:32.9816787Z From https://github.com/yaotagroep/ainux
2025-08-09T01:11:32.9818578Z  * [new ref]         cf77246496244bca5dc55ffcdfafec3f2394184e -> origin/main
2025-08-09T01:11:32.9845910Z ##[endgroup]
2025-08-09T01:11:32.9847194Z ##[group]Determining the checkout info
2025-08-09T01:11:32.9848705Z ##[endgroup]
2025-08-09T01:11:32.9849925Z ##[group]Fetching LFS objects
2025-08-09T01:11:32.9855304Z [command]/usr/bin/git lfs fetch origin refs/remotes/origin/main
2025-08-09T01:11:33.0091437Z Fetching reference refs/remotes/origin/main
2025-08-09T01:11:33.0348710Z ##[endgroup]
2025-08-09T01:11:33.0351595Z [command]/usr/bin/git sparse-checkout disable
2025-08-09T01:11:33.0392699Z [command]/usr/bin/git config --local --unset-all extensions.worktreeConfig
2025-08-09T01:11:33.0419030Z ##[group]Checking out the ref
2025-08-09T01:11:33.0421885Z [command]/usr/bin/git checkout --progress --force -B main refs/remotes/origin/main
2025-08-09T01:11:33.0543277Z Switched to a new branch 'main'
2025-08-09T01:11:33.0545339Z branch 'main' set up to track 'origin/main'.
2025-08-09T01:11:33.0784221Z ##[endgroup]
2025-08-09T01:11:33.0818771Z [command]/usr/bin/git log -1 --format=%H
2025-08-09T01:11:33.0842050Z cf77246496244bca5dc55ffcdfafec3f2394184e
2025-08-09T01:11:33.1041885Z ##[group]Run echo "⏳ Reclaiming space..."
2025-08-09T01:11:33.1043228Z [36;1mecho "⏳ Reclaiming space..."[0m
2025-08-09T01:11:33.1044474Z [36;1msudo rm -rf /usr/local/lib/android[0m
2025-08-09T01:11:33.1045742Z [36;1msudo rm -rf /usr/local/share/boost[0m
2025-08-09T01:11:33.1046962Z [36;1msudo rm -rf /usr/share/dotnet[0m
2025-08-09T01:11:33.1048120Z [36;1msudo rm -rf /opt/ghc[0m
2025-08-09T01:11:33.1049228Z [36;1msudo rm -rf /opt/hostedtoolcache[0m
2025-08-09T01:11:33.1050377Z [36;1msudo apt-get clean[0m
2025-08-09T01:11:33.1051647Z [36;1msudo rm -rf "$AGENT_TOOLSDIRECTORY"[0m
2025-08-09T01:11:33.1052860Z [36;1mdf -h[0m
2025-08-09T01:11:33.1053625Z [36;1m [0m
2025-08-09T01:11:33.1085519Z shell: /usr/bin/bash -e {0}
2025-08-09T01:11:33.1086519Z ##[endgroup]
2025-08-09T01:11:33.1160028Z ⏳ Reclaiming space...
2025-08-09T01:13:15.2401282Z Filesystem      Size  Used Avail Use% Mounted on
2025-08-09T01:13:15.2401870Z /dev/root        73G   36G   37G  50% /
2025-08-09T01:13:15.2402388Z tmpfs           7.9G  172K  7.9G   1% /dev/shm
2025-08-09T01:13:15.2402833Z tmpfs           3.2G  1.1M  3.2G   1% /run
2025-08-09T01:13:15.2403463Z tmpfs           5.0M     0  5.0M   0% /run/lock
2025-08-09T01:13:15.2403892Z /dev/sda15      105M  6.1M   99M   6% /boot/efi
2025-08-09T01:13:15.2404272Z /dev/sdb1        74G  4.1G   66G   6% /mnt
2025-08-09T01:13:15.2404574Z tmpfs           1.6G   12K  1.6G   1% /run/user/1001
2025-08-09T01:13:15.2439900Z ##[group]Run sudo apt-get update
2025-08-09T01:13:15.2440196Z [36;1msudo apt-get update[0m
2025-08-09T01:13:15.2440420Z [36;1msudo apt-get install -y \[0m
2025-08-09T01:13:15.2440769Z [36;1m  git build-essential libncurses-dev bison flex libssl-dev \[0m
2025-08-09T01:13:15.2441425Z [36;1m  libelf-dev bc gcc make debootstrap live-build squashfs-tools \[0m
2025-08-09T01:13:15.2441830Z [36;1m  dosfstools xorriso isolinux syslinux-utils genisoimage \[0m
2025-08-09T01:13:15.2442229Z [36;1m  qemu-system-x86 python3-pip nmap curl wget rsync pv \[0m
2025-08-09T01:13:15.2442569Z [36;1m  grub-pc-bin grub-efi-amd64-bin mtools[0m
2025-08-09T01:13:15.2442815Z [36;1m  [0m
2025-08-09T01:13:15.2471553Z shell: /usr/bin/bash -e {0}
2025-08-09T01:13:15.2471789Z ##[endgroup]
2025-08-09T01:13:15.4067760Z Get:1 file:/etc/apt/apt-mirrors.txt Mirrorlist [144 B]
2025-08-09T01:13:15.4451868Z Hit:2 http://azure.archive.ubuntu.com/ubuntu jammy InRelease
2025-08-09T01:13:15.4456573Z Get:6 https://packages.microsoft.com/repos/azure-cli jammy InRelease [3596 B]
2025-08-09T01:13:15.4506493Z Get:7 https://packages.microsoft.com/ubuntu/22.04/prod jammy InRelease [3632 B]
2025-08-09T01:13:15.4544923Z Get:3 http://azure.archive.ubuntu.com/ubuntu jammy-updates InRelease [128 kB]
2025-08-09T01:13:15.4558819Z Get:4 http://azure.archive.ubuntu.com/ubuntu jammy-backports InRelease [127 kB]
2025-08-09T01:13:15.4572480Z Get:5 http://azure.archive.ubuntu.com/ubuntu jammy-security InRelease [129 kB]
2025-08-09T01:13:15.6374718Z Get:8 https://packages.microsoft.com/repos/azure-cli jammy/main amd64 Packages [2575 B]
2025-08-09T01:13:15.6814783Z Get:9 https://packages.microsoft.com/ubuntu/22.04/prod jammy/main amd64 Packages [239 kB]
2025-08-09T01:13:15.6928195Z Get:10 https://packages.microsoft.com/ubuntu/22.04/prod jammy/main arm64 Packages [75.0 kB]
2025-08-09T01:13:15.9231895Z Get:11 http://azure.archive.ubuntu.com/ubuntu jammy-security/main Translation-en [379 kB]
2025-08-09T01:13:22.9113894Z Fetched 1087 kB in 1s (1759 kB/s)
2025-08-09T01:13:23.7513232Z Reading package lists...
2025-08-09T01:13:23.8110293Z Reading package lists...
2025-08-09T01:13:24.0100687Z Building dependency tree...
2025-08-09T01:13:24.0112488Z Reading state information...
2025-08-09T01:13:24.1714201Z bc is already the newest version (1.07.1-3build1).
2025-08-09T01:13:24.1714795Z bc set to manually installed.
2025-08-09T01:13:24.1715419Z bison is already the newest version (2:3.8.2+dfsg-1build1).
2025-08-09T01:13:24.1716061Z build-essential is already the newest version (12.9ubuntu3).
2025-08-09T01:13:24.1716966Z build-essential set to manually installed.
2025-08-09T01:13:24.1717589Z dosfstools is already the newest version (4.2-1build3).
2025-08-09T01:13:24.1718184Z dosfstools set to manually installed.
2025-08-09T01:13:24.1718698Z flex is already the newest version (2.6.4-8build2).
2025-08-09T01:13:24.1719235Z gcc is already the newest version (4:11.2.0-1ubuntu1).
2025-08-09T01:13:24.1719846Z make is already the newest version (4.3-4.1build1).
2025-08-09T01:13:24.1720563Z squashfs-tools is already the newest version (1:4.5-3build1).
2025-08-09T01:13:24.1721561Z squashfs-tools set to manually installed.
2025-08-09T01:13:24.1722149Z xorriso is already the newest version (1.5.4-2).
2025-08-09T01:13:24.1722829Z curl is already the newest version (7.81.0-1ubuntu1.20).
2025-08-09T01:13:24.1723626Z grub-efi-amd64-bin is already the newest version (2.06-2ubuntu14.8).
2025-08-09T01:13:24.1724408Z grub-efi-amd64-bin set to manually installed.
2025-08-09T01:13:24.1725131Z grub-pc-bin is already the newest version (2.06-2ubuntu7.2).
2025-08-09T01:13:24.1725872Z grub-pc-bin set to manually installed.
2025-08-09T01:13:24.1726605Z libncurses-dev is already the newest version (6.3-2ubuntu0.1).
2025-08-09T01:13:24.1727343Z libncurses-dev set to manually installed.
2025-08-09T01:13:24.1728047Z libssl-dev is already the newest version (3.0.2-0ubuntu1.19).
2025-08-09T01:13:24.1728868Z rsync is already the newest version (3.2.7-0ubuntu0.22.04.4).
2025-08-09T01:13:24.1730221Z wget is already the newest version (1.21.2-2ubuntu1.1).
2025-08-09T01:13:24.1731356Z python3-pip is already the newest version (22.0.2+dfsg-1ubuntu0.6).
2025-08-09T01:13:24.1732310Z git is already the newest version (1:2.50.1-0ppa1~ubuntu22.04.1).
2025-08-09T01:13:24.1733167Z The following additional packages will be installed:
2025-08-09T01:13:24.1734078Z   cpu-checker gstreamer1.0-plugins-base gstreamer1.0-plugins-good
2025-08-09T01:13:24.1735184Z   gstreamer1.0-x ibverbs-providers ipxe-qemu ipxe-qemu-256k-compat-efi-roms
2025-08-09T01:13:24.1736047Z   libaa1 libasyncns0 libavc1394-0 libboost-iostreams1.74.0
2025-08-09T01:13:24.1736693Z   libboost-thread1.74.0 libbrlapi0.8 libcaca0 libcacard0 libcdparanoia0
2025-08-09T01:13:24.1737442Z   libdaxctl1 libdecor-0-0 libdecor-0-plugin-1-cairo libdv4 libfdt1 libflac8
2025-08-09T01:13:24.1738301Z   libgfapi0 libgfrpc0 libgfxdr0 libglusterfs0 libgstreamer-plugins-base1.0-0
2025-08-09T01:13:24.1739102Z   libgstreamer-plugins-good1.0-0 libibverbs1 libiec61883-0 libiscsi7
2025-08-09T01:13:24.1739831Z   libjack-jackd2-0 liblinear4 libmp3lame0 libmpg123-0 libndctl6
2025-08-09T01:13:24.1740613Z   libnl-route-3-200 libopus0 liborc-0.4-0 libpcsclite1 libpmem1 libpmemobj1
2025-08-09T01:13:24.1741639Z   libpulse0 librados2 libraw1394-11 librbd1 librdmacm1 libsamplerate0
2025-08-09T01:13:24.1742399Z   libsdl2-2.0-0 libshout3 libsndfile1 libspeex1 libspice-server1 libtag1v5
2025-08-09T01:13:24.1743196Z   libtag1v5-vanilla libtheora0 libtwolame0 liburing2 libusbredirparser1
2025-08-09T01:13:24.1743977Z   libv4l-0 libv4lconvert0 libvirglrenderer1 libvisual-0.4-0 libvorbisenc2
2025-08-09T01:13:24.1744738Z   libvpx7 libvte-2.91-0 libvte-2.91-common libwavpack1 libxv1 lua-lpeg
2025-08-09T01:13:24.1745430Z   msr-tools nmap-common ovmf qemu-block-extra qemu-system-common
2025-08-09T01:13:24.1746186Z   qemu-system-data qemu-system-gui qemu-utils seabios syslinux-common
2025-08-09T01:13:24.1746798Z Suggested packages:
2025-08-09T01:13:24.1747664Z   squid-deb-proxy-client debian-archive-keyring arch-test wodim cdrkit-doc
2025-08-09T01:13:24.1748551Z   gvfs libdv-bin oss-compat libvisual-0.4-plugins jackd2 liblinear-tools
2025-08-09T01:13:24.1749280Z   liblinear-dev opus-tools pcscd pulseaudio libraw1394-doc speex
2025-08-09T01:13:24.1750085Z   gstreamer1.0-libav gstreamer1.0-plugins-ugly memtest86+ | memtest86 syslinux
2025-08-09T01:13:24.1751154Z   | grub win32-loader gnu-fdisk floppyd ncat ndiff zenmap doc-base samba vde2
2025-08-09T01:13:24.1751819Z   libcrypt-passwdmd5-perl
2025-08-09T01:13:24.2069782Z The following NEW packages will be installed:
2025-08-09T01:13:24.2070639Z   cpu-checker debootstrap genisoimage gstreamer1.0-plugins-base
2025-08-09T01:13:24.2071801Z   gstreamer1.0-plugins-good gstreamer1.0-x ibverbs-providers ipxe-qemu
2025-08-09T01:13:24.2072750Z   ipxe-qemu-256k-compat-efi-roms isolinux libaa1 libasyncns0 libavc1394-0
2025-08-09T01:13:24.2073859Z   libboost-iostreams1.74.0 libboost-thread1.74.0 libbrlapi0.8 libcaca0
2025-08-09T01:13:24.2075015Z   libcacard0 libcdparanoia0 libdaxctl1 libdecor-0-0 libdecor-0-plugin-1-cairo
2025-08-09T01:13:24.2076090Z   libdv4 libelf-dev libfdt1 libflac8 libgfapi0 libgfrpc0 libgfxdr0
2025-08-09T01:13:24.2077054Z   libglusterfs0 libgstreamer-plugins-base1.0-0 libgstreamer-plugins-good1.0-0
2025-08-09T01:13:24.2078002Z   libibverbs1 libiec61883-0 libiscsi7 libjack-jackd2-0 liblinear4 libmp3lame0
2025-08-09T01:13:24.2078994Z   libmpg123-0 libndctl6 libnl-route-3-200 libopus0 liborc-0.4-0 libpcsclite1
2025-08-09T01:13:24.2079986Z   libpmem1 libpmemobj1 libpulse0 librados2 libraw1394-11 librbd1 librdmacm1
2025-08-09T01:13:24.2080855Z   libsamplerate0 libsdl2-2.0-0 libshout3 libsndfile1 libspeex1
2025-08-09T01:13:24.2081880Z   libspice-server1 libtag1v5 libtag1v5-vanilla libtheora0 libtwolame0
2025-08-09T01:13:24.2082740Z   liburing2 libusbredirparser1 libv4l-0 libv4lconvert0 libvirglrenderer1
2025-08-09T01:13:24.2083680Z   libvisual-0.4-0 libvorbisenc2 libvpx7 libvte-2.91-0 libvte-2.91-common
2025-08-09T01:13:24.2085044Z   libwavpack1 libxv1 live-build lua-lpeg msr-tools mtools nmap nmap-common
2025-08-09T01:13:24.2086164Z   ovmf pv qemu-block-extra qemu-system-common qemu-system-data qemu-system-gui
2025-08-09T01:13:24.2087090Z   qemu-system-x86 qemu-utils seabios syslinux-common syslinux-utils
2025-08-09T01:13:24.2264252Z 0 upgraded, 90 newly installed, 0 to remove and 16 not upgraded.
2025-08-09T01:13:24.2264808Z Need to get 53.2 MB of archives.
2025-08-09T01:13:24.2265200Z After this operation, 193 MB of additional disk space will be used.
2025-08-09T01:13:24.2265819Z Get:1 file:/etc/apt/apt-mirrors.txt Mirrorlist [144 B]
2025-08-09T01:13:24.3225243Z Get:2 http://azure.archive.ubuntu.com/ubuntu jammy/main amd64 msr-tools amd64 1.3-4 [10.3 kB]
2025-08-09T01:13:24.4037820Z Get:3 http://azure.archive.ubuntu.com/ubuntu jammy/main amd64 cpu-checker amd64 0.7-1.3build1 [6800 B]
2025-08-09T01:13:24.4845955Z Get:4 http://azure.archive.ubuntu.com/ubuntu jammy/main amd64 genisoimage amd64 9:1.1.11-3.2ubuntu1 [370 kB]
2025-08-09T01:13:24.6444142Z Get:5 http://azure.archive.ubuntu.com/ubuntu jammy/main amd64 libcdparanoia0 amd64 3.10.2+debian-14build2 [49.3 kB]
2025-08-09T01:13:24.7262854Z Get:6 http://azure.archive.ubuntu.com/ubuntu jammy-updates/main amd64 liborc-0.4-0 amd64 1:0.4.32-2ubuntu0.1 [228 kB]
2025-08-09T01:13:24.8101482Z Get:7 http://azure.archive.ubuntu.com/ubuntu jammy-updates/main amd64 libgstreamer-plugins-base1.0-0 amd64 1.20.1-1ubuntu0.4 [848 kB]
2025-08-09T01:13:24.9751707Z Get:8 http://azure.archive.ubuntu.com/ubuntu jammy/main amd64 libopus0 amd64 1.3.1-0.1build2 [203 kB]
2025-08-09T01:13:25.0575905Z Get:9 http://azure.archive.ubuntu.com/ubuntu jammy/main amd64 libtheora0 amd64 1.1.1+dfsg.1-15ubuntu4 [209 kB]
2025-08-09T01:13:25.1402530Z Get:10 http://azure.archive.ubuntu.com/ubuntu jammy/main amd64 libvisual-0.4-0 amd64 0.4.0-17build2 [108 kB]
2025-08-09T01:13:25.2216679Z Get:11 http://azure.archive.ubuntu.com/ubuntu jammy/main amd64 libvorbisenc2 amd64 1.3.7-1build2 [82.6 kB]
2025-08-09T01:13:25.3054832Z Get:12 http://azure.archive.ubuntu.com/ubuntu jammy-updates/main amd64 gstreamer1.0-plugins-base amd64 1.20.1-1ubuntu0.4 [712 kB]
2025-08-09T01:13:25.4639662Z Get:13 http://azure.archive.ubuntu.com/ubuntu jammy/main amd64 libaa1 amd64 1.4p5-50build1 [51.9 kB]
2025-08-09T01:13:25.5455237Z Get:14 http://azure.archive.ubuntu.com/ubuntu jammy/main amd64 libraw1394-11 amd64 2.1.2-2build2 [27.0 kB]
2025-08-09T01:13:25.6265169Z Get:15 http://azure.archive.ubuntu.com/ubuntu jammy/main amd64 libavc1394-0 amd64 0.5.4-5build2 [17.0 kB]
2025-08-09T01:13:25.7162049Z Get:16 http://azure.archive.ubuntu.com/ubuntu jammy/main amd64 libcaca0 amd64 0.99.beta19-2.2ubuntu4 [224 kB]
2025-08-09T01:13:25.8010787Z Get:17 http://azure.archive.ubuntu.com/ubuntu jammy/main amd64 libdv4 amd64 1.0.0-14build1 [61.9 kB]
2025-08-09T01:13:25.8837426Z Get:18 http://azure.archive.ubuntu.com/ubuntu jammy-updates/main amd64 libflac8 amd64 1.3.3-2ubuntu0.2 [111 kB]
2025-08-09T01:13:25.9645830Z Get:19 http://azure.archive.ubuntu.com/ubuntu jammy-updates/main amd64 libgstreamer-plugins-good1.0-0 amd64 1.20.3-0ubuntu1.3 [30.1 kB]
2025-08-09T01:13:26.0456432Z Get:20 http://azure.archive.ubuntu.com/ubuntu jammy/main amd64 libiec61883-0 amd64 1.2.0-4build3 [25.9 kB]
2025-08-09T01:13:26.1256762Z Get:21 http://azure.archive.ubuntu.com/ubuntu jammy/main amd64 libsamplerate0 amd64 0.2.2-1build1 [1359 kB]
2025-08-09T01:13:26.3670754Z Get:22 http://azure.archive.ubuntu.com/ubuntu jammy/main amd64 libjack-jackd2-0 amd64 1.9.20~dfsg-1 [293 kB]
2025-08-09T01:13:26.4527948Z Get:23 http://azure.archive.ubuntu.com/ubuntu jammy/main amd64 libmp3lame0 amd64 3.100-3build2 [141 kB]
2025-08-09T01:13:26.5355161Z Get:24 http://azure.archive.ubuntu.com/ubuntu jammy-updates/main amd64 libmpg123-0 amd64 1.29.3-1ubuntu0.1 [172 kB]
2025-08-09T01:13:26.6191562Z Get:25 http://azure.archive.ubuntu.com/ubuntu jammy/main amd64 libasyncns0 amd64 0.8-6build2 [12.8 kB]
2025-08-09T01:13:26.7002114Z Get:26 http://azure.archive.ubuntu.com/ubuntu jammy-updates/main amd64 libsndfile1 amd64 1.0.31-2ubuntu0.2 [196 kB]
2025-08-09T01:13:26.7842907Z Get:27 http://azure.archive.ubuntu.com/ubuntu jammy-updates/main amd64 libpulse0 amd64 1:15.99.1+dfsg1-1ubuntu2.2 [298 kB]
2025-08-09T01:13:26.8680278Z Get:28 http://azure.archive.ubuntu.com/ubuntu jammy/main amd64 libspeex1 amd64 1.2~rc1.2-1.1ubuntu3 [57.9 kB]
2025-08-09T01:13:26.9492969Z Get:29 http://azure.archive.ubuntu.com/ubuntu jammy/main amd64 libshout3 amd64 2.4.5-1build3 [54.5 kB]
2025-08-09T01:13:27.0323950Z Get:30 http://azure.archive.ubuntu.com/ubuntu jammy/main amd64 libtag1v5-vanilla amd64 1.11.1+dfsg.1-3ubuntu3 [304 kB]
2025-08-09T01:13:27.1958544Z Get:31 http://azure.archive.ubuntu.com/ubuntu jammy/main amd64 libtag1v5 amd64 1.11.1+dfsg.1-3ubuntu3 [11.5 kB]
2025-08-09T01:13:27.2780142Z Get:32 http://azure.archive.ubuntu.com/ubuntu jammy/main amd64 libtwolame0 amd64 0.4.0-2build2 [52.5 kB]
2025-08-09T01:13:27.3607476Z Get:33 http://azure.archive.ubuntu.com/ubuntu jammy/main amd64 libv4lconvert0 amd64 1.22.1-2build1 [82.4 kB]
2025-08-09T01:13:27.4410176Z Get:34 http://azure.archive.ubuntu.com/ubuntu jammy/main amd64 libv4l-0 amd64 1.22.1-2build1 [44.9 kB]
2025-08-09T01:13:27.5221116Z Get:35 http://azure.archive.ubuntu.com/ubuntu jammy-updates/main amd64 libvpx7 amd64 1.11.0-2ubuntu2.4 [1078 kB]
2025-08-09T01:13:27.7622931Z Get:36 http://azure.archive.ubuntu.com/ubuntu jammy/main amd64 libwavpack1 amd64 5.4.0-1build2 [83.7 kB]
2025-08-09T01:13:27.8427578Z Get:37 http://azure.archive.ubuntu.com/ubuntu jammy-updates/main amd64 gstreamer1.0-plugins-good amd64 1.20.3-0ubuntu1.3 [2010 kB]
2025-08-09T01:13:28.1634613Z Get:38 http://azure.archive.ubuntu.com/ubuntu jammy/main amd64 libxv1 amd64 2:1.0.11-1build2 [11.2 kB]
2025-08-09T01:13:28.2447426Z Get:39 http://azure.archive.ubuntu.com/ubuntu jammy-updates/main amd64 gstreamer1.0-x amd64 1.20.1-1ubuntu0.4 [85.1 kB]
2025-08-09T01:13:28.3251718Z Get:40 http://azure.archive.ubuntu.com/ubuntu jammy/main amd64 libnl-route-3-200 amd64 3.5.0-0.1 [180 kB]
2025-08-09T01:13:28.4083711Z Get:41 http://azure.archive.ubuntu.com/ubuntu jammy/main amd64 libibverbs1 amd64 39.0-1 [69.3 kB]
2025-08-09T01:13:28.4895354Z Get:42 http://azure.archive.ubuntu.com/ubuntu jammy/main amd64 ibverbs-providers amd64 39.0-1 [341 kB]
2025-08-09T01:13:28.6505260Z Get:43 http://azure.archive.ubuntu.com/ubuntu jammy/main amd64 ipxe-qemu all 1.21.1+git-20220113.fbbdc3926-0ubuntu1 [1569 kB]
2025-08-09T01:13:28.9623844Z Get:44 http://azure.archive.ubuntu.com/ubuntu jammy/main amd64 ipxe-qemu-256k-compat-efi-roms all 1.0.0+git-20150424.a25a16d-0ubuntu4 [552 kB]
2025-08-09T01:13:29.1251709Z Get:45 http://azure.archive.ubuntu.com/ubuntu jammy/universe amd64 isolinux all 3:6.04~git20190206.bf6db5b4+dfsg1-3ubuntu1 [60.1 kB]
2025-08-09T01:13:29.2054743Z Get:46 http://azure.archive.ubuntu.com/ubuntu jammy/main amd64 libboost-iostreams1.74.0 amd64 1.74.0-14ubuntu3 [245 kB]
2025-08-09T01:13:29.2907782Z Get:47 http://azure.archive.ubuntu.com/ubuntu jammy/main amd64 libboost-thread1.74.0 amd64 1.74.0-14ubuntu3 [262 kB]
2025-08-09T01:13:29.3796699Z Get:48 http://azure.archive.ubuntu.com/ubuntu jammy-updates/main amd64 libbrlapi0.8 amd64 6.4-4ubuntu3 [28.7 kB]
2025-08-09T01:13:29.4603776Z Get:49 http://azure.archive.ubuntu.com/ubuntu jammy-updates/main amd64 libpcsclite1 amd64 1.9.5-3ubuntu1 [19.8 kB]
2025-08-09T01:13:29.5489169Z Get:50 http://azure.archive.ubuntu.com/ubuntu jammy/main amd64 libcacard0 amd64 1:2.8.0-3build2 [38.0 kB]
2025-08-09T01:13:29.6391626Z Get:51 http://azure.archive.ubuntu.com/ubuntu jammy/main amd64 libdaxctl1 amd64 72.1-1 [19.8 kB]
2025-08-09T01:13:29.7193354Z Get:52 http://azure.archive.ubuntu.com/ubuntu jammy/main amd64 libdecor-0-0 amd64 0.1.0-3build1 [15.1 kB]
2025-08-09T01:13:29.7994481Z Get:53 http://azure.archive.ubuntu.com/ubuntu jammy/main amd64 libdecor-0-plugin-1-cairo amd64 0.1.0-3build1 [20.4 kB]
2025-08-09T01:13:29.8801757Z Get:54 http://azure.archive.ubuntu.com/ubuntu jammy-updates/main amd64 libelf-dev amd64 0.186-1ubuntu0.1 [64.4 kB]
2025-08-09T01:13:29.9638011Z Get:55 http://azure.archive.ubuntu.com/ubuntu jammy-updates/main amd64 libgfxdr0 amd64 10.1-1ubuntu0.2 [22.3 kB]
2025-08-09T01:13:30.0436090Z Get:56 http://azure.archive.ubuntu.com/ubuntu jammy-updates/main amd64 libglusterfs0 amd64 10.1-1ubuntu0.2 [287 kB]
2025-08-09T01:13:30.1290001Z Get:57 http://azure.archive.ubuntu.com/ubuntu jammy-updates/main amd64 libgfrpc0 amd64 10.1-1ubuntu0.2 [47.1 kB]
2025-08-09T01:13:30.2091935Z Get:58 http://azure.archive.ubuntu.com/ubuntu jammy-updates/main amd64 libgfapi0 amd64 10.1-1ubuntu0.2 [77.3 kB]
2025-08-09T01:13:30.2902178Z Get:59 http://azure.archive.ubuntu.com/ubuntu jammy/main amd64 librdmacm1 amd64 39.0-1 [71.2 kB]
2025-08-09T01:13:30.3713268Z Get:60 http://azure.archive.ubuntu.com/ubuntu jammy/main amd64 libiscsi7 amd64 1.19.0-3build2 [70.6 kB]
2025-08-09T01:13:30.4529515Z Get:61 http://azure.archive.ubuntu.com/ubuntu jammy/universe amd64 liblinear4 amd64 2.3.0+dfsg-5 [41.4 kB]
2025-08-09T01:13:30.5350284Z Get:62 http://azure.archive.ubuntu.com/ubuntu jammy/main amd64 libndctl6 amd64 72.1-1 [57.7 kB]
2025-08-09T01:13:30.6179606Z Get:63 http://azure.archive.ubuntu.com/ubuntu jammy/main amd64 libpmem1 amd64 1.11.1-3build1 [81.4 kB]
2025-08-09T01:13:30.7002083Z Get:64 http://azure.archive.ubuntu.com/ubuntu jammy/main amd64 libpmemobj1 amd64 1.11.1-3build1 [124 kB]
2025-08-09T01:13:30.7826759Z Get:65 http://azure.archive.ubuntu.com/ubuntu jammy-updates/main amd64 librados2 amd64 17.2.7-0ubuntu0.22.04.2 [3594 kB]
2025-08-09T01:13:31.3348818Z Get:66 http://azure.archive.ubuntu.com/ubuntu jammy-updates/main amd64 librbd1 amd64 17.2.7-0ubuntu0.22.04.2 [3548 kB]
2025-08-09T01:13:32.0851531Z Get:67 http://azure.archive.ubuntu.com/ubuntu jammy-updates/main amd64 libsdl2-2.0-0 amd64 2.0.20+dfsg-2ubuntu1.22.04.1 [582 kB]
2025-08-09T01:13:32.2447213Z Get:68 http://azure.archive.ubuntu.com/ubuntu jammy/main amd64 libspice-server1 amd64 0.15.0-2ubuntu4 [351 kB]
2025-08-09T01:13:32.3305249Z Get:69 http://azure.archive.ubuntu.com/ubuntu jammy/main amd64 liburing2 amd64 2.1-2build1 [10.3 kB]
2025-08-09T01:13:32.4111748Z Get:70 http://azure.archive.ubuntu.com/ubuntu jammy/main amd64 libusbredirparser1 amd64 0.11.0-2build1 [15.9 kB]
2025-08-09T01:13:32.4929024Z Get:71 http://azure.archive.ubuntu.com/ubuntu jammy/main amd64 libvirglrenderer1 amd64 0.9.1-1~exp1ubuntu2 [188 kB]
2025-08-09T01:13:32.5784249Z Get:72 http://azure.archive.ubuntu.com/ubuntu jammy-updates/main amd64 libvte-2.91-common amd64 0.68.0-1ubuntu0.1 [9408 B]
2025-08-09T01:13:32.6596710Z Get:73 http://azure.archive.ubuntu.com/ubuntu jammy-updates/main amd64 libvte-2.91-0 amd64 0.68.0-1ubuntu0.1 [214 kB]
2025-08-09T01:13:32.8196130Z Get:74 http://azure.archive.ubuntu.com/ubuntu jammy-updates/main amd64 debootstrap all 1.0.126+nmu1ubuntu0.8 [40.6 kB]
2025-08-09T01:13:32.9020008Z Get:75 http://azure.archive.ubuntu.com/ubuntu jammy-updates/main amd64 live-build all 3.0~a57-1ubuntu41.22.04.1 [132 kB]
2025-08-09T01:13:32.9947020Z Get:76 http://azure.archive.ubuntu.com/ubuntu jammy/universe amd64 lua-lpeg amd64 1.0.2-1 [31.4 kB]
2025-08-09T01:13:33.0771425Z Get:77 http://azure.archive.ubuntu.com/ubuntu jammy/main amd64 mtools amd64 4.0.33-1+really4.0.32-1build1 [201 kB]
2025-08-09T01:13:33.2366259Z Get:78 http://azure.archive.ubuntu.com/ubuntu jammy-updates/universe amd64 nmap-common all 7.91+dfsg1+really7.80+dfsg1-2ubuntu0.1 [3940 kB]
2025-08-09T01:13:33.8982975Z Get:79 http://azure.archive.ubuntu.com/ubuntu jammy/main amd64 pv amd64 1.6.6-1build2 [44.5 kB]
2025-08-09T01:13:33.9806341Z Get:80 http://azure.archive.ubuntu.com/ubuntu jammy/main amd64 libfdt1 amd64 1.6.1-1 [20.0 kB]
2025-08-09T01:13:34.0620479Z Get:81 http://azure.archive.ubuntu.com/ubuntu jammy-updates/main amd64 qemu-system-common amd64 1:6.2+dfsg-2ubuntu6.26 [2047 kB]
2025-08-09T01:13:34.3849562Z Get:82 http://azure.archive.ubuntu.com/ubuntu jammy-updates/main amd64 qemu-system-data all 1:6.2+dfsg-2ubuntu6.26 [1430 kB]
2025-08-09T01:13:34.7036597Z Get:83 http://azure.archive.ubuntu.com/ubuntu jammy/main amd64 seabios all 1.15.0-1 [174 kB]
2025-08-09T01:13:34.7882710Z Get:84 http://azure.archive.ubuntu.com/ubuntu jammy-updates/main amd64 qemu-system-x86 amd64 1:6.2+dfsg-2ubuntu6.26 [10.1 MB]
2025-08-09T01:13:35.5754753Z Get:85 http://azure.archive.ubuntu.com/ubuntu jammy-updates/main amd64 qemu-utils amd64 1:6.2+dfsg-2ubuntu6.26 [1527 kB]
2025-08-09T01:13:35.8192122Z Get:86 http://azure.archive.ubuntu.com/ubuntu jammy-updates/main amd64 qemu-block-extra amd64 1:6.2+dfsg-2ubuntu6.26 [68.2 kB]
2025-08-09T01:13:35.9021932Z Get:87 http://azure.archive.ubuntu.com/ubuntu jammy-updates/main amd64 qemu-system-gui amd64 1:6.2+dfsg-2ubuntu6.26 [220 kB]
2025-08-09T01:13:35.9866143Z Get:88 http://azure.archive.ubuntu.com/ubuntu jammy/main amd64 syslinux-common all 3:6.04~git20190206.bf6db5b4+dfsg1-3ubuntu1 [1271 kB]
2025-08-09T01:13:36.2282115Z Get:89 http://azure.archive.ubuntu.com/ubuntu jammy/universe amd64 syslinux-utils amd64 3:6.04~git20190206.bf6db5b4+dfsg1-3ubuntu1 [50.9 kB]
2025-08-09T01:13:36.3132968Z Get:90 http://azure.archive.ubuntu.com/ubuntu jammy-updates/universe amd64 nmap amd64 7.91+dfsg1+really7.80+dfsg1-2ubuntu0.1 [1731 kB]
2025-08-09T01:13:36.5577907Z Get:91 http://azure.archive.ubuntu.com/ubuntu jammy-updates/main amd64 ovmf all 2022.02-3ubuntu0.22.04.3 [7561 kB]
2025-08-09T01:13:37.4443589Z Fetched 53.2 MB in 13s (4144 kB/s)
2025-08-09T01:13:37.4863726Z Selecting previously unselected package msr-tools.
2025-08-09T01:13:37.5352199Z (Reading database ... 
2025-08-09T01:13:37.5352580Z (Reading database ... 5%
2025-08-09T01:13:37.5352793Z (Reading database ... 10%
2025-08-09T01:13:37.5353007Z (Reading database ... 15%
2025-08-09T01:13:37.5353204Z (Reading database ... 20%
2025-08-09T01:13:37.5353407Z (Reading database ... 25%
2025-08-09T01:13:37.5353603Z (Reading database ... 30%
2025-08-09T01:13:37.5353799Z (Reading database ... 35%
2025-08-09T01:13:37.5354000Z (Reading database ... 40%
2025-08-09T01:13:37.5354189Z (Reading database ... 45%
2025-08-09T01:13:37.5354386Z (Reading database ... 50%
2025-08-09T01:13:37.9869472Z (Reading database ... 55%
2025-08-09T01:13:38.2811164Z (Reading database ... 60%
2025-08-09T01:13:38.6310182Z (Reading database ... 65%
2025-08-09T01:13:39.1359896Z (Reading database ... 70%
2025-08-09T01:13:39.6508798Z (Reading database ... 75%
2025-08-09T01:13:40.2141506Z (Reading database ... 80%
2025-08-09T01:13:40.8984711Z (Reading database ... 85%
2025-08-09T01:13:41.5453046Z (Reading database ... 90%
2025-08-09T01:13:42.2087057Z (Reading database ... 95%
2025-08-09T01:13:42.2087615Z (Reading database ... 100%
2025-08-09T01:13:42.2088355Z (Reading database ... 267991 files and directories currently installed.)
2025-08-09T01:13:42.2147742Z Preparing to unpack .../00-msr-tools_1.3-4_amd64.deb ...
2025-08-09T01:13:42.2174463Z Unpacking msr-tools (1.3-4) ...
2025-08-09T01:13:42.2693711Z Selecting previously unselected package cpu-checker.
2025-08-09T01:13:42.2859469Z Preparing to unpack .../01-cpu-checker_0.7-1.3build1_amd64.deb ...
2025-08-09T01:13:42.2867401Z Unpacking cpu-checker (0.7-1.3build1) ...
2025-08-09T01:13:42.3294997Z Selecting previously unselected package genisoimage.
2025-08-09T01:13:42.3461126Z Preparing to unpack .../02-genisoimage_9%3a1.1.11-3.2ubuntu1_amd64.deb ...
2025-08-09T01:13:42.3469042Z Unpacking genisoimage (9:1.1.11-3.2ubuntu1) ...
2025-08-09T01:13:42.4564906Z Selecting previously unselected package libcdparanoia0:amd64.
2025-08-09T01:13:42.4729601Z Preparing to unpack .../03-libcdparanoia0_3.10.2+debian-14build2_amd64.deb ...
2025-08-09T01:13:42.4747374Z Unpacking libcdparanoia0:amd64 (3.10.2+debian-14build2) ...
2025-08-09T01:13:42.5063074Z Selecting previously unselected package liborc-0.4-0:amd64.
2025-08-09T01:13:42.5229653Z Preparing to unpack .../04-liborc-0.4-0_1%3a0.4.32-2ubuntu0.1_amd64.deb ...
2025-08-09T01:13:42.5239450Z Unpacking liborc-0.4-0:amd64 (1:0.4.32-2ubuntu0.1) ...
2025-08-09T01:13:42.5499963Z Selecting previously unselected package libgstreamer-plugins-base1.0-0:amd64.
2025-08-09T01:13:42.5666194Z Preparing to unpack .../05-libgstreamer-plugins-base1.0-0_1.20.1-1ubuntu0.4_amd64.deb ...
2025-08-09T01:13:42.5675061Z Unpacking libgstreamer-plugins-base1.0-0:amd64 (1.20.1-1ubuntu0.4) ...
2025-08-09T01:13:42.6030679Z Selecting previously unselected package libopus0:amd64.
2025-08-09T01:13:42.6195455Z Preparing to unpack .../06-libopus0_1.3.1-0.1build2_amd64.deb ...
2025-08-09T01:13:42.6202983Z Unpacking libopus0:amd64 (1.3.1-0.1build2) ...
2025-08-09T01:13:42.6438912Z Selecting previously unselected package libtheora0:amd64.
2025-08-09T01:13:42.6606848Z Preparing to unpack .../07-libtheora0_1.1.1+dfsg.1-15ubuntu4_amd64.deb ...
2025-08-09T01:13:42.6616031Z Unpacking libtheora0:amd64 (1.1.1+dfsg.1-15ubuntu4) ...
2025-08-09T01:13:42.6868545Z Selecting previously unselected package libvisual-0.4-0:amd64.
2025-08-09T01:13:42.7038273Z Preparing to unpack .../08-libvisual-0.4-0_0.4.0-17build2_amd64.deb ...
2025-08-09T01:13:42.7046939Z Unpacking libvisual-0.4-0:amd64 (0.4.0-17build2) ...
2025-08-09T01:13:42.7296634Z Selecting previously unselected package libvorbisenc2:amd64.
2025-08-09T01:13:42.7463901Z Preparing to unpack .../09-libvorbisenc2_1.3.7-1build2_amd64.deb ...
2025-08-09T01:13:42.7472960Z Unpacking libvorbisenc2:amd64 (1.3.7-1build2) ...
2025-08-09T01:13:42.7711588Z Selecting previously unselected package gstreamer1.0-plugins-base:amd64.
2025-08-09T01:13:42.7877549Z Preparing to unpack .../10-gstreamer1.0-plugins-base_1.20.1-1ubuntu0.4_amd64.deb ...
2025-08-09T01:13:42.7886363Z Unpacking gstreamer1.0-plugins-base:amd64 (1.20.1-1ubuntu0.4) ...
2025-08-09T01:13:42.8233562Z Selecting previously unselected package libaa1:amd64.
2025-08-09T01:13:42.8400304Z Preparing to unpack .../11-libaa1_1.4p5-50build1_amd64.deb ...
2025-08-09T01:13:42.8408848Z Unpacking libaa1:amd64 (1.4p5-50build1) ...
2025-08-09T01:13:42.8631417Z Selecting previously unselected package libraw1394-11:amd64.
2025-08-09T01:13:42.8802168Z Preparing to unpack .../12-libraw1394-11_2.1.2-2build2_amd64.deb ...
2025-08-09T01:13:42.8812687Z Unpacking libraw1394-11:amd64 (2.1.2-2build2) ...
2025-08-09T01:13:42.9056446Z Selecting previously unselected package libavc1394-0:amd64.
2025-08-09T01:13:42.9226211Z Preparing to unpack .../13-libavc1394-0_0.5.4-5build2_amd64.deb ...
2025-08-09T01:13:42.9236816Z Unpacking libavc1394-0:amd64 (0.5.4-5build2) ...
2025-08-09T01:13:42.9463715Z Selecting previously unselected package libcaca0:amd64.
2025-08-09T01:13:42.9633403Z Preparing to unpack .../14-libcaca0_0.99.beta19-2.2ubuntu4_amd64.deb ...
2025-08-09T01:13:42.9642871Z Unpacking libcaca0:amd64 (0.99.beta19-2.2ubuntu4) ...
2025-08-09T01:13:42.9902805Z Selecting previously unselected package libdv4:amd64.
2025-08-09T01:13:43.0067272Z Preparing to unpack .../15-libdv4_1.0.0-14build1_amd64.deb ...
2025-08-09T01:13:43.0076512Z Unpacking libdv4:amd64 (1.0.0-14build1) ...
2025-08-09T01:13:43.0306085Z Selecting previously unselected package libflac8:amd64.
2025-08-09T01:13:43.0472670Z Preparing to unpack .../16-libflac8_1.3.3-2ubuntu0.2_amd64.deb ...
2025-08-09T01:13:43.0482791Z Unpacking libflac8:amd64 (1.3.3-2ubuntu0.2) ...
2025-08-09T01:13:43.0728688Z Selecting previously unselected package libgstreamer-plugins-good1.0-0:amd64.
2025-08-09T01:13:43.0896521Z Preparing to unpack .../17-libgstreamer-plugins-good1.0-0_1.20.3-0ubuntu1.3_amd64.deb ...
2025-08-09T01:13:43.0906003Z Unpacking libgstreamer-plugins-good1.0-0:amd64 (1.20.3-0ubuntu1.3) ...
2025-08-09T01:13:43.1135509Z Selecting previously unselected package libiec61883-0:amd64.
2025-08-09T01:13:43.1303915Z Preparing to unpack .../18-libiec61883-0_1.2.0-4build3_amd64.deb ...
2025-08-09T01:13:43.1312813Z Unpacking libiec61883-0:amd64 (1.2.0-4build3) ...
2025-08-09T01:13:43.1532053Z Selecting previously unselected package libsamplerate0:amd64.
2025-08-09T01:13:43.1696670Z Preparing to unpack .../19-libsamplerate0_0.2.2-1build1_amd64.deb ...
2025-08-09T01:13:43.1706708Z Unpacking libsamplerate0:amd64 (0.2.2-1build1) ...
2025-08-09T01:13:43.1988901Z Selecting previously unselected package libjack-jackd2-0:amd64.
2025-08-09T01:13:43.2155867Z Preparing to unpack .../20-libjack-jackd2-0_1.9.20~dfsg-1_amd64.deb ...
2025-08-09T01:13:43.2164984Z Unpacking libjack-jackd2-0:amd64 (1.9.20~dfsg-1) ...
2025-08-09T01:13:43.2428517Z Selecting previously unselected package libmp3lame0:amd64.
2025-08-09T01:13:43.2598753Z Preparing to unpack .../21-libmp3lame0_3.100-3build2_amd64.deb ...
2025-08-09T01:13:43.2608717Z Unpacking libmp3lame0:amd64 (3.100-3build2) ...
2025-08-09T01:13:43.2845931Z Selecting previously unselected package libmpg123-0:amd64.
2025-08-09T01:13:43.3013902Z Preparing to unpack .../22-libmpg123-0_1.29.3-1ubuntu0.1_amd64.deb ...
2025-08-09T01:13:43.3023440Z Unpacking libmpg123-0:amd64 (1.29.3-1ubuntu0.1) ...
2025-08-09T01:13:43.3264690Z Selecting previously unselected package libasyncns0:amd64.
2025-08-09T01:13:43.3431126Z Preparing to unpack .../23-libasyncns0_0.8-6build2_amd64.deb ...
2025-08-09T01:13:43.3439718Z Unpacking libasyncns0:amd64 (0.8-6build2) ...
2025-08-09T01:13:43.3683083Z Selecting previously unselected package libsndfile1:amd64.
2025-08-09T01:13:43.3850261Z Preparing to unpack .../24-libsndfile1_1.0.31-2ubuntu0.2_amd64.deb ...
2025-08-09T01:13:43.3859955Z Unpacking libsndfile1:amd64 (1.0.31-2ubuntu0.2) ...
2025-08-09T01:13:43.4128589Z Selecting previously unselected package libpulse0:amd64.
2025-08-09T01:13:43.4298357Z Preparing to unpack .../25-libpulse0_1%3a15.99.1+dfsg1-1ubuntu2.2_amd64.deb ...
2025-08-09T01:13:43.4414402Z Unpacking libpulse0:amd64 (1:15.99.1+dfsg1-1ubuntu2.2) ...
2025-08-09T01:13:43.4676962Z Selecting previously unselected package libspeex1:amd64.
2025-08-09T01:13:43.4846873Z Preparing to unpack .../26-libspeex1_1.2~rc1.2-1.1ubuntu3_amd64.deb ...
2025-08-09T01:13:43.4855257Z Unpacking libspeex1:amd64 (1.2~rc1.2-1.1ubuntu3) ...
2025-08-09T01:13:43.5074963Z Selecting previously unselected package libshout3:amd64.
2025-08-09T01:13:43.5242297Z Preparing to unpack .../27-libshout3_2.4.5-1build3_amd64.deb ...
2025-08-09T01:13:43.5250786Z Unpacking libshout3:amd64 (2.4.5-1build3) ...
2025-08-09T01:13:43.5479222Z Selecting previously unselected package libtag1v5-vanilla:amd64.
2025-08-09T01:13:43.5648259Z Preparing to unpack .../28-libtag1v5-vanilla_1.11.1+dfsg.1-3ubuntu3_amd64.deb ...
2025-08-09T01:13:43.5659513Z Unpacking libtag1v5-vanilla:amd64 (1.11.1+dfsg.1-3ubuntu3) ...
2025-08-09T01:13:43.5900075Z Selecting previously unselected package libtag1v5:amd64.
2025-08-09T01:13:43.6064427Z Preparing to unpack .../29-libtag1v5_1.11.1+dfsg.1-3ubuntu3_amd64.deb ...
2025-08-09T01:13:43.6072652Z Unpacking libtag1v5:amd64 (1.11.1+dfsg.1-3ubuntu3) ...
2025-08-09T01:13:43.6282682Z Selecting previously unselected package libtwolame0:amd64.
2025-08-09T01:13:43.6449582Z Preparing to unpack .../30-libtwolame0_0.4.0-2build2_amd64.deb ...
2025-08-09T01:13:43.6457955Z Unpacking libtwolame0:amd64 (0.4.0-2build2) ...
2025-08-09T01:13:43.6672892Z Selecting previously unselected package libv4lconvert0:amd64.
2025-08-09T01:13:43.6836285Z Preparing to unpack .../31-libv4lconvert0_1.22.1-2build1_amd64.deb ...
2025-08-09T01:13:43.6844890Z Unpacking libv4lconvert0:amd64 (1.22.1-2build1) ...
2025-08-09T01:13:43.7093533Z Selecting previously unselected package libv4l-0:amd64.
2025-08-09T01:13:43.7260225Z Preparing to unpack .../32-libv4l-0_1.22.1-2build1_amd64.deb ...
2025-08-09T01:13:43.7272289Z Unpacking libv4l-0:amd64 (1.22.1-2build1) ...
2025-08-09T01:13:43.7518390Z Selecting previously unselected package libvpx7:amd64.
2025-08-09T01:13:43.7685146Z Preparing to unpack .../33-libvpx7_1.11.0-2ubuntu2.4_amd64.deb ...
2025-08-09T01:13:43.7694000Z Unpacking libvpx7:amd64 (1.11.0-2ubuntu2.4) ...
2025-08-09T01:13:43.8030534Z Selecting previously unselected package libwavpack1:amd64.
2025-08-09T01:13:43.8198562Z Preparing to unpack .../34-libwavpack1_5.4.0-1build2_amd64.deb ...
2025-08-09T01:13:43.8207427Z Unpacking libwavpack1:amd64 (5.4.0-1build2) ...
2025-08-09T01:13:43.8428858Z Selecting previously unselected package gstreamer1.0-plugins-good:amd64.
2025-08-09T01:13:43.8595826Z Preparing to unpack .../35-gstreamer1.0-plugins-good_1.20.3-0ubuntu1.3_amd64.deb ...
2025-08-09T01:13:43.8604588Z Unpacking gstreamer1.0-plugins-good:amd64 (1.20.3-0ubuntu1.3) ...
2025-08-09T01:13:43.9133779Z Selecting previously unselected package libxv1:amd64.
2025-08-09T01:13:43.9300543Z Preparing to unpack .../36-libxv1_2%3a1.0.11-1build2_amd64.deb ...
2025-08-09T01:13:43.9311557Z Unpacking libxv1:amd64 (2:1.0.11-1build2) ...
2025-08-09T01:13:43.9513972Z Selecting previously unselected package gstreamer1.0-x:amd64.
2025-08-09T01:13:43.9676123Z Preparing to unpack .../37-gstreamer1.0-x_1.20.1-1ubuntu0.4_amd64.deb ...
2025-08-09T01:13:43.9693910Z Unpacking gstreamer1.0-x:amd64 (1.20.1-1ubuntu0.4) ...
2025-08-09T01:13:43.9914989Z Selecting previously unselected package libnl-route-3-200:amd64.
2025-08-09T01:13:44.0076014Z Preparing to unpack .../38-libnl-route-3-200_3.5.0-0.1_amd64.deb ...
2025-08-09T01:13:44.0085109Z Unpacking libnl-route-3-200:amd64 (3.5.0-0.1) ...
2025-08-09T01:13:44.0324727Z Selecting previously unselected package libibverbs1:amd64.
2025-08-09T01:13:44.0486452Z Preparing to unpack .../39-libibverbs1_39.0-1_amd64.deb ...
2025-08-09T01:13:44.0495443Z Unpacking libibverbs1:amd64 (39.0-1) ...
2025-08-09T01:13:44.0730343Z Selecting previously unselected package ibverbs-providers:amd64.
2025-08-09T01:13:44.0891620Z Preparing to unpack .../40-ibverbs-providers_39.0-1_amd64.deb ...
2025-08-09T01:13:44.1014529Z Unpacking ibverbs-providers:amd64 (39.0-1) ...
2025-08-09T01:13:44.1297664Z Selecting previously unselected package ipxe-qemu.
2025-08-09T01:13:44.1464501Z Preparing to unpack .../41-ipxe-qemu_1.21.1+git-20220113.fbbdc3926-0ubuntu1_all.deb ...
2025-08-09T01:13:44.1473056Z Unpacking ipxe-qemu (1.21.1+git-20220113.fbbdc3926-0ubuntu1) ...
2025-08-09T01:13:44.1835120Z Selecting previously unselected package ipxe-qemu-256k-compat-efi-roms.
2025-08-09T01:13:44.2000720Z Preparing to unpack .../42-ipxe-qemu-256k-compat-efi-roms_1.0.0+git-20150424.a25a16d-0ubuntu4_all.deb ...
2025-08-09T01:13:44.2008991Z Unpacking ipxe-qemu-256k-compat-efi-roms (1.0.0+git-20150424.a25a16d-0ubuntu4) ...
2025-08-09T01:13:44.2501105Z Selecting previously unselected package isolinux.
2025-08-09T01:13:44.2666754Z Preparing to unpack .../43-isolinux_3%3a6.04~git20190206.bf6db5b4+dfsg1-3ubuntu1_all.deb ...
2025-08-09T01:13:44.2675610Z Unpacking isolinux (3:6.04~git20190206.bf6db5b4+dfsg1-3ubuntu1) ...
2025-08-09T01:13:44.2902842Z Selecting previously unselected package libboost-iostreams1.74.0:amd64.
2025-08-09T01:13:44.3067822Z Preparing to unpack .../44-libboost-iostreams1.74.0_1.74.0-14ubuntu3_amd64.deb ...
2025-08-09T01:13:44.3076667Z Unpacking libboost-iostreams1.74.0:amd64 (1.74.0-14ubuntu3) ...
2025-08-09T01:13:44.3353158Z Selecting previously unselected package libboost-thread1.74.0:amd64.
2025-08-09T01:13:44.3519373Z Preparing to unpack .../45-libboost-thread1.74.0_1.74.0-14ubuntu3_amd64.deb ...
2025-08-09T01:13:44.3527450Z Unpacking libboost-thread1.74.0:amd64 (1.74.0-14ubuntu3) ...
2025-08-09T01:13:44.3801084Z Selecting previously unselected package libbrlapi0.8:amd64.
2025-08-09T01:13:44.3964604Z Preparing to unpack .../46-libbrlapi0.8_6.4-4ubuntu3_amd64.deb ...
2025-08-09T01:13:44.3973265Z Unpacking libbrlapi0.8:amd64 (6.4-4ubuntu3) ...
2025-08-09T01:13:44.4179949Z Selecting previously unselected package libpcsclite1:amd64.
2025-08-09T01:13:44.4345279Z Preparing to unpack .../47-libpcsclite1_1.9.5-3ubuntu1_amd64.deb ...
2025-08-09T01:13:44.4355767Z Unpacking libpcsclite1:amd64 (1.9.5-3ubuntu1) ...
2025-08-09T01:13:44.4566785Z Selecting previously unselected package libcacard0:amd64.
2025-08-09T01:13:44.4731624Z Preparing to unpack .../48-libcacard0_1%3a2.8.0-3build2_amd64.deb ...
2025-08-09T01:13:44.4740264Z Unpacking libcacard0:amd64 (1:2.8.0-3build2) ...
2025-08-09T01:13:44.4951385Z Selecting previously unselected package libdaxctl1:amd64.
2025-08-09T01:13:44.5116504Z Preparing to unpack .../49-libdaxctl1_72.1-1_amd64.deb ...
2025-08-09T01:13:44.5125356Z Unpacking libdaxctl1:amd64 (72.1-1) ...
2025-08-09T01:13:44.5338642Z Selecting previously unselected package libdecor-0-0:amd64.
2025-08-09T01:13:44.5505245Z Preparing to unpack .../50-libdecor-0-0_0.1.0-3build1_amd64.deb ...
2025-08-09T01:13:44.5513249Z Unpacking libdecor-0-0:amd64 (0.1.0-3build1) ...
2025-08-09T01:13:44.5712175Z Selecting previously unselected package libdecor-0-plugin-1-cairo:amd64.
2025-08-09T01:13:44.5876835Z Preparing to unpack .../51-libdecor-0-plugin-1-cairo_0.1.0-3build1_amd64.deb ...
2025-08-09T01:13:44.5885095Z Unpacking libdecor-0-plugin-1-cairo:amd64 (0.1.0-3build1) ...
2025-08-09T01:13:44.6083114Z Selecting previously unselected package libelf-dev:amd64.
2025-08-09T01:13:44.6247761Z Preparing to unpack .../52-libelf-dev_0.186-1ubuntu0.1_amd64.deb ...
2025-08-09T01:13:44.6255843Z Unpacking libelf-dev:amd64 (0.186-1ubuntu0.1) ...
2025-08-09T01:13:44.6559301Z Selecting previously unselected package libgfxdr0:amd64.
2025-08-09T01:13:44.6726466Z Preparing to unpack .../53-libgfxdr0_10.1-1ubuntu0.2_amd64.deb ...
2025-08-09T01:13:44.6735705Z Unpacking libgfxdr0:amd64 (10.1-1ubuntu0.2) ...
2025-08-09T01:13:44.6948956Z Selecting previously unselected package libglusterfs0:amd64.
2025-08-09T01:13:44.7112789Z Preparing to unpack .../54-libglusterfs0_10.1-1ubuntu0.2_amd64.deb ...
2025-08-09T01:13:44.7120575Z Unpacking libglusterfs0:amd64 (10.1-1ubuntu0.2) ...
2025-08-09T01:13:44.7362785Z Selecting previously unselected package libgfrpc0:amd64.
2025-08-09T01:13:44.7524622Z Preparing to unpack .../55-libgfrpc0_10.1-1ubuntu0.2_amd64.deb ...
2025-08-09T01:13:44.7537734Z Unpacking libgfrpc0:amd64 (10.1-1ubuntu0.2) ...
2025-08-09T01:13:44.7759785Z Selecting previously unselected package libgfapi0:amd64.
2025-08-09T01:13:44.7925578Z Preparing to unpack .../56-libgfapi0_10.1-1ubuntu0.2_amd64.deb ...
2025-08-09T01:13:44.7934349Z Unpacking libgfapi0:amd64 (10.1-1ubuntu0.2) ...
2025-08-09T01:13:44.8168599Z Selecting previously unselected package librdmacm1:amd64.
2025-08-09T01:13:44.8338104Z Preparing to unpack .../57-librdmacm1_39.0-1_amd64.deb ...
2025-08-09T01:13:44.8345649Z Unpacking librdmacm1:amd64 (39.0-1) ...
2025-08-09T01:13:44.8569158Z Selecting previously unselected package libiscsi7:amd64.
2025-08-09T01:13:44.8733766Z Preparing to unpack .../58-libiscsi7_1.19.0-3build2_amd64.deb ...
2025-08-09T01:13:44.8743918Z Unpacking libiscsi7:amd64 (1.19.0-3build2) ...
2025-08-09T01:13:44.8962706Z Selecting previously unselected package liblinear4:amd64.
2025-08-09T01:13:44.9128907Z Preparing to unpack .../59-liblinear4_2.3.0+dfsg-5_amd64.deb ...
2025-08-09T01:13:44.9138042Z Unpacking liblinear4:amd64 (2.3.0+dfsg-5) ...
2025-08-09T01:13:44.9384670Z Selecting previously unselected package libndctl6:amd64.
2025-08-09T01:13:44.9551064Z Preparing to unpack .../60-libndctl6_72.1-1_amd64.deb ...
2025-08-09T01:13:44.9560643Z Unpacking libndctl6:amd64 (72.1-1) ...
2025-08-09T01:13:44.9778255Z Selecting previously unselected package libpmem1:amd64.
2025-08-09T01:13:44.9943415Z Preparing to unpack .../61-libpmem1_1.11.1-3build1_amd64.deb ...
2025-08-09T01:13:44.9952190Z Unpacking libpmem1:amd64 (1.11.1-3build1) ...
2025-08-09T01:13:45.0205534Z Selecting previously unselected package libpmemobj1:amd64.
2025-08-09T01:13:45.0370569Z Preparing to unpack .../62-libpmemobj1_1.11.1-3build1_amd64.deb ...
2025-08-09T01:13:45.0379378Z Unpacking libpmemobj1:amd64 (1.11.1-3build1) ...
2025-08-09T01:13:45.0667104Z Selecting previously unselected package librados2.
2025-08-09T01:13:45.0837762Z Preparing to unpack .../63-librados2_17.2.7-0ubuntu0.22.04.2_amd64.deb ...
2025-08-09T01:13:45.0846863Z Unpacking librados2 (17.2.7-0ubuntu0.22.04.2) ...
2025-08-09T01:13:45.1545910Z Selecting previously unselected package librbd1.
2025-08-09T01:13:45.1711563Z Preparing to unpack .../64-librbd1_17.2.7-0ubuntu0.22.04.2_amd64.deb ...
2025-08-09T01:13:45.1723152Z Unpacking librbd1 (17.2.7-0ubuntu0.22.04.2) ...
2025-08-09T01:13:45.2404160Z Selecting previously unselected package libsdl2-2.0-0:amd64.
2025-08-09T01:13:45.2569921Z Preparing to unpack .../65-libsdl2-2.0-0_2.0.20+dfsg-2ubuntu1.22.04.1_amd64.deb ...
2025-08-09T01:13:45.2578934Z Unpacking libsdl2-2.0-0:amd64 (2.0.20+dfsg-2ubuntu1.22.04.1) ...
2025-08-09T01:13:45.2871115Z Selecting previously unselected package libspice-server1:amd64.
2025-08-09T01:13:45.3038578Z Preparing to unpack .../66-libspice-server1_0.15.0-2ubuntu4_amd64.deb ...
2025-08-09T01:13:45.3048534Z Unpacking libspice-server1:amd64 (0.15.0-2ubuntu4) ...
2025-08-09T01:13:45.3306627Z Selecting previously unselected package liburing2:amd64.
2025-08-09T01:13:45.3474208Z Preparing to unpack .../67-liburing2_2.1-2build1_amd64.deb ...
2025-08-09T01:13:45.3485433Z Unpacking liburing2:amd64 (2.1-2build1) ...
2025-08-09T01:13:45.3703960Z Selecting previously unselected package libusbredirparser1:amd64.
2025-08-09T01:13:45.3869160Z Preparing to unpack .../68-libusbredirparser1_0.11.0-2build1_amd64.deb ...
2025-08-09T01:13:45.3877760Z Unpacking libusbredirparser1:amd64 (0.11.0-2build1) ...
2025-08-09T01:13:45.4091734Z Selecting previously unselected package libvirglrenderer1:amd64.
2025-08-09T01:13:45.4258153Z Preparing to unpack .../69-libvirglrenderer1_0.9.1-1~exp1ubuntu2_amd64.deb ...
2025-08-09T01:13:45.4266574Z Unpacking libvirglrenderer1:amd64 (0.9.1-1~exp1ubuntu2) ...
2025-08-09T01:13:45.4489505Z Selecting previously unselected package libvte-2.91-common.
2025-08-09T01:13:45.4654175Z Preparing to unpack .../70-libvte-2.91-common_0.68.0-1ubuntu0.1_amd64.deb ...
2025-08-09T01:13:45.4664197Z Unpacking libvte-2.91-common (0.68.0-1ubuntu0.1) ...
2025-08-09T01:13:45.4891560Z Selecting previously unselected package libvte-2.91-0:amd64.
2025-08-09T01:13:45.5055487Z Preparing to unpack .../71-libvte-2.91-0_0.68.0-1ubuntu0.1_amd64.deb ...
2025-08-09T01:13:45.5065161Z Unpacking libvte-2.91-0:amd64 (0.68.0-1ubuntu0.1) ...
2025-08-09T01:13:45.5291602Z Selecting previously unselected package debootstrap.
2025-08-09T01:13:45.5455788Z Preparing to unpack .../72-debootstrap_1.0.126+nmu1ubuntu0.8_all.deb ...
2025-08-09T01:13:45.5463013Z Unpacking debootstrap (1.0.126+nmu1ubuntu0.8) ...
2025-08-09T01:13:45.5816809Z Selecting previously unselected package live-build.
2025-08-09T01:13:45.5981884Z Preparing to unpack .../73-live-build_3.0~a57-1ubuntu41.22.04.1_all.deb ...
2025-08-09T01:13:45.5990518Z Unpacking live-build (3.0~a57-1ubuntu41.22.04.1) ...
2025-08-09T01:13:45.7286003Z Selecting previously unselected package lua-lpeg:amd64.
2025-08-09T01:13:45.7453819Z Preparing to unpack .../74-lua-lpeg_1.0.2-1_amd64.deb ...
2025-08-09T01:13:45.7463198Z Unpacking lua-lpeg:amd64 (1.0.2-1) ...
2025-08-09T01:13:45.7705796Z Selecting previously unselected package mtools.
2025-08-09T01:13:45.7873124Z Preparing to unpack .../75-mtools_4.0.33-1+really4.0.32-1build1_amd64.deb ...
2025-08-09T01:13:45.7887600Z Unpacking mtools (4.0.33-1+really4.0.32-1build1) ...
2025-08-09T01:13:45.9204432Z Selecting previously unselected package nmap-common.
2025-08-09T01:13:45.9370615Z Preparing to unpack .../76-nmap-common_7.91+dfsg1+really7.80+dfsg1-2ubuntu0.1_all.deb ...
2025-08-09T01:13:45.9379220Z Unpacking nmap-common (7.91+dfsg1+really7.80+dfsg1-2ubuntu0.1) ...
2025-08-09T01:13:46.1312536Z Selecting previously unselected package pv.
2025-08-09T01:13:46.1483025Z Preparing to unpack .../77-pv_1.6.6-1build2_amd64.deb ...
2025-08-09T01:13:46.1490631Z Unpacking pv (1.6.6-1build2) ...
2025-08-09T01:13:46.1780415Z Selecting previously unselected package libfdt1:amd64.
2025-08-09T01:13:46.1945085Z Preparing to unpack .../78-libfdt1_1.6.1-1_amd64.deb ...
2025-08-09T01:13:46.1955511Z Unpacking libfdt1:amd64 (1.6.1-1) ...
2025-08-09T01:13:46.2167664Z Selecting previously unselected package qemu-system-common.
2025-08-09T01:13:46.2341756Z Preparing to unpack .../79-qemu-system-common_1%3a6.2+dfsg-2ubuntu6.26_amd64.deb ...
2025-08-09T01:13:46.2352825Z Unpacking qemu-system-common (1:6.2+dfsg-2ubuntu6.26) ...
2025-08-09T01:13:46.3315643Z Selecting previously unselected package qemu-system-data.
2025-08-09T01:13:46.3483113Z Preparing to unpack .../80-qemu-system-data_1%3a6.2+dfsg-2ubuntu6.26_all.deb ...
2025-08-09T01:13:46.3491268Z Unpacking qemu-system-data (1:6.2+dfsg-2ubuntu6.26) ...
2025-08-09T01:13:46.4144025Z Selecting previously unselected package seabios.
2025-08-09T01:13:46.4310396Z Preparing to unpack .../81-seabios_1.15.0-1_all.deb ...
2025-08-09T01:13:46.4320858Z Unpacking seabios (1.15.0-1) ...
2025-08-09T01:13:46.4594325Z Selecting previously unselected package qemu-system-x86.
2025-08-09T01:13:46.4760036Z Preparing to unpack .../82-qemu-system-x86_1%3a6.2+dfsg-2ubuntu6.26_amd64.deb ...
2025-08-09T01:13:46.4888084Z Unpacking qemu-system-x86 (1:6.2+dfsg-2ubuntu6.26) ...
2025-08-09T01:13:46.6528606Z Selecting previously unselected package qemu-utils.
2025-08-09T01:13:46.6695721Z Preparing to unpack .../83-qemu-utils_1%3a6.2+dfsg-2ubuntu6.26_amd64.deb ...
2025-08-09T01:13:46.6705533Z Unpacking qemu-utils (1:6.2+dfsg-2ubuntu6.26) ...
2025-08-09T01:13:46.7254891Z Selecting previously unselected package qemu-block-extra.
2025-08-09T01:13:46.7421581Z Preparing to unpack .../84-qemu-block-extra_1%3a6.2+dfsg-2ubuntu6.26_amd64.deb ...
2025-08-09T01:13:46.7429626Z Unpacking qemu-block-extra (1:6.2+dfsg-2ubuntu6.26) ...
2025-08-09T01:13:46.7653538Z Selecting previously unselected package qemu-system-gui.
2025-08-09T01:13:46.7821727Z Preparing to unpack .../85-qemu-system-gui_1%3a6.2+dfsg-2ubuntu6.26_amd64.deb ...
2025-08-09T01:13:46.7829958Z Unpacking qemu-system-gui (1:6.2+dfsg-2ubuntu6.26) ...
2025-08-09T01:13:46.8066451Z Selecting previously unselected package syslinux-common.
2025-08-09T01:13:46.8233993Z Preparing to unpack .../86-syslinux-common_3%3a6.04~git20190206.bf6db5b4+dfsg1-3ubuntu1_all.deb ...
2025-08-09T01:13:46.8242278Z Unpacking syslinux-common (3:6.04~git20190206.bf6db5b4+dfsg1-3ubuntu1) ...
2025-08-09T01:13:46.8845429Z Selecting previously unselected package syslinux-utils.
2025-08-09T01:13:46.9015565Z Preparing to unpack .../87-syslinux-utils_3%3a6.04~git20190206.bf6db5b4+dfsg1-3ubuntu1_amd64.deb ...
2025-08-09T01:13:46.9023754Z Unpacking syslinux-utils (3:6.04~git20190206.bf6db5b4+dfsg1-3ubuntu1) ...
2025-08-09T01:13:46.9491494Z Selecting previously unselected package nmap.
2025-08-09T01:13:46.9658731Z Preparing to unpack .../88-nmap_7.91+dfsg1+really7.80+dfsg1-2ubuntu0.1_amd64.deb ...
2025-08-09T01:13:46.9666904Z Unpacking nmap (7.91+dfsg1+really7.80+dfsg1-2ubuntu0.1) ...
2025-08-09T01:13:47.0304728Z Selecting previously unselected package ovmf.
2025-08-09T01:13:47.0471751Z Preparing to unpack .../89-ovmf_2022.02-3ubuntu0.22.04.3_all.deb ...
2025-08-09T01:13:47.0481229Z Unpacking ovmf (2022.02-3ubuntu0.22.04.3) ...
2025-08-09T01:13:47.1421787Z Setting up genisoimage (9:1.1.11-3.2ubuntu1) ...
2025-08-09T01:13:47.1446012Z Setting up libcdparanoia0:amd64 (3.10.2+debian-14build2) ...
2025-08-09T01:13:47.1467587Z Setting up lua-lpeg:amd64 (1.0.2-1) ...
2025-08-09T01:13:47.1487142Z Setting up debootstrap (1.0.126+nmu1ubuntu0.8) ...
2025-08-09T01:13:47.1509714Z Setting up libraw1394-11:amd64 (2.1.2-2build2) ...
2025-08-09T01:13:47.1529170Z Setting up libtag1v5-vanilla:amd64 (1.11.1+dfsg.1-3ubuntu3) ...
2025-08-09T01:13:47.1548282Z Setting up libmpg123-0:amd64 (1.29.3-1ubuntu0.1) ...
2025-08-09T01:13:47.1572529Z Setting up isolinux (3:6.04~git20190206.bf6db5b4+dfsg1-3ubuntu1) ...
2025-08-09T01:13:47.1591756Z Setting up libspeex1:amd64 (1.2~rc1.2-1.1ubuntu3) ...
2025-08-09T01:13:47.1611563Z Setting up libcaca0:amd64 (0.99.beta19-2.2ubuntu4) ...
2025-08-09T01:13:47.1635648Z Setting up libtwolame0:amd64 (0.4.0-2build2) ...
2025-08-09T01:13:47.1656075Z Setting up libvte-2.91-common (0.68.0-1ubuntu0.1) ...
2025-08-09T01:13:47.1689854Z Setting up libvisual-0.4-0:amd64 (0.4.0-17build2) ...
2025-08-09T01:13:47.1709072Z Setting up mtools (4.0.33-1+really4.0.32-1build1) ...
2025-08-09T01:13:47.1744802Z Setting up libboost-iostreams1.74.0:amd64 (1.74.0-14ubuntu3) ...
2025-08-09T01:13:47.1764973Z Setting up msr-tools (1.3-4) ...
2025-08-09T01:13:47.1786500Z Setting up syslinux-common (3:6.04~git20190206.bf6db5b4+dfsg1-3ubuntu1) ...
2025-08-09T01:13:47.1808696Z Setting up live-build (3.0~a57-1ubuntu41.22.04.1) ...
2025-08-09T01:13:47.1830207Z Setting up libfdt1:amd64 (1.6.1-1) ...
2025-08-09T01:13:47.1851311Z Setting up libvte-2.91-0:amd64 (0.68.0-1ubuntu0.1) ...
2025-08-09T01:13:47.1876351Z Setting up libusbredirparser1:amd64 (0.11.0-2build1) ...
2025-08-09T01:13:47.1899010Z Setting up liblinear4:amd64 (2.3.0+dfsg-5) ...
2025-08-09T01:13:47.1921335Z Setting up libflac8:amd64 (1.3.3-2ubuntu0.2) ...
2025-08-09T01:13:47.1947695Z Setting up syslinux-utils (3:6.04~git20190206.bf6db5b4+dfsg1-3ubuntu1) ...
2025-08-09T01:13:47.1969418Z Setting up libnl-route-3-200:amd64 (3.5.0-0.1) ...
2025-08-09T01:13:47.1991280Z Setting up ovmf (2022.02-3ubuntu0.22.04.3) ...
2025-08-09T01:13:47.2010246Z Setting up libglusterfs0:amd64 (10.1-1ubuntu0.2) ...
2025-08-09T01:13:47.2030267Z Setting up libvirglrenderer1:amd64 (0.9.1-1~exp1ubuntu2) ...
2025-08-09T01:13:47.2052879Z Setting up libopus0:amd64 (1.3.1-0.1build2) ...
2025-08-09T01:13:47.2074845Z Setting up libxv1:amd64 (2:1.0.11-1build2) ...
2025-08-09T01:13:47.2099778Z Setting up liborc-0.4-0:amd64 (1:0.4.32-2ubuntu0.1) ...
2025-08-09T01:13:47.2122657Z Setting up libelf-dev:amd64 (0.186-1ubuntu0.1) ...
2025-08-09T01:13:47.2144280Z Setting up libpcsclite1:amd64 (1.9.5-3ubuntu1) ...
2025-08-09T01:13:47.2166408Z Setting up libdaxctl1:amd64 (72.1-1) ...
2025-08-09T01:13:47.2205305Z Setting up qemu-system-data (1:6.2+dfsg-2ubuntu6.26) ...
2025-08-09T01:13:47.2227007Z Setting up seabios (1.15.0-1) ...
2025-08-09T01:13:47.2251138Z Setting up nmap-common (7.91+dfsg1+really7.80+dfsg1-2ubuntu0.1) ...
2025-08-09T01:13:47.2434138Z Setting up libtag1v5:amd64 (1.11.1+dfsg.1-3ubuntu3) ...
2025-08-09T01:13:47.2455239Z Setting up cpu-checker (0.7-1.3build1) ...
2025-08-09T01:13:47.2476054Z Setting up libdv4:amd64 (1.0.0-14build1) ...
2025-08-09T01:13:47.2500145Z Setting up libasyncns0:amd64 (0.8-6build2) ...
2025-08-09T01:13:47.2522679Z Setting up pv (1.6.6-1build2) ...
2025-08-09T01:13:47.2555353Z Setting up libwavpack1:amd64 (5.4.0-1build2) ...
2025-08-09T01:13:47.2579830Z Setting up ipxe-qemu (1.21.1+git-20220113.fbbdc3926-0ubuntu1) ...
2025-08-09T01:13:47.2602193Z Setting up libtheora0:amd64 (1.1.1+dfsg.1-15ubuntu4) ...
2025-08-09T01:13:47.2625943Z Setting up libv4lconvert0:amd64 (1.22.1-2build1) ...
2025-08-09T01:13:47.2647368Z Setting up libdecor-0-0:amd64 (0.1.0-3build1) ...
2025-08-09T01:13:47.2672240Z Setting up libndctl6:amd64 (72.1-1) ...
2025-08-09T01:13:47.2699385Z Setting up ipxe-qemu-256k-compat-efi-roms (1.0.0+git-20150424.a25a16d-0ubuntu4) ...
2025-08-09T01:13:47.2725802Z Setting up libvpx7:amd64 (1.11.0-2ubuntu2.4) ...
2025-08-09T01:13:47.2746780Z Setting up libbrlapi0.8:amd64 (6.4-4ubuntu3) ...
2025-08-09T01:13:47.2768086Z Setting up liburing2:amd64 (2.1-2build1) ...
2025-08-09T01:13:47.2791853Z Setting up libsamplerate0:amd64 (0.2.2-1build1) ...
2025-08-09T01:13:47.2814061Z Setting up libpmem1:amd64 (1.11.1-3build1) ...
2025-08-09T01:13:47.2836778Z Setting up libmp3lame0:amd64 (3.100-3build2) ...
2025-08-09T01:13:47.2865264Z Setting up libvorbisenc2:amd64 (1.3.7-1build2) ...
2025-08-09T01:13:47.2890638Z Setting up libgfxdr0:amd64 (10.1-1ubuntu0.2) ...
2025-08-09T01:13:47.2916742Z Setting up libboost-thread1.74.0:amd64 (1.74.0-14ubuntu3) ...
2025-08-09T01:13:47.2941831Z Setting up libaa1:amd64 (1.4p5-50build1) ...
2025-08-09T01:13:47.2964799Z Setting up libiec61883-0:amd64 (1.2.0-4build3) ...
2025-08-09T01:13:47.2996511Z Setting up libavc1394-0:amd64 (0.5.4-5build2) ...
2025-08-09T01:13:47.3019758Z Setting up libibverbs1:amd64 (39.0-1) ...
2025-08-09T01:13:47.3607868Z Setting up ibverbs-providers:amd64 (39.0-1) ...
2025-08-09T01:13:47.3851540Z Setting up libgstreamer-plugins-base1.0-0:amd64 (1.20.1-1ubuntu0.4) ...
2025-08-09T01:13:47.3871978Z Setting up nmap (7.91+dfsg1+really7.80+dfsg1-2ubuntu0.1) ...
2025-08-09T01:13:47.3895743Z Setting up libcacard0:amd64 (1:2.8.0-3build2) ...
2025-08-09T01:13:47.3920119Z Setting up libv4l-0:amd64 (1.22.1-2build1) ...
2025-08-09T01:13:47.3940849Z Setting up libgstreamer-plugins-good1.0-0:amd64 (1.20.3-0ubuntu1.3) ...
2025-08-09T01:13:47.3963486Z Setting up gstreamer1.0-plugins-base:amd64 (1.20.1-1ubuntu0.4) ...
2025-08-09T01:13:47.3984841Z Setting up libshout3:amd64 (2.4.5-1build3) ...
2025-08-09T01:13:47.4006857Z Setting up libpmemobj1:amd64 (1.11.1-3build1) ...
2025-08-09T01:13:47.4030700Z Setting up libdecor-0-plugin-1-cairo:amd64 (0.1.0-3build1) ...
2025-08-09T01:13:47.4051885Z Setting up libjack-jackd2-0:amd64 (1.9.20~dfsg-1) ...
2025-08-09T01:13:47.4074908Z Setting up libsndfile1:amd64 (1.0.31-2ubuntu0.2) ...
2025-08-09T01:13:47.4098611Z Setting up qemu-utils (1:6.2+dfsg-2ubuntu6.26) ...
2025-08-09T01:13:47.4123238Z Setting up libgfrpc0:amd64 (10.1-1ubuntu0.2) ...
2025-08-09T01:13:47.4144854Z Setting up librdmacm1:amd64 (39.0-1) ...
2025-08-09T01:13:47.4169020Z Setting up librados2 (17.2.7-0ubuntu0.22.04.2) ...
2025-08-09T01:13:47.4314669Z Setting up gstreamer1.0-x:amd64 (1.20.1-1ubuntu0.4) ...
2025-08-09T01:13:47.4334022Z Setting up libpulse0:amd64 (1:15.99.1+dfsg1-1ubuntu2.2) ...
2025-08-09T01:13:47.4407184Z Setting up gstreamer1.0-plugins-good:amd64 (1.20.3-0ubuntu1.3) ...
2025-08-09T01:13:47.4430564Z Setting up libspice-server1:amd64 (0.15.0-2ubuntu4) ...
2025-08-09T01:13:47.4452207Z Setting up librbd1 (17.2.7-0ubuntu0.22.04.2) ...
2025-08-09T01:13:47.4476147Z Setting up libgfapi0:amd64 (10.1-1ubuntu0.2) ...
2025-08-09T01:13:47.4497754Z Setting up libiscsi7:amd64 (1.19.0-3build2) ...
2025-08-09T01:13:47.4520801Z Setting up libsdl2-2.0-0:amd64 (2.0.20+dfsg-2ubuntu1.22.04.1) ...
2025-08-09T01:13:47.4540021Z Setting up qemu-block-extra (1:6.2+dfsg-2ubuntu6.26) ...
2025-08-09T01:13:47.7422020Z Created symlink /etc/systemd/system/multi-user.target.wants/run-qemu.mount → /lib/systemd/system/run-qemu.mount.
2025-08-09T01:13:48.1682476Z Setting up qemu-system-common (1:6.2+dfsg-2ubuntu6.26) ...
2025-08-09T01:13:48.2728007Z Created symlink /etc/systemd/system/multi-user.target.wants/qemu-kvm.service → /lib/systemd/system/qemu-kvm.service.
2025-08-09T01:13:49.0871905Z Setting up qemu-system-x86 (1:6.2+dfsg-2ubuntu6.26) ...
2025-08-09T01:13:49.0895792Z Setting up qemu-system-gui (1:6.2+dfsg-2ubuntu6.26) ...
2025-08-09T01:13:49.0926175Z Processing triggers for man-db (2.10.2-1) ...
2025-08-09T01:13:50.4860500Z Processing triggers for install-info (6.8-4build1) ...
2025-08-09T01:13:50.8733215Z Processing triggers for hicolor-icon-theme (0.17-2) ...
2025-08-09T01:13:51.3121508Z Processing triggers for libc-bin (2.35-0ubuntu3.10) ...
2025-08-09T01:13:51.7179408Z NEEDRESTART-VER: 3.5
2025-08-09T01:13:52.3692017Z NEEDRESTART-KCUR: 6.8.0-1031-azure
2025-08-09T01:13:52.3692480Z NEEDRESTART-KEXP: 6.8.0-1031-azure
2025-08-09T01:13:52.3692859Z NEEDRESTART-KSTA: 1
2025-08-09T01:13:52.3693172Z NEEDRESTART-SVC: hosted-compute-agent.service
2025-08-09T01:13:53.7584313Z ##[group]Run echo "CLUSTER_MODE=main" >> $GITHUB_ENV
2025-08-09T01:13:53.7584682Z [36;1mecho "CLUSTER_MODE=main" >> $GITHUB_ENV[0m
2025-08-09T01:13:53.7584954Z [36;1mecho "ENABLE_GUI=true" >> $GITHUB_ENV[0m
2025-08-09T01:13:53.7585233Z [36;1mecho "SKIP_QEMU_TEST=true" >> $GITHUB_ENV[0m
2025-08-09T01:13:53.7585543Z [36;1mecho "BUILD_THREADS=2" >> $GITHUB_ENV  # Limit for CI[0m
2025-08-09T01:13:53.7585987Z [36;1mecho "SKIP_CONNECTIVITY_CHECK=true" >> $GITHUB_ENV  # Skip redundant check in CI[0m
2025-08-09T01:13:53.7613465Z shell: /usr/bin/bash -e {0}
2025-08-09T01:13:53.7613684Z ##[endgroup]
2025-08-09T01:13:53.7688796Z ##[group]Run chmod +x ainux-builder.sh
2025-08-09T01:13:53.7689100Z [36;1mchmod +x ainux-builder.sh[0m
2025-08-09T01:13:53.7689315Z [36;1m[0m
2025-08-09T01:13:53.7689478Z [36;1m# Add debug output[0m
2025-08-09T01:13:53.7689671Z [36;1mset -x[0m
2025-08-09T01:13:53.7689835Z [36;1m[0m
2025-08-09T01:13:53.7690034Z [36;1m# Run build with timeout (2 hours max)[0m
2025-08-09T01:13:53.7690314Z [36;1mtimeout 7200 ./ainux-builder.sh || {[0m
2025-08-09T01:13:53.7690581Z [36;1m  echo "Build timed out or failed"[0m
2025-08-09T01:13:53.7690863Z [36;1m  echo "=== Last 100 lines of any available logs ==="[0m
2025-08-09T01:13:53.7691663Z [36;1m  find ~/ainux-build/logs -name "*.log" -exec tail -50 {} \; 2>/dev/null || echo "No log files found"[0m
2025-08-09T01:13:53.7692043Z [36;1m  [0m
2025-08-09T01:13:53.7692226Z [36;1m  echo "=== Environment Variables ==="[0m
2025-08-09T01:13:53.7692548Z [36;1m  env | grep -E "(CLUSTER_MODE|ENABLE_GUI|SKIP_|BUILD_)" || true[0m
2025-08-09T01:13:53.7692874Z [36;1m  [0m
2025-08-09T01:13:53.7693036Z [36;1m  echo "=== Disk Usage ==="[0m
2025-08-09T01:13:53.7693259Z [36;1m  df -h || true[0m
2025-08-09T01:13:53.7693431Z [36;1m  [0m
2025-08-09T01:13:53.7693596Z [36;1m  echo "=== Memory Usage ==="[0m
2025-08-09T01:13:53.7693823Z [36;1m  free -h || true[0m
2025-08-09T01:13:53.7694002Z [36;1m  [0m
2025-08-09T01:13:53.7694152Z [36;1m  exit 1[0m
2025-08-09T01:13:53.7694303Z [36;1m}[0m
2025-08-09T01:13:53.7719739Z shell: /usr/bin/bash -e {0}
2025-08-09T01:13:53.7719952Z env:
2025-08-09T01:13:53.7720100Z   CLUSTER_MODE: main
2025-08-09T01:13:53.7720281Z   ENABLE_GUI: true
2025-08-09T01:13:53.7720451Z   SKIP_QEMU_TEST: true
2025-08-09T01:13:53.7720624Z   BUILD_THREADS: 2
2025-08-09T01:13:53.7720801Z   SKIP_CONNECTIVITY_CHECK: true
2025-08-09T01:13:53.7721347Z ##[endgroup]
2025-08-09T01:13:53.7773640Z + timeout 7200 ./ainux-builder.sh
2025-08-09T01:13:53.7847911Z 
2025-08-09T01:13:53.7848618Z [0;35m[PHASE][0m Starting Ainux OS AI Cluster Builder Process
2025-08-09T01:13:53.7849042Z 
2025-08-09T01:13:53.7849051Z 
2025-08-09T01:13:53.7849274Z [0;35m[PHASE][0m Checking Prerequisites
2025-08-09T01:13:53.7849569Z 
2025-08-09T01:13:53.7895723Z [0;34m[INFO][0m Detected Ubuntu 22.04 LTS - supported
2025-08-09T01:13:53.7924178Z [0;34m[INFO][0m Disk space check passed: 36GB available
2025-08-09T01:13:53.7924813Z [0;34m[INFO][0m Checking internet connectivity...
2025-08-09T01:13:53.7925541Z [1;33m[WARNING][0m Skipping connectivity check (SKIP_CONNECTIVITY_CHECK=true)
2025-08-09T01:13:53.7926230Z [0;32m[SUCCESS][0m Prerequisites check passed
2025-08-09T01:13:53.7926547Z 
2025-08-09T01:13:53.7926888Z [0;35m[PHASE][0m Initializing Ainux OS AI Cluster Build Environment
2025-08-09T01:13:53.7927273Z 
2025-08-09T01:13:53.7927472Z [0;34m[INFO][0m Build Configuration:
2025-08-09T01:13:53.7927940Z [0;34m[INFO][0m   Kernel Version: 6.6.58
2025-08-09T01:13:53.7928395Z [0;34m[INFO][0m   Cluster Mode: main
2025-08-09T01:13:53.7928839Z [0;34m[INFO][0m   Build Threads: 2
2025-08-09T01:13:53.7929593Z [0;34m[INFO][0m   GUI Enabled: true
2025-08-09T01:13:53.7929984Z [0;34m[INFO][0m   Build Directory: /home/runner/ainux-build
2025-08-09T01:13:53.7930363Z [0;34m[INFO][0m Installing build dependencies...
2025-08-09T01:13:53.7930758Z [0;34m[INFO][0m Detected CI environment - applying optimizations...
2025-08-09T01:13:55.3886156Z 
2025-08-09T01:13:55.3886751Z WARNING: apt does not have a stable CLI interface. Use with caution in scripts.
2025-08-09T01:13:55.3887089Z 
2025-08-09T01:13:55.4271189Z Reading package lists...
2025-08-09T01:13:55.6223997Z Building dependency tree...
2025-08-09T01:13:55.6236097Z Reading state information...
2025-08-09T01:13:55.7812944Z bc is already the newest version (1.07.1-3build1).
2025-08-09T01:13:55.7813668Z bison is already the newest version (2:3.8.2+dfsg-1build1).
2025-08-09T01:13:55.7814258Z build-essential is already the newest version (12.9ubuntu3).
2025-08-09T01:13:55.7815301Z dosfstools is already the newest version (4.2-1build3).
2025-08-09T01:13:55.7815815Z flex is already the newest version (2.6.4-8build2).
2025-08-09T01:13:55.7816294Z gcc is already the newest version (4:11.2.0-1ubuntu1).
2025-08-09T01:13:55.7816836Z genisoimage is already the newest version (9:1.1.11-3.2ubuntu1).
2025-08-09T01:13:55.7817375Z make is already the newest version (4.3-4.1build1).
2025-08-09T01:13:55.7817919Z mtools is already the newest version (4.0.33-1+really4.0.32-1build1).
2025-08-09T01:13:55.7818474Z pv is already the newest version (1.6.6-1build2).
2025-08-09T01:13:55.7818906Z squashfs-tools is already the newest version (1:4.5-3build1).
2025-08-09T01:13:55.7819455Z isolinux is already the newest version (3:6.04~git20190206.bf6db5b4+dfsg1-3ubuntu1).
2025-08-09T01:13:55.7820110Z syslinux-utils is already the newest version (3:6.04~git20190206.bf6db5b4+dfsg1-3ubuntu1).
2025-08-09T01:13:55.7820636Z xorriso is already the newest version (1.5.4-2).
2025-08-09T01:13:55.7821504Z curl is already the newest version (7.81.0-1ubuntu1.20).
2025-08-09T01:13:55.7821975Z debootstrap is already the newest version (1.0.126+nmu1ubuntu0.8).
2025-08-09T01:13:55.7822497Z grub-efi-amd64-bin is already the newest version (2.06-2ubuntu14.8).
2025-08-09T01:13:55.7822978Z grub-pc-bin is already the newest version (2.06-2ubuntu7.2).
2025-08-09T01:13:55.7823425Z libelf-dev is already the newest version (0.186-1ubuntu0.1).
2025-08-09T01:13:55.7823887Z libncurses-dev is already the newest version (6.3-2ubuntu0.1).
2025-08-09T01:13:55.7824349Z libssl-dev is already the newest version (3.0.2-0ubuntu1.19).
2025-08-09T01:13:55.7824832Z live-build is already the newest version (3.0~a57-1ubuntu41.22.04.1).
2025-08-09T01:13:55.7825353Z qemu-system-x86 is already the newest version (1:6.2+dfsg-2ubuntu6.26).
2025-08-09T01:13:55.7825843Z rsync is already the newest version (3.2.7-0ubuntu0.22.04.4).
2025-08-09T01:13:55.7826261Z wget is already the newest version (1.21.2-2ubuntu1.1).
2025-08-09T01:13:55.7826757Z nmap is already the newest version (7.91+dfsg1+really7.80+dfsg1-2ubuntu0.1).
2025-08-09T01:13:55.7827306Z python3-pip is already the newest version (22.0.2+dfsg-1ubuntu0.6).
2025-08-09T01:13:55.7827799Z git is already the newest version (1:2.50.1-0ppa1~ubuntu22.04.1).
2025-08-09T01:13:55.8176202Z The following NEW packages will be installed:
2025-08-09T01:13:55.8181358Z   dialog
2025-08-09T01:13:55.8486771Z 0 upgraded, 1 newly installed, 0 to remove and 16 not upgraded.
2025-08-09T01:13:55.8827810Z Need to get 303 kB of archives.
2025-08-09T01:13:55.8828499Z After this operation, 1258 kB of additional disk space will be used.
2025-08-09T01:13:55.8829112Z Get:1 file:/etc/apt/apt-mirrors.txt Mirrorlist [144 B]
2025-08-09T01:13:55.9814479Z Get:2 http://azure.archive.ubuntu.com/ubuntu jammy/universe amd64 dialog amd64 1.3-20211214-1 [303 kB]
2025-08-09T01:13:56.2822855Z Fetched 303 kB in 0s (2654 kB/s)
2025-08-09T01:13:56.3035993Z Selecting previously unselected package dialog.
2025-08-09T01:13:56.3107012Z (Reading database ... 
2025-08-09T01:13:56.3107562Z (Reading database ... 5%
2025-08-09T01:13:56.3108191Z (Reading database ... 10%
2025-08-09T01:13:56.3108550Z (Reading database ... 15%
2025-08-09T01:13:56.3108898Z (Reading database ... 20%
2025-08-09T01:13:56.3109249Z (Reading database ... 25%
2025-08-09T01:13:56.3109531Z (Reading database ... 30%
2025-08-09T01:13:56.3109756Z (Reading database ... 35%
2025-08-09T01:13:56.3109997Z (Reading database ... 40%
2025-08-09T01:13:56.3110221Z (Reading database ... 45%
2025-08-09T01:13:56.3110445Z (Reading database ... 50%
2025-08-09T01:13:56.3159802Z (Reading database ... 55%
2025-08-09T01:13:56.3192970Z (Reading database ... 60%
2025-08-09T01:13:56.3210646Z (Reading database ... 65%
2025-08-09T01:13:56.3291678Z (Reading database ... 70%
2025-08-09T01:13:56.3452039Z (Reading database ... 75%
2025-08-09T01:13:56.3484260Z (Reading database ... 80%
2025-08-09T01:13:56.3745099Z (Reading database ... 85%
2025-08-09T01:13:56.3824946Z (Reading database ... 90%
2025-08-09T01:13:56.3978298Z (Reading database ... 95%
2025-08-09T01:13:56.3979316Z (Reading database ... 100%
2025-08-09T01:13:56.3979864Z (Reading database ... 270634 files and directories currently installed.)
2025-08-09T01:13:56.4037245Z Preparing to unpack .../dialog_1.3-20211214-1_amd64.deb ...
2025-08-09T01:13:56.4048591Z Unpacking dialog (1.3-20211214-1) ...
2025-08-09T01:13:56.5553032Z Setting up dialog (1.3-20211214-1) ...
2025-08-09T01:13:56.5584894Z Processing triggers for man-db (2.10.2-1) ...
2025-08-09T01:13:57.1018646Z NEEDRESTART-VER: 3.5
2025-08-09T01:13:57.3331683Z NEEDRESTART-KCUR: 6.8.0-1031-azure
2025-08-09T01:13:57.3332197Z NEEDRESTART-KEXP: 6.8.0-1031-azure
2025-08-09T01:13:57.3332594Z NEEDRESTART-KSTA: 1
2025-08-09T01:13:57.3332994Z NEEDRESTART-SVC: hosted-compute-agent.service
2025-08-09T01:13:58.6152646Z [0;34m[INFO][0m Applying CI space optimizations...
2025-08-09T01:13:59.5334847Z Reading package lists...
2025-08-09T01:13:59.7056943Z Building dependency tree...
2025-08-09T01:13:59.7069427Z Reading state information...
2025-08-09T01:13:59.8507763Z The following packages will be REMOVED:
2025-08-09T01:13:59.8508692Z   apport-symptoms landscape-common libintl-perl libintl-xs-perl libisns0
2025-08-09T01:13:59.8509583Z   liblldb-13 liblldb-15 libmodule-find-perl libmodule-scandeps-perl libmspack0
2025-08-09T01:13:59.8535077Z   libopeniscsiusr libproc-processtable-perl libsort-naturally-perl
2025-08-09T01:13:59.8535932Z   libterm-readkey-perl libxmlsec1 libxmlsec1-openssl lxd-agent-loader
2025-08-09T01:13:59.8536738Z   needrestart open-iscsi open-vm-tools python3-apport python3-automat
2025-08-09T01:13:59.8537504Z   python3-bcrypt python3-click python3-colorama python3-constantly
2025-08-09T01:13:59.8538247Z   python3-hamcrest python3-hyperlink python3-incremental
2025-08-09T01:13:59.8538909Z   python3-problem-report python3-pyasn1 python3-pyasn1-modules
2025-08-09T01:13:59.8539540Z   python3-service-identity python3-systemd python3-twisted
2025-08-09T01:13:59.8540045Z   python3-zope.interface zerofree
2025-08-09T01:14:00.1140245Z 0 upgraded, 0 newly installed, 37 to remove and 14 not upgraded.
2025-08-09T01:14:00.1141349Z After this operation, 62.7 MB disk space will be freed.
2025-08-09T01:14:00.1359475Z (Reading database ... 
2025-08-09T01:14:00.1359948Z (Reading database ... 5%
2025-08-09T01:14:00.1360423Z (Reading database ... 10%
2025-08-09T01:14:00.1360796Z (Reading database ... 15%
2025-08-09T01:14:00.1361275Z (Reading database ... 20%
2025-08-09T01:14:00.1361531Z (Reading database ... 25%
2025-08-09T01:14:00.1361771Z (Reading database ... 30%
2025-08-09T01:14:00.1362015Z (Reading database ... 35%
2025-08-09T01:14:00.1362253Z (Reading database ... 40%
2025-08-09T01:14:00.1362495Z (Reading database ... 45%
2025-08-09T01:14:00.1362734Z (Reading database ... 50%
2025-08-09T01:14:00.1416181Z (Reading database ... 55%
2025-08-09T01:14:00.1449829Z (Reading database ... 60%
2025-08-09T01:14:00.1468299Z (Reading database ... 65%
2025-08-09T01:14:00.1549793Z (Reading database ... 70%
2025-08-09T01:14:00.1709559Z (Reading database ... 75%
2025-08-09T01:14:00.1741401Z (Reading database ... 80%
2025-08-09T01:14:00.1996074Z (Reading database ... 85%
2025-08-09T01:14:00.2072112Z (Reading database ... 90%
2025-08-09T01:14:00.2217081Z (Reading database ... 95%
2025-08-09T01:14:00.2217581Z (Reading database ... 100%
2025-08-09T01:14:00.2218331Z (Reading database ... 270787 files and directories currently installed.)
2025-08-09T01:14:00.2268887Z Removing apport-symptoms (0.24) ...
2025-08-09T01:14:00.2474570Z Removing landscape-common (23.02-0ubuntu1~22.04.4) ...
2025-08-09T01:14:00.3662682Z Removing libintl-xs-perl (1.26-3build2) ...
2025-08-09T01:14:00.3868800Z Removing needrestart (3.5-5ubuntu2.4) ...
2025-08-09T01:14:00.4650073Z Removing libintl-perl (1.26-3build2) ...
2025-08-09T01:14:00.4945919Z Removing open-iscsi (2.1.5-1ubuntu1.1) ...
2025-08-09T01:14:00.6506926Z Warning: Stopping iscsid.service, but it can still be activated by:
2025-08-09T01:14:00.6507491Z   iscsid.socket
2025-08-09T01:14:02.0343993Z Removing libisns0:amd64 (0.101-0ubuntu2) ...
2025-08-09T01:14:02.0519856Z Removing liblldb-13 (1:13.0.1-2ubuntu2.2) ...
2025-08-09T01:14:02.0780633Z Removing liblldb-15 (1:15.0.7-0ubuntu0.22.04.3) ...
2025-08-09T01:14:02.1006555Z Removing libmodule-find-perl (0.15-1) ...
2025-08-09T01:14:02.1237281Z Removing libmodule-scandeps-perl (1.31-1ubuntu0.1) ...
2025-08-09T01:14:02.1400618Z Removing open-vm-tools (2:12.3.5-3~ubuntu0.22.04.2) ...
2025-08-09T01:14:03.0919021Z Removing libmspack0:amd64 (0.10.1-2build2) ...
2025-08-09T01:14:03.1085558Z Removing libopeniscsiusr (2.1.5-1ubuntu1.1) ...
2025-08-09T01:14:03.1248556Z Removing libproc-processtable-perl:amd64 (0.634-1build1) ...
2025-08-09T01:14:03.1422779Z Removing libsort-naturally-perl (1.03-2) ...
2025-08-09T01:14:03.1597173Z Removing libterm-readkey-perl (2.38-1build4) ...
2025-08-09T01:14:03.1770713Z Removing libxmlsec1-openssl:amd64 (1.2.33-1build2) ...
2025-08-09T01:14:03.1924450Z Removing libxmlsec1:amd64 (1.2.33-1build2) ...
2025-08-09T01:14:03.2076980Z Removing lxd-agent-loader (0.5) ...
2025-08-09T01:14:03.6837720Z Removing python3-apport (2.20.11-0ubuntu82.9) ...
2025-08-09T01:14:03.7786298Z Removing python3-twisted (22.1.0-2ubuntu2.6) ...
2025-08-09T01:14:04.0891144Z Removing python3-automat (20.2.0-1) ...
2025-08-09T01:14:04.1827253Z Removing python3-bcrypt (3.2.0-1build1) ...
2025-08-09T01:14:04.2674646Z Removing python3-click (8.0.3-1) ...
2025-08-09T01:14:04.3584673Z Removing python3-colorama (0.4.4-1) ...
2025-08-09T01:14:04.4447749Z Removing python3-constantly (15.1.0-2) ...
2025-08-09T01:14:04.5283497Z Removing python3-hamcrest (2.0.2-2) ...
2025-08-09T01:14:04.6254642Z Removing python3-hyperlink (21.0.0-3) ...
2025-08-09T01:14:04.7146486Z Removing python3-incremental (21.3.0-1) ...
2025-08-09T01:14:04.8029006Z Removing python3-problem-report (2.20.11-0ubuntu82.9) ...
2025-08-09T01:14:04.8896704Z Removing python3-service-identity (18.1.0-6) ...
2025-08-09T01:14:04.9735430Z Removing python3-pyasn1-modules (0.2.1-1) ...
2025-08-09T01:14:05.0622114Z Removing python3-pyasn1 (0.4.8-1) ...
2025-08-09T01:14:05.1545166Z Removing python3-systemd (234-3ubuntu2) ...
2025-08-09T01:14:05.2524118Z Removing python3-zope.interface (5.4.0-1build1) ...
2025-08-09T01:14:05.3533282Z Removing zerofree (1.1.1-1build3) ...
2025-08-09T01:14:05.4031478Z Processing triggers for libc-bin (2.35-0ubuntu3.10) ...
2025-08-09T01:14:05.4196786Z Processing triggers for man-db (2.10.2-1) ...
2025-08-09T01:14:05.7432428Z Processing triggers for initramfs-tools (0.140ubuntu13.5) ...
2025-08-09T01:14:05.7998324Z update-initramfs: Generating /boot/initrd.img-6.8.0-1031-azure
2025-08-09T01:14:16.8427636Z [0;32m[SUCCESS][0m Build environment initialized
2025-08-09T01:14:16.8428343Z 
2025-08-09T01:14:16.8428640Z [0;35m[PHASE][0m Building Custom Kernel 6.6.58 with AI Optimizations
2025-08-09T01:14:16.8428952Z 
2025-08-09T01:14:16.8429182Z [0;34m[INFO][0m Downloading Linux kernel 6.6.58...
2025-08-09T01:14:16.8429701Z [0;34m[INFO][0m CI environment detected - using optimized download strategy
2025-08-09T01:14:16.8430198Z [0;34m[INFO][0m Downloading kernel tarball (faster than git clone)...
2025-08-09T01:14:16.8638495Z --2025-08-09 01:14:16--  https://www.kernel.org/pub/linux/kernel/v6.x/linux-6.6.58.tar.xz
2025-08-09T01:14:16.9787916Z Resolving www.kernel.org (www.kernel.org)... 151.101.201.55, 2a04:4e42:2f::311
2025-08-09T01:14:16.9792826Z Connecting to www.kernel.org (www.kernel.org)|151.101.201.55|:443... connected.
2025-08-09T01:14:16.9903953Z HTTP request sent, awaiting response... 200 OK
2025-08-09T01:14:16.9904404Z Length: 140387240 (134M) [application/x-xz]
2025-08-09T01:14:16.9904822Z Saving to: ‘linux-6.6.58.tar.xz’
2025-08-09T01:14:16.9936655Z 
2025-08-09T01:14:17.0055876Z      0K ........ ........ ........ ........ ........ ........  2%  201M 1s
2025-08-09T01:14:17.0184372Z   3072K ........ ........ ........ ........ ........ ........  4%  232M 1s
2025-08-09T01:14:17.0276337Z   6144K ........ ........ ........ ........ ........ ........  6%  326M 1s
2025-08-09T01:14:17.0372463Z   9216K ........ ........ ........ ........ ........ ........  8%  317M 0s
2025-08-09T01:14:17.0506049Z  12288K ........ ........ ........ ........ ........ ........ 11%  230M 0s
2025-08-09T01:14:17.0613466Z  15360K ........ ........ ........ ........ ........ ........ 13%  271M 0s
2025-08-09T01:14:17.0760017Z  18432K ........ ........ ........ ........ ........ ........ 15%  204M 0s
2025-08-09T01:14:17.0874566Z  21504K ........ ........ ........ ........ ........ ........ 17%  266M 0s
2025-08-09T01:14:17.0977855Z  24576K ........ ........ ........ ........ ........ ........ 20%  284M 0s
2025-08-09T01:14:17.1081872Z  27648K ........ ........ ........ ........ ........ ........ 22%  289M 0s
2025-08-09T01:14:17.1261274Z  30720K ........ ........ ........ ........ ........ ........ 24%  168M 0s
2025-08-09T01:14:17.1432860Z  33792K ........ ........ ........ ........ ........ ........ 26%  175M 0s
2025-08-09T01:14:17.1630088Z  36864K ........ ........ ........ ........ ........ ........ 29%  163M 0s
2025-08-09T01:14:17.1950594Z  39936K ........ ........ ........ ........ ........ ........ 31% 89.9M 0s
2025-08-09T01:14:17.2156165Z  43008K ........ ........ ........ ........ ........ ........ 33%  147M 0s
2025-08-09T01:14:17.2297684Z  46080K ........ ........ ........ ........ ........ ........ 35%  208M 0s
2025-08-09T01:14:17.2426173Z  49152K ........ ........ ........ ........ ........ ........ 38%  238M 0s
2025-08-09T01:14:17.2554080Z  52224K ........ ........ ........ ........ ........ ........ 40%  232M 0s
2025-08-09T01:14:17.2667423Z  55296K ........ ........ ........ ........ ........ ........ 42%  263M 0s
2025-08-09T01:14:17.2853659Z  58368K ........ ........ ........ ........ ........ ........ 44%  161M 0s
2025-08-09T01:14:17.3214944Z  61440K ........ ........ ........ ........ ........ ........ 47% 86.9M 0s
2025-08-09T01:14:17.3365822Z  64512K ........ ........ ........ ........ ........ ........ 49%  179M 0s
2025-08-09T01:14:17.3451472Z  67584K ........ ........ ........ ........ ........ ........ 51%  352M 0s
2025-08-09T01:14:17.3580181Z  70656K ........ ........ ........ ........ ........ ........ 53%  232M 0s
2025-08-09T01:14:17.3709182Z  73728K ........ ........ ........ ........ ........ ........ 56%  233M 0s
2025-08-09T01:14:17.3849675Z  76800K ........ ........ ........ ........ ........ ........ 58%  214M 0s
2025-08-09T01:14:17.3981989Z  79872K ........ ........ ........ ........ ........ ........ 60%  226M 0s
2025-08-09T01:14:17.4087427Z  82944K ........ ........ ........ ........ ........ ........ 62%  293M 0s
2025-08-09T01:14:17.4320270Z  86016K ........ ........ ........ ........ ........ ........ 64%  127M 0s
2025-08-09T01:14:17.4444098Z  89088K ........ ........ ........ ........ ........ ........ 67%  248M 0s
2025-08-09T01:14:17.4622705Z  92160K ........ ........ ........ ........ ........ ........ 69%  187M 0s
2025-08-09T01:14:17.4786780Z  95232K ........ ........ ........ ........ ........ ........ 71%  163M 0s
2025-08-09T01:14:17.4948290Z  98304K ........ ........ ........ ........ ........ ........ 73%  185M 0s
2025-08-09T01:14:17.5076718Z 101376K ........ ........ ........ ........ ........ ........ 76%  235M 0s
2025-08-09T01:14:17.5172796Z 104448K ........ ........ ........ ........ ........ ........ 78%  313M 0s
2025-08-09T01:14:17.5291755Z 107520K ........ ........ ........ ........ ........ ........ 80%  251M 0s
2025-08-09T01:14:17.5426337Z 110592K ........ ........ ........ ........ ........ ........ 82%  221M 0s
2025-08-09T01:14:17.5606928Z 113664K ........ ........ ........ ........ ........ ........ 85%  167M 0s
2025-08-09T01:14:17.5755719Z 116736K ........ ........ ........ ........ ........ ........ 87%  205M 0s
2025-08-09T01:14:17.5903526Z 119808K ........ ........ ........ ........ ........ ........ 89%  200M 0s
2025-08-09T01:14:17.6033802Z 122880K ........ ........ ........ ........ ........ ........ 91%  230M 0s
2025-08-09T01:14:17.6163814Z 125952K ........ ........ ........ ........ ........ ........ 94%  233M 0s
2025-08-09T01:14:17.6254769Z 129024K ........ ........ ........ ........ ........ ........ 96%  327M 0s
2025-08-09T01:14:17.6367329Z 132096K ........ ........ ........ ........ ........ ........ 98%  268M 0s
2025-08-09T01:14:17.6425298Z 135168K ........ ........ ........ ......                    100%  311M=0.7s
2025-08-09T01:14:17.6425700Z 
2025-08-09T01:14:17.6427477Z 2025-08-09 01:14:17 (205 MB/s) - ‘linux-6.6.58.tar.xz’ saved [140387240/140387240]
2025-08-09T01:14:17.6428238Z 
2025-08-09T01:14:17.6442447Z [0;34m[INFO][0m ✓ Kernel tarball downloaded successfully from kernel.org
2025-08-09T01:14:17.6443031Z [0;34m[INFO][0m Extracting kernel source...
2025-08-09T01:14:26.9674743Z [0;32m[SUCCESS][0m Kernel source extracted successfully
2025-08-09T01:14:26.9675284Z [0;34m[INFO][0m Applying AI/NPU optimization patches...
2025-08-09T01:14:26.9706925Z [1;33m[WARNING][0m Local patches not found, using fallback patches...
2025-08-09T01:14:26.9707667Z [1;33m[WARNING][0m Using fallback patch configuration...
2025-08-09T01:14:27.0073811Z patching file drivers/Kconfig
2025-08-09T01:14:27.0074545Z Hunk #1 succeeded at 243 with fuzz 2 (offset 3 lines).
2025-08-09T01:14:27.0077263Z patching file drivers/npu/Kconfig
2025-08-09T01:14:27.0077810Z patch: **** malformed patch at line 31:  
2025-08-09T01:14:27.0078174Z 
2025-08-09T01:14:27.0081448Z [1;33m[WARNING][0m Fallback NPU patch failed
2025-08-09T01:14:27.0095975Z patching file drivers/gpu/drm/amd/amdgpu/amdgpu_drv.c
2025-08-09T01:14:27.0097084Z Hunk #1 FAILED at 190.
2025-08-09T01:14:27.0102952Z 1 out of 1 hunk FAILED -- saving rejects to file drivers/gpu/drm/amd/amdgpu/amdgpu_drv.c.rej
2025-08-09T01:14:27.0106577Z [1;33m[WARNING][0m Fallback ROCm patch failed
2025-08-09T01:14:27.0123872Z patching file net/core/dev.c
2025-08-09T01:14:27.0129598Z Hunk #1 succeeded at 5354 with fuzz 2 (offset -166 lines).
2025-08-09T01:14:27.0136797Z [0;34m[INFO][0m Configuring kernel for AI workloads...
2025-08-09T01:14:27.1398454Z [0;34m[INFO][0m Applying AI hardware optimizations to kernel config...
2025-08-09T01:14:27.5554525Z   HOSTCC  scripts/basic/fixdep
2025-08-09T01:14:27.7271373Z   HOSTCC  scripts/kconfig/conf.o
2025-08-09T01:14:27.8938384Z   HOSTCC  scripts/kconfig/confdata.o
2025-08-09T01:14:28.1139366Z   HOSTCC  scripts/kconfig/expr.o
2025-08-09T01:14:28.2964041Z   LEX     scripts/kconfig/lexer.lex.c
2025-08-09T01:14:28.3694085Z   YACC    scripts/kconfig/parser.tab.[ch]
2025-08-09T01:14:28.5261620Z   HOSTCC  scripts/kconfig/lexer.lex.o
2025-08-09T01:14:28.7606696Z   HOSTCC  scripts/kconfig/menu.o
2025-08-09T01:14:28.9148878Z   HOSTCC  scripts/kconfig/parser.tab.o
2025-08-09T01:14:29.1058457Z   HOSTCC  scripts/kconfig/preprocess.o
2025-08-09T01:14:29.2044678Z   HOSTCC  scripts/kconfig/symbol.o
2025-08-09T01:14:29.4562780Z   HOSTCC  scripts/kconfig/util.o
2025-08-09T01:14:29.5020711Z   HOSTLD  scripts/kconfig/conf
2025-08-09T01:14:37.7602240Z ##[error]The operation was canceled.
2025-08-09T01:14:37.7686460Z Post job cleanup.
2025-08-09T01:14:37.8626729Z [command]/usr/bin/git version
2025-08-09T01:14:37.8661374Z git version 2.50.1
2025-08-09T01:14:37.8705552Z Temporarily overriding HOME='/home/runner/work/_temp/cec6d9a1-47b4-4adf-9e42-2cbdf16cabe2' before making global git config changes
2025-08-09T01:14:37.8707112Z Adding repository directory to the temporary git global config as a safe directory
2025-08-09T01:14:37.8718804Z [command]/usr/bin/git config --global --add safe.directory /home/runner/work/ainux/ainux
2025-08-09T01:14:37.8756717Z [command]/usr/bin/git config --local --name-only --get-regexp core\.sshCommand
2025-08-09T01:14:37.8789513Z [command]/usr/bin/git submodule foreach --recursive sh -c "git config --local --name-only --get-regexp 'core\.sshCommand' && git config --local --unset-all 'core.sshCommand' || :"
2025-08-09T01:14:37.9026560Z [command]/usr/bin/git config --local --name-only --get-regexp http\.https\:\/\/github\.com\/\.extraheader
2025-08-09T01:14:37.9048970Z http.https://github.com/.extraheader
2025-08-09T01:14:37.9062242Z [command]/usr/bin/git config --local --unset-all http.https://github.com/.extraheader
2025-08-09T01:14:37.9095142Z [command]/usr/bin/git submodule foreach --recursive sh -c "git config --local --name-only --get-regexp 'http\.https\:\/\/github\.com\/\.extraheader' && git config --local --unset-all 'http.https://github.com/.extraheader' || :"
2025-08-09T01:14:37.9467688Z Cleaning up orphan processes
2025-08-09T01:14:37.9759542Z Terminate orphan process: pid (3851) (timeout)
2025-08-09T01:14:37.9775451Z Terminate orphan process: pid (3852) (ainux-builder.sh)
2025-08-09T01:14:37.9925960Z Terminate orphan process: pid (9446) (make)
2025-08-09T01:14:38.0130267Z Terminate orphan process: pid (9447) (make)
2025-08-09T01:14:38.0298650Z Terminate orphan process: pid (9539) (make)
2025-08-09T01:14:38.0467942Z Terminate orphan process: pid (9609) (conf)
