2025-08-09T01:11:30.1719534Z Current runner version: '2.327.1'
2025-08-09T01:11:30.1743530Z ##[group]Runner Image Provisioner
2025-08-09T01:11:30.1744456Z Hosted Compute Agent
2025-08-09T01:11:30.1745042Z Version: 20250711.363
2025-08-09T01:11:30.1745678Z Commit: 6785254374ce925a23743850c1cb91912ce5c14c
2025-08-09T01:11:30.1746323Z Build Date: 2025-07-11T20:04:25Z
2025-08-09T01:11:30.1746955Z ##[endgroup]
2025-08-09T01:11:30.1747484Z ##[group]Operating System
2025-08-09T01:11:30.1748060Z Ubuntu
2025-08-09T01:11:30.1748494Z 22.04.5
2025-08-09T01:11:30.1749065Z LTS
2025-08-09T01:11:30.1749489Z ##[endgroup]
2025-08-09T01:11:30.1750203Z ##[group]Runner Image
2025-08-09T01:11:30.1750848Z Image: ubuntu-22.04
2025-08-09T01:11:30.1751319Z Version: 20250804.2.0
2025-08-09T01:11:30.1752332Z Included Software: https://github.com/actions/runner-images/blob/ubuntu22/20250804.2/images/ubuntu/Ubuntu2204-Readme.md
2025-08-09T01:11:30.1753986Z Image Release: https://github.com/actions/runner-images/releases/tag/ubuntu22%2F20250804.2
2025-08-09T01:11:30.1755053Z ##[endgroup]
2025-08-09T01:11:30.1757405Z ##[group]GITHUB_TOKEN Permissions
2025-08-09T01:11:30.1759685Z Actions: write
2025-08-09T01:11:30.1760970Z Attestations: write
2025-08-09T01:11:30.1761502Z Checks: write
2025-08-09T01:11:30.1761980Z Contents: write
2025-08-09T01:11:30.1762539Z Deployments: write
2025-08-09T01:11:30.1763022Z Discussions: write
2025-08-09T01:11:30.1763538Z Issues: write
2025-08-09T01:11:30.1764027Z Metadata: read
2025-08-09T01:11:30.1764529Z Models: read
2025-08-09T01:11:30.1765033Z Packages: write
2025-08-09T01:11:30.1765584Z Pages: write
2025-08-09T01:11:30.1766108Z PullRequests: write
2025-08-09T01:11:30.1766630Z RepositoryProjects: write
2025-08-09T01:11:30.1767229Z SecurityEvents: write
2025-08-09T01:11:30.1767865Z Statuses: write
2025-08-09T01:11:30.1768390Z ##[endgroup]
2025-08-09T01:11:30.1770689Z Secret source: Actions
2025-08-09T01:11:30.1771526Z Prepare workflow directory
2025-08-09T01:11:30.2083740Z Prepare all required actions
2025-08-09T01:11:30.2122352Z Getting action download info
2025-08-09T01:11:30.4958421Z ##[group]Download immutable action package 'actions/checkout@v4'
2025-08-09T01:11:30.4960163Z Version: 4.2.2
2025-08-09T01:11:30.4961191Z Digest: sha256:ccb2698953eaebd21c7bf6268a94f9c26518a7e38e27e0b83c1fe1ad049819b1
2025-08-09T01:11:30.4962400Z Source commit SHA: 11bd71901bbe5b1630ceea73d27597364c9af683
2025-08-09T01:11:30.4963183Z ##[endgroup]
2025-08-09T01:11:30.5936862Z ##[group]Download immutable action package 'actions/upload-artifact@v4'
2025-08-09T01:11:30.5937664Z Version: 4.6.2
2025-08-09T01:11:30.5938442Z Digest: sha256:290722aa3281d5caf23d0acdc3dbeb3424786a1a01a9cc97e72f147225e37c38
2025-08-09T01:11:30.5939448Z Source commit SHA: ea165f8d65b6e75b540449e92b4886f43607fa02
2025-08-09T01:11:30.5940384Z ##[endgroup]
2025-08-09T01:11:30.7815001Z Complete job name: build-test (main, false)
2025-08-09T01:11:30.8484712Z ##[group]Run actions/checkout@v4
2025-08-09T01:11:30.8485520Z with:
2025-08-09T01:11:30.8485883Z   lfs: true
2025-08-09T01:11:30.8486272Z   repository: yaotagroep/ainux
2025-08-09T01:11:30.8486916Z   token: ***
2025-08-09T01:11:30.8487291Z   ssh-strict: true
2025-08-09T01:11:30.8487674Z   ssh-user: git
2025-08-09T01:11:30.8488069Z   persist-credentials: true
2025-08-09T01:11:30.8488511Z   clean: true
2025-08-09T01:11:30.8488909Z   sparse-checkout-cone-mode: true
2025-08-09T01:11:30.8489382Z   fetch-depth: 1
2025-08-09T01:11:30.8489765Z   fetch-tags: false
2025-08-09T01:11:30.8490331Z   show-progress: true
2025-08-09T01:11:30.8490739Z   submodules: false
2025-08-09T01:11:30.8491147Z   set-safe-directory: true
2025-08-09T01:11:30.8491824Z ##[endgroup]
2025-08-09T01:11:30.9538110Z Syncing repository: yaotagroep/ainux
2025-08-09T01:11:30.9539731Z ##[group]Getting Git version info
2025-08-09T01:11:30.9540701Z Working directory is '/home/runner/work/ainux/ainux'
2025-08-09T01:11:30.9541820Z [command]/usr/bin/git version
2025-08-09T01:11:30.9582617Z git version 2.50.1
2025-08-09T01:11:30.9625546Z [command]/usr/bin/git lfs version
2025-08-09T01:11:31.5301276Z git-lfs/3.7.0 (GitHub; linux amd64; go 1.24.4)
2025-08-09T01:11:31.5314348Z ##[endgroup]
2025-08-09T01:11:31.5328966Z Temporarily overriding HOME='/home/runner/work/_temp/93767f72-89d4-432e-9569-6dfccf988e2c' before making global git config changes
2025-08-09T01:11:31.5330789Z Adding repository directory to the temporary git global config as a safe directory
2025-08-09T01:11:31.5334411Z [command]/usr/bin/git config --global --add safe.directory /home/runner/work/ainux/ainux
2025-08-09T01:11:31.5366615Z Deleting the contents of '/home/runner/work/ainux/ainux'
2025-08-09T01:11:31.5370430Z ##[group]Initializing the repository
2025-08-09T01:11:31.5373840Z [command]/usr/bin/git init /home/runner/work/ainux/ainux
2025-08-09T01:11:31.5433703Z hint: Using 'master' as the name for the initial branch. This default branch name
2025-08-09T01:11:31.5435320Z hint: is subject to change. To configure the initial branch name to use in all
2025-08-09T01:11:31.5437150Z hint: of your new repositories, which will suppress this warning, call:
2025-08-09T01:11:31.5438497Z hint:
2025-08-09T01:11:31.5439490Z hint: 	git config --global init.defaultBranch <name>
2025-08-09T01:11:31.5440930Z hint:
2025-08-09T01:11:31.5442098Z hint: Names commonly chosen instead of 'master' are 'main', 'trunk' and
2025-08-09T01:11:31.5444027Z hint: 'development'. The just-created branch can be renamed via this command:
2025-08-09T01:11:31.5445447Z hint:
2025-08-09T01:11:31.5446180Z hint: 	git branch -m <name>
2025-08-09T01:11:31.5447015Z hint:
2025-08-09T01:11:31.5448201Z hint: Disable this message with "git config set advice.defaultBranchName false"
2025-08-09T01:11:31.5450399Z Initialized empty Git repository in /home/runner/work/ainux/ainux/.git/
2025-08-09T01:11:31.5453439Z [command]/usr/bin/git remote add origin https://github.com/yaotagroep/ainux
2025-08-09T01:11:31.5483882Z ##[endgroup]
2025-08-09T01:11:31.5485281Z ##[group]Disabling automatic garbage collection
2025-08-09T01:11:31.5488577Z [command]/usr/bin/git config --local gc.auto 0
2025-08-09T01:11:31.5514481Z ##[endgroup]
2025-08-09T01:11:31.5515867Z ##[group]Setting up auth
2025-08-09T01:11:31.5521876Z [command]/usr/bin/git config --local --name-only --get-regexp core\.sshCommand
2025-08-09T01:11:31.5552907Z [command]/usr/bin/git submodule foreach --recursive sh -c "git config --local --name-only --get-regexp 'core\.sshCommand' && git config --local --unset-all 'core.sshCommand' || :"
2025-08-09T01:11:31.5780554Z [command]/usr/bin/git config --local --name-only --get-regexp http\.https\:\/\/github\.com\/\.extraheader
2025-08-09T01:11:31.5810528Z [command]/usr/bin/git submodule foreach --recursive sh -c "git config --local --name-only --get-regexp 'http\.https\:\/\/github\.com\/\.extraheader' && git config --local --unset-all 'http.https://github.com/.extraheader' || :"
2025-08-09T01:11:31.6033641Z [command]/usr/bin/git config --local http.https://github.com/.extraheader AUTHORIZATION: basic ***
2025-08-09T01:11:31.6065540Z ##[endgroup]
2025-08-09T01:11:31.6069432Z [command]/usr/bin/git lfs install --local
2025-08-09T01:11:31.6403725Z Updated Git hooks.
2025-08-09T01:11:31.6404448Z Git LFS initialized.
2025-08-09T01:11:31.6462580Z ##[group]Fetching the repository
2025-08-09T01:11:31.6472555Z [command]/usr/bin/git -c protocol.version=2 fetch --no-tags --prune --no-recurse-submodules --depth=1 origin +cf77246496244bca5dc55ffcdfafec3f2394184e:refs/remotes/origin/main
2025-08-09T01:11:31.8872772Z From https://github.com/yaotagroep/ainux
2025-08-09T01:11:31.8874219Z  * [new ref]         cf77246496244bca5dc55ffcdfafec3f2394184e -> origin/main
2025-08-09T01:11:31.8904732Z ##[endgroup]
2025-08-09T01:11:31.8907977Z ##[group]Determining the checkout info
2025-08-09T01:11:31.8909239Z ##[endgroup]
2025-08-09T01:11:31.8910692Z ##[group]Fetching LFS objects
2025-08-09T01:11:31.8912260Z [command]/usr/bin/git lfs fetch origin refs/remotes/origin/main
2025-08-09T01:11:31.9124114Z Fetching reference refs/remotes/origin/main
2025-08-09T01:11:31.9319606Z ##[endgroup]
2025-08-09T01:11:31.9323192Z [command]/usr/bin/git sparse-checkout disable
2025-08-09T01:11:31.9363365Z [command]/usr/bin/git config --local --unset-all extensions.worktreeConfig
2025-08-09T01:11:31.9389387Z ##[group]Checking out the ref
2025-08-09T01:11:31.9391814Z [command]/usr/bin/git checkout --progress --force -B main refs/remotes/origin/main
2025-08-09T01:11:31.9507950Z Switched to a new branch 'main'
2025-08-09T01:11:31.9510781Z branch 'main' set up to track 'origin/main'.
2025-08-09T01:11:31.9748747Z ##[endgroup]
2025-08-09T01:11:31.9783595Z [command]/usr/bin/git log -1 --format=%H
2025-08-09T01:11:31.9806552Z cf77246496244bca5dc55ffcdfafec3f2394184e
2025-08-09T01:11:32.0014077Z ##[group]Run echo "⏳ Reclaiming space..."
2025-08-09T01:11:32.0015539Z [36;1mecho "⏳ Reclaiming space..."[0m
2025-08-09T01:11:32.0016864Z [36;1msudo rm -rf /usr/local/lib/android[0m
2025-08-09T01:11:32.0018217Z [36;1msudo rm -rf /usr/local/share/boost[0m
2025-08-09T01:11:32.0019511Z [36;1msudo rm -rf /usr/share/dotnet[0m
2025-08-09T01:11:32.0020873Z [36;1msudo rm -rf /opt/ghc[0m
2025-08-09T01:11:32.0022053Z [36;1msudo rm -rf /opt/hostedtoolcache[0m
2025-08-09T01:11:32.0023278Z [36;1msudo apt-get clean[0m
2025-08-09T01:11:32.0024411Z [36;1msudo rm -rf "$AGENT_TOOLSDIRECTORY"[0m
2025-08-09T01:11:32.0025626Z [36;1mdf -h[0m
2025-08-09T01:11:32.0026455Z [36;1m [0m
2025-08-09T01:11:32.0058928Z shell: /usr/bin/bash -e {0}
2025-08-09T01:11:32.0060181Z ##[endgroup]
2025-08-09T01:11:32.0137718Z ⏳ Reclaiming space...
2025-08-09T01:13:19.4292470Z Filesystem      Size  Used Avail Use% Mounted on
2025-08-09T01:13:19.4293005Z /dev/root        73G   36G   37G  50% /
2025-08-09T01:13:19.4293529Z tmpfs           7.9G  172K  7.9G   1% /dev/shm
2025-08-09T01:13:19.4293943Z tmpfs           3.2G  1.1M  3.2G   1% /run
2025-08-09T01:13:19.4294360Z tmpfs           5.0M     0  5.0M   0% /run/lock
2025-08-09T01:13:19.4294784Z /dev/sdb15      105M  6.1M   99M   6% /boot/efi
2025-08-09T01:13:19.4295215Z /dev/sda1        74G  4.1G   66G   6% /mnt
2025-08-09T01:13:19.4295664Z tmpfs           1.6G   12K  1.6G   1% /run/user/1001
2025-08-09T01:13:19.4328049Z ##[group]Run sudo apt-get update
2025-08-09T01:13:19.4328351Z [36;1msudo apt-get update[0m
2025-08-09T01:13:19.4328574Z [36;1msudo apt-get install -y \[0m
2025-08-09T01:13:19.4328948Z [36;1m  git build-essential libncurses-dev bison flex libssl-dev \[0m
2025-08-09T01:13:19.4329368Z [36;1m  libelf-dev bc gcc make debootstrap live-build squashfs-tools \[0m
2025-08-09T01:13:19.4329772Z [36;1m  dosfstools xorriso isolinux syslinux-utils genisoimage \[0m
2025-08-09T01:13:19.4330413Z [36;1m  qemu-system-x86 python3-pip nmap curl wget rsync pv \[0m
2025-08-09T01:13:19.4330745Z [36;1m  grub-pc-bin grub-efi-amd64-bin mtools[0m
2025-08-09T01:13:19.4330993Z [36;1m  [0m
2025-08-09T01:13:19.4358534Z shell: /usr/bin/bash -e {0}
2025-08-09T01:13:19.4358757Z ##[endgroup]
2025-08-09T01:13:19.5335559Z Get:1 file:/etc/apt/apt-mirrors.txt Mirrorlist [144 B]
2025-08-09T01:13:19.5700955Z Get:6 https://packages.microsoft.com/repos/azure-cli jammy InRelease [3596 B]
2025-08-09T01:13:19.5813362Z Hit:2 http://azure.archive.ubuntu.com/ubuntu jammy InRelease
2025-08-09T01:13:19.5820039Z Get:7 https://packages.microsoft.com/ubuntu/22.04/prod jammy InRelease [3632 B]
2025-08-09T01:13:19.5836070Z Get:3 http://azure.archive.ubuntu.com/ubuntu jammy-updates InRelease [128 kB]
2025-08-09T01:13:19.5891217Z Get:4 http://azure.archive.ubuntu.com/ubuntu jammy-backports InRelease [127 kB]
2025-08-09T01:13:19.5911307Z Get:5 http://azure.archive.ubuntu.com/ubuntu jammy-security InRelease [129 kB]
2025-08-09T01:13:19.6455083Z Get:8 https://packages.microsoft.com/repos/azure-cli jammy/main amd64 Packages [2575 B]
2025-08-09T01:13:19.7794448Z Get:9 https://packages.microsoft.com/ubuntu/22.04/prod jammy/main arm64 Packages [75.0 kB]
2025-08-09T01:13:19.7872391Z Get:10 https://packages.microsoft.com/ubuntu/22.04/prod jammy/main amd64 Packages [239 kB]
2025-08-09T01:13:20.0071923Z Get:11 http://azure.archive.ubuntu.com/ubuntu jammy-security/main Translation-en [379 kB]
2025-08-09T01:13:27.0618372Z Fetched 1087 kB in 1s (1912 kB/s)
2025-08-09T01:13:27.8717614Z Reading package lists...
2025-08-09T01:13:27.9292856Z Reading package lists...
2025-08-09T01:13:28.1053729Z Building dependency tree...
2025-08-09T01:13:28.1064646Z Reading state information...
2025-08-09T01:13:28.2552994Z bc is already the newest version (1.07.1-3build1).
2025-08-09T01:13:28.2553659Z bc set to manually installed.
2025-08-09T01:13:28.2554101Z bison is already the newest version (2:3.8.2+dfsg-1build1).
2025-08-09T01:13:28.2554714Z build-essential is already the newest version (12.9ubuntu3).
2025-08-09T01:13:28.2555311Z build-essential set to manually installed.
2025-08-09T01:13:28.2555850Z dosfstools is already the newest version (4.2-1build3).
2025-08-09T01:13:28.2556371Z dosfstools set to manually installed.
2025-08-09T01:13:28.2556912Z flex is already the newest version (2.6.4-8build2).
2025-08-09T01:13:28.2557577Z gcc is already the newest version (4:11.2.0-1ubuntu1).
2025-08-09T01:13:28.2558131Z make is already the newest version (4.3-4.1build1).
2025-08-09T01:13:28.2558699Z squashfs-tools is already the newest version (1:4.5-3build1).
2025-08-09T01:13:28.2559239Z squashfs-tools set to manually installed.
2025-08-09T01:13:28.2559711Z xorriso is already the newest version (1.5.4-2).
2025-08-09T01:13:28.2560435Z curl is already the newest version (7.81.0-1ubuntu1.20).
2025-08-09T01:13:28.2561037Z grub-efi-amd64-bin is already the newest version (2.06-2ubuntu14.8).
2025-08-09T01:13:28.2561615Z grub-efi-amd64-bin set to manually installed.
2025-08-09T01:13:28.2562257Z grub-pc-bin is already the newest version (2.06-2ubuntu7.2).
2025-08-09T01:13:28.2562764Z grub-pc-bin set to manually installed.
2025-08-09T01:13:28.2563268Z libncurses-dev is already the newest version (6.3-2ubuntu0.1).
2025-08-09T01:13:28.2563986Z libncurses-dev set to manually installed.
2025-08-09T01:13:28.2564632Z libssl-dev is already the newest version (3.0.2-0ubuntu1.19).
2025-08-09T01:13:28.2565403Z rsync is already the newest version (3.2.7-0ubuntu0.22.04.4).
2025-08-09T01:13:28.2566519Z wget is already the newest version (1.21.2-2ubuntu1.1).
2025-08-09T01:13:28.2567124Z python3-pip is already the newest version (22.0.2+dfsg-1ubuntu0.6).
2025-08-09T01:13:28.2567769Z git is already the newest version (1:2.50.1-0ppa1~ubuntu22.04.1).
2025-08-09T01:13:28.2568296Z The following additional packages will be installed:
2025-08-09T01:13:28.2568884Z   cpu-checker gstreamer1.0-plugins-base gstreamer1.0-plugins-good
2025-08-09T01:13:28.2569614Z   gstreamer1.0-x ibverbs-providers ipxe-qemu ipxe-qemu-256k-compat-efi-roms
2025-08-09T01:13:28.2570475Z   libaa1 libasyncns0 libavc1394-0 libboost-iostreams1.74.0
2025-08-09T01:13:28.2571130Z   libboost-thread1.74.0 libbrlapi0.8 libcaca0 libcacard0 libcdparanoia0
2025-08-09T01:13:28.2572035Z   libdaxctl1 libdecor-0-0 libdecor-0-plugin-1-cairo libdv4 libfdt1 libflac8
2025-08-09T01:13:28.2572856Z   libgfapi0 libgfrpc0 libgfxdr0 libglusterfs0 libgstreamer-plugins-base1.0-0
2025-08-09T01:13:28.2573673Z   libgstreamer-plugins-good1.0-0 libibverbs1 libiec61883-0 libiscsi7
2025-08-09T01:13:28.2574415Z   libjack-jackd2-0 liblinear4 libmp3lame0 libmpg123-0 libndctl6
2025-08-09T01:13:28.2575143Z   libnl-route-3-200 libopus0 liborc-0.4-0 libpcsclite1 libpmem1 libpmemobj1
2025-08-09T01:13:28.2575913Z   libpulse0 librados2 libraw1394-11 librbd1 librdmacm1 libsamplerate0
2025-08-09T01:13:28.2576653Z   libsdl2-2.0-0 libshout3 libsndfile1 libspeex1 libspice-server1 libtag1v5
2025-08-09T01:13:28.2577402Z   libtag1v5-vanilla libtheora0 libtwolame0 liburing2 libusbredirparser1
2025-08-09T01:13:28.2578163Z   libv4l-0 libv4lconvert0 libvirglrenderer1 libvisual-0.4-0 libvorbisenc2
2025-08-09T01:13:28.2578888Z   libvpx7 libvte-2.91-0 libvte-2.91-common libwavpack1 libxv1 lua-lpeg
2025-08-09T01:13:28.2579568Z   msr-tools nmap-common ovmf qemu-block-extra qemu-system-common
2025-08-09T01:13:28.2580432Z   qemu-system-data qemu-system-gui qemu-utils seabios syslinux-common
2025-08-09T01:13:28.2580985Z Suggested packages:
2025-08-09T01:13:28.2581750Z   squid-deb-proxy-client debian-archive-keyring arch-test wodim cdrkit-doc
2025-08-09T01:13:28.2582511Z   gvfs libdv-bin oss-compat libvisual-0.4-plugins jackd2 liblinear-tools
2025-08-09T01:13:28.2583205Z   liblinear-dev opus-tools pcscd pulseaudio libraw1394-doc speex
2025-08-09T01:13:28.2583933Z   gstreamer1.0-libav gstreamer1.0-plugins-ugly memtest86+ | memtest86 syslinux
2025-08-09T01:13:28.2584720Z   | grub win32-loader gnu-fdisk floppyd ncat ndiff zenmap doc-base samba vde2
2025-08-09T01:13:28.2585316Z   libcrypt-passwdmd5-perl
2025-08-09T01:13:28.2876984Z The following NEW packages will be installed:
2025-08-09T01:13:28.2877654Z   cpu-checker debootstrap genisoimage gstreamer1.0-plugins-base
2025-08-09T01:13:28.2878398Z   gstreamer1.0-plugins-good gstreamer1.0-x ibverbs-providers ipxe-qemu
2025-08-09T01:13:28.2879212Z   ipxe-qemu-256k-compat-efi-roms isolinux libaa1 libasyncns0 libavc1394-0
2025-08-09T01:13:28.2881778Z   libboost-iostreams1.74.0 libboost-thread1.74.0 libbrlapi0.8 libcaca0
2025-08-09T01:13:28.2882609Z   libcacard0 libcdparanoia0 libdaxctl1 libdecor-0-0 libdecor-0-plugin-1-cairo
2025-08-09T01:13:28.2883351Z   libdv4 libelf-dev libfdt1 libflac8 libgfapi0 libgfrpc0 libgfxdr0
2025-08-09T01:13:28.2884099Z   libglusterfs0 libgstreamer-plugins-base1.0-0 libgstreamer-plugins-good1.0-0
2025-08-09T01:13:28.2884917Z   libibverbs1 libiec61883-0 libiscsi7 libjack-jackd2-0 liblinear4 libmp3lame0
2025-08-09T01:13:28.2885675Z   libmpg123-0 libndctl6 libnl-route-3-200 libopus0 liborc-0.4-0 libpcsclite1
2025-08-09T01:13:28.2886426Z   libpmem1 libpmemobj1 libpulse0 librados2 libraw1394-11 librbd1 librdmacm1
2025-08-09T01:13:28.2886929Z   libsamplerate0 libsdl2-2.0-0 libshout3 libsndfile1 libspeex1
2025-08-09T01:13:28.2887335Z   libspice-server1 libtag1v5 libtag1v5-vanilla libtheora0 libtwolame0
2025-08-09T01:13:28.2887786Z   liburing2 libusbredirparser1 libv4l-0 libv4lconvert0 libvirglrenderer1
2025-08-09T01:13:28.2888230Z   libvisual-0.4-0 libvorbisenc2 libvpx7 libvte-2.91-0 libvte-2.91-common
2025-08-09T01:13:28.2889094Z   libwavpack1 libxv1 live-build lua-lpeg msr-tools mtools nmap nmap-common
2025-08-09T01:13:28.2889636Z   ovmf pv qemu-block-extra qemu-system-common qemu-system-data qemu-system-gui
2025-08-09T01:13:28.2890302Z   qemu-system-x86 qemu-utils seabios syslinux-common syslinux-utils
2025-08-09T01:13:28.3054958Z 0 upgraded, 90 newly installed, 0 to remove and 16 not upgraded.
2025-08-09T01:13:28.3055509Z Need to get 53.2 MB of archives.
2025-08-09T01:13:28.3056007Z After this operation, 193 MB of additional disk space will be used.
2025-08-09T01:13:28.3056607Z Get:1 file:/etc/apt/apt-mirrors.txt Mirrorlist [144 B]
2025-08-09T01:13:28.3403414Z Get:2 http://azure.archive.ubuntu.com/ubuntu jammy/main amd64 msr-tools amd64 1.3-4 [10.3 kB]
2025-08-09T01:13:28.3579631Z Get:3 http://azure.archive.ubuntu.com/ubuntu jammy/main amd64 cpu-checker amd64 0.7-1.3build1 [6800 B]
2025-08-09T01:13:28.3761364Z Get:4 http://azure.archive.ubuntu.com/ubuntu jammy/main amd64 genisoimage amd64 9:1.1.11-3.2ubuntu1 [370 kB]
2025-08-09T01:13:28.3981451Z Get:5 http://azure.archive.ubuntu.com/ubuntu jammy/main amd64 libcdparanoia0 amd64 3.10.2+debian-14build2 [49.3 kB]
2025-08-09T01:13:28.4160432Z Get:6 http://azure.archive.ubuntu.com/ubuntu jammy-updates/main amd64 liborc-0.4-0 amd64 1:0.4.32-2ubuntu0.1 [228 kB]
2025-08-09T01:13:28.4358119Z Get:7 http://azure.archive.ubuntu.com/ubuntu jammy-updates/main amd64 libgstreamer-plugins-base1.0-0 amd64 1.20.1-1ubuntu0.4 [848 kB]
2025-08-09T01:13:28.4732649Z Get:8 http://azure.archive.ubuntu.com/ubuntu jammy/main amd64 libopus0 amd64 1.3.1-0.1build2 [203 kB]
2025-08-09T01:13:28.4942889Z Get:9 http://azure.archive.ubuntu.com/ubuntu jammy/main amd64 libtheora0 amd64 1.1.1+dfsg.1-15ubuntu4 [209 kB]
2025-08-09T01:13:28.5137677Z Get:10 http://azure.archive.ubuntu.com/ubuntu jammy/main amd64 libvisual-0.4-0 amd64 0.4.0-17build2 [108 kB]
2025-08-09T01:13:28.5315308Z Get:11 http://azure.archive.ubuntu.com/ubuntu jammy/main amd64 libvorbisenc2 amd64 1.3.7-1build2 [82.6 kB]
2025-08-09T01:13:28.5555556Z Get:12 http://azure.archive.ubuntu.com/ubuntu jammy-updates/main amd64 gstreamer1.0-plugins-base amd64 1.20.1-1ubuntu0.4 [712 kB]
2025-08-09T01:13:28.5874830Z Get:13 http://azure.archive.ubuntu.com/ubuntu jammy/main amd64 libaa1 amd64 1.4p5-50build1 [51.9 kB]
2025-08-09T01:13:28.6052231Z Get:14 http://azure.archive.ubuntu.com/ubuntu jammy/main amd64 libraw1394-11 amd64 2.1.2-2build2 [27.0 kB]
2025-08-09T01:13:28.6236795Z Get:15 http://azure.archive.ubuntu.com/ubuntu jammy/main amd64 libavc1394-0 amd64 0.5.4-5build2 [17.0 kB]
2025-08-09T01:13:28.6426625Z Get:16 http://azure.archive.ubuntu.com/ubuntu jammy/main amd64 libcaca0 amd64 0.99.beta19-2.2ubuntu4 [224 kB]
2025-08-09T01:13:28.6631394Z Get:17 http://azure.archive.ubuntu.com/ubuntu jammy/main amd64 libdv4 amd64 1.0.0-14build1 [61.9 kB]
2025-08-09T01:13:28.6808667Z Get:18 http://azure.archive.ubuntu.com/ubuntu jammy-updates/main amd64 libflac8 amd64 1.3.3-2ubuntu0.2 [111 kB]
2025-08-09T01:13:28.6997607Z Get:19 http://azure.archive.ubuntu.com/ubuntu jammy-updates/main amd64 libgstreamer-plugins-good1.0-0 amd64 1.20.3-0ubuntu1.3 [30.1 kB]
2025-08-09T01:13:28.7611458Z Get:20 http://azure.archive.ubuntu.com/ubuntu jammy/main amd64 libiec61883-0 amd64 1.2.0-4build3 [25.9 kB]
2025-08-09T01:13:28.7791060Z Get:21 http://azure.archive.ubuntu.com/ubuntu jammy/main amd64 libsamplerate0 amd64 0.2.2-1build1 [1359 kB]
2025-08-09T01:13:28.8292806Z Get:22 http://azure.archive.ubuntu.com/ubuntu jammy/main amd64 libjack-jackd2-0 amd64 1.9.20~dfsg-1 [293 kB]
2025-08-09T01:13:28.8501076Z Get:23 http://azure.archive.ubuntu.com/ubuntu jammy/main amd64 libmp3lame0 amd64 3.100-3build2 [141 kB]
2025-08-09T01:13:28.8685928Z Get:24 http://azure.archive.ubuntu.com/ubuntu jammy-updates/main amd64 libmpg123-0 amd64 1.29.3-1ubuntu0.1 [172 kB]
2025-08-09T01:13:28.8884740Z Get:25 http://azure.archive.ubuntu.com/ubuntu jammy/main amd64 libasyncns0 amd64 0.8-6build2 [12.8 kB]
2025-08-09T01:13:28.9062082Z Get:26 http://azure.archive.ubuntu.com/ubuntu jammy-updates/main amd64 libsndfile1 amd64 1.0.31-2ubuntu0.2 [196 kB]
2025-08-09T01:13:28.9254637Z Get:27 http://azure.archive.ubuntu.com/ubuntu jammy-updates/main amd64 libpulse0 amd64 1:15.99.1+dfsg1-1ubuntu2.2 [298 kB]
2025-08-09T01:13:28.9461577Z Get:28 http://azure.archive.ubuntu.com/ubuntu jammy/main amd64 libspeex1 amd64 1.2~rc1.2-1.1ubuntu3 [57.9 kB]
2025-08-09T01:13:28.9641620Z Get:29 http://azure.archive.ubuntu.com/ubuntu jammy/main amd64 libshout3 amd64 2.4.5-1build3 [54.5 kB]
2025-08-09T01:13:28.9823313Z Get:30 http://azure.archive.ubuntu.com/ubuntu jammy/main amd64 libtag1v5-vanilla amd64 1.11.1+dfsg.1-3ubuntu3 [304 kB]
2025-08-09T01:13:29.0053420Z Get:31 http://azure.archive.ubuntu.com/ubuntu jammy/main amd64 libtag1v5 amd64 1.11.1+dfsg.1-3ubuntu3 [11.5 kB]
2025-08-09T01:13:29.0230294Z Get:32 http://azure.archive.ubuntu.com/ubuntu jammy/main amd64 libtwolame0 amd64 0.4.0-2build2 [52.5 kB]
2025-08-09T01:13:29.0413039Z Get:33 http://azure.archive.ubuntu.com/ubuntu jammy/main amd64 libv4lconvert0 amd64 1.22.1-2build1 [82.4 kB]
2025-08-09T01:13:29.0595800Z Get:34 http://azure.archive.ubuntu.com/ubuntu jammy/main amd64 libv4l-0 amd64 1.22.1-2build1 [44.9 kB]
2025-08-09T01:13:29.0778687Z Get:35 http://azure.archive.ubuntu.com/ubuntu jammy-updates/main amd64 libvpx7 amd64 1.11.0-2ubuntu2.4 [1078 kB]
2025-08-09T01:13:29.1213302Z Get:36 http://azure.archive.ubuntu.com/ubuntu jammy/main amd64 libwavpack1 amd64 5.4.0-1build2 [83.7 kB]
2025-08-09T01:13:29.1394756Z Get:37 http://azure.archive.ubuntu.com/ubuntu jammy-updates/main amd64 gstreamer1.0-plugins-good amd64 1.20.3-0ubuntu1.3 [2010 kB]
2025-08-09T01:13:29.1980138Z Get:38 http://azure.archive.ubuntu.com/ubuntu jammy/main amd64 libxv1 amd64 2:1.0.11-1build2 [11.2 kB]
2025-08-09T01:13:29.2576775Z Get:39 http://azure.archive.ubuntu.com/ubuntu jammy-updates/main amd64 gstreamer1.0-x amd64 1.20.1-1ubuntu0.4 [85.1 kB]
2025-08-09T01:13:29.2783599Z Get:40 http://azure.archive.ubuntu.com/ubuntu jammy/main amd64 libnl-route-3-200 amd64 3.5.0-0.1 [180 kB]
2025-08-09T01:13:29.2974026Z Get:41 http://azure.archive.ubuntu.com/ubuntu jammy/main amd64 libibverbs1 amd64 39.0-1 [69.3 kB]
2025-08-09T01:13:29.3223524Z Get:42 http://azure.archive.ubuntu.com/ubuntu jammy/main amd64 ibverbs-providers amd64 39.0-1 [341 kB]
2025-08-09T01:13:29.3387899Z Get:43 http://azure.archive.ubuntu.com/ubuntu jammy/main amd64 ipxe-qemu all 1.21.1+git-20220113.fbbdc3926-0ubuntu1 [1569 kB]
2025-08-09T01:13:29.3928863Z Get:44 http://azure.archive.ubuntu.com/ubuntu jammy/main amd64 ipxe-qemu-256k-compat-efi-roms all 1.0.0+git-20150424.a25a16d-0ubuntu4 [552 kB]
2025-08-09T01:13:29.4285744Z Get:45 http://azure.archive.ubuntu.com/ubuntu jammy/universe amd64 isolinux all 3:6.04~git20190206.bf6db5b4+dfsg1-3ubuntu1 [60.1 kB]
2025-08-09T01:13:29.4462418Z Get:46 http://azure.archive.ubuntu.com/ubuntu jammy/main amd64 libboost-iostreams1.74.0 amd64 1.74.0-14ubuntu3 [245 kB]
2025-08-09T01:13:29.4667298Z Get:47 http://azure.archive.ubuntu.com/ubuntu jammy/main amd64 libboost-thread1.74.0 amd64 1.74.0-14ubuntu3 [262 kB]
2025-08-09T01:13:29.4868155Z Get:48 http://azure.archive.ubuntu.com/ubuntu jammy-updates/main amd64 libbrlapi0.8 amd64 6.4-4ubuntu3 [28.7 kB]
2025-08-09T01:13:29.5043067Z Get:49 http://azure.archive.ubuntu.com/ubuntu jammy-updates/main amd64 libpcsclite1 amd64 1.9.5-3ubuntu1 [19.8 kB]
2025-08-09T01:13:29.5225313Z Get:50 http://azure.archive.ubuntu.com/ubuntu jammy/main amd64 libcacard0 amd64 1:2.8.0-3build2 [38.0 kB]
2025-08-09T01:13:29.5402746Z Get:51 http://azure.archive.ubuntu.com/ubuntu jammy/main amd64 libdaxctl1 amd64 72.1-1 [19.8 kB]
2025-08-09T01:13:29.5582774Z Get:52 http://azure.archive.ubuntu.com/ubuntu jammy/main amd64 libdecor-0-0 amd64 0.1.0-3build1 [15.1 kB]
2025-08-09T01:13:29.5764071Z Get:53 http://azure.archive.ubuntu.com/ubuntu jammy/main amd64 libdecor-0-plugin-1-cairo amd64 0.1.0-3build1 [20.4 kB]
2025-08-09T01:13:29.5942860Z Get:54 http://azure.archive.ubuntu.com/ubuntu jammy-updates/main amd64 libelf-dev amd64 0.186-1ubuntu0.1 [64.4 kB]
2025-08-09T01:13:29.6123404Z Get:55 http://azure.archive.ubuntu.com/ubuntu jammy-updates/main amd64 libgfxdr0 amd64 10.1-1ubuntu0.2 [22.3 kB]
2025-08-09T01:13:29.6306169Z Get:56 http://azure.archive.ubuntu.com/ubuntu jammy-updates/main amd64 libglusterfs0 amd64 10.1-1ubuntu0.2 [287 kB]
2025-08-09T01:13:29.6929294Z Get:57 http://azure.archive.ubuntu.com/ubuntu jammy-updates/main amd64 libgfrpc0 amd64 10.1-1ubuntu0.2 [47.1 kB]
2025-08-09T01:13:29.7110347Z Get:58 http://azure.archive.ubuntu.com/ubuntu jammy-updates/main amd64 libgfapi0 amd64 10.1-1ubuntu0.2 [77.3 kB]
2025-08-09T01:13:29.7292770Z Get:59 http://azure.archive.ubuntu.com/ubuntu jammy/main amd64 librdmacm1 amd64 39.0-1 [71.2 kB]
2025-08-09T01:13:29.7472740Z Get:60 http://azure.archive.ubuntu.com/ubuntu jammy/main amd64 libiscsi7 amd64 1.19.0-3build2 [70.6 kB]
2025-08-09T01:13:29.7653983Z Get:61 http://azure.archive.ubuntu.com/ubuntu jammy/universe amd64 liblinear4 amd64 2.3.0+dfsg-5 [41.4 kB]
2025-08-09T01:13:29.7882768Z Get:62 http://azure.archive.ubuntu.com/ubuntu jammy/main amd64 libndctl6 amd64 72.1-1 [57.7 kB]
2025-08-09T01:13:29.8131756Z Get:63 http://azure.archive.ubuntu.com/ubuntu jammy/main amd64 libpmem1 amd64 1.11.1-3build1 [81.4 kB]
2025-08-09T01:13:29.8312832Z Get:64 http://azure.archive.ubuntu.com/ubuntu jammy/main amd64 libpmemobj1 amd64 1.11.1-3build1 [124 kB]
2025-08-09T01:13:29.8503546Z Get:65 http://azure.archive.ubuntu.com/ubuntu jammy-updates/main amd64 librados2 amd64 17.2.7-0ubuntu0.22.04.2 [3594 kB]
2025-08-09T01:13:29.9333826Z Get:66 http://azure.archive.ubuntu.com/ubuntu jammy-updates/main amd64 librbd1 amd64 17.2.7-0ubuntu0.22.04.2 [3548 kB]
2025-08-09T01:13:30.0144730Z Get:67 http://azure.archive.ubuntu.com/ubuntu jammy-updates/main amd64 libsdl2-2.0-0 amd64 2.0.20+dfsg-2ubuntu1.22.04.1 [582 kB]
2025-08-09T01:13:30.0500463Z Get:68 http://azure.archive.ubuntu.com/ubuntu jammy/main amd64 libspice-server1 amd64 0.15.0-2ubuntu4 [351 kB]
2025-08-09T01:13:30.0704598Z Get:69 http://azure.archive.ubuntu.com/ubuntu jammy/main amd64 liburing2 amd64 2.1-2build1 [10.3 kB]
2025-08-09T01:13:30.0880254Z Get:70 http://azure.archive.ubuntu.com/ubuntu jammy/main amd64 libusbredirparser1 amd64 0.11.0-2build1 [15.9 kB]
2025-08-09T01:13:30.1056740Z Get:71 http://azure.archive.ubuntu.com/ubuntu jammy/main amd64 libvirglrenderer1 amd64 0.9.1-1~exp1ubuntu2 [188 kB]
2025-08-09T01:13:30.1273891Z Get:72 http://azure.archive.ubuntu.com/ubuntu jammy-updates/main amd64 libvte-2.91-common amd64 0.68.0-1ubuntu0.1 [9408 B]
2025-08-09T01:13:30.1448819Z Get:73 http://azure.archive.ubuntu.com/ubuntu jammy-updates/main amd64 libvte-2.91-0 amd64 0.68.0-1ubuntu0.1 [214 kB]
2025-08-09T01:13:30.1654802Z Get:74 http://azure.archive.ubuntu.com/ubuntu jammy-updates/main amd64 debootstrap all 1.0.126+nmu1ubuntu0.8 [40.6 kB]
2025-08-09T01:13:30.1847802Z Get:75 http://azure.archive.ubuntu.com/ubuntu jammy-updates/main amd64 live-build all 3.0~a57-1ubuntu41.22.04.1 [132 kB]
2025-08-09T01:13:30.2457275Z Get:76 http://azure.archive.ubuntu.com/ubuntu jammy/universe amd64 lua-lpeg amd64 1.0.2-1 [31.4 kB]
2025-08-09T01:13:30.2646665Z Get:77 http://azure.archive.ubuntu.com/ubuntu jammy/main amd64 mtools amd64 4.0.33-1+really4.0.32-1build1 [201 kB]
2025-08-09T01:13:30.2843562Z Get:78 http://azure.archive.ubuntu.com/ubuntu jammy-updates/universe amd64 nmap-common all 7.91+dfsg1+really7.80+dfsg1-2ubuntu0.1 [3940 kB]
2025-08-09T01:13:30.3696373Z Get:79 http://azure.archive.ubuntu.com/ubuntu jammy/main amd64 pv amd64 1.6.6-1build2 [44.5 kB]
2025-08-09T01:13:30.3876139Z Get:80 http://azure.archive.ubuntu.com/ubuntu jammy/main amd64 libfdt1 amd64 1.6.1-1 [20.0 kB]
2025-08-09T01:13:30.4056830Z Get:81 http://azure.archive.ubuntu.com/ubuntu jammy-updates/main amd64 qemu-system-common amd64 1:6.2+dfsg-2ubuntu6.26 [2047 kB]
2025-08-09T01:13:30.4652196Z Get:82 http://azure.archive.ubuntu.com/ubuntu jammy-updates/main amd64 qemu-system-data all 1:6.2+dfsg-2ubuntu6.26 [1430 kB]
2025-08-09T01:13:30.5181098Z Get:83 http://azure.archive.ubuntu.com/ubuntu jammy/main amd64 seabios all 1.15.0-1 [174 kB]
2025-08-09T01:13:30.5369404Z Get:84 http://azure.archive.ubuntu.com/ubuntu jammy-updates/main amd64 qemu-system-x86 amd64 1:6.2+dfsg-2ubuntu6.26 [10.1 MB]
2025-08-09T01:13:30.7083969Z Get:85 http://azure.archive.ubuntu.com/ubuntu jammy-updates/main amd64 qemu-utils amd64 1:6.2+dfsg-2ubuntu6.26 [1527 kB]
2025-08-09T01:13:30.7610735Z Get:86 http://azure.archive.ubuntu.com/ubuntu jammy-updates/main amd64 qemu-block-extra amd64 1:6.2+dfsg-2ubuntu6.26 [68.2 kB]
2025-08-09T01:13:30.7790637Z Get:87 http://azure.archive.ubuntu.com/ubuntu jammy-updates/main amd64 qemu-system-gui amd64 1:6.2+dfsg-2ubuntu6.26 [220 kB]
2025-08-09T01:13:30.7992507Z Get:88 http://azure.archive.ubuntu.com/ubuntu jammy/main amd64 syslinux-common all 3:6.04~git20190206.bf6db5b4+dfsg1-3ubuntu1 [1271 kB]
2025-08-09T01:13:30.8492347Z Get:89 http://azure.archive.ubuntu.com/ubuntu jammy/universe amd64 syslinux-utils amd64 3:6.04~git20190206.bf6db5b4+dfsg1-3ubuntu1 [50.9 kB]
2025-08-09T01:13:30.8696434Z Get:90 http://azure.archive.ubuntu.com/ubuntu jammy-updates/universe amd64 nmap amd64 7.91+dfsg1+really7.80+dfsg1-2ubuntu0.1 [1731 kB]
2025-08-09T01:13:30.9230615Z Get:91 http://azure.archive.ubuntu.com/ubuntu jammy-updates/main amd64 ovmf all 2022.02-3ubuntu0.22.04.3 [7561 kB]
2025-08-09T01:13:31.4206841Z Fetched 53.2 MB in 3s (19.6 MB/s)
2025-08-09T01:13:31.4454994Z Selecting previously unselected package msr-tools.
2025-08-09T01:13:31.4747828Z (Reading database ... 
2025-08-09T01:13:31.4748156Z (Reading database ... 5%
2025-08-09T01:13:31.4748490Z (Reading database ... 10%
2025-08-09T01:13:31.4748818Z (Reading database ... 15%
2025-08-09T01:13:31.4749095Z (Reading database ... 20%
2025-08-09T01:13:31.4749297Z (Reading database ... 25%
2025-08-09T01:13:31.4749489Z (Reading database ... 30%
2025-08-09T01:13:31.4749689Z (Reading database ... 35%
2025-08-09T01:13:31.4750355Z (Reading database ... 40%
2025-08-09T01:13:31.4750694Z (Reading database ... 45%
2025-08-09T01:13:31.4751033Z (Reading database ... 50%
2025-08-09T01:13:31.5216195Z (Reading database ... 55%
2025-08-09T01:13:31.5587493Z (Reading database ... 60%
2025-08-09T01:13:31.5955920Z (Reading database ... 65%
2025-08-09T01:13:31.6406351Z (Reading database ... 70%
2025-08-09T01:13:31.7221415Z (Reading database ... 75%
2025-08-09T01:13:31.7883526Z (Reading database ... 80%
2025-08-09T01:13:31.8749473Z (Reading database ... 85%
2025-08-09T01:13:31.9423255Z (Reading database ... 90%
2025-08-09T01:13:32.0168127Z (Reading database ... 95%
2025-08-09T01:13:32.0168541Z (Reading database ... 100%
2025-08-09T01:13:32.0168941Z (Reading database ... 267991 files and directories currently installed.)
2025-08-09T01:13:32.0220489Z Preparing to unpack .../00-msr-tools_1.3-4_amd64.deb ...
2025-08-09T01:13:32.0256687Z Unpacking msr-tools (1.3-4) ...
2025-08-09T01:13:32.0545965Z Selecting previously unselected package cpu-checker.
2025-08-09T01:13:32.0704981Z Preparing to unpack .../01-cpu-checker_0.7-1.3build1_amd64.deb ...
2025-08-09T01:13:32.0715205Z Unpacking cpu-checker (0.7-1.3build1) ...
2025-08-09T01:13:32.0976431Z Selecting previously unselected package genisoimage.
2025-08-09T01:13:32.1136437Z Preparing to unpack .../02-genisoimage_9%3a1.1.11-3.2ubuntu1_amd64.deb ...
2025-08-09T01:13:32.1151195Z Unpacking genisoimage (9:1.1.11-3.2ubuntu1) ...
2025-08-09T01:13:32.1597874Z Selecting previously unselected package libcdparanoia0:amd64.
2025-08-09T01:13:32.1758213Z Preparing to unpack .../03-libcdparanoia0_3.10.2+debian-14build2_amd64.deb ...
2025-08-09T01:13:32.1791863Z Unpacking libcdparanoia0:amd64 (3.10.2+debian-14build2) ...
2025-08-09T01:13:32.2065837Z Selecting previously unselected package liborc-0.4-0:amd64.
2025-08-09T01:13:32.2226309Z Preparing to unpack .../04-liborc-0.4-0_1%3a0.4.32-2ubuntu0.1_amd64.deb ...
2025-08-09T01:13:32.2240197Z Unpacking liborc-0.4-0:amd64 (1:0.4.32-2ubuntu0.1) ...
2025-08-09T01:13:32.2523394Z Selecting previously unselected package libgstreamer-plugins-base1.0-0:amd64.
2025-08-09T01:13:32.2682448Z Preparing to unpack .../05-libgstreamer-plugins-base1.0-0_1.20.1-1ubuntu0.4_amd64.deb ...
2025-08-09T01:13:32.2702980Z Unpacking libgstreamer-plugins-base1.0-0:amd64 (1.20.1-1ubuntu0.4) ...
2025-08-09T01:13:32.3069341Z Selecting previously unselected package libopus0:amd64.
2025-08-09T01:13:32.3228121Z Preparing to unpack .../06-libopus0_1.3.1-0.1build2_amd64.deb ...
2025-08-09T01:13:32.3237818Z Unpacking libopus0:amd64 (1.3.1-0.1build2) ...
2025-08-09T01:13:32.3508632Z Selecting previously unselected package libtheora0:amd64.
2025-08-09T01:13:32.3670497Z Preparing to unpack .../07-libtheora0_1.1.1+dfsg.1-15ubuntu4_amd64.deb ...
2025-08-09T01:13:32.3681423Z Unpacking libtheora0:amd64 (1.1.1+dfsg.1-15ubuntu4) ...
2025-08-09T01:13:32.3974523Z Selecting previously unselected package libvisual-0.4-0:amd64.
2025-08-09T01:13:32.4134781Z Preparing to unpack .../08-libvisual-0.4-0_0.4.0-17build2_amd64.deb ...
2025-08-09T01:13:32.4145891Z Unpacking libvisual-0.4-0:amd64 (0.4.0-17build2) ...
2025-08-09T01:13:32.4405432Z Selecting previously unselected package libvorbisenc2:amd64.
2025-08-09T01:13:32.4565087Z Preparing to unpack .../09-libvorbisenc2_1.3.7-1build2_amd64.deb ...
2025-08-09T01:13:32.4634859Z Unpacking libvorbisenc2:amd64 (1.3.7-1build2) ...
2025-08-09T01:13:32.4904667Z Selecting previously unselected package gstreamer1.0-plugins-base:amd64.
2025-08-09T01:13:32.5063734Z Preparing to unpack .../10-gstreamer1.0-plugins-base_1.20.1-1ubuntu0.4_amd64.deb ...
2025-08-09T01:13:32.5075918Z Unpacking gstreamer1.0-plugins-base:amd64 (1.20.1-1ubuntu0.4) ...
2025-08-09T01:13:32.5471308Z Selecting previously unselected package libaa1:amd64.
2025-08-09T01:13:32.5630779Z Preparing to unpack .../11-libaa1_1.4p5-50build1_amd64.deb ...
2025-08-09T01:13:32.5642243Z Unpacking libaa1:amd64 (1.4p5-50build1) ...
2025-08-09T01:13:32.5946583Z Selecting previously unselected package libraw1394-11:amd64.
2025-08-09T01:13:32.6104686Z Preparing to unpack .../12-libraw1394-11_2.1.2-2build2_amd64.deb ...
2025-08-09T01:13:32.6116375Z Unpacking libraw1394-11:amd64 (2.1.2-2build2) ...
2025-08-09T01:13:32.6353618Z Selecting previously unselected package libavc1394-0:amd64.
2025-08-09T01:13:32.6511266Z Preparing to unpack .../13-libavc1394-0_0.5.4-5build2_amd64.deb ...
2025-08-09T01:13:32.6521458Z Unpacking libavc1394-0:amd64 (0.5.4-5build2) ...
2025-08-09T01:13:32.6755391Z Selecting previously unselected package libcaca0:amd64.
2025-08-09T01:13:32.6913440Z Preparing to unpack .../14-libcaca0_0.99.beta19-2.2ubuntu4_amd64.deb ...
2025-08-09T01:13:32.6930822Z Unpacking libcaca0:amd64 (0.99.beta19-2.2ubuntu4) ...
2025-08-09T01:13:32.7232367Z Selecting previously unselected package libdv4:amd64.
2025-08-09T01:13:32.7399036Z Preparing to unpack .../15-libdv4_1.0.0-14build1_amd64.deb ...
2025-08-09T01:13:32.7411864Z Unpacking libdv4:amd64 (1.0.0-14build1) ...
2025-08-09T01:13:32.8042851Z Selecting previously unselected package libflac8:amd64.
2025-08-09T01:13:32.8207424Z Preparing to unpack .../16-libflac8_1.3.3-2ubuntu0.2_amd64.deb ...
2025-08-09T01:13:32.8222804Z Unpacking libflac8:amd64 (1.3.3-2ubuntu0.2) ...
2025-08-09T01:13:32.8483664Z Selecting previously unselected package libgstreamer-plugins-good1.0-0:amd64.
2025-08-09T01:13:32.8641483Z Preparing to unpack .../17-libgstreamer-plugins-good1.0-0_1.20.3-0ubuntu1.3_amd64.deb ...
2025-08-09T01:13:32.8654674Z Unpacking libgstreamer-plugins-good1.0-0:amd64 (1.20.3-0ubuntu1.3) ...
2025-08-09T01:13:32.8883257Z Selecting previously unselected package libiec61883-0:amd64.
2025-08-09T01:13:32.9041185Z Preparing to unpack .../18-libiec61883-0_1.2.0-4build3_amd64.deb ...
2025-08-09T01:13:32.9057289Z Unpacking libiec61883-0:amd64 (1.2.0-4build3) ...
2025-08-09T01:13:32.9308589Z Selecting previously unselected package libsamplerate0:amd64.
2025-08-09T01:13:32.9465778Z Preparing to unpack .../19-libsamplerate0_0.2.2-1build1_amd64.deb ...
2025-08-09T01:13:32.9476525Z Unpacking libsamplerate0:amd64 (0.2.2-1build1) ...
2025-08-09T01:13:32.9763666Z Selecting previously unselected package libjack-jackd2-0:amd64.
2025-08-09T01:13:32.9920833Z Preparing to unpack .../20-libjack-jackd2-0_1.9.20~dfsg-1_amd64.deb ...
2025-08-09T01:13:32.9936117Z Unpacking libjack-jackd2-0:amd64 (1.9.20~dfsg-1) ...
2025-08-09T01:13:33.0253717Z Selecting previously unselected package libmp3lame0:amd64.
2025-08-09T01:13:33.0411066Z Preparing to unpack .../21-libmp3lame0_3.100-3build2_amd64.deb ...
2025-08-09T01:13:33.0425872Z Unpacking libmp3lame0:amd64 (3.100-3build2) ...
2025-08-09T01:13:33.0697471Z Selecting previously unselected package libmpg123-0:amd64.
2025-08-09T01:13:33.0856756Z Preparing to unpack .../22-libmpg123-0_1.29.3-1ubuntu0.1_amd64.deb ...
2025-08-09T01:13:33.0868817Z Unpacking libmpg123-0:amd64 (1.29.3-1ubuntu0.1) ...
2025-08-09T01:13:33.1122356Z Selecting previously unselected package libasyncns0:amd64.
2025-08-09T01:13:33.1279315Z Preparing to unpack .../23-libasyncns0_0.8-6build2_amd64.deb ...
2025-08-09T01:13:33.1289433Z Unpacking libasyncns0:amd64 (0.8-6build2) ...
2025-08-09T01:13:33.1547454Z Selecting previously unselected package libsndfile1:amd64.
2025-08-09T01:13:33.1705007Z Preparing to unpack .../24-libsndfile1_1.0.31-2ubuntu0.2_amd64.deb ...
2025-08-09T01:13:33.1716009Z Unpacking libsndfile1:amd64 (1.0.31-2ubuntu0.2) ...
2025-08-09T01:13:33.1986262Z Selecting previously unselected package libpulse0:amd64.
2025-08-09T01:13:33.2174523Z Preparing to unpack .../25-libpulse0_1%3a15.99.1+dfsg1-1ubuntu2.2_amd64.deb ...
2025-08-09T01:13:33.2265181Z Unpacking libpulse0:amd64 (1:15.99.1+dfsg1-1ubuntu2.2) ...
2025-08-09T01:13:33.2552466Z Selecting previously unselected package libspeex1:amd64.
2025-08-09T01:13:33.2710423Z Preparing to unpack .../26-libspeex1_1.2~rc1.2-1.1ubuntu3_amd64.deb ...
2025-08-09T01:13:33.2724618Z Unpacking libspeex1:amd64 (1.2~rc1.2-1.1ubuntu3) ...
2025-08-09T01:13:33.3013217Z Selecting previously unselected package libshout3:amd64.
2025-08-09T01:13:33.3170972Z Preparing to unpack .../27-libshout3_2.4.5-1build3_amd64.deb ...
2025-08-09T01:13:33.3181863Z Unpacking libshout3:amd64 (2.4.5-1build3) ...
2025-08-09T01:13:33.3411210Z Selecting previously unselected package libtag1v5-vanilla:amd64.
2025-08-09T01:13:33.3571511Z Preparing to unpack .../28-libtag1v5-vanilla_1.11.1+dfsg.1-3ubuntu3_amd64.deb ...
2025-08-09T01:13:33.3581260Z Unpacking libtag1v5-vanilla:amd64 (1.11.1+dfsg.1-3ubuntu3) ...
2025-08-09T01:13:33.3838027Z Selecting previously unselected package libtag1v5:amd64.
2025-08-09T01:13:33.3995412Z Preparing to unpack .../29-libtag1v5_1.11.1+dfsg.1-3ubuntu3_amd64.deb ...
2025-08-09T01:13:33.4007066Z Unpacking libtag1v5:amd64 (1.11.1+dfsg.1-3ubuntu3) ...
2025-08-09T01:13:33.4234668Z Selecting previously unselected package libtwolame0:amd64.
2025-08-09T01:13:33.4391097Z Preparing to unpack .../30-libtwolame0_0.4.0-2build2_amd64.deb ...
2025-08-09T01:13:33.4401148Z Unpacking libtwolame0:amd64 (0.4.0-2build2) ...
2025-08-09T01:13:33.4632861Z Selecting previously unselected package libv4lconvert0:amd64.
2025-08-09T01:13:33.4788897Z Preparing to unpack .../31-libv4lconvert0_1.22.1-2build1_amd64.deb ...
2025-08-09T01:13:33.4799545Z Unpacking libv4lconvert0:amd64 (1.22.1-2build1) ...
2025-08-09T01:13:33.5085512Z Selecting previously unselected package libv4l-0:amd64.
2025-08-09T01:13:33.5240545Z Preparing to unpack .../32-libv4l-0_1.22.1-2build1_amd64.deb ...
2025-08-09T01:13:33.5251617Z Unpacking libv4l-0:amd64 (1.22.1-2build1) ...
2025-08-09T01:13:33.5506715Z Selecting previously unselected package libvpx7:amd64.
2025-08-09T01:13:33.5661537Z Preparing to unpack .../33-libvpx7_1.11.0-2ubuntu2.4_amd64.deb ...
2025-08-09T01:13:33.5676070Z Unpacking libvpx7:amd64 (1.11.0-2ubuntu2.4) ...
2025-08-09T01:13:33.6041145Z Selecting previously unselected package libwavpack1:amd64.
2025-08-09T01:13:33.6197346Z Preparing to unpack .../34-libwavpack1_5.4.0-1build2_amd64.deb ...
2025-08-09T01:13:33.6222610Z Unpacking libwavpack1:amd64 (5.4.0-1build2) ...
2025-08-09T01:13:33.6475845Z Selecting previously unselected package gstreamer1.0-plugins-good:amd64.
2025-08-09T01:13:33.6633192Z Preparing to unpack .../35-gstreamer1.0-plugins-good_1.20.3-0ubuntu1.3_amd64.deb ...
2025-08-09T01:13:33.6642503Z Unpacking gstreamer1.0-plugins-good:amd64 (1.20.3-0ubuntu1.3) ...
2025-08-09T01:13:33.7225020Z Selecting previously unselected package libxv1:amd64.
2025-08-09T01:13:33.7385003Z Preparing to unpack .../36-libxv1_2%3a1.0.11-1build2_amd64.deb ...
2025-08-09T01:13:33.7394150Z Unpacking libxv1:amd64 (2:1.0.11-1build2) ...
2025-08-09T01:13:33.7645024Z Selecting previously unselected package gstreamer1.0-x:amd64.
2025-08-09T01:13:33.7805119Z Preparing to unpack .../37-gstreamer1.0-x_1.20.1-1ubuntu0.4_amd64.deb ...
2025-08-09T01:13:33.7814414Z Unpacking gstreamer1.0-x:amd64 (1.20.1-1ubuntu0.4) ...
2025-08-09T01:13:33.8083967Z Selecting previously unselected package libnl-route-3-200:amd64.
2025-08-09T01:13:33.8238563Z Preparing to unpack .../38-libnl-route-3-200_3.5.0-0.1_amd64.deb ...
2025-08-09T01:13:33.8259270Z Unpacking libnl-route-3-200:amd64 (3.5.0-0.1) ...
2025-08-09T01:13:33.8737157Z Selecting previously unselected package libibverbs1:amd64.
2025-08-09T01:13:33.8894979Z Preparing to unpack .../39-libibverbs1_39.0-1_amd64.deb ...
2025-08-09T01:13:33.8911681Z Unpacking libibverbs1:amd64 (39.0-1) ...
2025-08-09T01:13:33.9218148Z Selecting previously unselected package ibverbs-providers:amd64.
2025-08-09T01:13:33.9376838Z Preparing to unpack .../40-ibverbs-providers_39.0-1_amd64.deb ...
2025-08-09T01:13:33.9503559Z Unpacking ibverbs-providers:amd64 (39.0-1) ...
2025-08-09T01:13:33.9827373Z Selecting previously unselected package ipxe-qemu.
2025-08-09T01:13:33.9987375Z Preparing to unpack .../41-ipxe-qemu_1.21.1+git-20220113.fbbdc3926-0ubuntu1_all.deb ...
2025-08-09T01:13:34.0012416Z Unpacking ipxe-qemu (1.21.1+git-20220113.fbbdc3926-0ubuntu1) ...
2025-08-09T01:13:34.0448712Z Selecting previously unselected package ipxe-qemu-256k-compat-efi-roms.
2025-08-09T01:13:34.0609071Z Preparing to unpack .../42-ipxe-qemu-256k-compat-efi-roms_1.0.0+git-20150424.a25a16d-0ubuntu4_all.deb ...
2025-08-09T01:13:34.0622417Z Unpacking ipxe-qemu-256k-compat-efi-roms (1.0.0+git-20150424.a25a16d-0ubuntu4) ...
2025-08-09T01:13:34.1136711Z Selecting previously unselected package isolinux.
2025-08-09T01:13:34.1295642Z Preparing to unpack .../43-isolinux_3%3a6.04~git20190206.bf6db5b4+dfsg1-3ubuntu1_all.deb ...
2025-08-09T01:13:34.1305248Z Unpacking isolinux (3:6.04~git20190206.bf6db5b4+dfsg1-3ubuntu1) ...
2025-08-09T01:13:34.1564203Z Selecting previously unselected package libboost-iostreams1.74.0:amd64.
2025-08-09T01:13:34.1723150Z Preparing to unpack .../44-libboost-iostreams1.74.0_1.74.0-14ubuntu3_amd64.deb ...
2025-08-09T01:13:34.1738773Z Unpacking libboost-iostreams1.74.0:amd64 (1.74.0-14ubuntu3) ...
2025-08-09T01:13:34.2086116Z Selecting previously unselected package libboost-thread1.74.0:amd64.
2025-08-09T01:13:34.2245530Z Preparing to unpack .../45-libboost-thread1.74.0_1.74.0-14ubuntu3_amd64.deb ...
2025-08-09T01:13:34.2266154Z Unpacking libboost-thread1.74.0:amd64 (1.74.0-14ubuntu3) ...
2025-08-09T01:13:34.2577635Z Selecting previously unselected package libbrlapi0.8:amd64.
2025-08-09T01:13:34.2736487Z Preparing to unpack .../46-libbrlapi0.8_6.4-4ubuntu3_amd64.deb ...
2025-08-09T01:13:34.2747283Z Unpacking libbrlapi0.8:amd64 (6.4-4ubuntu3) ...
2025-08-09T01:13:34.3011659Z Selecting previously unselected package libpcsclite1:amd64.
2025-08-09T01:13:34.3168458Z Preparing to unpack .../47-libpcsclite1_1.9.5-3ubuntu1_amd64.deb ...
2025-08-09T01:13:34.3187451Z Unpacking libpcsclite1:amd64 (1.9.5-3ubuntu1) ...
2025-08-09T01:13:34.3426256Z Selecting previously unselected package libcacard0:amd64.
2025-08-09T01:13:34.3583440Z Preparing to unpack .../48-libcacard0_1%3a2.8.0-3build2_amd64.deb ...
2025-08-09T01:13:34.3592768Z Unpacking libcacard0:amd64 (1:2.8.0-3build2) ...
2025-08-09T01:13:34.3835650Z Selecting previously unselected package libdaxctl1:amd64.
2025-08-09T01:13:34.3991167Z Preparing to unpack .../49-libdaxctl1_72.1-1_amd64.deb ...
2025-08-09T01:13:34.4011111Z Unpacking libdaxctl1:amd64 (72.1-1) ...
2025-08-09T01:13:34.4259312Z Selecting previously unselected package libdecor-0-0:amd64.
2025-08-09T01:13:34.4420542Z Preparing to unpack .../50-libdecor-0-0_0.1.0-3build1_amd64.deb ...
2025-08-09T01:13:34.4435581Z Unpacking libdecor-0-0:amd64 (0.1.0-3build1) ...
2025-08-09T01:13:34.4667032Z Selecting previously unselected package libdecor-0-plugin-1-cairo:amd64.
2025-08-09T01:13:34.4828522Z Preparing to unpack .../51-libdecor-0-plugin-1-cairo_0.1.0-3build1_amd64.deb ...
2025-08-09T01:13:34.4839158Z Unpacking libdecor-0-plugin-1-cairo:amd64 (0.1.0-3build1) ...
2025-08-09T01:13:34.5068132Z Selecting previously unselected package libelf-dev:amd64.
2025-08-09T01:13:34.5227354Z Preparing to unpack .../52-libelf-dev_0.186-1ubuntu0.1_amd64.deb ...
2025-08-09T01:13:34.5241989Z Unpacking libelf-dev:amd64 (0.186-1ubuntu0.1) ...
2025-08-09T01:13:34.5579598Z Selecting previously unselected package libgfxdr0:amd64.
2025-08-09T01:13:34.5742270Z Preparing to unpack .../53-libgfxdr0_10.1-1ubuntu0.2_amd64.deb ...
2025-08-09T01:13:34.5758121Z Unpacking libgfxdr0:amd64 (10.1-1ubuntu0.2) ...
2025-08-09T01:13:34.6049316Z Selecting previously unselected package libglusterfs0:amd64.
2025-08-09T01:13:34.6209062Z Preparing to unpack .../54-libglusterfs0_10.1-1ubuntu0.2_amd64.deb ...
2025-08-09T01:13:34.6222034Z Unpacking libglusterfs0:amd64 (10.1-1ubuntu0.2) ...
2025-08-09T01:13:34.7094015Z Selecting previously unselected package libgfrpc0:amd64.
2025-08-09T01:13:34.7255229Z Preparing to unpack .../55-libgfrpc0_10.1-1ubuntu0.2_amd64.deb ...
2025-08-09T01:13:34.7268691Z Unpacking libgfrpc0:amd64 (10.1-1ubuntu0.2) ...
2025-08-09T01:13:34.7509655Z Selecting previously unselected package libgfapi0:amd64.
2025-08-09T01:13:34.7668602Z Preparing to unpack .../56-libgfapi0_10.1-1ubuntu0.2_amd64.deb ...
2025-08-09T01:13:34.7684080Z Unpacking libgfapi0:amd64 (10.1-1ubuntu0.2) ...
2025-08-09T01:13:34.7944655Z Selecting previously unselected package librdmacm1:amd64.
2025-08-09T01:13:34.8104376Z Preparing to unpack .../57-librdmacm1_39.0-1_amd64.deb ...
2025-08-09T01:13:34.8114778Z Unpacking librdmacm1:amd64 (39.0-1) ...
2025-08-09T01:13:34.8365575Z Selecting previously unselected package libiscsi7:amd64.
2025-08-09T01:13:34.8524480Z Preparing to unpack .../58-libiscsi7_1.19.0-3build2_amd64.deb ...
2025-08-09T01:13:34.8542813Z Unpacking libiscsi7:amd64 (1.19.0-3build2) ...
2025-08-09T01:13:34.8792687Z Selecting previously unselected package liblinear4:amd64.
2025-08-09T01:13:34.8951335Z Preparing to unpack .../59-liblinear4_2.3.0+dfsg-5_amd64.deb ...
2025-08-09T01:13:34.8959712Z Unpacking liblinear4:amd64 (2.3.0+dfsg-5) ...
2025-08-09T01:13:34.9245317Z Selecting previously unselected package libndctl6:amd64.
2025-08-09T01:13:34.9404714Z Preparing to unpack .../60-libndctl6_72.1-1_amd64.deb ...
2025-08-09T01:13:34.9419338Z Unpacking libndctl6:amd64 (72.1-1) ...
2025-08-09T01:13:34.9675991Z Selecting previously unselected package libpmem1:amd64.
2025-08-09T01:13:34.9835381Z Preparing to unpack .../61-libpmem1_1.11.1-3build1_amd64.deb ...
2025-08-09T01:13:34.9846903Z Unpacking libpmem1:amd64 (1.11.1-3build1) ...
2025-08-09T01:13:35.0098292Z Selecting previously unselected package libpmemobj1:amd64.
2025-08-09T01:13:35.0256179Z Preparing to unpack .../62-libpmemobj1_1.11.1-3build1_amd64.deb ...
2025-08-09T01:13:35.0270103Z Unpacking libpmemobj1:amd64 (1.11.1-3build1) ...
2025-08-09T01:13:35.0592947Z Selecting previously unselected package librados2.
2025-08-09T01:13:35.0752291Z Preparing to unpack .../63-librados2_17.2.7-0ubuntu0.22.04.2_amd64.deb ...
2025-08-09T01:13:35.0764781Z Unpacking librados2 (17.2.7-0ubuntu0.22.04.2) ...
2025-08-09T01:13:35.1410783Z Selecting previously unselected package librbd1.
2025-08-09T01:13:35.1571730Z Preparing to unpack .../64-librbd1_17.2.7-0ubuntu0.22.04.2_amd64.deb ...
2025-08-09T01:13:35.1586049Z Unpacking librbd1 (17.2.7-0ubuntu0.22.04.2) ...
2025-08-09T01:13:35.2335107Z Selecting previously unselected package libsdl2-2.0-0:amd64.
2025-08-09T01:13:35.2495488Z Preparing to unpack .../65-libsdl2-2.0-0_2.0.20+dfsg-2ubuntu1.22.04.1_amd64.deb ...
2025-08-09T01:13:35.2511991Z Unpacking libsdl2-2.0-0:amd64 (2.0.20+dfsg-2ubuntu1.22.04.1) ...
2025-08-09T01:13:35.2820982Z Selecting previously unselected package libspice-server1:amd64.
2025-08-09T01:13:35.2979955Z Preparing to unpack .../66-libspice-server1_0.15.0-2ubuntu4_amd64.deb ...
2025-08-09T01:13:35.2997555Z Unpacking libspice-server1:amd64 (0.15.0-2ubuntu4) ...
2025-08-09T01:13:35.3310632Z Selecting previously unselected package liburing2:amd64.
2025-08-09T01:13:35.3471440Z Preparing to unpack .../67-liburing2_2.1-2build1_amd64.deb ...
2025-08-09T01:13:35.3481767Z Unpacking liburing2:amd64 (2.1-2build1) ...
2025-08-09T01:13:35.3733934Z Selecting previously unselected package libusbredirparser1:amd64.
2025-08-09T01:13:35.3897212Z Preparing to unpack .../68-libusbredirparser1_0.11.0-2build1_amd64.deb ...
2025-08-09T01:13:35.3910191Z Unpacking libusbredirparser1:amd64 (0.11.0-2build1) ...
2025-08-09T01:13:35.4187098Z Selecting previously unselected package libvirglrenderer1:amd64.
2025-08-09T01:13:35.4346542Z Preparing to unpack .../69-libvirglrenderer1_0.9.1-1~exp1ubuntu2_amd64.deb ...
2025-08-09T01:13:35.4356661Z Unpacking libvirglrenderer1:amd64 (0.9.1-1~exp1ubuntu2) ...
2025-08-09T01:13:35.4600635Z Selecting previously unselected package libvte-2.91-common.
2025-08-09T01:13:35.4756828Z Preparing to unpack .../70-libvte-2.91-common_0.68.0-1ubuntu0.1_amd64.deb ...
2025-08-09T01:13:35.4772502Z Unpacking libvte-2.91-common (0.68.0-1ubuntu0.1) ...
2025-08-09T01:13:35.5038150Z Selecting previously unselected package libvte-2.91-0:amd64.
2025-08-09T01:13:35.5194170Z Preparing to unpack .../71-libvte-2.91-0_0.68.0-1ubuntu0.1_amd64.deb ...
2025-08-09T01:13:35.5206480Z Unpacking libvte-2.91-0:amd64 (0.68.0-1ubuntu0.1) ...
2025-08-09T01:13:35.5442427Z Selecting previously unselected package debootstrap.
2025-08-09T01:13:35.5597904Z Preparing to unpack .../72-debootstrap_1.0.126+nmu1ubuntu0.8_all.deb ...
2025-08-09T01:13:35.5608621Z Unpacking debootstrap (1.0.126+nmu1ubuntu0.8) ...
2025-08-09T01:13:35.5903433Z Selecting previously unselected package live-build.
2025-08-09T01:13:35.6059997Z Preparing to unpack .../73-live-build_3.0~a57-1ubuntu41.22.04.1_all.deb ...
2025-08-09T01:13:35.6071300Z Unpacking live-build (3.0~a57-1ubuntu41.22.04.1) ...
2025-08-09T01:13:35.6801427Z Selecting previously unselected package lua-lpeg:amd64.
2025-08-09T01:13:35.6960158Z Preparing to unpack .../74-lua-lpeg_1.0.2-1_amd64.deb ...
2025-08-09T01:13:35.6971846Z Unpacking lua-lpeg:amd64 (1.0.2-1) ...
2025-08-09T01:13:35.7250533Z Selecting previously unselected package mtools.
2025-08-09T01:13:35.7416141Z Preparing to unpack .../75-mtools_4.0.33-1+really4.0.32-1build1_amd64.deb ...
2025-08-09T01:13:35.7429451Z Unpacking mtools (4.0.33-1+really4.0.32-1build1) ...
2025-08-09T01:13:35.7967661Z Selecting previously unselected package nmap-common.
2025-08-09T01:13:35.8129117Z Preparing to unpack .../76-nmap-common_7.91+dfsg1+really7.80+dfsg1-2ubuntu0.1_all.deb ...
2025-08-09T01:13:35.8142097Z Unpacking nmap-common (7.91+dfsg1+really7.80+dfsg1-2ubuntu0.1) ...
2025-08-09T01:13:36.0080954Z Selecting previously unselected package pv.
2025-08-09T01:13:36.0251376Z Preparing to unpack .../77-pv_1.6.6-1build2_amd64.deb ...
2025-08-09T01:13:36.0266187Z Unpacking pv (1.6.6-1build2) ...
2025-08-09T01:13:36.0578845Z Selecting previously unselected package libfdt1:amd64.
2025-08-09T01:13:36.0742176Z Preparing to unpack .../78-libfdt1_1.6.1-1_amd64.deb ...
2025-08-09T01:13:36.0756586Z Unpacking libfdt1:amd64 (1.6.1-1) ...
2025-08-09T01:13:36.1045708Z Selecting previously unselected package qemu-system-common.
2025-08-09T01:13:36.1217154Z Preparing to unpack .../79-qemu-system-common_1%3a6.2+dfsg-2ubuntu6.26_amd64.deb ...
2025-08-09T01:13:36.1227648Z Unpacking qemu-system-common (1:6.2+dfsg-2ubuntu6.26) ...
2025-08-09T01:13:36.1994579Z Selecting previously unselected package qemu-system-data.
2025-08-09T01:13:36.2187681Z Preparing to unpack .../80-qemu-system-data_1%3a6.2+dfsg-2ubuntu6.26_all.deb ...
2025-08-09T01:13:36.2200287Z Unpacking qemu-system-data (1:6.2+dfsg-2ubuntu6.26) ...
2025-08-09T01:13:36.2874796Z Selecting previously unselected package seabios.
2025-08-09T01:13:36.3037227Z Preparing to unpack .../81-seabios_1.15.0-1_all.deb ...
2025-08-09T01:13:36.3051440Z Unpacking seabios (1.15.0-1) ...
2025-08-09T01:13:36.3334797Z Selecting previously unselected package qemu-system-x86.
2025-08-09T01:13:36.3497626Z Preparing to unpack .../82-qemu-system-x86_1%3a6.2+dfsg-2ubuntu6.26_amd64.deb ...
2025-08-09T01:13:36.3641599Z Unpacking qemu-system-x86 (1:6.2+dfsg-2ubuntu6.26) ...
2025-08-09T01:13:36.5188816Z Selecting previously unselected package qemu-utils.
2025-08-09T01:13:36.5351525Z Preparing to unpack .../83-qemu-utils_1%3a6.2+dfsg-2ubuntu6.26_amd64.deb ...
2025-08-09T01:13:36.5368477Z Unpacking qemu-utils (1:6.2+dfsg-2ubuntu6.26) ...
2025-08-09T01:13:36.5873549Z Selecting previously unselected package qemu-block-extra.
2025-08-09T01:13:36.6038827Z Preparing to unpack .../84-qemu-block-extra_1%3a6.2+dfsg-2ubuntu6.26_amd64.deb ...
2025-08-09T01:13:36.6054552Z Unpacking qemu-block-extra (1:6.2+dfsg-2ubuntu6.26) ...
2025-08-09T01:13:36.6299130Z Selecting previously unselected package qemu-system-gui.
2025-08-09T01:13:36.6462240Z Preparing to unpack .../85-qemu-system-gui_1%3a6.2+dfsg-2ubuntu6.26_amd64.deb ...
2025-08-09T01:13:36.6483439Z Unpacking qemu-system-gui (1:6.2+dfsg-2ubuntu6.26) ...
2025-08-09T01:13:36.6752726Z Selecting previously unselected package syslinux-common.
2025-08-09T01:13:36.6914627Z Preparing to unpack .../86-syslinux-common_3%3a6.04~git20190206.bf6db5b4+dfsg1-3ubuntu1_all.deb ...
2025-08-09T01:13:36.6925634Z Unpacking syslinux-common (3:6.04~git20190206.bf6db5b4+dfsg1-3ubuntu1) ...
2025-08-09T01:13:36.7514900Z Selecting previously unselected package syslinux-utils.
2025-08-09T01:13:36.7679545Z Preparing to unpack .../87-syslinux-utils_3%3a6.04~git20190206.bf6db5b4+dfsg1-3ubuntu1_amd64.deb ...
2025-08-09T01:13:36.7691170Z Unpacking syslinux-utils (3:6.04~git20190206.bf6db5b4+dfsg1-3ubuntu1) ...
2025-08-09T01:13:36.8017154Z Selecting previously unselected package nmap.
2025-08-09T01:13:36.8180362Z Preparing to unpack .../88-nmap_7.91+dfsg1+really7.80+dfsg1-2ubuntu0.1_amd64.deb ...
2025-08-09T01:13:36.8196548Z Unpacking nmap (7.91+dfsg1+really7.80+dfsg1-2ubuntu0.1) ...
2025-08-09T01:13:36.8654969Z Selecting previously unselected package ovmf.
2025-08-09T01:13:36.8818689Z Preparing to unpack .../89-ovmf_2022.02-3ubuntu0.22.04.3_all.deb ...
2025-08-09T01:13:36.8836068Z Unpacking ovmf (2022.02-3ubuntu0.22.04.3) ...
2025-08-09T01:13:36.9784584Z Setting up genisoimage (9:1.1.11-3.2ubuntu1) ...
2025-08-09T01:13:36.9830462Z Setting up libcdparanoia0:amd64 (3.10.2+debian-14build2) ...
2025-08-09T01:13:36.9878038Z Setting up lua-lpeg:amd64 (1.0.2-1) ...
2025-08-09T01:13:36.9926496Z Setting up debootstrap (1.0.126+nmu1ubuntu0.8) ...
2025-08-09T01:13:36.9957179Z Setting up libraw1394-11:amd64 (2.1.2-2build2) ...
2025-08-09T01:13:36.9983694Z Setting up libtag1v5-vanilla:amd64 (1.11.1+dfsg.1-3ubuntu3) ...
2025-08-09T01:13:37.0008941Z Setting up libmpg123-0:amd64 (1.29.3-1ubuntu0.1) ...
2025-08-09T01:13:37.0036530Z Setting up isolinux (3:6.04~git20190206.bf6db5b4+dfsg1-3ubuntu1) ...
2025-08-09T01:13:37.0061604Z Setting up libspeex1:amd64 (1.2~rc1.2-1.1ubuntu3) ...
2025-08-09T01:13:37.0097739Z Setting up libcaca0:amd64 (0.99.beta19-2.2ubuntu4) ...
2025-08-09T01:13:37.0123709Z Setting up libtwolame0:amd64 (0.4.0-2build2) ...
2025-08-09T01:13:37.0158375Z Setting up libvte-2.91-common (0.68.0-1ubuntu0.1) ...
2025-08-09T01:13:37.0227753Z Setting up libvisual-0.4-0:amd64 (0.4.0-17build2) ...
2025-08-09T01:13:37.0265076Z Setting up mtools (4.0.33-1+really4.0.32-1build1) ...
2025-08-09T01:13:37.0310960Z Setting up libboost-iostreams1.74.0:amd64 (1.74.0-14ubuntu3) ...
2025-08-09T01:13:37.0360207Z Setting up msr-tools (1.3-4) ...
2025-08-09T01:13:37.0395934Z Setting up syslinux-common (3:6.04~git20190206.bf6db5b4+dfsg1-3ubuntu1) ...
2025-08-09T01:13:37.0435015Z Setting up live-build (3.0~a57-1ubuntu41.22.04.1) ...
2025-08-09T01:13:37.0469771Z Setting up libfdt1:amd64 (1.6.1-1) ...
2025-08-09T01:13:37.0502448Z Setting up libvte-2.91-0:amd64 (0.68.0-1ubuntu0.1) ...
2025-08-09T01:13:37.0587148Z Setting up libusbredirparser1:amd64 (0.11.0-2build1) ...
2025-08-09T01:13:37.0622028Z Setting up liblinear4:amd64 (2.3.0+dfsg-5) ...
2025-08-09T01:13:37.0654168Z Setting up libflac8:amd64 (1.3.3-2ubuntu0.2) ...
2025-08-09T01:13:37.0706956Z Setting up syslinux-utils (3:6.04~git20190206.bf6db5b4+dfsg1-3ubuntu1) ...
2025-08-09T01:13:37.0758228Z Setting up libnl-route-3-200:amd64 (3.5.0-0.1) ...
2025-08-09T01:13:37.0827826Z Setting up ovmf (2022.02-3ubuntu0.22.04.3) ...
2025-08-09T01:13:37.0873913Z Setting up libglusterfs0:amd64 (10.1-1ubuntu0.2) ...
2025-08-09T01:13:37.0915729Z Setting up libvirglrenderer1:amd64 (0.9.1-1~exp1ubuntu2) ...
2025-08-09T01:13:37.0952962Z Setting up libopus0:amd64 (1.3.1-0.1build2) ...
2025-08-09T01:13:37.0986704Z Setting up libxv1:amd64 (2:1.0.11-1build2) ...
2025-08-09T01:13:37.1018730Z Setting up liborc-0.4-0:amd64 (1:0.4.32-2ubuntu0.1) ...
2025-08-09T01:13:37.1100502Z Setting up libelf-dev:amd64 (0.186-1ubuntu0.1) ...
2025-08-09T01:13:37.1130619Z Setting up libpcsclite1:amd64 (1.9.5-3ubuntu1) ...
2025-08-09T01:13:37.1162878Z Setting up libdaxctl1:amd64 (72.1-1) ...
2025-08-09T01:13:37.1193174Z Setting up qemu-system-data (1:6.2+dfsg-2ubuntu6.26) ...
2025-08-09T01:13:37.1261397Z Setting up seabios (1.15.0-1) ...
2025-08-09T01:13:37.1292101Z Setting up nmap-common (7.91+dfsg1+really7.80+dfsg1-2ubuntu0.1) ...
2025-08-09T01:13:37.1724463Z Setting up libtag1v5:amd64 (1.11.1+dfsg.1-3ubuntu3) ...
2025-08-09T01:13:37.1778223Z Setting up cpu-checker (0.7-1.3build1) ...
2025-08-09T01:13:37.1824866Z Setting up libdv4:amd64 (1.0.0-14build1) ...
2025-08-09T01:13:37.1870789Z Setting up libasyncns0:amd64 (0.8-6build2) ...
2025-08-09T01:13:37.1907574Z Setting up pv (1.6.6-1build2) ...
2025-08-09T01:13:37.1950123Z Setting up libwavpack1:amd64 (5.4.0-1build2) ...
2025-08-09T01:13:37.1984667Z Setting up ipxe-qemu (1.21.1+git-20220113.fbbdc3926-0ubuntu1) ...
2025-08-09T01:13:37.2018416Z Setting up libtheora0:amd64 (1.1.1+dfsg.1-15ubuntu4) ...
2025-08-09T01:13:37.2046005Z Setting up libv4lconvert0:amd64 (1.22.1-2build1) ...
2025-08-09T01:13:37.2084215Z Setting up libdecor-0-0:amd64 (0.1.0-3build1) ...
2025-08-09T01:13:37.2119470Z Setting up libndctl6:amd64 (72.1-1) ...
2025-08-09T01:13:37.2157219Z Setting up ipxe-qemu-256k-compat-efi-roms (1.0.0+git-20150424.a25a16d-0ubuntu4) ...
2025-08-09T01:13:37.2191322Z Setting up libvpx7:amd64 (1.11.0-2ubuntu2.4) ...
2025-08-09T01:13:37.2229947Z Setting up libbrlapi0.8:amd64 (6.4-4ubuntu3) ...
2025-08-09T01:13:37.2256221Z Setting up liburing2:amd64 (2.1-2build1) ...
2025-08-09T01:13:37.2293797Z Setting up libsamplerate0:amd64 (0.2.2-1build1) ...
2025-08-09T01:13:37.2332315Z Setting up libpmem1:amd64 (1.11.1-3build1) ...
2025-08-09T01:13:37.2367621Z Setting up libmp3lame0:amd64 (3.100-3build2) ...
2025-08-09T01:13:37.2392383Z Setting up libvorbisenc2:amd64 (1.3.7-1build2) ...
2025-08-09T01:13:37.2439317Z Setting up libgfxdr0:amd64 (10.1-1ubuntu0.2) ...
2025-08-09T01:13:37.2485642Z Setting up libboost-thread1.74.0:amd64 (1.74.0-14ubuntu3) ...
2025-08-09T01:13:37.2541876Z Setting up libaa1:amd64 (1.4p5-50build1) ...
2025-08-09T01:13:37.2583511Z Setting up libiec61883-0:amd64 (1.2.0-4build3) ...
2025-08-09T01:13:37.2633065Z Setting up libavc1394-0:amd64 (0.5.4-5build2) ...
2025-08-09T01:13:37.2679403Z Setting up libibverbs1:amd64 (39.0-1) ...
2025-08-09T01:13:37.3413350Z Setting up ibverbs-providers:amd64 (39.0-1) ...
2025-08-09T01:13:37.3736632Z Setting up libgstreamer-plugins-base1.0-0:amd64 (1.20.1-1ubuntu0.4) ...
2025-08-09T01:13:37.3767230Z Setting up nmap (7.91+dfsg1+really7.80+dfsg1-2ubuntu0.1) ...
2025-08-09T01:13:37.3804267Z Setting up libcacard0:amd64 (1:2.8.0-3build2) ...
2025-08-09T01:13:37.3833207Z Setting up libv4l-0:amd64 (1.22.1-2build1) ...
2025-08-09T01:13:37.3865910Z Setting up libgstreamer-plugins-good1.0-0:amd64 (1.20.3-0ubuntu1.3) ...
2025-08-09T01:13:37.3922016Z Setting up gstreamer1.0-plugins-base:amd64 (1.20.1-1ubuntu0.4) ...
2025-08-09T01:13:37.3960759Z Setting up libshout3:amd64 (2.4.5-1build3) ...
2025-08-09T01:13:37.4004367Z Setting up libpmemobj1:amd64 (1.11.1-3build1) ...
2025-08-09T01:13:37.4051787Z Setting up libdecor-0-plugin-1-cairo:amd64 (0.1.0-3build1) ...
2025-08-09T01:13:37.4091535Z Setting up libjack-jackd2-0:amd64 (1.9.20~dfsg-1) ...
2025-08-09T01:13:37.4122205Z Setting up libsndfile1:amd64 (1.0.31-2ubuntu0.2) ...
2025-08-09T01:13:37.4174139Z Setting up qemu-utils (1:6.2+dfsg-2ubuntu6.26) ...
2025-08-09T01:13:37.4206438Z Setting up libgfrpc0:amd64 (10.1-1ubuntu0.2) ...
2025-08-09T01:13:37.4256269Z Setting up librdmacm1:amd64 (39.0-1) ...
2025-08-09T01:13:37.4325608Z Setting up librados2 (17.2.7-0ubuntu0.22.04.2) ...
2025-08-09T01:13:37.4487424Z Setting up gstreamer1.0-x:amd64 (1.20.1-1ubuntu0.4) ...
2025-08-09T01:13:37.4514594Z Setting up libpulse0:amd64 (1:15.99.1+dfsg1-1ubuntu2.2) ...
2025-08-09T01:13:37.4604086Z Setting up gstreamer1.0-plugins-good:amd64 (1.20.3-0ubuntu1.3) ...
2025-08-09T01:13:37.4645844Z Setting up libspice-server1:amd64 (0.15.0-2ubuntu4) ...
2025-08-09T01:13:37.4672401Z Setting up librbd1 (17.2.7-0ubuntu0.22.04.2) ...
2025-08-09T01:13:37.4710655Z Setting up libgfapi0:amd64 (10.1-1ubuntu0.2) ...
2025-08-09T01:13:37.4743009Z Setting up libiscsi7:amd64 (1.19.0-3build2) ...
2025-08-09T01:13:37.4773464Z Setting up libsdl2-2.0-0:amd64 (2.0.20+dfsg-2ubuntu1.22.04.1) ...
2025-08-09T01:13:37.4805899Z Setting up qemu-block-extra (1:6.2+dfsg-2ubuntu6.26) ...
2025-08-09T01:13:37.7620522Z Created symlink /etc/systemd/system/multi-user.target.wants/run-qemu.mount → /lib/systemd/system/run-qemu.mount.
2025-08-09T01:13:38.1955228Z Setting up qemu-system-common (1:6.2+dfsg-2ubuntu6.26) ...
2025-08-09T01:13:38.3052981Z Created symlink /etc/systemd/system/multi-user.target.wants/qemu-kvm.service → /lib/systemd/system/qemu-kvm.service.
2025-08-09T01:13:39.1428417Z Setting up qemu-system-x86 (1:6.2+dfsg-2ubuntu6.26) ...
2025-08-09T01:13:39.1459349Z Setting up qemu-system-gui (1:6.2+dfsg-2ubuntu6.26) ...
2025-08-09T01:13:39.1497206Z Processing triggers for man-db (2.10.2-1) ...
2025-08-09T01:13:39.9368685Z Processing triggers for install-info (6.8-4build1) ...
2025-08-09T01:13:40.0377763Z Processing triggers for hicolor-icon-theme (0.17-2) ...
2025-08-09T01:13:40.5376705Z Processing triggers for libc-bin (2.35-0ubuntu3.10) ...
2025-08-09T01:13:41.1618338Z NEEDRESTART-VER: 3.5
2025-08-09T01:13:41.4531492Z NEEDRESTART-KCUR: 6.8.0-1031-azure
2025-08-09T01:13:41.4531955Z NEEDRESTART-KEXP: 6.8.0-1031-azure
2025-08-09T01:13:41.4532308Z NEEDRESTART-KSTA: 1
2025-08-09T01:13:41.4532552Z NEEDRESTART-SVC: hosted-compute-agent.service
2025-08-09T01:13:42.7366144Z ##[group]Run echo "CLUSTER_MODE=main" >> $GITHUB_ENV
2025-08-09T01:13:42.7366509Z [36;1mecho "CLUSTER_MODE=main" >> $GITHUB_ENV[0m
2025-08-09T01:13:42.7366790Z [36;1mecho "ENABLE_GUI=false" >> $GITHUB_ENV[0m
2025-08-09T01:13:42.7367074Z [36;1mecho "SKIP_QEMU_TEST=true" >> $GITHUB_ENV[0m
2025-08-09T01:13:42.7367394Z [36;1mecho "BUILD_THREADS=2" >> $GITHUB_ENV  # Limit for CI[0m
2025-08-09T01:13:42.7367860Z [36;1mecho "SKIP_CONNECTIVITY_CHECK=true" >> $GITHUB_ENV  # Skip redundant check in CI[0m
2025-08-09T01:13:42.7395338Z shell: /usr/bin/bash -e {0}
2025-08-09T01:13:42.7395567Z ##[endgroup]
2025-08-09T01:13:42.7467907Z ##[group]Run chmod +x ainux-builder.sh
2025-08-09T01:13:42.7468222Z [36;1mchmod +x ainux-builder.sh[0m
2025-08-09T01:13:42.7468436Z [36;1m[0m
2025-08-09T01:13:42.7468600Z [36;1m# Add debug output[0m
2025-08-09T01:13:42.7468795Z [36;1mset -x[0m
2025-08-09T01:13:42.7468963Z [36;1m[0m
2025-08-09T01:13:42.7469150Z [36;1m# Run build with timeout (2 hours max)[0m
2025-08-09T01:13:42.7469426Z [36;1mtimeout 7200 ./ainux-builder.sh || {[0m
2025-08-09T01:13:42.7469693Z [36;1m  echo "Build timed out or failed"[0m
2025-08-09T01:13:42.7470249Z [36;1m  echo "=== Last 100 lines of any available logs ==="[0m
2025-08-09T01:13:42.7470706Z [36;1m  find ~/ainux-build/logs -name "*.log" -exec tail -50 {} \; 2>/dev/null || echo "No log files found"[0m
2025-08-09T01:13:42.7471082Z [36;1m  [0m
2025-08-09T01:13:42.7471264Z [36;1m  echo "=== Environment Variables ==="[0m
2025-08-09T01:13:42.7471583Z [36;1m  env | grep -E "(CLUSTER_MODE|ENABLE_GUI|SKIP_|BUILD_)" || true[0m
2025-08-09T01:13:42.7471902Z [36;1m  [0m
2025-08-09T01:13:42.7472063Z [36;1m  echo "=== Disk Usage ==="[0m
2025-08-09T01:13:42.7472284Z [36;1m  df -h || true[0m
2025-08-09T01:13:42.7472460Z [36;1m  [0m
2025-08-09T01:13:42.7472629Z [36;1m  echo "=== Memory Usage ==="[0m
2025-08-09T01:13:42.7472858Z [36;1m  free -h || true[0m
2025-08-09T01:13:42.7473045Z [36;1m  [0m
2025-08-09T01:13:42.7473202Z [36;1m  exit 1[0m
2025-08-09T01:13:42.7473358Z [36;1m}[0m
2025-08-09T01:13:42.7497750Z shell: /usr/bin/bash -e {0}
2025-08-09T01:13:42.7497968Z env:
2025-08-09T01:13:42.7498119Z   CLUSTER_MODE: main
2025-08-09T01:13:42.7498308Z   ENABLE_GUI: false
2025-08-09T01:13:42.7498495Z   SKIP_QEMU_TEST: true
2025-08-09T01:13:42.7498679Z   BUILD_THREADS: 2
2025-08-09T01:13:42.7498869Z   SKIP_CONNECTIVITY_CHECK: true
2025-08-09T01:13:42.7499081Z ##[endgroup]
2025-08-09T01:13:42.7550633Z + timeout 7200 ./ainux-builder.sh
2025-08-09T01:13:42.7624706Z 
2025-08-09T01:13:42.7625299Z [0;35m[PHASE][0m Starting Ainux OS AI Cluster Builder Process
2025-08-09T01:13:42.7625581Z 
2025-08-09T01:13:42.7625591Z 
2025-08-09T01:13:42.7625739Z [0;35m[PHASE][0m Checking Prerequisites
2025-08-09T01:13:42.7625926Z 
2025-08-09T01:13:42.7671185Z [0;34m[INFO][0m Detected Ubuntu 22.04 LTS - supported
2025-08-09T01:13:42.7699125Z [0;34m[INFO][0m Disk space check passed: 36GB available
2025-08-09T01:13:42.7699770Z [0;34m[INFO][0m Checking internet connectivity...
2025-08-09T01:13:42.7700782Z [1;33m[WARNING][0m Skipping connectivity check (SKIP_CONNECTIVITY_CHECK=true)
2025-08-09T01:13:42.7701457Z [0;32m[SUCCESS][0m Prerequisites check passed
2025-08-09T01:13:42.7701759Z 
2025-08-09T01:13:42.7701984Z [0;35m[PHASE][0m Initializing Ainux OS AI Cluster Build Environment
2025-08-09T01:13:42.7702237Z 
2025-08-09T01:13:42.7702358Z [0;34m[INFO][0m Build Configuration:
2025-08-09T01:13:42.7702638Z [0;34m[INFO][0m   Kernel Version: 6.6.58
2025-08-09T01:13:42.7702908Z [0;34m[INFO][0m   Cluster Mode: main
2025-08-09T01:13:42.7703175Z [0;34m[INFO][0m   Build Threads: 2
2025-08-09T01:13:42.7703649Z [0;34m[INFO][0m   GUI Enabled: false
2025-08-09T01:13:42.7704045Z [0;34m[INFO][0m   Build Directory: /home/runner/ainux-build
2025-08-09T01:13:42.7704657Z [0;34m[INFO][0m Installing build dependencies...
2025-08-09T01:13:42.7705382Z [0;34m[INFO][0m Detected CI environment - applying optimizations...
2025-08-09T01:13:44.3018902Z 
2025-08-09T01:13:44.3019559Z WARNING: apt does not have a stable CLI interface. Use with caution in scripts.
2025-08-09T01:13:44.3020564Z 
2025-08-09T01:13:44.3400777Z Reading package lists...
2025-08-09T01:13:44.5040449Z Building dependency tree...
2025-08-09T01:13:44.5052391Z Reading state information...
2025-08-09T01:13:44.6508099Z bc is already the newest version (1.07.1-3build1).
2025-08-09T01:13:44.6508634Z bison is already the newest version (2:3.8.2+dfsg-1build1).
2025-08-09T01:13:44.6509045Z build-essential is already the newest version (12.9ubuntu3).
2025-08-09T01:13:44.6510174Z dosfstools is already the newest version (4.2-1build3).
2025-08-09T01:13:44.6510558Z flex is already the newest version (2.6.4-8build2).
2025-08-09T01:13:44.6510883Z gcc is already the newest version (4:11.2.0-1ubuntu1).
2025-08-09T01:13:44.6511258Z genisoimage is already the newest version (9:1.1.11-3.2ubuntu1).
2025-08-09T01:13:44.6511621Z make is already the newest version (4.3-4.1build1).
2025-08-09T01:13:44.6511993Z mtools is already the newest version (4.0.33-1+really4.0.32-1build1).
2025-08-09T01:13:44.6512363Z pv is already the newest version (1.6.6-1build2).
2025-08-09T01:13:44.6512738Z squashfs-tools is already the newest version (1:4.5-3build1).
2025-08-09T01:13:44.6513206Z isolinux is already the newest version (3:6.04~git20190206.bf6db5b4+dfsg1-3ubuntu1).
2025-08-09T01:13:44.6513765Z syslinux-utils is already the newest version (3:6.04~git20190206.bf6db5b4+dfsg1-3ubuntu1).
2025-08-09T01:13:44.6514217Z xorriso is already the newest version (1.5.4-2).
2025-08-09T01:13:44.6514553Z curl is already the newest version (7.81.0-1ubuntu1.20).
2025-08-09T01:13:44.6514945Z debootstrap is already the newest version (1.0.126+nmu1ubuntu0.8).
2025-08-09T01:13:44.6515377Z grub-efi-amd64-bin is already the newest version (2.06-2ubuntu14.8).
2025-08-09T01:13:44.6515787Z grub-pc-bin is already the newest version (2.06-2ubuntu7.2).
2025-08-09T01:13:44.6516157Z libelf-dev is already the newest version (0.186-1ubuntu0.1).
2025-08-09T01:13:44.6516546Z libncurses-dev is already the newest version (6.3-2ubuntu0.1).
2025-08-09T01:13:44.6516938Z libssl-dev is already the newest version (3.0.2-0ubuntu1.19).
2025-08-09T01:13:44.6517342Z live-build is already the newest version (3.0~a57-1ubuntu41.22.04.1).
2025-08-09T01:13:44.6517783Z qemu-system-x86 is already the newest version (1:6.2+dfsg-2ubuntu6.26).
2025-08-09T01:13:44.6518190Z rsync is already the newest version (3.2.7-0ubuntu0.22.04.4).
2025-08-09T01:13:44.6518544Z wget is already the newest version (1.21.2-2ubuntu1.1).
2025-08-09T01:13:44.6518954Z nmap is already the newest version (7.91+dfsg1+really7.80+dfsg1-2ubuntu0.1).
2025-08-09T01:13:44.6519422Z python3-pip is already the newest version (22.0.2+dfsg-1ubuntu0.6).
2025-08-09T01:13:44.6519973Z git is already the newest version (1:2.50.1-0ppa1~ubuntu22.04.1).
2025-08-09T01:13:44.6864617Z The following NEW packages will be installed:
2025-08-09T01:13:44.6868766Z   dialog
2025-08-09T01:13:44.7138114Z 0 upgraded, 1 newly installed, 0 to remove and 16 not upgraded.
2025-08-09T01:13:44.7461422Z Need to get 303 kB of archives.
2025-08-09T01:13:44.7461962Z After this operation, 1258 kB of additional disk space will be used.
2025-08-09T01:13:44.7462353Z Get:1 file:/etc/apt/apt-mirrors.txt Mirrorlist [144 B]
2025-08-09T01:13:44.7800822Z Get:2 http://azure.archive.ubuntu.com/ubuntu jammy/universe amd64 dialog amd64 1.3-20211214-1 [303 kB]
2025-08-09T01:13:45.0796821Z Fetched 303 kB in 0s (6425 kB/s)
2025-08-09T01:13:45.1000308Z Selecting previously unselected package dialog.
2025-08-09T01:13:45.1069702Z (Reading database ... 
2025-08-09T01:13:45.1070313Z (Reading database ... 5%
2025-08-09T01:13:45.1070979Z (Reading database ... 10%
2025-08-09T01:13:45.1071312Z (Reading database ... 15%
2025-08-09T01:13:45.1071642Z (Reading database ... 20%
2025-08-09T01:13:45.1071962Z (Reading database ... 25%
2025-08-09T01:13:45.1072284Z (Reading database ... 30%
2025-08-09T01:13:45.1072611Z (Reading database ... 35%
2025-08-09T01:13:45.1073380Z (Reading database ... 40%
2025-08-09T01:13:45.1073722Z (Reading database ... 45%
2025-08-09T01:13:45.1074041Z (Reading database ... 50%
2025-08-09T01:13:45.1126271Z (Reading database ... 55%
2025-08-09T01:13:45.1158464Z (Reading database ... 60%
2025-08-09T01:13:45.1177876Z (Reading database ... 65%
2025-08-09T01:13:45.1260243Z (Reading database ... 70%
2025-08-09T01:13:45.1421167Z (Reading database ... 75%
2025-08-09T01:13:45.1453933Z (Reading database ... 80%
2025-08-09T01:13:45.1715066Z (Reading database ... 85%
2025-08-09T01:13:45.1792618Z (Reading database ... 90%
2025-08-09T01:13:45.1940221Z (Reading database ... 95%
2025-08-09T01:13:45.1941065Z (Reading database ... 100%
2025-08-09T01:13:45.1941653Z (Reading database ... 270634 files and directories currently installed.)
2025-08-09T01:13:45.1991122Z Preparing to unpack .../dialog_1.3-20211214-1_amd64.deb ...
2025-08-09T01:13:45.2001163Z Unpacking dialog (1.3-20211214-1) ...
2025-08-09T01:13:45.3154633Z Setting up dialog (1.3-20211214-1) ...
2025-08-09T01:13:45.3179013Z Processing triggers for man-db (2.10.2-1) ...
2025-08-09T01:13:45.8535159Z NEEDRESTART-VER: 3.5
2025-08-09T01:13:46.0831306Z NEEDRESTART-KCUR: 6.8.0-1031-azure
2025-08-09T01:13:46.0831777Z NEEDRESTART-KEXP: 6.8.0-1031-azure
2025-08-09T01:13:46.0832199Z NEEDRESTART-KSTA: 1
2025-08-09T01:13:46.0832460Z NEEDRESTART-SVC: hosted-compute-agent.service
2025-08-09T01:13:47.4323733Z [0;34m[INFO][0m Applying CI space optimizations...
2025-08-09T01:13:48.3658154Z Reading package lists...
2025-08-09T01:13:48.5497333Z Building dependency tree...
2025-08-09T01:13:48.5509595Z Reading state information...
2025-08-09T01:13:48.6911250Z The following packages will be REMOVED:
2025-08-09T01:13:48.6912526Z   apport-symptoms landscape-common libintl-perl libintl-xs-perl libisns0
2025-08-09T01:13:48.6913526Z   liblldb-13 liblldb-15 libmodule-find-perl libmodule-scandeps-perl libmspack0
2025-08-09T01:13:48.6914518Z   libopeniscsiusr libproc-processtable-perl libsort-naturally-perl
2025-08-09T01:13:48.6915462Z   libterm-readkey-perl libxmlsec1 libxmlsec1-openssl lxd-agent-loader
2025-08-09T01:13:48.6916349Z   needrestart open-iscsi open-vm-tools python3-apport python3-automat
2025-08-09T01:13:48.6917220Z   python3-bcrypt python3-click python3-colorama python3-constantly
2025-08-09T01:13:48.6918007Z   python3-hamcrest python3-hyperlink python3-incremental
2025-08-09T01:13:48.6918645Z   python3-problem-report python3-pyasn1 python3-pyasn1-modules
2025-08-09T01:13:48.6919125Z   python3-service-identity python3-systemd python3-twisted
2025-08-09T01:13:48.6919520Z   python3-zope.interface zerofree
2025-08-09T01:13:48.9510969Z 0 upgraded, 0 newly installed, 37 to remove and 14 not upgraded.
2025-08-09T01:13:48.9511573Z After this operation, 62.7 MB disk space will be freed.
2025-08-09T01:13:48.9731774Z (Reading database ... 
2025-08-09T01:13:48.9732242Z (Reading database ... 5%
2025-08-09T01:13:48.9732645Z (Reading database ... 10%
2025-08-09T01:13:48.9733064Z (Reading database ... 15%
2025-08-09T01:13:48.9733330Z (Reading database ... 20%
2025-08-09T01:13:48.9733578Z (Reading database ... 25%
2025-08-09T01:13:48.9733806Z (Reading database ... 30%
2025-08-09T01:13:48.9734034Z (Reading database ... 35%
2025-08-09T01:13:48.9734256Z (Reading database ... 40%
2025-08-09T01:13:48.9734472Z (Reading database ... 45%
2025-08-09T01:13:48.9734696Z (Reading database ... 50%
2025-08-09T01:13:48.9789492Z (Reading database ... 55%
2025-08-09T01:13:48.9819002Z (Reading database ... 60%
2025-08-09T01:13:48.9837680Z (Reading database ... 65%
2025-08-09T01:13:48.9917476Z (Reading database ... 70%
2025-08-09T01:13:49.0073695Z (Reading database ... 75%
2025-08-09T01:13:49.0104698Z (Reading database ... 80%
2025-08-09T01:13:49.0359009Z (Reading database ... 85%
2025-08-09T01:13:49.0435096Z (Reading database ... 90%
2025-08-09T01:13:49.0580841Z (Reading database ... 95%
2025-08-09T01:13:49.0581309Z (Reading database ... 100%
2025-08-09T01:13:49.0581898Z (Reading database ... 270787 files and directories currently installed.)
2025-08-09T01:13:49.0634515Z Removing apport-symptoms (0.24) ...
2025-08-09T01:13:49.0906731Z Removing landscape-common (23.02-0ubuntu1~22.04.4) ...
2025-08-09T01:13:49.1976384Z Removing libintl-xs-perl (1.26-3build2) ...
2025-08-09T01:13:49.2196750Z Removing needrestart (3.5-5ubuntu2.4) ...
2025-08-09T01:13:49.2569764Z Removing libintl-perl (1.26-3build2) ...
2025-08-09T01:13:49.2897995Z Removing open-iscsi (2.1.5-1ubuntu1.1) ...
2025-08-09T01:13:49.4716853Z Warning: Stopping iscsid.service, but it can still be activated by:
2025-08-09T01:13:49.4717468Z   iscsid.socket
2025-08-09T01:13:50.9084554Z Removing libisns0:amd64 (0.101-0ubuntu2) ...
2025-08-09T01:13:50.9309984Z Removing liblldb-13 (1:13.0.1-2ubuntu2.2) ...
2025-08-09T01:13:50.9531578Z Removing liblldb-15 (1:15.0.7-0ubuntu0.22.04.3) ...
2025-08-09T01:13:50.9855107Z Removing libmodule-find-perl (0.15-1) ...
2025-08-09T01:13:51.0088111Z Removing libmodule-scandeps-perl (1.31-1ubuntu0.1) ...
2025-08-09T01:13:51.0313135Z Removing open-vm-tools (2:12.3.5-3~ubuntu0.22.04.2) ...
2025-08-09T01:13:51.9985434Z Removing libmspack0:amd64 (0.10.1-2build2) ...
2025-08-09T01:13:52.0211932Z Removing libopeniscsiusr (2.1.5-1ubuntu1.1) ...
2025-08-09T01:13:52.0442129Z Removing libproc-processtable-perl:amd64 (0.634-1build1) ...
2025-08-09T01:13:52.0652332Z Removing libsort-naturally-perl (1.03-2) ...
2025-08-09T01:13:52.0852249Z Removing libterm-readkey-perl (2.38-1build4) ...
2025-08-09T01:13:52.1100914Z Removing libxmlsec1-openssl:amd64 (1.2.33-1build2) ...
2025-08-09T01:13:52.1337920Z Removing libxmlsec1:amd64 (1.2.33-1build2) ...
2025-08-09T01:13:52.1562365Z Removing lxd-agent-loader (0.5) ...
2025-08-09T01:13:52.6403673Z Removing python3-apport (2.20.11-0ubuntu82.9) ...
2025-08-09T01:13:52.7366252Z Removing python3-twisted (22.1.0-2ubuntu2.6) ...
2025-08-09T01:13:53.0368614Z Removing python3-automat (20.2.0-1) ...
2025-08-09T01:13:53.1385038Z Removing python3-bcrypt (3.2.0-1build1) ...
2025-08-09T01:13:53.2261602Z Removing python3-click (8.0.3-1) ...
2025-08-09T01:13:53.3170690Z Removing python3-colorama (0.4.4-1) ...
2025-08-09T01:13:53.4099152Z Removing python3-constantly (15.1.0-2) ...
2025-08-09T01:13:53.4987887Z Removing python3-hamcrest (2.0.2-2) ...
2025-08-09T01:13:53.6032922Z Removing python3-hyperlink (21.0.0-3) ...
2025-08-09T01:13:53.6968973Z Removing python3-incremental (21.3.0-1) ...
2025-08-09T01:13:53.7923482Z Removing python3-problem-report (2.20.11-0ubuntu82.9) ...
2025-08-09T01:13:53.8784608Z Removing python3-service-identity (18.1.0-6) ...
2025-08-09T01:13:53.9670576Z Removing python3-pyasn1-modules (0.2.1-1) ...
2025-08-09T01:13:54.0630523Z Removing python3-pyasn1 (0.4.8-1) ...
2025-08-09T01:13:54.1602999Z Removing python3-systemd (234-3ubuntu2) ...
2025-08-09T01:13:54.2556373Z Removing python3-zope.interface (5.4.0-1build1) ...
2025-08-09T01:13:54.3601506Z Removing zerofree (1.1.1-1build3) ...
2025-08-09T01:13:54.4181860Z Processing triggers for libc-bin (2.35-0ubuntu3.10) ...
2025-08-09T01:13:54.4353666Z Processing triggers for man-db (2.10.2-1) ...
2025-08-09T01:13:54.7712930Z Processing triggers for initramfs-tools (0.140ubuntu13.5) ...
2025-08-09T01:13:54.7979551Z update-initramfs: Generating /boot/initrd.img-6.8.0-1031-azure
2025-08-09T01:14:03.8063855Z [0;32m[SUCCESS][0m Build environment initialized
2025-08-09T01:14:03.8064428Z 
2025-08-09T01:14:03.8064840Z [0;35m[PHASE][0m Building Custom Kernel 6.6.58 with AI Optimizations
2025-08-09T01:14:03.8065309Z 
2025-08-09T01:14:03.8065611Z [0;34m[INFO][0m Downloading Linux kernel 6.6.58...
2025-08-09T01:14:03.8066390Z [0;34m[INFO][0m CI environment detected - using optimized download strategy
2025-08-09T01:14:03.8067220Z [0;34m[INFO][0m Downloading kernel tarball (faster than git clone)...
2025-08-09T01:14:03.8110709Z --2025-08-09 01:14:03--  https://www.kernel.org/pub/linux/kernel/v6.x/linux-6.6.58.tar.xz
2025-08-09T01:14:03.8281180Z Resolving www.kernel.org (www.kernel.org)... 146.75.29.55, 2a04:4e42:77::311
2025-08-09T01:14:03.8328840Z Connecting to www.kernel.org (www.kernel.org)|146.75.29.55|:443... connected.
2025-08-09T01:14:04.1731324Z HTTP request sent, awaiting response... 200 OK
2025-08-09T01:14:04.1731956Z Length: 140387240 (134M) [application/x-xz]
2025-08-09T01:14:04.1732724Z Saving to: ‘linux-6.6.58.tar.xz’
2025-08-09T01:14:04.1804135Z 
2025-08-09T01:14:04.2101688Z      0K ........ ........ ........ ........ ........ ........  2% 81.6M 2s
2025-08-09T01:14:04.2194841Z   3072K ........ ........ ........ ........ ........ ........  4%  319M 1s
2025-08-09T01:14:04.2276587Z   6144K ........ ........ ........ ........ ........ ........  6%  367M 1s
2025-08-09T01:14:04.2357477Z   9216K ........ ........ ........ ........ ........ ........  8%  381M 1s
2025-08-09T01:14:04.2433463Z  12288K ........ ........ ........ ........ ........ ........ 11%  394M 1s
2025-08-09T01:14:04.2508770Z  15360K ........ ........ ........ ........ ........ ........ 13%  396M 0s
2025-08-09T01:14:04.2588851Z  18432K ........ ........ ........ ........ ........ ........ 15%  370M 0s
2025-08-09T01:14:04.2669110Z  21504K ........ ........ ........ ........ ........ ........ 17%  373M 0s
2025-08-09T01:14:04.2750320Z  24576K ........ ........ ........ ........ ........ ........ 20%  376M 0s
2025-08-09T01:14:04.2829089Z  27648K ........ ........ ........ ........ ........ ........ 22%  380M 0s
2025-08-09T01:14:04.2911047Z  30720K ........ ........ ........ ........ ........ ........ 24%  364M 0s
2025-08-09T01:14:04.2999003Z  33792K ........ ........ ........ ........ ........ ........ 26%  338M 0s
2025-08-09T01:14:04.3079595Z  36864K ........ ........ ........ ........ ........ ........ 29%  379M 0s
2025-08-09T01:14:04.3162223Z  39936K ........ ........ ........ ........ ........ ........ 31%  371M 0s
2025-08-09T01:14:04.3243879Z  43008K ........ ........ ........ ........ ........ ........ 33%  361M 0s
2025-08-09T01:14:04.3320014Z  46080K ........ ........ ........ ........ ........ ........ 35%  388M 0s
2025-08-09T01:14:04.3394357Z  49152K ........ ........ ........ ........ ........ ........ 38%  400M 0s
2025-08-09T01:14:04.3470411Z  52224K ........ ........ ........ ........ ........ ........ 40%  403M 0s
2025-08-09T01:14:04.3565351Z  55296K ........ ........ ........ ........ ........ ........ 42%  314M 0s
2025-08-09T01:14:04.3651488Z  58368K ........ ........ ........ ........ ........ ........ 44%  347M 0s
2025-08-09T01:14:04.3736011Z  61440K ........ ........ ........ ........ ........ ........ 47%  352M 0s
2025-08-09T01:14:04.3813367Z  64512K ........ ........ ........ ........ ........ ........ 49%  392M 0s
2025-08-09T01:14:04.3890747Z  67584K ........ ........ ........ ........ ........ ........ 51%  387M 0s
2025-08-09T01:14:04.3983608Z  70656K ........ ........ ........ ........ ........ ........ 53%  320M 0s
2025-08-09T01:14:04.4081643Z  73728K ........ ........ ........ ........ ........ ........ 56%  307M 0s
2025-08-09T01:14:04.4271292Z  76800K ........ ........ ........ ........ ........ ........ 58%  158M 0s
2025-08-09T01:14:04.4337441Z  79872K ........ ........ ........ ........ ........ ........ 60%  459M 0s
2025-08-09T01:14:04.4414809Z  82944K ........ ........ ........ ........ ........ ........ 62%  391M 0s
2025-08-09T01:14:04.4485935Z  86016K ........ ........ ........ ........ ........ ........ 64%  411M 0s
2025-08-09T01:14:04.4562672Z  89088K ........ ........ ........ ........ ........ ........ 67%  395M 0s
2025-08-09T01:14:04.4645917Z  92160K ........ ........ ........ ........ ........ ........ 69%  359M 0s
2025-08-09T01:14:04.4730825Z  95232K ........ ........ ........ ........ ........ ........ 71%  360M 0s
2025-08-09T01:14:04.4809470Z  98304K ........ ........ ........ ........ ........ ........ 73%  382M 0s
2025-08-09T01:14:04.4905439Z 101376K ........ ........ ........ ........ ........ ........ 76%  308M 0s
2025-08-09T01:14:04.4990182Z 104448K ........ ........ ........ ........ ........ ........ 78%  357M 0s
2025-08-09T01:14:04.5071392Z 107520K ........ ........ ........ ........ ........ ........ 80%  364M 0s
2025-08-09T01:14:04.5153664Z 110592K ........ ........ ........ ........ ........ ........ 82%  366M 0s
2025-08-09T01:14:04.5264962Z 113664K ........ ........ ........ ........ ........ ........ 85%  269M 0s
2025-08-09T01:14:04.5347937Z 116736K ........ ........ ........ ........ ........ ........ 87%  361M 0s
2025-08-09T01:14:04.5426776Z 119808K ........ ........ ........ ........ ........ ........ 89%  380M 0s
2025-08-09T01:14:04.5506413Z 122880K ........ ........ ........ ........ ........ ........ 91%  382M 0s
2025-08-09T01:14:04.5588046Z 125952K ........ ........ ........ ........ ........ ........ 94%  364M 0s
2025-08-09T01:14:04.5668728Z 129024K ........ ........ ........ ........ ........ ........ 96%  378M 0s
2025-08-09T01:14:04.5742551Z 132096K ........ ........ ........ ........ ........ ........ 98%  400M 0s
2025-08-09T01:14:04.5788840Z 135168K ........ ........ ........ ......                    100%  394M=0.4s
2025-08-09T01:14:04.5789203Z 
2025-08-09T01:14:04.5790103Z 2025-08-09 01:14:04 (330 MB/s) - ‘linux-6.6.58.tar.xz’ saved [140387240/140387240]
2025-08-09T01:14:04.5790553Z 
2025-08-09T01:14:04.5803996Z [0;34m[INFO][0m ✓ Kernel tarball downloaded successfully from kernel.org
2025-08-09T01:14:04.5804400Z [0;34m[INFO][0m Extracting kernel source...
2025-08-09T01:14:13.8362648Z [0;32m[SUCCESS][0m Kernel source extracted successfully
2025-08-09T01:14:13.8363727Z [0;34m[INFO][0m Applying AI/NPU optimization patches...
2025-08-09T01:14:13.8403733Z [1;33m[WARNING][0m Local patches not found, using fallback patches...
2025-08-09T01:14:13.8404759Z [1;33m[WARNING][0m Using fallback patch configuration...
2025-08-09T01:14:13.8708798Z patching file drivers/Kconfig
2025-08-09T01:14:13.8709516Z Hunk #1 succeeded at 243 with fuzz 2 (offset 3 lines).
2025-08-09T01:14:13.8712068Z patching file drivers/npu/Kconfig
2025-08-09T01:14:13.8712507Z patch: **** malformed patch at line 31:  
2025-08-09T01:14:13.8714949Z 
2025-08-09T01:14:13.8715530Z [1;33m[WARNING][0m Fallback NPU patch failed
2025-08-09T01:14:13.8731501Z patching file drivers/gpu/drm/amd/amdgpu/amdgpu_drv.c
2025-08-09T01:14:13.8733115Z Hunk #1 FAILED at 190.
2025-08-09T01:14:13.8738544Z 1 out of 1 hunk FAILED -- saving rejects to file drivers/gpu/drm/amd/amdgpu/amdgpu_drv.c.rej
2025-08-09T01:14:13.8742390Z [1;33m[WARNING][0m Fallback ROCm patch failed
2025-08-09T01:14:13.8760012Z patching file net/core/dev.c
2025-08-09T01:14:13.8765777Z Hunk #1 succeeded at 5354 with fuzz 2 (offset -166 lines).
2025-08-09T01:14:13.8772938Z [0;34m[INFO][0m Configuring kernel for AI workloads...
2025-08-09T01:14:13.9486368Z [0;34m[INFO][0m Applying AI hardware optimizations to kernel config...
2025-08-09T01:14:14.3691842Z   HOSTCC  scripts/basic/fixdep
2025-08-09T01:14:14.7076549Z   HOSTCC  scripts/kconfig/conf.o
2025-08-09T01:14:14.9108040Z   HOSTCC  scripts/kconfig/confdata.o
2025-08-09T01:14:15.1648913Z   HOSTCC  scripts/kconfig/expr.o
2025-08-09T01:14:15.3508813Z   LEX     scripts/kconfig/lexer.lex.c
2025-08-09T01:14:15.4177684Z   YACC    scripts/kconfig/parser.tab.[ch]
2025-08-09T01:14:15.6231760Z   HOSTCC  scripts/kconfig/lexer.lex.o
2025-08-09T01:14:15.8580609Z   HOSTCC  scripts/kconfig/menu.o
2025-08-09T01:14:16.0188926Z   HOSTCC  scripts/kconfig/parser.tab.o
2025-08-09T01:14:16.2176465Z   HOSTCC  scripts/kconfig/preprocess.o
2025-08-09T01:14:16.3157929Z   HOSTCC  scripts/kconfig/symbol.o
2025-08-09T01:14:16.5714716Z   HOSTCC  scripts/kconfig/util.o
2025-08-09T01:14:16.6172612Z   HOSTLD  scripts/kconfig/conf
2025-08-09T01:14:23.7059465Z drivers/Kconfig:246: can't open file "drivers/npu/Kconfig"
2025-08-09T01:14:23.7069920Z make[2]: *** [scripts/kconfig/Makefile:77: oldconfig] Error 1
2025-08-09T01:14:23.7072769Z make[1]: *** [/home/runner/ainux-build/kernel/linux/Makefile:697: oldconfig] Error 2
2025-08-09T01:14:23.7074964Z make: *** [Makefile:234: __sub-make] Error 2
2025-08-09T01:14:23.7082728Z + echo 'Build timed out or failed'
2025-08-09T01:14:23.7083096Z Build timed out or failed
2025-08-09T01:14:23.7083350Z === Last 100 lines of any available logs ===
2025-08-09T01:14:23.7083665Z + echo '=== Last 100 lines of any available logs ==='
2025-08-09T01:14:23.7088391Z + find /home/runner/ainux-build/logs -name '*.log' -exec tail -50 '{}' ';'
2025-08-09T01:14:23.7111588Z patching file net/core/dev.c
2025-08-09T01:14:23.7112100Z Hunk #1 succeeded at 5354 with fuzz 2 (offset -166 lines).
2025-08-09T01:14:23.7121896Z patching file drivers/Kconfig
2025-08-09T01:14:23.7122368Z Hunk #1 succeeded at 243 with fuzz 2 (offset 3 lines).
2025-08-09T01:14:23.7122739Z patching file drivers/npu/Kconfig
2025-08-09T01:14:23.7123005Z patch: **** malformed patch at line 31:  
2025-08-09T01:14:23.7123186Z 
2025-08-09T01:14:23.7133040Z patching file drivers/gpu/drm/amd/amdgpu/amdgpu_drv.c
2025-08-09T01:14:23.7133792Z Hunk #1 FAILED at 190.
2025-08-09T01:14:23.7134261Z 1 out of 1 hunk FAILED -- saving rejects to file drivers/gpu/drm/amd/amdgpu/amdgpu_drv.c.rej
2025-08-09T01:14:23.7136504Z + echo '=== Environment Variables ==='
2025-08-09T01:14:23.7136926Z === Environment Variables ===
2025-08-09T01:14:23.7138493Z + env
2025-08-09T01:14:23.7140839Z + grep -E '(CLUSTER_MODE|ENABLE_GUI|SKIP_|BUILD_)'
2025-08-09T01:14:23.7153232Z BUILD_THREADS=2
2025-08-09T01:14:23.7153575Z DOTNET_SKIP_FIRST_TIME_EXPERIENCE=1
2025-08-09T01:14:23.7153950Z SKIP_QEMU_TEST=true
2025-08-09T01:14:23.7154241Z CLUSTER_MODE=main
2025-08-09T01:14:23.7154497Z SKIP_CONNECTIVITY_CHECK=true
2025-08-09T01:14:23.7154712Z ENABLE_GUI=false
2025-08-09T01:14:23.7154989Z + echo '=== Disk Usage ==='
2025-08-09T01:14:23.7155284Z + df -h
2025-08-09T01:14:23.7155431Z === Disk Usage ===
2025-08-09T01:14:23.7167262Z Filesystem      Size  Used Avail Use% Mounted on
2025-08-09T01:14:23.7167732Z /dev/root        73G   38G   36G  52% /
2025-08-09T01:14:23.7168138Z tmpfs           7.9G  172K  7.9G   1% /dev/shm
2025-08-09T01:14:23.7168507Z tmpfs           3.2G  1.1M  3.2G   1% /run
2025-08-09T01:14:23.7168913Z tmpfs           5.0M     0  5.0M   0% /run/lock
2025-08-09T01:14:23.7169329Z /dev/sdb15      105M  6.1M   99M   6% /boot/efi
2025-08-09T01:14:23.7169657Z /dev/sda1        74G  4.1G   66G   6% /mnt
2025-08-09T01:14:23.7170094Z tmpfs           1.6G   12K  1.6G   1% /run/user/1001
2025-08-09T01:14:23.7170366Z tmpfs           7.9G     0  7.9G   0% /run/qemu
2025-08-09T01:14:23.7170612Z + echo '=== Memory Usage ==='
2025-08-09T01:14:23.7170810Z + free -h
2025-08-09T01:14:23.7170960Z === Memory Usage ===
2025-08-09T01:14:23.7184953Z                total        used        free      shared  buff/cache   available
2025-08-09T01:14:23.7185503Z Mem:            15Gi       570Mi        10Gi        45Mi       4.7Gi        14Gi
2025-08-09T01:14:23.7185860Z Swap:          4.0Gi          0B       4.0Gi
2025-08-09T01:14:23.7187084Z + exit 1
2025-08-09T01:14:23.7203583Z ##[error]Process completed with exit code 1.
2025-08-09T01:14:23.7292786Z Post job cleanup.
2025-08-09T01:14:23.8207188Z [command]/usr/bin/git version
2025-08-09T01:14:23.8242453Z git version 2.50.1
2025-08-09T01:14:23.8284881Z Temporarily overriding HOME='/home/runner/work/_temp/c8d79439-4ff3-4efc-86a8-6590e7a8ea6f' before making global git config changes
2025-08-09T01:14:23.8286160Z Adding repository directory to the temporary git global config as a safe directory
2025-08-09T01:14:23.8297986Z [command]/usr/bin/git config --global --add safe.directory /home/runner/work/ainux/ainux
2025-08-09T01:14:23.8330584Z [command]/usr/bin/git config --local --name-only --get-regexp core\.sshCommand
2025-08-09T01:14:23.8362383Z [command]/usr/bin/git submodule foreach --recursive sh -c "git config --local --name-only --get-regexp 'core\.sshCommand' && git config --local --unset-all 'core.sshCommand' || :"
2025-08-09T01:14:23.8584377Z [command]/usr/bin/git config --local --name-only --get-regexp http\.https\:\/\/github\.com\/\.extraheader
2025-08-09T01:14:23.8604685Z http.https://github.com/.extraheader
2025-08-09T01:14:23.8617251Z [command]/usr/bin/git config --local --unset-all http.https://github.com/.extraheader
2025-08-09T01:14:23.8646437Z [command]/usr/bin/git submodule foreach --recursive sh -c "git config --local --name-only --get-regexp 'http\.https\:\/\/github\.com\/\.extraheader' && git config --local --unset-all 'http.https://github.com/.extraheader' || :"
2025-08-09T01:14:23.8966000Z Cleaning up orphan processes
