2025-08-09T01:35:26.1482063Z Current runner version: '2.327.1'
2025-08-09T01:35:26.1505043Z ##[group]Runner Image Provisioner
2025-08-09T01:35:26.1506033Z Hosted Compute Agent
2025-08-09T01:35:26.1506622Z Version: 20250711.363
2025-08-09T01:35:26.1507255Z Commit: 6785254374ce925a23743850c1cb91912ce5c14c
2025-08-09T01:35:26.1507931Z Build Date: 2025-07-11T20:04:25Z
2025-08-09T01:35:26.1508545Z ##[endgroup]
2025-08-09T01:35:26.1509054Z ##[group]Operating System
2025-08-09T01:35:26.1509622Z Ubuntu
2025-08-09T01:35:26.1510155Z 22.04.5
2025-08-09T01:35:26.1510604Z LTS
2025-08-09T01:35:26.1511044Z ##[endgroup]
2025-08-09T01:35:26.1511463Z ##[group]Runner Image
2025-08-09T01:35:26.1512061Z Image: ubuntu-22.04
2025-08-09T01:35:26.1512523Z Version: 20250804.2.0
2025-08-09T01:35:26.1513506Z Included Software: https://github.com/actions/runner-images/blob/ubuntu22/20250804.2/images/ubuntu/Ubuntu2204-Readme.md
2025-08-09T01:35:26.1515054Z Image Release: https://github.com/actions/runner-images/releases/tag/ubuntu22%2F20250804.2
2025-08-09T01:35:26.1516218Z ##[endgroup]
2025-08-09T01:35:26.1518613Z ##[group]GITHUB_TOKEN Permissions
2025-08-09T01:35:26.1520794Z Actions: write
2025-08-09T01:35:26.1521413Z Attestations: write
2025-08-09T01:35:26.1521945Z Checks: write
2025-08-09T01:35:26.1522389Z Contents: write
2025-08-09T01:35:26.1523243Z Deployments: write
2025-08-09T01:35:26.1523739Z Discussions: write
2025-08-09T01:35:26.1524314Z Issues: write
2025-08-09T01:35:26.1524805Z Metadata: read
2025-08-09T01:35:26.1525328Z Models: read
2025-08-09T01:35:26.1525996Z Packages: write
2025-08-09T01:35:26.1526578Z Pages: write
2025-08-09T01:35:26.1527140Z PullRequests: write
2025-08-09T01:35:26.1527715Z RepositoryProjects: write
2025-08-09T01:35:26.1528365Z SecurityEvents: write
2025-08-09T01:35:26.1529016Z Statuses: write
2025-08-09T01:35:26.1529593Z ##[endgroup]
2025-08-09T01:35:26.1531649Z Secret source: Actions
2025-08-09T01:35:26.1532328Z Prepare workflow directory
2025-08-09T01:35:26.1845630Z Prepare all required actions
2025-08-09T01:35:26.1882804Z Getting action download info
2025-08-09T01:35:26.6081110Z ##[group]Download immutable action package 'actions/checkout@v4'
2025-08-09T01:35:26.6082107Z Version: 4.2.2
2025-08-09T01:35:26.6083072Z Digest: sha256:ccb2698953eaebd21c7bf6268a94f9c26518a7e38e27e0b83c1fe1ad049819b1
2025-08-09T01:35:26.6084704Z Source commit SHA: 11bd71901bbe5b1630ceea73d27597364c9af683
2025-08-09T01:35:26.6085614Z ##[endgroup]
2025-08-09T01:35:26.7044173Z ##[group]Download immutable action package 'actions/upload-artifact@v4'
2025-08-09T01:35:26.7044948Z Version: 4.6.2
2025-08-09T01:35:26.7046053Z Digest: sha256:290722aa3281d5caf23d0acdc3dbeb3424786a1a01a9cc97e72f147225e37c38
2025-08-09T01:35:26.7047001Z Source commit SHA: ea165f8d65b6e75b540449e92b4886f43607fa02
2025-08-09T01:35:26.7047676Z ##[endgroup]
2025-08-09T01:35:26.9315174Z Complete job name: build-test (main, true)
2025-08-09T01:35:26.9979938Z ##[group]Run actions/checkout@v4
2025-08-09T01:35:26.9980739Z with:
2025-08-09T01:35:26.9981096Z   lfs: true
2025-08-09T01:35:26.9981476Z   repository: yaotagroep/ainux
2025-08-09T01:35:26.9982112Z   token: ***
2025-08-09T01:35:26.9982470Z   ssh-strict: true
2025-08-09T01:35:26.9982911Z   ssh-user: git
2025-08-09T01:35:26.9983302Z   persist-credentials: true
2025-08-09T01:35:26.9983736Z   clean: true
2025-08-09T01:35:26.9984126Z   sparse-checkout-cone-mode: true
2025-08-09T01:35:26.9984602Z   fetch-depth: 1
2025-08-09T01:35:26.9984973Z   fetch-tags: false
2025-08-09T01:35:26.9985362Z   show-progress: true
2025-08-09T01:35:26.9985945Z   submodules: false
2025-08-09T01:35:26.9986348Z   set-safe-directory: true
2025-08-09T01:35:26.9987028Z ##[endgroup]
2025-08-09T01:35:27.1037284Z Syncing repository: yaotagroep/ainux
2025-08-09T01:35:27.1039003Z ##[group]Getting Git version info
2025-08-09T01:35:27.1039664Z Working directory is '/home/runner/work/ainux/ainux'
2025-08-09T01:35:27.1040615Z [command]/usr/bin/git version
2025-08-09T01:35:27.1101336Z git version 2.50.1
2025-08-09T01:35:27.1146166Z [command]/usr/bin/git lfs version
2025-08-09T01:35:27.5439982Z git-lfs/3.7.0 (GitHub; linux amd64; go 1.24.4)
2025-08-09T01:35:27.5454435Z ##[endgroup]
2025-08-09T01:35:27.5469851Z Temporarily overriding HOME='/home/runner/work/_temp/1367ed23-2b6d-4d2d-b856-87772db9a36d' before making global git config changes
2025-08-09T01:35:27.5471220Z Adding repository directory to the temporary git global config as a safe directory
2025-08-09T01:35:27.5475105Z [command]/usr/bin/git config --global --add safe.directory /home/runner/work/ainux/ainux
2025-08-09T01:35:27.5507468Z Deleting the contents of '/home/runner/work/ainux/ainux'
2025-08-09T01:35:27.5511192Z ##[group]Initializing the repository
2025-08-09T01:35:27.5514703Z [command]/usr/bin/git init /home/runner/work/ainux/ainux
2025-08-09T01:35:27.5593399Z hint: Using 'master' as the name for the initial branch. This default branch name
2025-08-09T01:35:27.5594523Z hint: is subject to change. To configure the initial branch name to use in all
2025-08-09T01:35:27.5595943Z hint: of your new repositories, which will suppress this warning, call:
2025-08-09T01:35:27.5596652Z hint:
2025-08-09T01:35:27.5597096Z hint: 	git config --global init.defaultBranch <name>
2025-08-09T01:35:27.5597642Z hint:
2025-08-09T01:35:27.5598159Z hint: Names commonly chosen instead of 'master' are 'main', 'trunk' and
2025-08-09T01:35:27.5599343Z hint: 'development'. The just-created branch can be renamed via this command:
2025-08-09T01:35:27.5600280Z hint:
2025-08-09T01:35:27.5600647Z hint: 	git branch -m <name>
2025-08-09T01:35:27.5601068Z hint:
2025-08-09T01:35:27.5601642Z hint: Disable this message with "git config set advice.defaultBranchName false"
2025-08-09T01:35:27.5602574Z Initialized empty Git repository in /home/runner/work/ainux/ainux/.git/
2025-08-09T01:35:27.5610265Z [command]/usr/bin/git remote add origin https://github.com/yaotagroep/ainux
2025-08-09T01:35:27.5644918Z ##[endgroup]
2025-08-09T01:35:27.5645867Z ##[group]Disabling automatic garbage collection
2025-08-09T01:35:27.5649326Z [command]/usr/bin/git config --local gc.auto 0
2025-08-09T01:35:27.5674436Z ##[endgroup]
2025-08-09T01:35:27.5675089Z ##[group]Setting up auth
2025-08-09T01:35:27.5681359Z [command]/usr/bin/git config --local --name-only --get-regexp core\.sshCommand
2025-08-09T01:35:27.5715511Z [command]/usr/bin/git submodule foreach --recursive sh -c "git config --local --name-only --get-regexp 'core\.sshCommand' && git config --local --unset-all 'core.sshCommand' || :"
2025-08-09T01:35:27.5978038Z [command]/usr/bin/git config --local --name-only --get-regexp http\.https\:\/\/github\.com\/\.extraheader
2025-08-09T01:35:27.6008526Z [command]/usr/bin/git submodule foreach --recursive sh -c "git config --local --name-only --get-regexp 'http\.https\:\/\/github\.com\/\.extraheader' && git config --local --unset-all 'http.https://github.com/.extraheader' || :"
2025-08-09T01:35:27.6232586Z [command]/usr/bin/git config --local http.https://github.com/.extraheader AUTHORIZATION: basic ***
2025-08-09T01:35:27.6265156Z ##[endgroup]
2025-08-09T01:35:27.6269441Z [command]/usr/bin/git lfs install --local
2025-08-09T01:35:27.6607101Z Updated Git hooks.
2025-08-09T01:35:27.6607874Z Git LFS initialized.
2025-08-09T01:35:27.6621191Z ##[group]Fetching the repository
2025-08-09T01:35:27.6631063Z [command]/usr/bin/git -c protocol.version=2 fetch --no-tags --prune --no-recurse-submodules --depth=1 origin +d137140c07e8c971bf4478d4921b48737011b1a6:refs/remotes/origin/main
2025-08-09T01:35:28.1068388Z From https://github.com/yaotagroep/ainux
2025-08-09T01:35:28.1070158Z  * [new ref]         d137140c07e8c971bf4478d4921b48737011b1a6 -> origin/main
2025-08-09T01:35:28.1097037Z ##[endgroup]
2025-08-09T01:35:28.1098237Z ##[group]Determining the checkout info
2025-08-09T01:35:28.1099910Z ##[endgroup]
2025-08-09T01:35:28.1101324Z ##[group]Fetching LFS objects
2025-08-09T01:35:28.1103481Z [command]/usr/bin/git lfs fetch origin refs/remotes/origin/main
2025-08-09T01:35:28.1326885Z Fetching reference refs/remotes/origin/main
2025-08-09T01:35:28.1531459Z ##[endgroup]
2025-08-09T01:35:28.1535791Z [command]/usr/bin/git sparse-checkout disable
2025-08-09T01:35:28.1582409Z [command]/usr/bin/git config --local --unset-all extensions.worktreeConfig
2025-08-09T01:35:28.1609415Z ##[group]Checking out the ref
2025-08-09T01:35:28.1612369Z [command]/usr/bin/git checkout --progress --force -B main refs/remotes/origin/main
2025-08-09T01:35:28.1730013Z Switched to a new branch 'main'
2025-08-09T01:35:28.1732331Z branch 'main' set up to track 'origin/main'.
2025-08-09T01:35:28.1960678Z ##[endgroup]
2025-08-09T01:35:28.1994894Z [command]/usr/bin/git log -1 --format=%H
2025-08-09T01:35:28.2017878Z d137140c07e8c971bf4478d4921b48737011b1a6
2025-08-09T01:35:28.2209534Z ##[group]Run echo "⏳ Reclaiming space..."
2025-08-09T01:35:28.2210909Z [36;1mecho "⏳ Reclaiming space..."[0m
2025-08-09T01:35:28.2212175Z [36;1msudo rm -rf /usr/local/lib/android[0m
2025-08-09T01:35:28.2213467Z [36;1msudo rm -rf /usr/local/share/boost[0m
2025-08-09T01:35:28.2214715Z [36;1msudo rm -rf /usr/share/dotnet[0m
2025-08-09T01:35:28.2216058Z [36;1msudo rm -rf /opt/ghc[0m
2025-08-09T01:35:28.2217199Z [36;1msudo rm -rf /opt/hostedtoolcache[0m
2025-08-09T01:35:28.2218395Z [36;1msudo apt-get clean[0m
2025-08-09T01:35:28.2219463Z [36;1msudo rm -rf "$AGENT_TOOLSDIRECTORY"[0m
2025-08-09T01:35:28.2220632Z [36;1mdf -h[0m
2025-08-09T01:35:28.2221445Z [36;1m [0m
2025-08-09T01:35:28.2253198Z shell: /usr/bin/bash -e {0}
2025-08-09T01:35:28.2254210Z ##[endgroup]
2025-08-09T01:35:28.2325341Z ⏳ Reclaiming space...
2025-08-09T01:37:04.8042393Z Filesystem      Size  Used Avail Use% Mounted on
2025-08-09T01:37:04.8042966Z /dev/root        73G   36G   37G  50% /
2025-08-09T01:37:04.8043560Z tmpfs           7.9G  172K  7.9G   1% /dev/shm
2025-08-09T01:37:04.8044018Z tmpfs           3.2G  1.1M  3.2G   1% /run
2025-08-09T01:37:04.8044441Z tmpfs           5.0M     0  5.0M   0% /run/lock
2025-08-09T01:37:04.8044897Z /dev/sda15      105M  6.1M   99M   6% /boot/efi
2025-08-09T01:37:04.8045332Z /dev/sdb1        74G  4.1G   66G   6% /mnt
2025-08-09T01:37:04.8045981Z tmpfs           1.6G   12K  1.6G   1% /run/user/1001
2025-08-09T01:37:04.8082032Z ##[group]Run sudo apt-get update
2025-08-09T01:37:04.8082342Z [36;1msudo apt-get update[0m
2025-08-09T01:37:04.8082591Z [36;1msudo apt-get install -y \[0m
2025-08-09T01:37:04.8082942Z [36;1m  git build-essential libncurses-dev bison flex libssl-dev \[0m
2025-08-09T01:37:04.8083348Z [36;1m  libelf-dev bc gcc make debootstrap live-build squashfs-tools \[0m
2025-08-09T01:37:04.8083749Z [36;1m  dosfstools xorriso isolinux syslinux-utils genisoimage \[0m
2025-08-09T01:37:04.8084137Z [36;1m  qemu-system-x86 python3-pip nmap curl wget rsync pv \[0m
2025-08-09T01:37:04.8084483Z [36;1m  grub-pc-bin grub-efi-amd64-bin mtools[0m
2025-08-09T01:37:04.8084725Z [36;1m  [0m
2025-08-09T01:37:04.8113324Z shell: /usr/bin/bash -e {0}
2025-08-09T01:37:04.8113568Z ##[endgroup]
2025-08-09T01:37:04.9507865Z Get:1 file:/etc/apt/apt-mirrors.txt Mirrorlist [144 B]
2025-08-09T01:37:05.0182289Z Get:6 https://packages.microsoft.com/repos/azure-cli jammy InRelease [3596 B]
2025-08-09T01:37:05.0340967Z Get:7 https://packages.microsoft.com/ubuntu/22.04/prod jammy InRelease [3632 B]
2025-08-09T01:37:05.1139947Z Get:8 https://packages.microsoft.com/repos/azure-cli jammy/main amd64 Packages [2575 B]
2025-08-09T01:37:05.1282328Z Hit:2 http://azure.archive.ubuntu.com/ubuntu jammy InRelease
2025-08-09T01:37:05.1300826Z Get:3 http://azure.archive.ubuntu.com/ubuntu jammy-updates InRelease [128 kB]
2025-08-09T01:37:05.1354745Z Get:4 http://azure.archive.ubuntu.com/ubuntu jammy-backports InRelease [127 kB]
2025-08-09T01:37:05.1372166Z Get:5 http://azure.archive.ubuntu.com/ubuntu jammy-security InRelease [129 kB]
2025-08-09T01:37:05.1584364Z Get:9 https://packages.microsoft.com/ubuntu/22.04/prod jammy/main arm64 Packages [75.0 kB]
2025-08-09T01:37:05.1626722Z Get:10 https://packages.microsoft.com/ubuntu/22.04/prod jammy/main amd64 Packages [239 kB]
2025-08-09T01:37:05.4977157Z Get:11 http://azure.archive.ubuntu.com/ubuntu jammy-security/main Translation-en [379 kB]
2025-08-09T01:37:12.0145714Z Fetched 1087 kB in 1s (1684 kB/s)
2025-08-09T01:37:12.8369400Z Reading package lists...
2025-08-09T01:37:12.8943754Z Reading package lists...
2025-08-09T01:37:13.0534867Z Building dependency tree...
2025-08-09T01:37:13.0546140Z Reading state information...
2025-08-09T01:37:13.1921992Z bc is already the newest version (1.07.1-3build1).
2025-08-09T01:37:13.1922527Z bc set to manually installed.
2025-08-09T01:37:13.1922992Z bison is already the newest version (2:3.8.2+dfsg-1build1).
2025-08-09T01:37:13.1929583Z build-essential is already the newest version (12.9ubuntu3).
2025-08-09T01:37:13.1930577Z build-essential set to manually installed.
2025-08-09T01:37:13.1931324Z dosfstools is already the newest version (4.2-1build3).
2025-08-09T01:37:13.1931865Z dosfstools set to manually installed.
2025-08-09T01:37:13.1932353Z flex is already the newest version (2.6.4-8build2).
2025-08-09T01:37:13.1932939Z gcc is already the newest version (4:11.2.0-1ubuntu1).
2025-08-09T01:37:13.1933499Z make is already the newest version (4.3-4.1build1).
2025-08-09T01:37:13.1934108Z squashfs-tools is already the newest version (1:4.5-3build1).
2025-08-09T01:37:13.1934705Z squashfs-tools set to manually installed.
2025-08-09T01:37:13.1935211Z xorriso is already the newest version (1.5.4-2).
2025-08-09T01:37:13.1935998Z curl is already the newest version (7.81.0-1ubuntu1.20).
2025-08-09T01:37:13.1936716Z grub-efi-amd64-bin is already the newest version (2.06-2ubuntu14.8).
2025-08-09T01:37:13.1937403Z grub-efi-amd64-bin set to manually installed.
2025-08-09T01:37:13.1937958Z grub-pc-bin is already the newest version (2.06-2ubuntu7.2).
2025-08-09T01:37:13.1938502Z grub-pc-bin set to manually installed.
2025-08-09T01:37:13.1939075Z libncurses-dev is already the newest version (6.3-2ubuntu0.1).
2025-08-09T01:37:13.1939661Z libncurses-dev set to manually installed.
2025-08-09T01:37:13.1940206Z libssl-dev is already the newest version (3.0.2-0ubuntu1.19).
2025-08-09T01:37:13.1940822Z rsync is already the newest version (3.2.7-0ubuntu0.22.04.4).
2025-08-09T01:37:13.1941877Z wget is already the newest version (1.21.2-2ubuntu1.1).
2025-08-09T01:37:13.1942592Z python3-pip is already the newest version (22.0.2+dfsg-1ubuntu0.6).
2025-08-09T01:37:13.1943288Z git is already the newest version (1:2.50.1-0ppa1~ubuntu22.04.1).
2025-08-09T01:37:13.1943905Z The following additional packages will be installed:
2025-08-09T01:37:13.1944570Z   cpu-checker gstreamer1.0-plugins-base gstreamer1.0-plugins-good
2025-08-09T01:37:13.1945659Z   gstreamer1.0-x ibverbs-providers ipxe-qemu ipxe-qemu-256k-compat-efi-roms
2025-08-09T01:37:13.1946418Z   libaa1 libasyncns0 libavc1394-0 libboost-iostreams1.74.0
2025-08-09T01:37:13.1947106Z   libboost-thread1.74.0 libbrlapi0.8 libcaca0 libcacard0 libcdparanoia0
2025-08-09T01:37:13.1947888Z   libdaxctl1 libdecor-0-0 libdecor-0-plugin-1-cairo libdv4 libfdt1 libflac8
2025-08-09T01:37:13.1948730Z   libgfapi0 libgfrpc0 libgfxdr0 libglusterfs0 libgstreamer-plugins-base1.0-0
2025-08-09T01:37:13.1949590Z   libgstreamer-plugins-good1.0-0 libibverbs1 libiec61883-0 libiscsi7
2025-08-09T01:37:13.1950321Z   libjack-jackd2-0 liblinear4 libmp3lame0 libmpg123-0 libndctl6
2025-08-09T01:37:13.1951046Z   libnl-route-3-200 libopus0 liborc-0.4-0 libpcsclite1 libpmem1 libpmemobj1
2025-08-09T01:37:13.1951827Z   libpulse0 librados2 libraw1394-11 librbd1 librdmacm1 libsamplerate0
2025-08-09T01:37:13.1952576Z   libsdl2-2.0-0 libshout3 libsndfile1 libspeex1 libspice-server1 libtag1v5
2025-08-09T01:37:13.1953353Z   libtag1v5-vanilla libtheora0 libtwolame0 liburing2 libusbredirparser1
2025-08-09T01:37:13.1954136Z   libv4l-0 libv4lconvert0 libvirglrenderer1 libvisual-0.4-0 libvorbisenc2
2025-08-09T01:37:13.1954888Z   libvpx7 libvte-2.91-0 libvte-2.91-common libwavpack1 libxv1 lua-lpeg
2025-08-09T01:37:13.1955796Z   msr-tools nmap-common ovmf qemu-block-extra qemu-system-common
2025-08-09T01:37:13.1956523Z   qemu-system-data qemu-system-gui qemu-utils seabios syslinux-common
2025-08-09T01:37:13.1957094Z Suggested packages:
2025-08-09T01:37:13.1957935Z   squid-deb-proxy-client debian-archive-keyring arch-test wodim cdrkit-doc
2025-08-09T01:37:13.1958744Z   gvfs libdv-bin oss-compat libvisual-0.4-plugins jackd2 liblinear-tools
2025-08-09T01:37:13.1959448Z   liblinear-dev opus-tools pcscd pulseaudio libraw1394-doc speex
2025-08-09T01:37:13.1960206Z   gstreamer1.0-libav gstreamer1.0-plugins-ugly memtest86+ | memtest86 syslinux
2025-08-09T01:37:13.1961026Z   | grub win32-loader gnu-fdisk floppyd ncat ndiff zenmap doc-base samba vde2
2025-08-09T01:37:13.1961658Z   libcrypt-passwdmd5-perl
2025-08-09T01:37:13.2248628Z The following NEW packages will be installed:
2025-08-09T01:37:13.2249424Z   cpu-checker debootstrap genisoimage gstreamer1.0-plugins-base
2025-08-09T01:37:13.2250364Z   gstreamer1.0-plugins-good gstreamer1.0-x ibverbs-providers ipxe-qemu
2025-08-09T01:37:13.2251382Z   ipxe-qemu-256k-compat-efi-roms isolinux libaa1 libasyncns0 libavc1394-0
2025-08-09T01:37:13.2252449Z   libboost-iostreams1.74.0 libboost-thread1.74.0 libbrlapi0.8 libcaca0
2025-08-09T01:37:13.2253905Z   libcacard0 libcdparanoia0 libdaxctl1 libdecor-0-0 libdecor-0-plugin-1-cairo
2025-08-09T01:37:13.2254975Z   libdv4 libelf-dev libfdt1 libflac8 libgfapi0 libgfrpc0 libgfxdr0
2025-08-09T01:37:13.2256289Z   libglusterfs0 libgstreamer-plugins-base1.0-0 libgstreamer-plugins-good1.0-0
2025-08-09T01:37:13.2257420Z   libibverbs1 libiec61883-0 libiscsi7 libjack-jackd2-0 liblinear4 libmp3lame0
2025-08-09T01:37:13.2258507Z   libmpg123-0 libndctl6 libnl-route-3-200 libopus0 liborc-0.4-0 libpcsclite1
2025-08-09T01:37:13.2259467Z   libpmem1 libpmemobj1 libpulse0 librados2 libraw1394-11 librbd1 librdmacm1
2025-08-09T01:37:13.2260202Z   libsamplerate0 libsdl2-2.0-0 libshout3 libsndfile1 libspeex1
2025-08-09T01:37:13.2260941Z   libspice-server1 libtag1v5 libtag1v5-vanilla libtheora0 libtwolame0
2025-08-09T01:37:13.2261762Z   liburing2 libusbredirparser1 libv4l-0 libv4lconvert0 libvirglrenderer1
2025-08-09T01:37:13.2262534Z   libvisual-0.4-0 libvorbisenc2 libvpx7 libvte-2.91-0 libvte-2.91-common
2025-08-09T01:37:13.2263692Z   libwavpack1 libxv1 live-build lua-lpeg msr-tools mtools nmap nmap-common
2025-08-09T01:37:13.2264517Z   ovmf pv qemu-block-extra qemu-system-common qemu-system-data qemu-system-gui
2025-08-09T01:37:13.2265293Z   qemu-system-x86 qemu-utils seabios syslinux-common syslinux-utils
2025-08-09T01:37:13.2432252Z 0 upgraded, 90 newly installed, 0 to remove and 16 not upgraded.
2025-08-09T01:37:13.2432775Z Need to get 53.2 MB of archives.
2025-08-09T01:37:13.4194405Z After this operation, 193 MB of additional disk space will be used.
2025-08-09T01:37:13.4194996Z Get:1 file:/etc/apt/apt-mirrors.txt Mirrorlist [144 B]
2025-08-09T01:37:13.4195655Z Get:2 http://azure.archive.ubuntu.com/ubuntu jammy/main amd64 msr-tools amd64 1.3-4 [10.3 kB]
2025-08-09T01:37:13.5070454Z Get:3 http://azure.archive.ubuntu.com/ubuntu jammy/main amd64 cpu-checker amd64 0.7-1.3build1 [6800 B]
2025-08-09T01:37:13.5902671Z Get:4 http://azure.archive.ubuntu.com/ubuntu jammy/main amd64 genisoimage amd64 9:1.1.11-3.2ubuntu1 [370 kB]
2025-08-09T01:37:13.9864521Z Get:5 http://azure.archive.ubuntu.com/ubuntu jammy/main amd64 libcdparanoia0 amd64 3.10.2+debian-14build2 [49.3 kB]
2025-08-09T01:37:14.0839482Z Get:6 http://azure.archive.ubuntu.com/ubuntu jammy-updates/main amd64 liborc-0.4-0 amd64 1:0.4.32-2ubuntu0.1 [228 kB]
2025-08-09T01:37:14.2550451Z Get:7 http://azure.archive.ubuntu.com/ubuntu jammy-updates/main amd64 libgstreamer-plugins-base1.0-0 amd64 1.20.1-1ubuntu0.4 [848 kB]
2025-08-09T01:37:14.5660870Z Get:8 http://azure.archive.ubuntu.com/ubuntu jammy/main amd64 libopus0 amd64 1.3.1-0.1build2 [203 kB]
2025-08-09T01:37:14.7261118Z Get:9 http://azure.archive.ubuntu.com/ubuntu jammy/main amd64 libtheora0 amd64 1.1.1+dfsg.1-15ubuntu4 [209 kB]
2025-08-09T01:37:14.8888566Z Get:10 http://azure.archive.ubuntu.com/ubuntu jammy/main amd64 libvisual-0.4-0 amd64 0.4.0-17build2 [108 kB]
2025-08-09T01:37:14.9744961Z Get:11 http://azure.archive.ubuntu.com/ubuntu jammy/main amd64 libvorbisenc2 amd64 1.3.7-1build2 [82.6 kB]
2025-08-09T01:37:15.0590197Z Get:12 http://azure.archive.ubuntu.com/ubuntu jammy-updates/main amd64 gstreamer1.0-plugins-base amd64 1.20.1-1ubuntu0.4 [712 kB]
2025-08-09T01:37:15.3140949Z Get:13 http://azure.archive.ubuntu.com/ubuntu jammy/main amd64 libaa1 amd64 1.4p5-50build1 [51.9 kB]
2025-08-09T01:37:15.3984133Z Get:14 http://azure.archive.ubuntu.com/ubuntu jammy/main amd64 libraw1394-11 amd64 2.1.2-2build2 [27.0 kB]
2025-08-09T01:37:15.4825631Z Get:15 http://azure.archive.ubuntu.com/ubuntu jammy/main amd64 libavc1394-0 amd64 0.5.4-5build2 [17.0 kB]
2025-08-09T01:37:15.5650455Z Get:16 http://azure.archive.ubuntu.com/ubuntu jammy/main amd64 libcaca0 amd64 0.99.beta19-2.2ubuntu4 [224 kB]
2025-08-09T01:37:15.7333037Z Get:17 http://azure.archive.ubuntu.com/ubuntu jammy/main amd64 libdv4 amd64 1.0.0-14build1 [61.9 kB]
2025-08-09T01:37:15.8215009Z Get:18 http://azure.archive.ubuntu.com/ubuntu jammy-updates/main amd64 libflac8 amd64 1.3.3-2ubuntu0.2 [111 kB]
2025-08-09T01:37:15.9168140Z Get:19 http://azure.archive.ubuntu.com/ubuntu jammy-updates/main amd64 libgstreamer-plugins-good1.0-0 amd64 1.20.3-0ubuntu1.3 [30.1 kB]
2025-08-09T01:37:16.0017118Z Get:20 http://azure.archive.ubuntu.com/ubuntu jammy/main amd64 libiec61883-0 amd64 1.2.0-4build3 [25.9 kB]
2025-08-09T01:37:16.0847048Z Get:21 http://azure.archive.ubuntu.com/ubuntu jammy/main amd64 libsamplerate0 amd64 0.2.2-1build1 [1359 kB]
2025-08-09T01:37:16.4389438Z Get:22 http://azure.archive.ubuntu.com/ubuntu jammy/main amd64 libjack-jackd2-0 amd64 1.9.20~dfsg-1 [293 kB]
2025-08-09T01:37:16.6029633Z Get:23 http://azure.archive.ubuntu.com/ubuntu jammy/main amd64 libmp3lame0 amd64 3.100-3build2 [141 kB]
2025-08-09T01:37:16.6899410Z Get:24 http://azure.archive.ubuntu.com/ubuntu jammy-updates/main amd64 libmpg123-0 amd64 1.29.3-1ubuntu0.1 [172 kB]
2025-08-09T01:37:16.7808482Z Get:25 http://azure.archive.ubuntu.com/ubuntu jammy/main amd64 libasyncns0 amd64 0.8-6build2 [12.8 kB]
2025-08-09T01:37:16.8616469Z Get:26 http://azure.archive.ubuntu.com/ubuntu jammy-updates/main amd64 libsndfile1 amd64 1.0.31-2ubuntu0.2 [196 kB]
2025-08-09T01:37:17.0211407Z Get:27 http://azure.archive.ubuntu.com/ubuntu jammy-updates/main amd64 libpulse0 amd64 1:15.99.1+dfsg1-1ubuntu2.2 [298 kB]
2025-08-09T01:37:17.1879981Z Get:28 http://azure.archive.ubuntu.com/ubuntu jammy/main amd64 libspeex1 amd64 1.2~rc1.2-1.1ubuntu3 [57.9 kB]
2025-08-09T01:37:17.2713692Z Get:29 http://azure.archive.ubuntu.com/ubuntu jammy/main amd64 libshout3 amd64 2.4.5-1build3 [54.5 kB]
2025-08-09T01:37:17.3537600Z Get:30 http://azure.archive.ubuntu.com/ubuntu jammy/main amd64 libtag1v5-vanilla amd64 1.11.1+dfsg.1-3ubuntu3 [304 kB]
2025-08-09T01:37:17.5222845Z Get:31 http://azure.archive.ubuntu.com/ubuntu jammy/main amd64 libtag1v5 amd64 1.11.1+dfsg.1-3ubuntu3 [11.5 kB]
2025-08-09T01:37:17.6030173Z Get:32 http://azure.archive.ubuntu.com/ubuntu jammy/main amd64 libtwolame0 amd64 0.4.0-2build2 [52.5 kB]
2025-08-09T01:37:17.6849744Z Get:33 http://azure.archive.ubuntu.com/ubuntu jammy/main amd64 libv4lconvert0 amd64 1.22.1-2build1 [82.4 kB]
2025-08-09T01:37:17.7694619Z Get:34 http://azure.archive.ubuntu.com/ubuntu jammy/main amd64 libv4l-0 amd64 1.22.1-2build1 [44.9 kB]
2025-08-09T01:37:17.8549990Z Get:35 http://azure.archive.ubuntu.com/ubuntu jammy-updates/main amd64 libvpx7 amd64 1.11.0-2ubuntu2.4 [1078 kB]
2025-08-09T01:37:18.1769893Z Get:36 http://azure.archive.ubuntu.com/ubuntu jammy/main amd64 libwavpack1 amd64 5.4.0-1build2 [83.7 kB]
2025-08-09T01:37:18.2651959Z Get:37 http://azure.archive.ubuntu.com/ubuntu jammy-updates/main amd64 gstreamer1.0-plugins-good amd64 1.20.3-0ubuntu1.3 [2010 kB]
2025-08-09T01:37:18.6710123Z Get:38 http://azure.archive.ubuntu.com/ubuntu jammy/main amd64 libxv1 amd64 2:1.0.11-1build2 [11.2 kB]
2025-08-09T01:37:18.7539594Z Get:39 http://azure.archive.ubuntu.com/ubuntu jammy-updates/main amd64 gstreamer1.0-x amd64 1.20.1-1ubuntu0.4 [85.1 kB]
2025-08-09T01:37:18.8379863Z Get:40 http://azure.archive.ubuntu.com/ubuntu jammy/main amd64 libnl-route-3-200 amd64 3.5.0-0.1 [180 kB]
2025-08-09T01:37:18.9249560Z Get:41 http://azure.archive.ubuntu.com/ubuntu jammy/main amd64 libibverbs1 amd64 39.0-1 [69.3 kB]
2025-08-09T01:37:19.0079110Z Get:42 http://azure.archive.ubuntu.com/ubuntu jammy/main amd64 ibverbs-providers amd64 39.0-1 [341 kB]
2025-08-09T01:37:19.1764067Z Get:43 http://azure.archive.ubuntu.com/ubuntu jammy/main amd64 ipxe-qemu all 1.21.1+git-20220113.fbbdc3926-0ubuntu1 [1569 kB]
2025-08-09T01:37:19.5190719Z Get:44 http://azure.archive.ubuntu.com/ubuntu jammy/main amd64 ipxe-qemu-256k-compat-efi-roms all 1.0.0+git-20150424.a25a16d-0ubuntu4 [552 kB]
2025-08-09T01:37:19.7621760Z Get:45 http://azure.archive.ubuntu.com/ubuntu jammy/universe amd64 isolinux all 3:6.04~git20190206.bf6db5b4+dfsg1-3ubuntu1 [60.1 kB]
2025-08-09T01:37:19.8450620Z Get:46 http://azure.archive.ubuntu.com/ubuntu jammy/main amd64 libboost-iostreams1.74.0 amd64 1.74.0-14ubuntu3 [245 kB]
2025-08-09T01:37:20.0156383Z Get:47 http://azure.archive.ubuntu.com/ubuntu jammy/main amd64 libboost-thread1.74.0 amd64 1.74.0-14ubuntu3 [262 kB]
2025-08-09T01:37:20.1817913Z Get:48 http://azure.archive.ubuntu.com/ubuntu jammy-updates/main amd64 libbrlapi0.8 amd64 6.4-4ubuntu3 [28.7 kB]
2025-08-09T01:37:20.2645353Z Get:49 http://azure.archive.ubuntu.com/ubuntu jammy-updates/main amd64 libpcsclite1 amd64 1.9.5-3ubuntu1 [19.8 kB]
2025-08-09T01:37:20.3471310Z Get:50 http://azure.archive.ubuntu.com/ubuntu jammy/main amd64 libcacard0 amd64 1:2.8.0-3build2 [38.0 kB]
2025-08-09T01:37:20.4292946Z Get:51 http://azure.archive.ubuntu.com/ubuntu jammy/main amd64 libdaxctl1 amd64 72.1-1 [19.8 kB]
2025-08-09T01:37:20.5113867Z Get:52 http://azure.archive.ubuntu.com/ubuntu jammy/main amd64 libdecor-0-0 amd64 0.1.0-3build1 [15.1 kB]
2025-08-09T01:37:20.5949990Z Get:53 http://azure.archive.ubuntu.com/ubuntu jammy/main amd64 libdecor-0-plugin-1-cairo amd64 0.1.0-3build1 [20.4 kB]
2025-08-09T01:37:20.6776565Z Get:54 http://azure.archive.ubuntu.com/ubuntu jammy-updates/main amd64 libelf-dev amd64 0.186-1ubuntu0.1 [64.4 kB]
2025-08-09T01:37:20.7609989Z Get:55 http://azure.archive.ubuntu.com/ubuntu jammy-updates/main amd64 libgfxdr0 amd64 10.1-1ubuntu0.2 [22.3 kB]
2025-08-09T01:37:20.8437066Z Get:56 http://azure.archive.ubuntu.com/ubuntu jammy-updates/main amd64 libglusterfs0 amd64 10.1-1ubuntu0.2 [287 kB]
2025-08-09T01:37:21.0085002Z Get:57 http://azure.archive.ubuntu.com/ubuntu jammy-updates/main amd64 libgfrpc0 amd64 10.1-1ubuntu0.2 [47.1 kB]
2025-08-09T01:37:21.0911230Z Get:58 http://azure.archive.ubuntu.com/ubuntu jammy-updates/main amd64 libgfapi0 amd64 10.1-1ubuntu0.2 [77.3 kB]
2025-08-09T01:37:21.1762169Z Get:59 http://azure.archive.ubuntu.com/ubuntu jammy/main amd64 librdmacm1 amd64 39.0-1 [71.2 kB]
2025-08-09T01:37:21.2630574Z Get:60 http://azure.archive.ubuntu.com/ubuntu jammy/main amd64 libiscsi7 amd64 1.19.0-3build2 [70.6 kB]
2025-08-09T01:37:21.3532743Z Get:61 http://azure.archive.ubuntu.com/ubuntu jammy/universe amd64 liblinear4 amd64 2.3.0+dfsg-5 [41.4 kB]
2025-08-09T01:37:21.4360417Z Get:62 http://azure.archive.ubuntu.com/ubuntu jammy/main amd64 libndctl6 amd64 72.1-1 [57.7 kB]
2025-08-09T01:37:21.5218817Z Get:63 http://azure.archive.ubuntu.com/ubuntu jammy/main amd64 libpmem1 amd64 1.11.1-3build1 [81.4 kB]
2025-08-09T01:37:21.6050517Z Get:64 http://azure.archive.ubuntu.com/ubuntu jammy/main amd64 libpmemobj1 amd64 1.11.1-3build1 [124 kB]
2025-08-09T01:37:21.6897745Z Get:65 http://azure.archive.ubuntu.com/ubuntu jammy-updates/main amd64 librados2 amd64 17.2.7-0ubuntu0.22.04.2 [3594 kB]
2025-08-09T01:37:22.2482381Z Get:66 http://azure.archive.ubuntu.com/ubuntu jammy-updates/main amd64 librbd1 amd64 17.2.7-0ubuntu0.22.04.2 [3548 kB]
2025-08-09T01:37:22.6748342Z Get:67 http://azure.archive.ubuntu.com/ubuntu jammy-updates/main amd64 libsdl2-2.0-0 amd64 2.0.20+dfsg-2ubuntu1.22.04.1 [582 kB]
2025-08-09T01:37:22.8461698Z Get:68 http://azure.archive.ubuntu.com/ubuntu jammy/main amd64 libspice-server1 amd64 0.15.0-2ubuntu4 [351 kB]
2025-08-09T01:37:23.0085177Z Get:69 http://azure.archive.ubuntu.com/ubuntu jammy/main amd64 liburing2 amd64 2.1-2build1 [10.3 kB]
2025-08-09T01:37:23.0910468Z Get:70 http://azure.archive.ubuntu.com/ubuntu jammy/main amd64 libusbredirparser1 amd64 0.11.0-2build1 [15.9 kB]
2025-08-09T01:37:23.1732029Z Get:71 http://azure.archive.ubuntu.com/ubuntu jammy/main amd64 libvirglrenderer1 amd64 0.9.1-1~exp1ubuntu2 [188 kB]
2025-08-09T01:37:23.2579025Z Get:72 http://azure.archive.ubuntu.com/ubuntu jammy-updates/main amd64 libvte-2.91-common amd64 0.68.0-1ubuntu0.1 [9408 B]
2025-08-09T01:37:23.3388628Z Get:73 http://azure.archive.ubuntu.com/ubuntu jammy-updates/main amd64 libvte-2.91-0 amd64 0.68.0-1ubuntu0.1 [214 kB]
2025-08-09T01:37:23.4216234Z Get:74 http://azure.archive.ubuntu.com/ubuntu jammy-updates/main amd64 debootstrap all 1.0.126+nmu1ubuntu0.8 [40.6 kB]
2025-08-09T01:37:23.5032596Z Get:75 http://azure.archive.ubuntu.com/ubuntu jammy-updates/main amd64 live-build all 3.0~a57-1ubuntu41.22.04.1 [132 kB]
2025-08-09T01:37:23.5858442Z Get:76 http://azure.archive.ubuntu.com/ubuntu jammy/universe amd64 lua-lpeg amd64 1.0.2-1 [31.4 kB]
2025-08-09T01:37:23.6673817Z Get:77 http://azure.archive.ubuntu.com/ubuntu jammy/main amd64 mtools amd64 4.0.33-1+really4.0.32-1build1 [201 kB]
2025-08-09T01:37:23.7529036Z Get:78 http://azure.archive.ubuntu.com/ubuntu jammy-updates/universe amd64 nmap-common all 7.91+dfsg1+really7.80+dfsg1-2ubuntu0.1 [3940 kB]
2025-08-09T01:37:24.1581827Z Get:79 http://azure.archive.ubuntu.com/ubuntu jammy/main amd64 pv amd64 1.6.6-1build2 [44.5 kB]
2025-08-09T01:37:24.2390662Z Get:80 http://azure.archive.ubuntu.com/ubuntu jammy/main amd64 libfdt1 amd64 1.6.1-1 [20.0 kB]
2025-08-09T01:37:24.3212436Z Get:81 http://azure.archive.ubuntu.com/ubuntu jammy-updates/main amd64 qemu-system-common amd64 1:6.2+dfsg-2ubuntu6.26 [2047 kB]
2025-08-09T01:37:24.6368274Z Get:82 http://azure.archive.ubuntu.com/ubuntu jammy-updates/main amd64 qemu-system-data all 1:6.2+dfsg-2ubuntu6.26 [1430 kB]
2025-08-09T01:37:24.8790560Z Get:83 http://azure.archive.ubuntu.com/ubuntu jammy/main amd64 seabios all 1.15.0-1 [174 kB]
2025-08-09T01:37:24.9649877Z Get:84 http://azure.archive.ubuntu.com/ubuntu jammy-updates/main amd64 qemu-system-x86 amd64 1:6.2+dfsg-2ubuntu6.26 [10.1 MB]
2025-08-09T01:37:25.6170148Z Get:85 http://azure.archive.ubuntu.com/ubuntu jammy-updates/main amd64 qemu-utils amd64 1:6.2+dfsg-2ubuntu6.26 [1527 kB]
2025-08-09T01:37:25.8602824Z Get:86 http://azure.archive.ubuntu.com/ubuntu jammy-updates/main amd64 qemu-block-extra amd64 1:6.2+dfsg-2ubuntu6.26 [68.2 kB]
2025-08-09T01:37:25.9428350Z Get:87 http://azure.archive.ubuntu.com/ubuntu jammy-updates/main amd64 qemu-system-gui amd64 1:6.2+dfsg-2ubuntu6.26 [220 kB]
2025-08-09T01:37:26.0310120Z Get:88 http://azure.archive.ubuntu.com/ubuntu jammy/main amd64 syslinux-common all 3:6.04~git20190206.bf6db5b4+dfsg1-3ubuntu1 [1271 kB]
2025-08-09T01:37:26.2712986Z Get:89 http://azure.archive.ubuntu.com/ubuntu jammy/universe amd64 syslinux-utils amd64 3:6.04~git20190206.bf6db5b4+dfsg1-3ubuntu1 [50.9 kB]
2025-08-09T01:37:26.3765006Z Get:90 http://azure.archive.ubuntu.com/ubuntu jammy-updates/universe amd64 nmap amd64 7.91+dfsg1+really7.80+dfsg1-2ubuntu0.1 [1731 kB]
2025-08-09T01:37:26.6246188Z Get:91 http://azure.archive.ubuntu.com/ubuntu jammy-updates/main amd64 ovmf all 2022.02-3ubuntu0.22.04.3 [7561 kB]
2025-08-09T01:37:27.5106576Z Fetched 53.2 MB in 14s (3832 kB/s)
2025-08-09T01:37:27.5586420Z Selecting previously unselected package msr-tools.
2025-08-09T01:37:27.6159651Z (Reading database ... 
2025-08-09T01:37:27.6160054Z (Reading database ... 5%
2025-08-09T01:37:27.6160339Z (Reading database ... 10%
2025-08-09T01:37:27.6160613Z (Reading database ... 15%
2025-08-09T01:37:27.6160873Z (Reading database ... 20%
2025-08-09T01:37:27.6161138Z (Reading database ... 25%
2025-08-09T01:37:27.6161398Z (Reading database ... 30%
2025-08-09T01:37:27.6161655Z (Reading database ... 35%
2025-08-09T01:37:27.6161918Z (Reading database ... 40%
2025-08-09T01:37:27.6162313Z (Reading database ... 45%
2025-08-09T01:37:27.6162573Z (Reading database ... 50%
2025-08-09T01:37:28.0588415Z (Reading database ... 55%
2025-08-09T01:37:28.3323003Z (Reading database ... 60%
2025-08-09T01:37:28.6561280Z (Reading database ... 65%
2025-08-09T01:37:29.1341821Z (Reading database ... 70%
2025-08-09T01:37:29.6047500Z (Reading database ... 75%
2025-08-09T01:37:30.2152820Z (Reading database ... 80%
2025-08-09T01:37:30.8404563Z (Reading database ... 85%
2025-08-09T01:37:31.3998284Z (Reading database ... 90%
2025-08-09T01:37:32.0304701Z (Reading database ... 95%
2025-08-09T01:37:32.0305021Z (Reading database ... 100%
2025-08-09T01:37:32.0305365Z (Reading database ... 267991 files and directories currently installed.)
2025-08-09T01:37:32.0361004Z Preparing to unpack .../00-msr-tools_1.3-4_amd64.deb ...
2025-08-09T01:37:32.0391146Z Unpacking msr-tools (1.3-4) ...
2025-08-09T01:37:32.0905668Z Selecting previously unselected package cpu-checker.
2025-08-09T01:37:32.1069757Z Preparing to unpack .../01-cpu-checker_0.7-1.3build1_amd64.deb ...
2025-08-09T01:37:32.1083256Z Unpacking cpu-checker (0.7-1.3build1) ...
2025-08-09T01:37:32.1534446Z Selecting previously unselected package genisoimage.
2025-08-09T01:37:32.1695779Z Preparing to unpack .../02-genisoimage_9%3a1.1.11-3.2ubuntu1_amd64.deb ...
2025-08-09T01:37:32.1707941Z Unpacking genisoimage (9:1.1.11-3.2ubuntu1) ...
2025-08-09T01:37:32.2734836Z Selecting previously unselected package libcdparanoia0:amd64.
2025-08-09T01:37:32.2901386Z Preparing to unpack .../03-libcdparanoia0_3.10.2+debian-14build2_amd64.deb ...
2025-08-09T01:37:32.2924631Z Unpacking libcdparanoia0:amd64 (3.10.2+debian-14build2) ...
2025-08-09T01:37:32.3263336Z Selecting previously unselected package liborc-0.4-0:amd64.
2025-08-09T01:37:32.3428200Z Preparing to unpack .../04-liborc-0.4-0_1%3a0.4.32-2ubuntu0.1_amd64.deb ...
2025-08-09T01:37:32.3440563Z Unpacking liborc-0.4-0:amd64 (1:0.4.32-2ubuntu0.1) ...
2025-08-09T01:37:32.3723423Z Selecting previously unselected package libgstreamer-plugins-base1.0-0:amd64.
2025-08-09T01:37:32.3890228Z Preparing to unpack .../05-libgstreamer-plugins-base1.0-0_1.20.1-1ubuntu0.4_amd64.deb ...
2025-08-09T01:37:32.3902491Z Unpacking libgstreamer-plugins-base1.0-0:amd64 (1.20.1-1ubuntu0.4) ...
2025-08-09T01:37:32.4284360Z Selecting previously unselected package libopus0:amd64.
2025-08-09T01:37:32.4447997Z Preparing to unpack .../06-libopus0_1.3.1-0.1build2_amd64.deb ...
2025-08-09T01:37:32.4462057Z Unpacking libopus0:amd64 (1.3.1-0.1build2) ...
2025-08-09T01:37:32.4730265Z Selecting previously unselected package libtheora0:amd64.
2025-08-09T01:37:32.4894704Z Preparing to unpack .../07-libtheora0_1.1.1+dfsg.1-15ubuntu4_amd64.deb ...
2025-08-09T01:37:32.4907390Z Unpacking libtheora0:amd64 (1.1.1+dfsg.1-15ubuntu4) ...
2025-08-09T01:37:32.5165710Z Selecting previously unselected package libvisual-0.4-0:amd64.
2025-08-09T01:37:32.5331714Z Preparing to unpack .../08-libvisual-0.4-0_0.4.0-17build2_amd64.deb ...
2025-08-09T01:37:32.5343641Z Unpacking libvisual-0.4-0:amd64 (0.4.0-17build2) ...
2025-08-09T01:37:32.5599778Z Selecting previously unselected package libvorbisenc2:amd64.
2025-08-09T01:37:32.5758910Z Preparing to unpack .../09-libvorbisenc2_1.3.7-1build2_amd64.deb ...
2025-08-09T01:37:32.5771721Z Unpacking libvorbisenc2:amd64 (1.3.7-1build2) ...
2025-08-09T01:37:32.6026543Z Selecting previously unselected package gstreamer1.0-plugins-base:amd64.
2025-08-09T01:37:32.6188182Z Preparing to unpack .../10-gstreamer1.0-plugins-base_1.20.1-1ubuntu0.4_amd64.deb ...
2025-08-09T01:37:32.6201528Z Unpacking gstreamer1.0-plugins-base:amd64 (1.20.1-1ubuntu0.4) ...
2025-08-09T01:37:32.6553399Z Selecting previously unselected package libaa1:amd64.
2025-08-09T01:37:32.6716226Z Preparing to unpack .../11-libaa1_1.4p5-50build1_amd64.deb ...
2025-08-09T01:37:32.6726221Z Unpacking libaa1:amd64 (1.4p5-50build1) ...
2025-08-09T01:37:32.6957301Z Selecting previously unselected package libraw1394-11:amd64.
2025-08-09T01:37:32.7119362Z Preparing to unpack .../12-libraw1394-11_2.1.2-2build2_amd64.deb ...
2025-08-09T01:37:32.7131096Z Unpacking libraw1394-11:amd64 (2.1.2-2build2) ...
2025-08-09T01:37:32.7358877Z Selecting previously unselected package libavc1394-0:amd64.
2025-08-09T01:37:32.7520685Z Preparing to unpack .../13-libavc1394-0_0.5.4-5build2_amd64.deb ...
2025-08-09T01:37:32.7533168Z Unpacking libavc1394-0:amd64 (0.5.4-5build2) ...
2025-08-09T01:37:32.7750920Z Selecting previously unselected package libcaca0:amd64.
2025-08-09T01:37:32.7910530Z Preparing to unpack .../14-libcaca0_0.99.beta19-2.2ubuntu4_amd64.deb ...
2025-08-09T01:37:32.7923860Z Unpacking libcaca0:amd64 (0.99.beta19-2.2ubuntu4) ...
2025-08-09T01:37:32.8193902Z Selecting previously unselected package libdv4:amd64.
2025-08-09T01:37:32.8358998Z Preparing to unpack .../15-libdv4_1.0.0-14build1_amd64.deb ...
2025-08-09T01:37:32.8375140Z Unpacking libdv4:amd64 (1.0.0-14build1) ...
2025-08-09T01:37:32.8652663Z Selecting previously unselected package libflac8:amd64.
2025-08-09T01:37:32.8817029Z Preparing to unpack .../16-libflac8_1.3.3-2ubuntu0.2_amd64.deb ...
2025-08-09T01:37:32.8827502Z Unpacking libflac8:amd64 (1.3.3-2ubuntu0.2) ...
2025-08-09T01:37:32.9097212Z Selecting previously unselected package libgstreamer-plugins-good1.0-0:amd64.
2025-08-09T01:37:32.9259631Z Preparing to unpack .../17-libgstreamer-plugins-good1.0-0_1.20.3-0ubuntu1.3_amd64.deb ...
2025-08-09T01:37:32.9272583Z Unpacking libgstreamer-plugins-good1.0-0:amd64 (1.20.3-0ubuntu1.3) ...
2025-08-09T01:37:32.9509363Z Selecting previously unselected package libiec61883-0:amd64.
2025-08-09T01:37:32.9670949Z Preparing to unpack .../18-libiec61883-0_1.2.0-4build3_amd64.deb ...
2025-08-09T01:37:32.9682708Z Unpacking libiec61883-0:amd64 (1.2.0-4build3) ...
2025-08-09T01:37:32.9954573Z Selecting previously unselected package libsamplerate0:amd64.
2025-08-09T01:37:33.0115589Z Preparing to unpack .../19-libsamplerate0_0.2.2-1build1_amd64.deb ...
2025-08-09T01:37:33.0128593Z Unpacking libsamplerate0:amd64 (0.2.2-1build1) ...
2025-08-09T01:37:33.0449494Z Selecting previously unselected package libjack-jackd2-0:amd64.
2025-08-09T01:37:33.0613346Z Preparing to unpack .../20-libjack-jackd2-0_1.9.20~dfsg-1_amd64.deb ...
2025-08-09T01:37:33.0627376Z Unpacking libjack-jackd2-0:amd64 (1.9.20~dfsg-1) ...
2025-08-09T01:37:33.0910595Z Selecting previously unselected package libmp3lame0:amd64.
2025-08-09T01:37:33.1071905Z Preparing to unpack .../21-libmp3lame0_3.100-3build2_amd64.deb ...
2025-08-09T01:37:33.1093257Z Unpacking libmp3lame0:amd64 (3.100-3build2) ...
2025-08-09T01:37:33.1333967Z Selecting previously unselected package libmpg123-0:amd64.
2025-08-09T01:37:33.1495933Z Preparing to unpack .../22-libmpg123-0_1.29.3-1ubuntu0.1_amd64.deb ...
2025-08-09T01:37:33.1507460Z Unpacking libmpg123-0:amd64 (1.29.3-1ubuntu0.1) ...
2025-08-09T01:37:33.1768076Z Selecting previously unselected package libasyncns0:amd64.
2025-08-09T01:37:33.1930818Z Preparing to unpack .../23-libasyncns0_0.8-6build2_amd64.deb ...
2025-08-09T01:37:33.1946218Z Unpacking libasyncns0:amd64 (0.8-6build2) ...
2025-08-09T01:37:33.2209627Z Selecting previously unselected package libsndfile1:amd64.
2025-08-09T01:37:33.2371108Z Preparing to unpack .../24-libsndfile1_1.0.31-2ubuntu0.2_amd64.deb ...
2025-08-09T01:37:33.2384255Z Unpacking libsndfile1:amd64 (1.0.31-2ubuntu0.2) ...
2025-08-09T01:37:33.2668856Z Selecting previously unselected package libpulse0:amd64.
2025-08-09T01:37:33.2829055Z Preparing to unpack .../25-libpulse0_1%3a15.99.1+dfsg1-1ubuntu2.2_amd64.deb ...
2025-08-09T01:37:33.2934411Z Unpacking libpulse0:amd64 (1:15.99.1+dfsg1-1ubuntu2.2) ...
2025-08-09T01:37:33.3246014Z Selecting previously unselected package libspeex1:amd64.
2025-08-09T01:37:33.3411050Z Preparing to unpack .../26-libspeex1_1.2~rc1.2-1.1ubuntu3_amd64.deb ...
2025-08-09T01:37:33.3423973Z Unpacking libspeex1:amd64 (1.2~rc1.2-1.1ubuntu3) ...
2025-08-09T01:37:33.3661632Z Selecting previously unselected package libshout3:amd64.
2025-08-09T01:37:33.3825025Z Preparing to unpack .../27-libshout3_2.4.5-1build3_amd64.deb ...
2025-08-09T01:37:33.3836381Z Unpacking libshout3:amd64 (2.4.5-1build3) ...
2025-08-09T01:37:33.4079199Z Selecting previously unselected package libtag1v5-vanilla:amd64.
2025-08-09T01:37:33.4242411Z Preparing to unpack .../28-libtag1v5-vanilla_1.11.1+dfsg.1-3ubuntu3_amd64.deb ...
2025-08-09T01:37:33.4259918Z Unpacking libtag1v5-vanilla:amd64 (1.11.1+dfsg.1-3ubuntu3) ...
2025-08-09T01:37:33.4520477Z Selecting previously unselected package libtag1v5:amd64.
2025-08-09T01:37:33.4683017Z Preparing to unpack .../29-libtag1v5_1.11.1+dfsg.1-3ubuntu3_amd64.deb ...
2025-08-09T01:37:33.4694112Z Unpacking libtag1v5:amd64 (1.11.1+dfsg.1-3ubuntu3) ...
2025-08-09T01:37:33.4931423Z Selecting previously unselected package libtwolame0:amd64.
2025-08-09T01:37:33.5092924Z Preparing to unpack .../30-libtwolame0_0.4.0-2build2_amd64.deb ...
2025-08-09T01:37:33.5105695Z Unpacking libtwolame0:amd64 (0.4.0-2build2) ...
2025-08-09T01:37:33.5369982Z Selecting previously unselected package libv4lconvert0:amd64.
2025-08-09T01:37:33.5532339Z Preparing to unpack .../31-libv4lconvert0_1.22.1-2build1_amd64.deb ...
2025-08-09T01:37:33.5545305Z Unpacking libv4lconvert0:amd64 (1.22.1-2build1) ...
2025-08-09T01:37:33.5783707Z Selecting previously unselected package libv4l-0:amd64.
2025-08-09T01:37:33.5944649Z Preparing to unpack .../32-libv4l-0_1.22.1-2build1_amd64.deb ...
2025-08-09T01:37:33.5954122Z Unpacking libv4l-0:amd64 (1.22.1-2build1) ...
2025-08-09T01:37:33.6197236Z Selecting previously unselected package libvpx7:amd64.
2025-08-09T01:37:33.6357402Z Preparing to unpack .../33-libvpx7_1.11.0-2ubuntu2.4_amd64.deb ...
2025-08-09T01:37:33.6384658Z Unpacking libvpx7:amd64 (1.11.0-2ubuntu2.4) ...
2025-08-09T01:37:33.6724020Z Selecting previously unselected package libwavpack1:amd64.
2025-08-09T01:37:33.6884849Z Preparing to unpack .../34-libwavpack1_5.4.0-1build2_amd64.deb ...
2025-08-09T01:37:33.6895895Z Unpacking libwavpack1:amd64 (5.4.0-1build2) ...
2025-08-09T01:37:33.7115514Z Selecting previously unselected package gstreamer1.0-plugins-good:amd64.
2025-08-09T01:37:33.7276720Z Preparing to unpack .../35-gstreamer1.0-plugins-good_1.20.3-0ubuntu1.3_amd64.deb ...
2025-08-09T01:37:33.7285201Z Unpacking gstreamer1.0-plugins-good:amd64 (1.20.3-0ubuntu1.3) ...
2025-08-09T01:37:33.7821600Z Selecting previously unselected package libxv1:amd64.
2025-08-09T01:37:33.7984932Z Preparing to unpack .../36-libxv1_2%3a1.0.11-1build2_amd64.deb ...
2025-08-09T01:37:33.7996848Z Unpacking libxv1:amd64 (2:1.0.11-1build2) ...
2025-08-09T01:37:33.8212391Z Selecting previously unselected package gstreamer1.0-x:amd64.
2025-08-09T01:37:33.8375569Z Preparing to unpack .../37-gstreamer1.0-x_1.20.1-1ubuntu0.4_amd64.deb ...
2025-08-09T01:37:33.8389058Z Unpacking gstreamer1.0-x:amd64 (1.20.1-1ubuntu0.4) ...
2025-08-09T01:37:33.8633098Z Selecting previously unselected package libnl-route-3-200:amd64.
2025-08-09T01:37:33.8796161Z Preparing to unpack .../38-libnl-route-3-200_3.5.0-0.1_amd64.deb ...
2025-08-09T01:37:33.8807708Z Unpacking libnl-route-3-200:amd64 (3.5.0-0.1) ...
2025-08-09T01:37:33.9058277Z Selecting previously unselected package libibverbs1:amd64.
2025-08-09T01:37:33.9221150Z Preparing to unpack .../39-libibverbs1_39.0-1_amd64.deb ...
2025-08-09T01:37:33.9232319Z Unpacking libibverbs1:amd64 (39.0-1) ...
2025-08-09T01:37:33.9490924Z Selecting previously unselected package ibverbs-providers:amd64.
2025-08-09T01:37:33.9652656Z Preparing to unpack .../40-ibverbs-providers_39.0-1_amd64.deb ...
2025-08-09T01:37:33.9799560Z Unpacking ibverbs-providers:amd64 (39.0-1) ...
2025-08-09T01:37:34.0086566Z Selecting previously unselected package ipxe-qemu.
2025-08-09T01:37:34.0250915Z Preparing to unpack .../41-ipxe-qemu_1.21.1+git-20220113.fbbdc3926-0ubuntu1_all.deb ...
2025-08-09T01:37:34.0260650Z Unpacking ipxe-qemu (1.21.1+git-20220113.fbbdc3926-0ubuntu1) ...
2025-08-09T01:37:34.0635916Z Selecting previously unselected package ipxe-qemu-256k-compat-efi-roms.
2025-08-09T01:37:34.0801376Z Preparing to unpack .../42-ipxe-qemu-256k-compat-efi-roms_1.0.0+git-20150424.a25a16d-0ubuntu4_all.deb ...
2025-08-09T01:37:34.0813732Z Unpacking ipxe-qemu-256k-compat-efi-roms (1.0.0+git-20150424.a25a16d-0ubuntu4) ...
2025-08-09T01:37:34.1291146Z Selecting previously unselected package isolinux.
2025-08-09T01:37:34.1454534Z Preparing to unpack .../43-isolinux_3%3a6.04~git20190206.bf6db5b4+dfsg1-3ubuntu1_all.deb ...
2025-08-09T01:37:34.1465031Z Unpacking isolinux (3:6.04~git20190206.bf6db5b4+dfsg1-3ubuntu1) ...
2025-08-09T01:37:34.1704096Z Selecting previously unselected package libboost-iostreams1.74.0:amd64.
2025-08-09T01:37:34.1866837Z Preparing to unpack .../44-libboost-iostreams1.74.0_1.74.0-14ubuntu3_amd64.deb ...
2025-08-09T01:37:34.1877381Z Unpacking libboost-iostreams1.74.0:amd64 (1.74.0-14ubuntu3) ...
2025-08-09T01:37:34.2172251Z Selecting previously unselected package libboost-thread1.74.0:amd64.
2025-08-09T01:37:34.2335787Z Preparing to unpack .../45-libboost-thread1.74.0_1.74.0-14ubuntu3_amd64.deb ...
2025-08-09T01:37:34.2343760Z Unpacking libboost-thread1.74.0:amd64 (1.74.0-14ubuntu3) ...
2025-08-09T01:37:34.2637864Z Selecting previously unselected package libbrlapi0.8:amd64.
2025-08-09T01:37:34.2800458Z Preparing to unpack .../46-libbrlapi0.8_6.4-4ubuntu3_amd64.deb ...
2025-08-09T01:37:34.2810297Z Unpacking libbrlapi0.8:amd64 (6.4-4ubuntu3) ...
2025-08-09T01:37:34.3054097Z Selecting previously unselected package libpcsclite1:amd64.
2025-08-09T01:37:34.3249531Z Preparing to unpack .../47-libpcsclite1_1.9.5-3ubuntu1_amd64.deb ...
2025-08-09T01:37:34.3260776Z Unpacking libpcsclite1:amd64 (1.9.5-3ubuntu1) ...
2025-08-09T01:37:34.3481734Z Selecting previously unselected package libcacard0:amd64.
2025-08-09T01:37:34.3644070Z Preparing to unpack .../48-libcacard0_1%3a2.8.0-3build2_amd64.deb ...
2025-08-09T01:37:34.3657413Z Unpacking libcacard0:amd64 (1:2.8.0-3build2) ...
2025-08-09T01:37:34.3878592Z Selecting previously unselected package libdaxctl1:amd64.
2025-08-09T01:37:34.4038800Z Preparing to unpack .../49-libdaxctl1_72.1-1_amd64.deb ...
2025-08-09T01:37:34.4049162Z Unpacking libdaxctl1:amd64 (72.1-1) ...
2025-08-09T01:37:34.4297037Z Selecting previously unselected package libdecor-0-0:amd64.
2025-08-09T01:37:34.4457740Z Preparing to unpack .../50-libdecor-0-0_0.1.0-3build1_amd64.deb ...
2025-08-09T01:37:34.4467570Z Unpacking libdecor-0-0:amd64 (0.1.0-3build1) ...
2025-08-09T01:37:34.4680746Z Selecting previously unselected package libdecor-0-plugin-1-cairo:amd64.
2025-08-09T01:37:34.4843588Z Preparing to unpack .../51-libdecor-0-plugin-1-cairo_0.1.0-3build1_amd64.deb ...
2025-08-09T01:37:34.4854717Z Unpacking libdecor-0-plugin-1-cairo:amd64 (0.1.0-3build1) ...
2025-08-09T01:37:34.5061254Z Selecting previously unselected package libelf-dev:amd64.
2025-08-09T01:37:34.5224022Z Preparing to unpack .../52-libelf-dev_0.186-1ubuntu0.1_amd64.deb ...
2025-08-09T01:37:34.5232953Z Unpacking libelf-dev:amd64 (0.186-1ubuntu0.1) ...
2025-08-09T01:37:34.5587242Z Selecting previously unselected package libgfxdr0:amd64.
2025-08-09T01:37:34.5749599Z Preparing to unpack .../53-libgfxdr0_10.1-1ubuntu0.2_amd64.deb ...
2025-08-09T01:37:34.5759079Z Unpacking libgfxdr0:amd64 (10.1-1ubuntu0.2) ...
2025-08-09T01:37:34.5980154Z Selecting previously unselected package libglusterfs0:amd64.
2025-08-09T01:37:34.6145251Z Preparing to unpack .../54-libglusterfs0_10.1-1ubuntu0.2_amd64.deb ...
2025-08-09T01:37:34.6157703Z Unpacking libglusterfs0:amd64 (10.1-1ubuntu0.2) ...
2025-08-09T01:37:34.6414239Z Selecting previously unselected package libgfrpc0:amd64.
2025-08-09T01:37:34.6577641Z Preparing to unpack .../55-libgfrpc0_10.1-1ubuntu0.2_amd64.deb ...
2025-08-09T01:37:34.6589089Z Unpacking libgfrpc0:amd64 (10.1-1ubuntu0.2) ...
2025-08-09T01:37:34.6807840Z Selecting previously unselected package libgfapi0:amd64.
2025-08-09T01:37:34.6970021Z Preparing to unpack .../56-libgfapi0_10.1-1ubuntu0.2_amd64.deb ...
2025-08-09T01:37:34.6979140Z Unpacking libgfapi0:amd64 (10.1-1ubuntu0.2) ...
2025-08-09T01:37:34.7226636Z Selecting previously unselected package librdmacm1:amd64.
2025-08-09T01:37:34.7391354Z Preparing to unpack .../57-librdmacm1_39.0-1_amd64.deb ...
2025-08-09T01:37:34.7401773Z Unpacking librdmacm1:amd64 (39.0-1) ...
2025-08-09T01:37:34.7662496Z Selecting previously unselected package libiscsi7:amd64.
2025-08-09T01:37:34.7826612Z Preparing to unpack .../58-libiscsi7_1.19.0-3build2_amd64.deb ...
2025-08-09T01:37:34.7839145Z Unpacking libiscsi7:amd64 (1.19.0-3build2) ...
2025-08-09T01:37:34.8068303Z Selecting previously unselected package liblinear4:amd64.
2025-08-09T01:37:34.8260903Z Preparing to unpack .../59-liblinear4_2.3.0+dfsg-5_amd64.deb ...
2025-08-09T01:37:34.8270299Z Unpacking liblinear4:amd64 (2.3.0+dfsg-5) ...
2025-08-09T01:37:34.8526478Z Selecting previously unselected package libndctl6:amd64.
2025-08-09T01:37:34.8691331Z Preparing to unpack .../60-libndctl6_72.1-1_amd64.deb ...
2025-08-09T01:37:34.8702058Z Unpacking libndctl6:amd64 (72.1-1) ...
2025-08-09T01:37:34.8934741Z Selecting previously unselected package libpmem1:amd64.
2025-08-09T01:37:34.9100484Z Preparing to unpack .../61-libpmem1_1.11.1-3build1_amd64.deb ...
2025-08-09T01:37:34.9112737Z Unpacking libpmem1:amd64 (1.11.1-3build1) ...
2025-08-09T01:37:34.9367283Z Selecting previously unselected package libpmemobj1:amd64.
2025-08-09T01:37:34.9531038Z Preparing to unpack .../62-libpmemobj1_1.11.1-3build1_amd64.deb ...
2025-08-09T01:37:34.9543804Z Unpacking libpmemobj1:amd64 (1.11.1-3build1) ...
2025-08-09T01:37:34.9844518Z Selecting previously unselected package librados2.
2025-08-09T01:37:35.0008552Z Preparing to unpack .../63-librados2_17.2.7-0ubuntu0.22.04.2_amd64.deb ...
2025-08-09T01:37:35.0025981Z Unpacking librados2 (17.2.7-0ubuntu0.22.04.2) ...
2025-08-09T01:37:35.0757236Z Selecting previously unselected package librbd1.
2025-08-09T01:37:35.0924077Z Preparing to unpack .../64-librbd1_17.2.7-0ubuntu0.22.04.2_amd64.deb ...
2025-08-09T01:37:35.0946356Z Unpacking librbd1 (17.2.7-0ubuntu0.22.04.2) ...
2025-08-09T01:37:35.1702461Z Selecting previously unselected package libsdl2-2.0-0:amd64.
2025-08-09T01:37:35.1866999Z Preparing to unpack .../65-libsdl2-2.0-0_2.0.20+dfsg-2ubuntu1.22.04.1_amd64.deb ...
2025-08-09T01:37:35.1878913Z Unpacking libsdl2-2.0-0:amd64 (2.0.20+dfsg-2ubuntu1.22.04.1) ...
2025-08-09T01:37:35.2231168Z Selecting previously unselected package libspice-server1:amd64.
2025-08-09T01:37:35.2393059Z Preparing to unpack .../66-libspice-server1_0.15.0-2ubuntu4_amd64.deb ...
2025-08-09T01:37:35.2409390Z Unpacking libspice-server1:amd64 (0.15.0-2ubuntu4) ...
2025-08-09T01:37:35.2709697Z Selecting previously unselected package liburing2:amd64.
2025-08-09T01:37:35.2874122Z Preparing to unpack .../67-liburing2_2.1-2build1_amd64.deb ...
2025-08-09T01:37:35.2886191Z Unpacking liburing2:amd64 (2.1-2build1) ...
2025-08-09T01:37:35.3156770Z Selecting previously unselected package libusbredirparser1:amd64.
2025-08-09T01:37:35.3320041Z Preparing to unpack .../68-libusbredirparser1_0.11.0-2build1_amd64.deb ...
2025-08-09T01:37:35.3331770Z Unpacking libusbredirparser1:amd64 (0.11.0-2build1) ...
2025-08-09T01:37:35.3602308Z Selecting previously unselected package libvirglrenderer1:amd64.
2025-08-09T01:37:35.3766458Z Preparing to unpack .../69-libvirglrenderer1_0.9.1-1~exp1ubuntu2_amd64.deb ...
2025-08-09T01:37:35.3780805Z Unpacking libvirglrenderer1:amd64 (0.9.1-1~exp1ubuntu2) ...
2025-08-09T01:37:35.4030358Z Selecting previously unselected package libvte-2.91-common.
2025-08-09T01:37:35.4194625Z Preparing to unpack .../70-libvte-2.91-common_0.68.0-1ubuntu0.1_amd64.deb ...
2025-08-09T01:37:35.4204763Z Unpacking libvte-2.91-common (0.68.0-1ubuntu0.1) ...
2025-08-09T01:37:35.4456823Z Selecting previously unselected package libvte-2.91-0:amd64.
2025-08-09T01:37:35.4621129Z Preparing to unpack .../71-libvte-2.91-0_0.68.0-1ubuntu0.1_amd64.deb ...
2025-08-09T01:37:35.4632164Z Unpacking libvte-2.91-0:amd64 (0.68.0-1ubuntu0.1) ...
2025-08-09T01:37:35.4865159Z Selecting previously unselected package debootstrap.
2025-08-09T01:37:35.5028794Z Preparing to unpack .../72-debootstrap_1.0.126+nmu1ubuntu0.8_all.deb ...
2025-08-09T01:37:35.5037347Z Unpacking debootstrap (1.0.126+nmu1ubuntu0.8) ...
2025-08-09T01:37:35.5420359Z Selecting previously unselected package live-build.
2025-08-09T01:37:35.5583719Z Preparing to unpack .../73-live-build_3.0~a57-1ubuntu41.22.04.1_all.deb ...
2025-08-09T01:37:35.5596017Z Unpacking live-build (3.0~a57-1ubuntu41.22.04.1) ...
2025-08-09T01:37:35.6626258Z Selecting previously unselected package lua-lpeg:amd64.
2025-08-09T01:37:35.6793169Z Preparing to unpack .../74-lua-lpeg_1.0.2-1_amd64.deb ...
2025-08-09T01:37:35.6804215Z Unpacking lua-lpeg:amd64 (1.0.2-1) ...
2025-08-09T01:37:35.7076594Z Selecting previously unselected package mtools.
2025-08-09T01:37:35.7242914Z Preparing to unpack .../75-mtools_4.0.33-1+really4.0.32-1build1_amd64.deb ...
2025-08-09T01:37:35.7256971Z Unpacking mtools (4.0.33-1+really4.0.32-1build1) ...
2025-08-09T01:37:35.8543532Z Selecting previously unselected package nmap-common.
2025-08-09T01:37:35.8709788Z Preparing to unpack .../76-nmap-common_7.91+dfsg1+really7.80+dfsg1-2ubuntu0.1_all.deb ...
2025-08-09T01:37:35.8719915Z Unpacking nmap-common (7.91+dfsg1+really7.80+dfsg1-2ubuntu0.1) ...
2025-08-09T01:37:36.0723578Z Selecting previously unselected package pv.
2025-08-09T01:37:36.0890715Z Preparing to unpack .../77-pv_1.6.6-1build2_amd64.deb ...
2025-08-09T01:37:36.0904111Z Unpacking pv (1.6.6-1build2) ...
2025-08-09T01:37:36.1248322Z Selecting previously unselected package libfdt1:amd64.
2025-08-09T01:37:36.1413020Z Preparing to unpack .../78-libfdt1_1.6.1-1_amd64.deb ...
2025-08-09T01:37:36.1430281Z Unpacking libfdt1:amd64 (1.6.1-1) ...
2025-08-09T01:37:36.1687004Z Selecting previously unselected package qemu-system-common.
2025-08-09T01:37:36.1852405Z Preparing to unpack .../79-qemu-system-common_1%3a6.2+dfsg-2ubuntu6.26_amd64.deb ...
2025-08-09T01:37:36.1863425Z Unpacking qemu-system-common (1:6.2+dfsg-2ubuntu6.26) ...
2025-08-09T01:37:36.2828714Z Selecting previously unselected package qemu-system-data.
2025-08-09T01:37:36.2994019Z Preparing to unpack .../80-qemu-system-data_1%3a6.2+dfsg-2ubuntu6.26_all.deb ...
2025-08-09T01:37:36.3008651Z Unpacking qemu-system-data (1:6.2+dfsg-2ubuntu6.26) ...
2025-08-09T01:37:36.3696313Z Selecting previously unselected package seabios.
2025-08-09T01:37:36.3863798Z Preparing to unpack .../81-seabios_1.15.0-1_all.deb ...
2025-08-09T01:37:36.3872702Z Unpacking seabios (1.15.0-1) ...
2025-08-09T01:37:36.4151035Z Selecting previously unselected package qemu-system-x86.
2025-08-09T01:37:36.4318331Z Preparing to unpack .../82-qemu-system-x86_1%3a6.2+dfsg-2ubuntu6.26_amd64.deb ...
2025-08-09T01:37:36.4468713Z Unpacking qemu-system-x86 (1:6.2+dfsg-2ubuntu6.26) ...
2025-08-09T01:37:36.6714412Z Selecting previously unselected package qemu-utils.
2025-08-09T01:37:36.6879875Z Preparing to unpack .../83-qemu-utils_1%3a6.2+dfsg-2ubuntu6.26_amd64.deb ...
2025-08-09T01:37:36.6898289Z Unpacking qemu-utils (1:6.2+dfsg-2ubuntu6.26) ...
2025-08-09T01:37:36.7495152Z Selecting previously unselected package qemu-block-extra.
2025-08-09T01:37:36.7659897Z Preparing to unpack .../84-qemu-block-extra_1%3a6.2+dfsg-2ubuntu6.26_amd64.deb ...
2025-08-09T01:37:36.7698874Z Unpacking qemu-block-extra (1:6.2+dfsg-2ubuntu6.26) ...
2025-08-09T01:37:36.7948405Z Selecting previously unselected package qemu-system-gui.
2025-08-09T01:37:36.8120417Z Preparing to unpack .../85-qemu-system-gui_1%3a6.2+dfsg-2ubuntu6.26_amd64.deb ...
2025-08-09T01:37:36.8133953Z Unpacking qemu-system-gui (1:6.2+dfsg-2ubuntu6.26) ...
2025-08-09T01:37:36.8397081Z Selecting previously unselected package syslinux-common.
2025-08-09T01:37:36.8562068Z Preparing to unpack .../86-syslinux-common_3%3a6.04~git20190206.bf6db5b4+dfsg1-3ubuntu1_all.deb ...
2025-08-09T01:37:36.8574852Z Unpacking syslinux-common (3:6.04~git20190206.bf6db5b4+dfsg1-3ubuntu1) ...
2025-08-09T01:37:36.9160116Z Selecting previously unselected package syslinux-utils.
2025-08-09T01:37:36.9325183Z Preparing to unpack .../87-syslinux-utils_3%3a6.04~git20190206.bf6db5b4+dfsg1-3ubuntu1_amd64.deb ...
2025-08-09T01:37:36.9337599Z Unpacking syslinux-utils (3:6.04~git20190206.bf6db5b4+dfsg1-3ubuntu1) ...
2025-08-09T01:37:36.9773758Z Selecting previously unselected package nmap.
2025-08-09T01:37:36.9938689Z Preparing to unpack .../88-nmap_7.91+dfsg1+really7.80+dfsg1-2ubuntu0.1_amd64.deb ...
2025-08-09T01:37:36.9951370Z Unpacking nmap (7.91+dfsg1+really7.80+dfsg1-2ubuntu0.1) ...
2025-08-09T01:37:37.0567774Z Selecting previously unselected package ovmf.
2025-08-09T01:37:37.0734430Z Preparing to unpack .../89-ovmf_2022.02-3ubuntu0.22.04.3_all.deb ...
2025-08-09T01:37:37.0754988Z Unpacking ovmf (2022.02-3ubuntu0.22.04.3) ...
2025-08-09T01:37:37.1701338Z Setting up genisoimage (9:1.1.11-3.2ubuntu1) ...
2025-08-09T01:37:37.1739363Z Setting up libcdparanoia0:amd64 (3.10.2+debian-14build2) ...
2025-08-09T01:37:37.1770712Z Setting up lua-lpeg:amd64 (1.0.2-1) ...
2025-08-09T01:37:37.1821765Z Setting up debootstrap (1.0.126+nmu1ubuntu0.8) ...
2025-08-09T01:37:37.1867040Z Setting up libraw1394-11:amd64 (2.1.2-2build2) ...
2025-08-09T01:37:37.1899954Z Setting up libtag1v5-vanilla:amd64 (1.11.1+dfsg.1-3ubuntu3) ...
2025-08-09T01:37:37.1938011Z Setting up libmpg123-0:amd64 (1.29.3-1ubuntu0.1) ...
2025-08-09T01:37:37.1970339Z Setting up isolinux (3:6.04~git20190206.bf6db5b4+dfsg1-3ubuntu1) ...
2025-08-09T01:37:37.2015922Z Setting up libspeex1:amd64 (1.2~rc1.2-1.1ubuntu3) ...
2025-08-09T01:37:37.2063352Z Setting up libcaca0:amd64 (0.99.beta19-2.2ubuntu4) ...
2025-08-09T01:37:37.2104489Z Setting up libtwolame0:amd64 (0.4.0-2build2) ...
2025-08-09T01:37:37.2174807Z Setting up libvte-2.91-common (0.68.0-1ubuntu0.1) ...
2025-08-09T01:37:37.2236928Z Setting up libvisual-0.4-0:amd64 (0.4.0-17build2) ...
2025-08-09T01:37:37.2290139Z Setting up mtools (4.0.33-1+really4.0.32-1build1) ...
2025-08-09T01:37:37.2337700Z Setting up libboost-iostreams1.74.0:amd64 (1.74.0-14ubuntu3) ...
2025-08-09T01:37:37.2387283Z Setting up msr-tools (1.3-4) ...
2025-08-09T01:37:37.2417813Z Setting up syslinux-common (3:6.04~git20190206.bf6db5b4+dfsg1-3ubuntu1) ...
2025-08-09T01:37:37.2449884Z Setting up live-build (3.0~a57-1ubuntu41.22.04.1) ...
2025-08-09T01:37:37.2493646Z Setting up libfdt1:amd64 (1.6.1-1) ...
2025-08-09T01:37:37.2524020Z Setting up libvte-2.91-0:amd64 (0.68.0-1ubuntu0.1) ...
2025-08-09T01:37:37.2563110Z Setting up libusbredirparser1:amd64 (0.11.0-2build1) ...
2025-08-09T01:37:37.2608327Z Setting up liblinear4:amd64 (2.3.0+dfsg-5) ...
2025-08-09T01:37:37.2743479Z Setting up libflac8:amd64 (1.3.3-2ubuntu0.2) ...
2025-08-09T01:37:37.2784267Z Setting up syslinux-utils (3:6.04~git20190206.bf6db5b4+dfsg1-3ubuntu1) ...
2025-08-09T01:37:37.2898758Z Setting up libnl-route-3-200:amd64 (3.5.0-0.1) ...
2025-08-09T01:37:37.2931642Z Setting up ovmf (2022.02-3ubuntu0.22.04.3) ...
2025-08-09T01:37:37.2967850Z Setting up libglusterfs0:amd64 (10.1-1ubuntu0.2) ...
2025-08-09T01:37:37.3009583Z Setting up libvirglrenderer1:amd64 (0.9.1-1~exp1ubuntu2) ...
2025-08-09T01:37:37.3047551Z Setting up libopus0:amd64 (1.3.1-0.1build2) ...
2025-08-09T01:37:37.3090829Z Setting up libxv1:amd64 (2:1.0.11-1build2) ...
2025-08-09T01:37:37.3128788Z Setting up liborc-0.4-0:amd64 (1:0.4.32-2ubuntu0.1) ...
2025-08-09T01:37:37.3177421Z Setting up libelf-dev:amd64 (0.186-1ubuntu0.1) ...
2025-08-09T01:37:37.3222072Z Setting up libpcsclite1:amd64 (1.9.5-3ubuntu1) ...
2025-08-09T01:37:37.3285190Z Setting up libdaxctl1:amd64 (72.1-1) ...
2025-08-09T01:37:37.3326064Z Setting up qemu-system-data (1:6.2+dfsg-2ubuntu6.26) ...
2025-08-09T01:37:37.3361343Z Setting up seabios (1.15.0-1) ...
2025-08-09T01:37:37.3393795Z Setting up nmap-common (7.91+dfsg1+really7.80+dfsg1-2ubuntu0.1) ...
2025-08-09T01:37:37.3771816Z Setting up libtag1v5:amd64 (1.11.1+dfsg.1-3ubuntu3) ...
2025-08-09T01:37:37.3804517Z Setting up cpu-checker (0.7-1.3build1) ...
2025-08-09T01:37:37.3839873Z Setting up libdv4:amd64 (1.0.0-14build1) ...
2025-08-09T01:37:37.3880687Z Setting up libasyncns0:amd64 (0.8-6build2) ...
2025-08-09T01:37:37.3911586Z Setting up pv (1.6.6-1build2) ...
2025-08-09T01:37:37.3942675Z Setting up libwavpack1:amd64 (5.4.0-1build2) ...
2025-08-09T01:37:37.3981822Z Setting up ipxe-qemu (1.21.1+git-20220113.fbbdc3926-0ubuntu1) ...
2025-08-09T01:37:37.4016090Z Setting up libtheora0:amd64 (1.1.1+dfsg.1-15ubuntu4) ...
2025-08-09T01:37:37.4053300Z Setting up libv4lconvert0:amd64 (1.22.1-2build1) ...
2025-08-09T01:37:37.4084551Z Setting up libdecor-0-0:amd64 (0.1.0-3build1) ...
2025-08-09T01:37:37.4114184Z Setting up libndctl6:amd64 (72.1-1) ...
2025-08-09T01:37:37.4158123Z Setting up ipxe-qemu-256k-compat-efi-roms (1.0.0+git-20150424.a25a16d-0ubuntu4) ...
2025-08-09T01:37:37.4193980Z Setting up libvpx7:amd64 (1.11.0-2ubuntu2.4) ...
2025-08-09T01:37:37.4227578Z Setting up libbrlapi0.8:amd64 (6.4-4ubuntu3) ...
2025-08-09T01:37:37.4264267Z Setting up liburing2:amd64 (2.1-2build1) ...
2025-08-09T01:37:37.4319629Z Setting up libsamplerate0:amd64 (0.2.2-1build1) ...
2025-08-09T01:37:37.4361100Z Setting up libpmem1:amd64 (1.11.1-3build1) ...
2025-08-09T01:37:37.4418096Z Setting up libmp3lame0:amd64 (3.100-3build2) ...
2025-08-09T01:37:37.4448296Z Setting up libvorbisenc2:amd64 (1.3.7-1build2) ...
2025-08-09T01:37:37.4473286Z Setting up libgfxdr0:amd64 (10.1-1ubuntu0.2) ...
2025-08-09T01:37:37.4510736Z Setting up libboost-thread1.74.0:amd64 (1.74.0-14ubuntu3) ...
2025-08-09T01:37:37.4539815Z Setting up libaa1:amd64 (1.4p5-50build1) ...
2025-08-09T01:37:37.4573506Z Setting up libiec61883-0:amd64 (1.2.0-4build3) ...
2025-08-09T01:37:37.4610325Z Setting up libavc1394-0:amd64 (0.5.4-5build2) ...
2025-08-09T01:37:37.4641174Z Setting up libibverbs1:amd64 (39.0-1) ...
2025-08-09T01:37:37.5250355Z Setting up ibverbs-providers:amd64 (39.0-1) ...
2025-08-09T01:37:37.5611776Z Setting up libgstreamer-plugins-base1.0-0:amd64 (1.20.1-1ubuntu0.4) ...
2025-08-09T01:37:37.5663779Z Setting up nmap (7.91+dfsg1+really7.80+dfsg1-2ubuntu0.1) ...
2025-08-09T01:37:37.5703792Z Setting up libcacard0:amd64 (1:2.8.0-3build2) ...
2025-08-09T01:37:37.5737390Z Setting up libv4l-0:amd64 (1.22.1-2build1) ...
2025-08-09T01:37:37.5786439Z Setting up libgstreamer-plugins-good1.0-0:amd64 (1.20.3-0ubuntu1.3) ...
2025-08-09T01:37:37.5838946Z Setting up gstreamer1.0-plugins-base:amd64 (1.20.1-1ubuntu0.4) ...
2025-08-09T01:37:37.5872480Z Setting up libshout3:amd64 (2.4.5-1build3) ...
2025-08-09T01:37:37.5913850Z Setting up libpmemobj1:amd64 (1.11.1-3build1) ...
2025-08-09T01:37:37.5957371Z Setting up libdecor-0-plugin-1-cairo:amd64 (0.1.0-3build1) ...
2025-08-09T01:37:37.6004243Z Setting up libjack-jackd2-0:amd64 (1.9.20~dfsg-1) ...
2025-08-09T01:37:37.6043189Z Setting up libsndfile1:amd64 (1.0.31-2ubuntu0.2) ...
2025-08-09T01:37:37.6077934Z Setting up qemu-utils (1:6.2+dfsg-2ubuntu6.26) ...
2025-08-09T01:37:37.6117170Z Setting up libgfrpc0:amd64 (10.1-1ubuntu0.2) ...
2025-08-09T01:37:37.6158137Z Setting up librdmacm1:amd64 (39.0-1) ...
2025-08-09T01:37:37.6195053Z Setting up librados2 (17.2.7-0ubuntu0.22.04.2) ...
2025-08-09T01:37:37.6379015Z Setting up gstreamer1.0-x:amd64 (1.20.1-1ubuntu0.4) ...
2025-08-09T01:37:37.6440864Z Setting up libpulse0:amd64 (1:15.99.1+dfsg1-1ubuntu2.2) ...
2025-08-09T01:37:37.6576765Z Setting up gstreamer1.0-plugins-good:amd64 (1.20.3-0ubuntu1.3) ...
2025-08-09T01:37:37.6616782Z Setting up libspice-server1:amd64 (0.15.0-2ubuntu4) ...
2025-08-09T01:37:37.6658122Z Setting up librbd1 (17.2.7-0ubuntu0.22.04.2) ...
2025-08-09T01:37:37.6700128Z Setting up libgfapi0:amd64 (10.1-1ubuntu0.2) ...
2025-08-09T01:37:37.6755712Z Setting up libiscsi7:amd64 (1.19.0-3build2) ...
2025-08-09T01:37:37.6802449Z Setting up libsdl2-2.0-0:amd64 (2.0.20+dfsg-2ubuntu1.22.04.1) ...
2025-08-09T01:37:37.6849072Z Setting up qemu-block-extra (1:6.2+dfsg-2ubuntu6.26) ...
2025-08-09T01:37:37.9696248Z Created symlink /etc/systemd/system/multi-user.target.wants/run-qemu.mount → /lib/systemd/system/run-qemu.mount.
2025-08-09T01:37:38.3964511Z Setting up qemu-system-common (1:6.2+dfsg-2ubuntu6.26) ...
2025-08-09T01:37:38.5034272Z Created symlink /etc/systemd/system/multi-user.target.wants/qemu-kvm.service → /lib/systemd/system/qemu-kvm.service.
2025-08-09T01:37:39.3508962Z Setting up qemu-system-x86 (1:6.2+dfsg-2ubuntu6.26) ...
2025-08-09T01:37:39.3549107Z Setting up qemu-system-gui (1:6.2+dfsg-2ubuntu6.26) ...
2025-08-09T01:37:39.3612051Z Processing triggers for man-db (2.10.2-1) ...
2025-08-09T01:37:40.7112703Z Processing triggers for install-info (6.8-4build1) ...
2025-08-09T01:37:40.9347345Z Processing triggers for hicolor-icon-theme (0.17-2) ...
2025-08-09T01:37:41.3635749Z Processing triggers for libc-bin (2.35-0ubuntu3.10) ...
2025-08-09T01:37:41.7153356Z NEEDRESTART-VER: 3.5
2025-08-09T01:37:42.3120731Z NEEDRESTART-KCUR: 6.8.0-1031-azure
2025-08-09T01:37:42.3121222Z NEEDRESTART-KEXP: 6.8.0-1031-azure
2025-08-09T01:37:42.3121601Z NEEDRESTART-KSTA: 1
2025-08-09T01:37:42.3121962Z NEEDRESTART-SVC: hosted-compute-agent.service
2025-08-09T01:37:43.6049763Z ##[group]Run echo "CLUSTER_MODE=main" >> $GITHUB_ENV
2025-08-09T01:37:43.6050127Z [36;1mecho "CLUSTER_MODE=main" >> $GITHUB_ENV[0m
2025-08-09T01:37:43.6050401Z [36;1mecho "ENABLE_GUI=true" >> $GITHUB_ENV[0m
2025-08-09T01:37:43.6050674Z [36;1mecho "SKIP_QEMU_TEST=true" >> $GITHUB_ENV[0m
2025-08-09T01:37:43.6050974Z [36;1mecho "BUILD_THREADS=2" >> $GITHUB_ENV  # Limit for CI[0m
2025-08-09T01:37:43.6051429Z [36;1mecho "SKIP_CONNECTIVITY_CHECK=true" >> $GITHUB_ENV  # Skip redundant check in CI[0m
2025-08-09T01:37:43.6078673Z shell: /usr/bin/bash -e {0}
2025-08-09T01:37:43.6078901Z ##[endgroup]
2025-08-09T01:37:43.6149761Z ##[group]Run chmod +x ainux-builder.sh
2025-08-09T01:37:43.6150074Z [36;1mchmod +x ainux-builder.sh[0m
2025-08-09T01:37:43.6150292Z [36;1m[0m
2025-08-09T01:37:43.6150458Z [36;1m# Add debug output[0m
2025-08-09T01:37:43.6150653Z [36;1mset -x[0m
2025-08-09T01:37:43.6150816Z [36;1m[0m
2025-08-09T01:37:43.6151003Z [36;1m# Run build with timeout (2 hours max)[0m
2025-08-09T01:37:43.6151287Z [36;1mtimeout 7200 ./ainux-builder.sh || {[0m
2025-08-09T01:37:43.6151552Z [36;1m  echo "Build timed out or failed"[0m
2025-08-09T01:37:43.6151834Z [36;1m  echo "=== Last 100 lines of any available logs ==="[0m
2025-08-09T01:37:43.6152291Z [36;1m  find ~/ainux-build/logs -name "*.log" -exec tail -50 {} \; 2>/dev/null || echo "No log files found"[0m
2025-08-09T01:37:43.6152671Z [36;1m  [0m
2025-08-09T01:37:43.6152857Z [36;1m  echo "=== Environment Variables ==="[0m
2025-08-09T01:37:43.6153178Z [36;1m  env | grep -E "(CLUSTER_MODE|ENABLE_GUI|SKIP_|BUILD_)" || true[0m
2025-08-09T01:37:43.6153501Z [36;1m  [0m
2025-08-09T01:37:43.6153664Z [36;1m  echo "=== Disk Usage ==="[0m
2025-08-09T01:37:43.6153891Z [36;1m  df -h || true[0m
2025-08-09T01:37:43.6154067Z [36;1m  [0m
2025-08-09T01:37:43.6154236Z [36;1m  echo "=== Memory Usage ==="[0m
2025-08-09T01:37:43.6154464Z [36;1m  free -h || true[0m
2025-08-09T01:37:43.6154646Z [36;1m  [0m
2025-08-09T01:37:43.6154797Z [36;1m  exit 1[0m
2025-08-09T01:37:43.6154955Z [36;1m}[0m
2025-08-09T01:37:43.6178805Z shell: /usr/bin/bash -e {0}
2025-08-09T01:37:43.6179018Z env:
2025-08-09T01:37:43.6179178Z   CLUSTER_MODE: main
2025-08-09T01:37:43.6179369Z   ENABLE_GUI: true
2025-08-09T01:37:43.6179538Z   SKIP_QEMU_TEST: true
2025-08-09T01:37:43.6179717Z   BUILD_THREADS: 2
2025-08-09T01:37:43.6179892Z   SKIP_CONNECTIVITY_CHECK: true
2025-08-09T01:37:43.6180109Z ##[endgroup]
2025-08-09T01:37:43.6231630Z + timeout 7200 ./ainux-builder.sh
2025-08-09T01:37:43.6307271Z 
2025-08-09T01:37:43.6307977Z [0;35m[PHASE][0m Starting Ainux OS AI Cluster Builder Process
2025-08-09T01:37:43.6308381Z 
2025-08-09T01:37:43.6308390Z 
2025-08-09T01:37:43.6308619Z [0;35m[PHASE][0m Checking Prerequisites
2025-08-09T01:37:43.6308908Z 
2025-08-09T01:37:43.6354825Z [0;34m[INFO][0m Detected Ubuntu 22.04 LTS - supported
2025-08-09T01:37:43.6383102Z [0;34m[INFO][0m Disk space check passed: 36GB available
2025-08-09T01:37:43.6383760Z [0;34m[INFO][0m Checking internet connectivity...
2025-08-09T01:37:43.6384519Z [1;33m[WARNING][0m Skipping connectivity check (SKIP_CONNECTIVITY_CHECK=true)
2025-08-09T01:37:43.6385248Z [0;32m[SUCCESS][0m Prerequisites check passed
2025-08-09T01:37:43.6386011Z 
2025-08-09T01:37:43.6386385Z [0;35m[PHASE][0m Initializing Ainux OS AI Cluster Build Environment
2025-08-09T01:37:43.6386812Z 
2025-08-09T01:37:43.6387025Z [0;34m[INFO][0m Build Configuration:
2025-08-09T01:37:43.6387503Z [0;34m[INFO][0m   Kernel Version: 6.6.58
2025-08-09T01:37:43.6387991Z [0;34m[INFO][0m   Cluster Mode: main
2025-08-09T01:37:43.6388463Z [0;34m[INFO][0m   Build Threads: 2
2025-08-09T01:37:43.6389036Z [0;34m[INFO][0m   GUI Enabled: true
2025-08-09T01:37:43.6389355Z [0;34m[INFO][0m   Build Directory: /home/runner/ainux-build
2025-08-09T01:37:43.6389706Z [0;34m[INFO][0m Installing build dependencies...
2025-08-09T01:37:43.6390100Z [0;34m[INFO][0m Detected CI environment - applying optimizations...
2025-08-09T01:37:45.1898829Z 
2025-08-09T01:37:45.1899484Z WARNING: apt does not have a stable CLI interface. Use with caution in scripts.
2025-08-09T01:37:45.1899819Z 
2025-08-09T01:37:45.2285917Z Reading package lists...
2025-08-09T01:37:45.3958086Z Building dependency tree...
2025-08-09T01:37:45.3969791Z Reading state information...
2025-08-09T01:37:45.5329891Z bc is already the newest version (1.07.1-3build1).
2025-08-09T01:37:45.5330515Z bison is already the newest version (2:3.8.2+dfsg-1build1).
2025-08-09T01:37:45.5331111Z build-essential is already the newest version (12.9ubuntu3).
2025-08-09T01:37:45.5332206Z dosfstools is already the newest version (4.2-1build3).
2025-08-09T01:37:45.5332754Z flex is already the newest version (2.6.4-8build2).
2025-08-09T01:37:45.5333127Z gcc is already the newest version (4:11.2.0-1ubuntu1).
2025-08-09T01:37:45.5333483Z genisoimage is already the newest version (9:1.1.11-3.2ubuntu1).
2025-08-09T01:37:45.5333830Z make is already the newest version (4.3-4.1build1).
2025-08-09T01:37:45.5334184Z mtools is already the newest version (4.0.33-1+really4.0.32-1build1).
2025-08-09T01:37:45.5334539Z pv is already the newest version (1.6.6-1build2).
2025-08-09T01:37:45.5334885Z squashfs-tools is already the newest version (1:4.5-3build1).
2025-08-09T01:37:45.5335338Z isolinux is already the newest version (3:6.04~git20190206.bf6db5b4+dfsg1-3ubuntu1).
2025-08-09T01:37:45.5336173Z syslinux-utils is already the newest version (3:6.04~git20190206.bf6db5b4+dfsg1-3ubuntu1).
2025-08-09T01:37:45.5336607Z xorriso is already the newest version (1.5.4-2).
2025-08-09T01:37:45.5336929Z curl is already the newest version (7.81.0-1ubuntu1.20).
2025-08-09T01:37:45.5337309Z debootstrap is already the newest version (1.0.126+nmu1ubuntu0.8).
2025-08-09T01:37:45.5337724Z grub-efi-amd64-bin is already the newest version (2.06-2ubuntu14.8).
2025-08-09T01:37:45.5338114Z grub-pc-bin is already the newest version (2.06-2ubuntu7.2).
2025-08-09T01:37:45.5338474Z libelf-dev is already the newest version (0.186-1ubuntu0.1).
2025-08-09T01:37:45.5338843Z libncurses-dev is already the newest version (6.3-2ubuntu0.1).
2025-08-09T01:37:45.5339218Z libssl-dev is already the newest version (3.0.2-0ubuntu1.19).
2025-08-09T01:37:45.5339601Z live-build is already the newest version (3.0~a57-1ubuntu41.22.04.1).
2025-08-09T01:37:45.5340024Z qemu-system-x86 is already the newest version (1:6.2+dfsg-2ubuntu6.26).
2025-08-09T01:37:45.5340418Z rsync is already the newest version (3.2.7-0ubuntu0.22.04.4).
2025-08-09T01:37:45.5340751Z wget is already the newest version (1.21.2-2ubuntu1.1).
2025-08-09T01:37:45.5341144Z nmap is already the newest version (7.91+dfsg1+really7.80+dfsg1-2ubuntu0.1).
2025-08-09T01:37:45.5341581Z python3-pip is already the newest version (22.0.2+dfsg-1ubuntu0.6).
2025-08-09T01:37:45.5341978Z git is already the newest version (1:2.50.1-0ppa1~ubuntu22.04.1).
2025-08-09T01:37:45.5732815Z The following NEW packages will be installed:
2025-08-09T01:37:45.5740188Z   dialog
2025-08-09T01:37:45.6027444Z 0 upgraded, 1 newly installed, 0 to remove and 16 not upgraded.
2025-08-09T01:37:45.6361368Z Need to get 303 kB of archives.
2025-08-09T01:37:45.6361975Z After this operation, 1258 kB of additional disk space will be used.
2025-08-09T01:37:45.6362597Z Get:1 file:/etc/apt/apt-mirrors.txt Mirrorlist [144 B]
2025-08-09T01:37:45.7334808Z Get:2 http://azure.archive.ubuntu.com/ubuntu jammy/universe amd64 dialog amd64 1.3-20211214-1 [303 kB]
2025-08-09T01:37:46.0271595Z Fetched 303 kB in 0s (2650 kB/s)
2025-08-09T01:37:46.0476615Z Selecting previously unselected package dialog.
2025-08-09T01:37:46.0546607Z (Reading database ... 
2025-08-09T01:37:46.0547024Z (Reading database ... 5%
2025-08-09T01:37:46.0547687Z (Reading database ... 10%
2025-08-09T01:37:46.0548036Z (Reading database ... 15%
2025-08-09T01:37:46.0548359Z (Reading database ... 20%
2025-08-09T01:37:46.0548695Z (Reading database ... 25%
2025-08-09T01:37:46.0549027Z (Reading database ... 30%
2025-08-09T01:37:46.0549346Z (Reading database ... 35%
2025-08-09T01:37:46.0549671Z (Reading database ... 40%
2025-08-09T01:37:46.0549985Z (Reading database ... 45%
2025-08-09T01:37:46.0550310Z (Reading database ... 50%
2025-08-09T01:37:46.0602267Z (Reading database ... 55%
2025-08-09T01:37:46.0634325Z (Reading database ... 60%
2025-08-09T01:37:46.0655728Z (Reading database ... 65%
2025-08-09T01:37:46.0737145Z (Reading database ... 70%
2025-08-09T01:37:46.0901228Z (Reading database ... 75%
2025-08-09T01:37:46.0926749Z (Reading database ... 80%
2025-08-09T01:37:46.1191550Z (Reading database ... 85%
2025-08-09T01:37:46.1267724Z (Reading database ... 90%
2025-08-09T01:37:46.1413232Z (Reading database ... 95%
2025-08-09T01:37:46.1414062Z (Reading database ... 100%
2025-08-09T01:37:46.1414655Z (Reading database ... 270634 files and directories currently installed.)
2025-08-09T01:37:46.1465855Z Preparing to unpack .../dialog_1.3-20211214-1_amd64.deb ...
2025-08-09T01:37:46.1482495Z Unpacking dialog (1.3-20211214-1) ...
2025-08-09T01:37:46.3012554Z Setting up dialog (1.3-20211214-1) ...
2025-08-09T01:37:46.3066057Z Processing triggers for man-db (2.10.2-1) ...
2025-08-09T01:37:46.8575539Z NEEDRESTART-VER: 3.5
2025-08-09T01:37:47.0880853Z NEEDRESTART-KCUR: 6.8.0-1031-azure
2025-08-09T01:37:47.0881316Z NEEDRESTART-KEXP: 6.8.0-1031-azure
2025-08-09T01:37:47.0881577Z NEEDRESTART-KSTA: 1
2025-08-09T01:37:47.0881840Z NEEDRESTART-SVC: hosted-compute-agent.service
2025-08-09T01:37:48.4144990Z [0;34m[INFO][0m Applying CI space optimizations...
2025-08-09T01:37:49.3418136Z Reading package lists...
2025-08-09T01:37:49.5178871Z Building dependency tree...
2025-08-09T01:37:49.5191157Z Reading state information...
2025-08-09T01:37:49.6568996Z The following packages will be REMOVED:
2025-08-09T01:37:49.6569872Z   apport-symptoms landscape-common libintl-perl libintl-xs-perl libisns0
2025-08-09T01:37:49.6570963Z   liblldb-13 liblldb-15 libmodule-find-perl libmodule-scandeps-perl libmspack0
2025-08-09T01:37:49.6589016Z   libopeniscsiusr libproc-processtable-perl libsort-naturally-perl
2025-08-09T01:37:49.6589763Z   libterm-readkey-perl libxmlsec1 libxmlsec1-openssl lxd-agent-loader
2025-08-09T01:37:49.6590489Z   needrestart open-iscsi open-vm-tools python3-apport python3-automat
2025-08-09T01:37:49.6591025Z   python3-bcrypt python3-click python3-colorama python3-constantly
2025-08-09T01:37:49.6591420Z   python3-hamcrest python3-hyperlink python3-incremental
2025-08-09T01:37:49.6591791Z   python3-problem-report python3-pyasn1 python3-pyasn1-modules
2025-08-09T01:37:49.6592176Z   python3-service-identity python3-systemd python3-twisted
2025-08-09T01:37:49.6592483Z   python3-zope.interface zerofree
2025-08-09T01:37:49.9858538Z 0 upgraded, 0 newly installed, 37 to remove and 14 not upgraded.
2025-08-09T01:37:49.9858973Z After this operation, 62.7 MB disk space will be freed.
2025-08-09T01:37:50.0079751Z (Reading database ... 
2025-08-09T01:37:50.0080159Z (Reading database ... 5%
2025-08-09T01:37:50.0080514Z (Reading database ... 10%
2025-08-09T01:37:50.0080843Z (Reading database ... 15%
2025-08-09T01:37:50.0081173Z (Reading database ... 20%
2025-08-09T01:37:50.0081491Z (Reading database ... 25%
2025-08-09T01:37:50.0081822Z (Reading database ... 30%
2025-08-09T01:37:50.0082145Z (Reading database ... 35%
2025-08-09T01:37:50.0082471Z (Reading database ... 40%
2025-08-09T01:37:50.0082786Z (Reading database ... 45%
2025-08-09T01:37:50.0083111Z (Reading database ... 50%
2025-08-09T01:37:50.0135872Z (Reading database ... 55%
2025-08-09T01:37:50.0166459Z (Reading database ... 60%
2025-08-09T01:37:50.0186844Z (Reading database ... 65%
2025-08-09T01:37:50.0265348Z (Reading database ... 70%
2025-08-09T01:37:50.0428758Z (Reading database ... 75%
2025-08-09T01:37:50.0453679Z (Reading database ... 80%
2025-08-09T01:37:50.0729528Z (Reading database ... 85%
2025-08-09T01:37:50.0810755Z (Reading database ... 90%
2025-08-09T01:37:50.0962733Z (Reading database ... 95%
2025-08-09T01:37:50.0963081Z (Reading database ... 100%
2025-08-09T01:37:50.0963534Z (Reading database ... 270787 files and directories currently installed.)
2025-08-09T01:37:50.1015763Z Removing apport-symptoms (0.24) ...
2025-08-09T01:37:50.1256133Z Removing landscape-common (23.02-0ubuntu1~22.04.4) ...
2025-08-09T01:37:50.2486459Z Removing libintl-xs-perl (1.26-3build2) ...
2025-08-09T01:37:50.2728731Z Removing needrestart (3.5-5ubuntu2.4) ...
2025-08-09T01:37:50.3296343Z Removing libintl-perl (1.26-3build2) ...
2025-08-09T01:37:50.3625095Z Removing open-iscsi (2.1.5-1ubuntu1.1) ...
2025-08-09T01:37:50.5393144Z Warning: Stopping iscsid.service, but it can still be activated by:
2025-08-09T01:37:50.5393742Z   iscsid.socket
2025-08-09T01:37:51.9300667Z Removing libisns0:amd64 (0.101-0ubuntu2) ...
2025-08-09T01:37:51.9532623Z Removing liblldb-13 (1:13.0.1-2ubuntu2.2) ...
2025-08-09T01:37:51.9795067Z Removing liblldb-15 (1:15.0.7-0ubuntu0.22.04.3) ...
2025-08-09T01:37:52.0074306Z Removing libmodule-find-perl (0.15-1) ...
2025-08-09T01:37:52.0332246Z Removing libmodule-scandeps-perl (1.31-1ubuntu0.1) ...
2025-08-09T01:37:52.0568434Z Removing open-vm-tools (2:12.3.5-3~ubuntu0.22.04.2) ...
2025-08-09T01:37:53.0278085Z Removing libmspack0:amd64 (0.10.1-2build2) ...
2025-08-09T01:37:53.0475231Z Removing libopeniscsiusr (2.1.5-1ubuntu1.1) ...
2025-08-09T01:37:53.0676212Z Removing libproc-processtable-perl:amd64 (0.634-1build1) ...
2025-08-09T01:37:53.0931431Z Removing libsort-naturally-perl (1.03-2) ...
2025-08-09T01:37:53.1133212Z Removing libterm-readkey-perl (2.38-1build4) ...
2025-08-09T01:37:53.1341914Z Removing libxmlsec1-openssl:amd64 (1.2.33-1build2) ...
2025-08-09T01:37:53.1542090Z Removing libxmlsec1:amd64 (1.2.33-1build2) ...
2025-08-09T01:37:53.1748043Z Removing lxd-agent-loader (0.5) ...
2025-08-09T01:37:53.6598851Z Removing python3-apport (2.20.11-0ubuntu82.9) ...
2025-08-09T01:37:53.7613536Z Removing python3-twisted (22.1.0-2ubuntu2.6) ...
2025-08-09T01:37:54.0904769Z Removing python3-automat (20.2.0-1) ...
2025-08-09T01:37:54.1863613Z Removing python3-bcrypt (3.2.0-1build1) ...
2025-08-09T01:37:54.2796956Z Removing python3-click (8.0.3-1) ...
2025-08-09T01:37:54.3771417Z Removing python3-colorama (0.4.4-1) ...
2025-08-09T01:37:54.4686682Z Removing python3-constantly (15.1.0-2) ...
2025-08-09T01:37:54.5561121Z Removing python3-hamcrest (2.0.2-2) ...
2025-08-09T01:37:54.6608830Z Removing python3-hyperlink (21.0.0-3) ...
2025-08-09T01:37:54.7554608Z Removing python3-incremental (21.3.0-1) ...
2025-08-09T01:37:54.8488103Z Removing python3-problem-report (2.20.11-0ubuntu82.9) ...
2025-08-09T01:37:54.9456664Z Removing python3-service-identity (18.1.0-6) ...
2025-08-09T01:37:55.0380792Z Removing python3-pyasn1-modules (0.2.1-1) ...
2025-08-09T01:37:55.1351465Z Removing python3-pyasn1 (0.4.8-1) ...
2025-08-09T01:37:55.2360896Z Removing python3-systemd (234-3ubuntu2) ...
2025-08-09T01:37:55.3382931Z Removing python3-zope.interface (5.4.0-1build1) ...
2025-08-09T01:37:55.4416036Z Removing zerofree (1.1.1-1build3) ...
2025-08-09T01:37:55.4950595Z Processing triggers for libc-bin (2.35-0ubuntu3.10) ...
2025-08-09T01:37:55.5128134Z Processing triggers for man-db (2.10.2-1) ...
2025-08-09T01:37:55.8474547Z Processing triggers for initramfs-tools (0.140ubuntu13.5) ...
2025-08-09T01:37:55.9068227Z update-initramfs: Generating /boot/initrd.img-6.8.0-1031-azure
2025-08-09T01:38:06.9821162Z [0;32m[SUCCESS][0m Build environment initialized
2025-08-09T01:38:06.9822421Z 
2025-08-09T01:38:06.9822830Z [0;35m[PHASE][0m Building Custom Kernel 6.6.58 with AI Optimizations
2025-08-09T01:38:06.9823184Z 
2025-08-09T01:38:06.9823365Z [0;34m[INFO][0m Downloading Linux kernel 6.6.58...
2025-08-09T01:38:06.9823891Z [0;34m[INFO][0m CI environment detected - using optimized download strategy
2025-08-09T01:38:06.9824363Z [0;34m[INFO][0m Downloading kernel tarball (faster than git clone)...
2025-08-09T01:38:07.0020197Z --2025-08-09 01:38:07--  https://www.kernel.org/pub/linux/kernel/v6.x/linux-6.6.58.tar.xz
2025-08-09T01:38:07.0093914Z Resolving www.kernel.org (www.kernel.org)... 151.101.41.55, 2a04:4e42:2f::311
2025-08-09T01:38:07.0104942Z Connecting to www.kernel.org (www.kernel.org)|151.101.41.55|:443... connected.
2025-08-09T01:38:07.0188664Z HTTP request sent, awaiting response... 200 OK
2025-08-09T01:38:07.0189133Z Length: 140387240 (134M) [application/x-xz]
2025-08-09T01:38:07.0189698Z Saving to: ‘linux-6.6.58.tar.xz’
2025-08-09T01:38:07.0245162Z 
2025-08-09T01:38:07.0366755Z      0K ........ ........ ........ ........ ........ ........  2%  171M 1s
2025-08-09T01:38:07.0502961Z   3072K ........ ........ ........ ........ ........ ........  4%  225M 1s
2025-08-09T01:38:07.0670392Z   6144K ........ ........ ........ ........ ........ ........  6%  178M 1s
2025-08-09T01:38:07.0857719Z   9216K ........ ........ ........ ........ ........ ........  8%  170M 1s
2025-08-09T01:38:07.1069854Z  12288K ........ ........ ........ ........ ........ ........ 11%  133M 1s
2025-08-09T01:38:07.1222014Z  15360K ........ ........ ........ ........ ........ ........ 13%  200M 1s
2025-08-09T01:38:07.1407881Z  18432K ........ ........ ........ ........ ........ ........ 15%  160M 1s
2025-08-09T01:38:07.1797698Z  21504K ........ ........ ........ ........ ........ ........ 17% 77.9M 1s
2025-08-09T01:38:07.2042038Z  24576K ........ ........ ........ ........ ........ ........ 20%  120M 1s
2025-08-09T01:38:07.2183946Z  27648K ........ ........ ........ ........ ........ ........ 22%  215M 1s
2025-08-09T01:38:07.2311624Z  30720K ........ ........ ........ ........ ........ ........ 24%  236M 1s
2025-08-09T01:38:07.2475933Z  33792K ........ ........ ........ ........ ........ ........ 26%  180M 1s
2025-08-09T01:38:07.2584467Z  36864K ........ ........ ........ ........ ........ ........ 29%  287M 1s
2025-08-09T01:38:07.2733495Z  39936K ........ ........ ........ ........ ........ ........ 31%  198M 1s
2025-08-09T01:38:07.2847398Z  43008K ........ ........ ........ ........ ........ ........ 33%  263M 1s
2025-08-09T01:38:07.3037922Z  46080K ........ ........ ........ ........ ........ ........ 35%  158M 1s
2025-08-09T01:38:07.3209631Z  49152K ........ ........ ........ ........ ........ ........ 38%  174M 0s
2025-08-09T01:38:07.3336595Z  52224K ........ ........ ........ ........ ........ ........ 40%  236M 0s
2025-08-09T01:38:07.3530484Z  55296K ........ ........ ........ ........ ........ ........ 42%  155M 0s
2025-08-09T01:38:07.3658396Z  58368K ........ ........ ........ ........ ........ ........ 44%  235M 0s
2025-08-09T01:38:07.3835875Z  61440K ........ ........ ........ ........ ........ ........ 47%  169M 0s
2025-08-09T01:38:07.3966972Z  64512K ........ ........ ........ ........ ........ ........ 49%  234M 0s
2025-08-09T01:38:07.4088334Z  67584K ........ ........ ........ ........ ........ ........ 51%  238M 0s
2025-08-09T01:38:07.4259454Z  70656K ........ ........ ........ ........ ........ ........ 53%  176M 0s
2025-08-09T01:38:07.4455730Z  73728K ........ ........ ........ ........ ........ ........ 56%  155M 0s
2025-08-09T01:38:07.4797243Z  76800K ........ ........ ........ ........ ........ ........ 58% 87.9M 0s
2025-08-09T01:38:07.5065078Z  79872K ........ ........ ........ ........ ........ ........ 60%  115M 0s
2025-08-09T01:38:07.5244654Z  82944K ........ ........ ........ ........ ........ ........ 62%  160M 0s
2025-08-09T01:38:07.5419964Z  86016K ........ ........ ........ ........ ........ ........ 64%  171M 0s
2025-08-09T01:38:07.6648691Z  89088K ........ ........ ........ ........ ........ ........ 67% 24.4M 0s
2025-08-09T01:38:07.6767485Z  92160K ........ ........ ........ ........ ........ ........ 69%  265M 0s
2025-08-09T01:38:07.6929128Z  95232K ........ ........ ........ ........ ........ ........ 71%  178M 0s
2025-08-09T01:38:07.7042867Z  98304K ........ ........ ........ ........ ........ ........ 73%  265M 0s
2025-08-09T01:38:07.7118722Z 101376K ........ ........ ........ ........ ........ ........ 76%  390M 0s
2025-08-09T01:38:07.7289392Z 104448K ........ ........ ........ ........ ........ ........ 78%  177M 0s
2025-08-09T01:38:07.7519367Z 107520K ........ ........ ........ ........ ........ ........ 80%  130M 0s
2025-08-09T01:38:07.7733051Z 110592K ........ ........ ........ ........ ........ ........ 82%  145M 0s
2025-08-09T01:38:07.7959435Z 113664K ........ ........ ........ ........ ........ ........ 85%  130M 0s
2025-08-09T01:38:07.8109738Z 116736K ........ ........ ........ ........ ........ ........ 87%  207M 0s
2025-08-09T01:38:07.8207419Z 119808K ........ ........ ........ ........ ........ ........ 89%  288M 0s
2025-08-09T01:38:07.8467879Z 122880K ........ ........ ........ ........ ........ ........ 91%  115M 0s
2025-08-09T01:38:07.8748617Z 125952K ........ ........ ........ ........ ........ ........ 94%  109M 0s
2025-08-09T01:38:07.9081365Z 129024K ........ ........ ........ ........ ........ ........ 96% 90.0M 0s
2025-08-09T01:38:07.9377855Z 132096K ........ ........ ........ ........ ........ ........ 98%  111M 0s
2025-08-09T01:38:07.9729712Z 135168K ........ ........ ........ ......                    100% 48.8M=1.0s
2025-08-09T01:38:07.9730070Z 
2025-08-09T01:38:07.9730743Z 2025-08-09 01:38:07 (140 MB/s) - ‘linux-6.6.58.tar.xz’ saved [140387240/140387240]
2025-08-09T01:38:07.9731301Z 
2025-08-09T01:38:07.9744244Z [0;34m[INFO][0m ✓ Kernel tarball downloaded successfully from kernel.org
2025-08-09T01:38:07.9744913Z [0;34m[INFO][0m Extracting kernel source...
2025-08-09T01:38:17.2665689Z [0;32m[SUCCESS][0m Kernel source extracted successfully
2025-08-09T01:38:17.2666440Z [0;34m[INFO][0m Applying AI/NPU optimization patches...
2025-08-09T01:38:17.2711953Z [0;34m[INFO][0m Script directory: /home/runner/ainux-build/kernel/linux
2025-08-09T01:38:17.2712836Z [0;34m[INFO][0m Patch directory: /home/runner/ainux-build/kernel/linux/patches
2025-08-09T01:38:17.2732262Z [1;33m[WARNING][0m Local patches not found at: /home/runner/ainux-build/kernel/linux/patches
2025-08-09T01:38:17.2772068Z [0;34m[INFO][0m Directory listing: total 1092
2025-08-09T01:38:17.2772644Z drwxr-xr-x  26 runner docker   4096 Aug  9 01:38 .
2025-08-09T01:38:17.2773142Z drwxr-xr-x   4 runner docker   4096 Aug  9 01:38 ..
2025-08-09T01:38:17.2773701Z -rw-r--r--   1 runner docker  20561 Oct 22  2024 .clang-format
2025-08-09T01:38:17.2774268Z -rw-r--r--   1 runner docker     59 Oct 22  2024 .cocciconfig
2025-08-09T01:38:17.2774644Z -rw-r--r--   1 runner docker    151 Oct 22  2024 .get_maintainer.ignore
2025-08-09T01:38:17.2775008Z -rw-r--r--   1 runner docker    105 Oct 22  2024 .gitattributes
2025-08-09T01:38:17.2775322Z -rw-r--r--   1 runner docker   2080 Oct 22  2024 .gitignore
2025-08-09T01:38:17.2775865Z -rw-r--r--   1 runner docker  36608 Oct 22  2024 .mailmap
2025-08-09T01:38:17.2776171Z -rw-r--r--   1 runner docker    369 Oct 22  2024 .rustfmt.toml
2025-08-09T01:38:17.2776466Z -rw-r--r--   1 runner docker    496 Oct 22  2024 COPYING
2025-08-09T01:38:17.2776745Z -rw-r--r--   1 runner docker 102435 Oct 22  2024 CREDITS
2025-08-09T01:38:17.2777055Z drwxr-xr-x  76 runner docker   4096 Oct 22  2024 Documentation
2025-08-09T01:38:17.2777355Z -rw-r--r--   1 runner docker   2573 Oct 22  2024 Kbuild
2025-08-09T01:38:17.2777627Z -rw-r--r--   1 runner docker    555 Oct 22  2024 Kconfig
2025-08-09T01:38:17.2777902Z drwxr-xr-x   6 runner docker   4096 Oct 22  2024 LICENSES
2025-08-09T01:38:17.2778198Z -rw-r--r--   1 runner docker 726918 Oct 22  2024 MAINTAINERS
2025-08-09T01:38:17.2778483Z -rw-r--r--   1 runner docker  67637 Oct 22  2024 Makefile
2025-08-09T01:38:17.2778748Z -rw-r--r--   1 runner docker    727 Oct 22  2024 README
2025-08-09T01:38:17.2779026Z drwxr-xr-x  24 runner docker   4096 Oct 22  2024 arch
2025-08-09T01:38:17.2779307Z drwxr-xr-x   3 runner docker   4096 Oct 22  2024 block
2025-08-09T01:38:17.2779586Z drwxr-xr-x   2 runner docker   4096 Oct 22  2024 certs
2025-08-09T01:38:17.2779862Z drwxr-xr-x   4 runner docker   4096 Oct 22  2024 crypto
2025-08-09T01:38:17.2780152Z drwxr-xr-x 143 runner docker   4096 Oct 22  2024 drivers
2025-08-09T01:38:17.2780700Z drwxr-xr-x  81 runner docker   4096 Oct 22  2024 fs
2025-08-09T01:38:17.2780985Z drwxr-xr-x  31 runner docker   4096 Oct 22  2024 include
2025-08-09T01:38:17.2781275Z drwxr-xr-x   2 runner docker   4096 Oct 22  2024 init
2025-08-09T01:38:17.2781557Z drwxr-xr-x   2 runner docker   4096 Oct 22  2024 io_uring
2025-08-09T01:38:17.2781846Z drwxr-xr-x   2 runner docker   4096 Oct 22  2024 ipc
2025-08-09T01:38:17.2782121Z drwxr-xr-x  22 runner docker   4096 Oct 22  2024 kernel
2025-08-09T01:38:17.2782398Z drwxr-xr-x  21 runner docker  12288 Oct 22  2024 lib
2025-08-09T01:38:17.2782660Z drwxr-xr-x   6 runner docker   4096 Oct 22  2024 mm
2025-08-09T01:38:17.2782927Z drwxr-xr-x  73 runner docker   4096 Oct 22  2024 net
2025-08-09T01:38:17.2783197Z drwxr-xr-x   7 runner docker   4096 Oct 22  2024 rust
2025-08-09T01:38:17.2783473Z drwxr-xr-x  41 runner docker   4096 Oct 22  2024 samples
2025-08-09T01:38:17.2783902Z drwxr-xr-x  17 runner docker   4096 Oct 22  2024 scripts
2025-08-09T01:38:17.2784196Z drwxr-xr-x  14 runner docker   4096 Oct 22  2024 security
2025-08-09T01:38:17.2784663Z drwxr-xr-x  27 runner docker   4096 Oct 22  2024 sound
2025-08-09T01:38:17.2785177Z drwxr-xr-x  43 runner docker   4096 Oct 22  2024 tools
2025-08-09T01:38:17.2785834Z drwxr-xr-x   4 runner docker   4096 Oct 22  2024 usr
2025-08-09T01:38:17.2786335Z drwxr-xr-x   4 runner docker   4096 Oct 22  2024 virt
2025-08-09T01:38:17.2786926Z [1;33m[WARNING][0m Using fallback patches...
2025-08-09T01:38:17.2787283Z [1;33m[WARNING][0m Using fallback patch configuration...
2025-08-09T01:38:17.3006191Z patching file drivers/Kconfig
2025-08-09T01:38:17.3006799Z Hunk #1 succeeded at 243 with fuzz 2 (offset 3 lines).
2025-08-09T01:38:17.3007281Z patching file drivers/npu/Kconfig
2025-08-09T01:38:17.3007597Z patch: **** malformed patch at line 36:  
2025-08-09T01:38:17.3007810Z 
2025-08-09T01:38:17.3012641Z [1;33m[WARNING][0m Fallback NPU patch failed
2025-08-09T01:38:17.3027122Z patching file drivers/gpu/drm/amd/amdgpu/amdgpu_drv.c
2025-08-09T01:38:17.3028037Z Hunk #1 FAILED at 190.
2025-08-09T01:38:17.3030378Z 1 out of 1 hunk FAILED -- saving rejects to file drivers/gpu/drm/amd/amdgpu/amdgpu_drv.c.rej
2025-08-09T01:38:17.3037624Z [1;33m[WARNING][0m Fallback ROCm patch failed
2025-08-09T01:38:17.3054180Z patching file net/core/dev.c
2025-08-09T01:38:17.3060619Z Hunk #1 succeeded at 5354 with fuzz 2 (offset -166 lines).
2025-08-09T01:38:17.3067932Z [0;34m[INFO][0m Configuring kernel for AI workloads...
2025-08-09T01:38:17.4339834Z [0;34m[INFO][0m Applying AI hardware optimizations to kernel config...
2025-08-09T01:38:17.8468573Z   HOSTCC  scripts/basic/fixdep
2025-08-09T01:38:18.0207643Z   HOSTCC  scripts/kconfig/conf.o
2025-08-09T01:38:18.1949677Z   HOSTCC  scripts/kconfig/confdata.o
2025-08-09T01:38:18.4176787Z   HOSTCC  scripts/kconfig/expr.o
2025-08-09T01:38:18.6024436Z   LEX     scripts/kconfig/lexer.lex.c
2025-08-09T01:38:18.6630813Z   YACC    scripts/kconfig/parser.tab.[ch]
2025-08-09T01:38:19.3137634Z   HOSTCC  scripts/kconfig/lexer.lex.o
2025-08-09T01:38:19.6417764Z   HOSTCC  scripts/kconfig/menu.o
2025-08-09T01:38:19.7982546Z   HOSTCC  scripts/kconfig/parser.tab.o
2025-08-09T01:38:20.0491783Z   HOSTCC  scripts/kconfig/preprocess.o
2025-08-09T01:38:20.1869976Z   HOSTCC  scripts/kconfig/symbol.o
2025-08-09T01:38:20.5478703Z   HOSTCC  scripts/kconfig/util.o
2025-08-09T01:38:20.5978950Z   HOSTLD  scripts/kconfig/conf
2025-08-09T01:38:26.9211051Z drivers/Kconfig:246: can't open file "drivers/npu/Kconfig"
2025-08-09T01:38:26.9220962Z make[2]: *** [scripts/kconfig/Makefile:77: oldconfig] Error 1
2025-08-09T01:38:26.9223473Z make[1]: *** [/home/runner/ainux-build/kernel/linux/Makefile:697: oldconfig] Error 2
2025-08-09T01:38:26.9225867Z make: *** [Makefile:234: __sub-make] Error 2
2025-08-09T01:38:26.9233377Z + echo 'Build timed out or failed'
2025-08-09T01:38:26.9233804Z Build timed out or failed
2025-08-09T01:38:26.9234228Z + echo '=== Last 100 lines of any available logs ==='
2025-08-09T01:38:26.9234885Z === Last 100 lines of any available logs ===
2025-08-09T01:38:26.9238926Z + find /home/runner/ainux-build/logs -name '*.log' -exec tail -50 '{}' ';'
2025-08-09T01:38:26.9260280Z patching file net/core/dev.c
2025-08-09T01:38:26.9260792Z Hunk #1 succeeded at 5354 with fuzz 2 (offset -166 lines).
2025-08-09T01:38:26.9270189Z patching file drivers/Kconfig
2025-08-09T01:38:26.9270660Z Hunk #1 succeeded at 243 with fuzz 2 (offset 3 lines).
2025-08-09T01:38:26.9271081Z patching file drivers/npu/Kconfig
2025-08-09T01:38:26.9271333Z patch: **** malformed patch at line 36:  
2025-08-09T01:38:26.9271503Z 
2025-08-09T01:38:26.9280232Z patching file drivers/gpu/drm/amd/amdgpu/amdgpu_drv.c
2025-08-09T01:38:26.9280701Z Hunk #1 FAILED at 190.
2025-08-09T01:38:26.9281163Z 1 out of 1 hunk FAILED -- saving rejects to file drivers/gpu/drm/amd/amdgpu/amdgpu_drv.c.rej
2025-08-09T01:38:26.9283730Z + echo '=== Environment Variables ==='
2025-08-09T01:38:26.9284159Z === Environment Variables ===
2025-08-09T01:38:26.9286518Z + env
2025-08-09T01:38:26.9288232Z + grep -E '(CLUSTER_MODE|ENABLE_GUI|SKIP_|BUILD_)'
2025-08-09T01:38:26.9300050Z BUILD_THREADS=2
2025-08-09T01:38:26.9300392Z DOTNET_SKIP_FIRST_TIME_EXPERIENCE=1
2025-08-09T01:38:26.9300782Z SKIP_QEMU_TEST=true
2025-08-09T01:38:26.9301081Z CLUSTER_MODE=main
2025-08-09T01:38:26.9301323Z SKIP_CONNECTIVITY_CHECK=true
2025-08-09T01:38:26.9301529Z ENABLE_GUI=true
2025-08-09T01:38:26.9301823Z + echo '=== Disk Usage ==='
2025-08-09T01:38:26.9302313Z + df -h
2025-08-09T01:38:26.9302481Z === Disk Usage ===
2025-08-09T01:38:26.9313931Z Filesystem      Size  Used Avail Use% Mounted on
2025-08-09T01:38:26.9314293Z /dev/root        73G   38G   36G  52% /
2025-08-09T01:38:26.9314551Z tmpfs           7.9G  172K  7.9G   1% /dev/shm
2025-08-09T01:38:26.9314918Z tmpfs           3.2G  1.1M  3.2G   1% /run
2025-08-09T01:38:26.9315553Z tmpfs           5.0M     0  5.0M   0% /run/lock
2025-08-09T01:38:26.9316128Z /dev/sda15      105M  6.1M   99M   6% /boot/efi
2025-08-09T01:38:26.9316592Z /dev/sdb1        74G  4.1G   66G   6% /mnt
2025-08-09T01:38:26.9317026Z tmpfs           1.6G   12K  1.6G   1% /run/user/1001
2025-08-09T01:38:26.9317489Z tmpfs           7.9G     0  7.9G   0% /run/qemu
2025-08-09T01:38:26.9317892Z + echo '=== Memory Usage ==='
2025-08-09T01:38:26.9318097Z + free -h
2025-08-09T01:38:26.9318255Z === Memory Usage ===
2025-08-09T01:38:26.9332115Z                total        used        free      shared  buff/cache   available
2025-08-09T01:38:26.9332545Z Mem:            15Gi       598Mi        10Gi        44Mi       4.7Gi        14Gi
2025-08-09T01:38:26.9332841Z Swap:          4.0Gi          0B       4.0Gi
2025-08-09T01:38:26.9334568Z + exit 1
2025-08-09T01:38:26.9350371Z ##[error]Process completed with exit code 1.
2025-08-09T01:38:26.9442988Z Post job cleanup.
2025-08-09T01:38:27.0360287Z [command]/usr/bin/git version
2025-08-09T01:38:27.0394180Z git version 2.50.1
2025-08-09T01:38:27.0435898Z Temporarily overriding HOME='/home/runner/work/_temp/443f8a1b-5918-4481-a77a-5f6c37b242d8' before making global git config changes
2025-08-09T01:38:27.0436780Z Adding repository directory to the temporary git global config as a safe directory
2025-08-09T01:38:27.0441392Z [command]/usr/bin/git config --global --add safe.directory /home/runner/work/ainux/ainux
2025-08-09T01:38:27.0479461Z [command]/usr/bin/git config --local --name-only --get-regexp core\.sshCommand
2025-08-09T01:38:27.0510629Z [command]/usr/bin/git submodule foreach --recursive sh -c "git config --local --name-only --get-regexp 'core\.sshCommand' && git config --local --unset-all 'core.sshCommand' || :"
2025-08-09T01:38:27.0731317Z [command]/usr/bin/git config --local --name-only --get-regexp http\.https\:\/\/github\.com\/\.extraheader
2025-08-09T01:38:27.0753953Z http.https://github.com/.extraheader
2025-08-09T01:38:27.0766621Z [command]/usr/bin/git config --local --unset-all http.https://github.com/.extraheader
2025-08-09T01:38:27.0795897Z [command]/usr/bin/git submodule foreach --recursive sh -c "git config --local --name-only --get-regexp 'http\.https\:\/\/github\.com\/\.extraheader' && git config --local --unset-all 'http.https://github.com/.extraheader' || :"
2025-08-09T01:38:27.1112122Z Cleaning up orphan processes
