2025-08-09T01:35:25.7356101Z Current runner version: '2.327.1'
2025-08-09T01:35:25.7392767Z ##[group]Runner Image Provisioner
2025-08-09T01:35:25.7393988Z Hosted Compute Agent
2025-08-09T01:35:25.7394759Z Version: 20250711.363
2025-08-09T01:35:25.7396078Z Commit: 6785254374ce925a23743850c1cb91912ce5c14c
2025-08-09T01:35:25.7397186Z Build Date: 2025-07-11T20:04:25Z
2025-08-09T01:35:25.7398075Z ##[endgroup]
2025-08-09T01:35:25.7399022Z ##[group]Operating System
2025-08-09T01:35:25.7399834Z Ubuntu
2025-08-09T01:35:25.7400526Z 22.04.5
2025-08-09T01:35:25.7401342Z LTS
2025-08-09T01:35:25.7402083Z ##[endgroup]
2025-08-09T01:35:25.7402797Z ##[group]Runner Image
2025-08-09T01:35:25.7403752Z Image: ubuntu-22.04
2025-08-09T01:35:25.7404535Z Version: 20250804.2.0
2025-08-09T01:35:25.7406463Z Included Software: https://github.com/actions/runner-images/blob/ubuntu22/20250804.2/images/ubuntu/Ubuntu2204-Readme.md
2025-08-09T01:35:25.7409237Z Image Release: https://github.com/actions/runner-images/releases/tag/ubuntu22%2F20250804.2
2025-08-09T01:35:25.7411371Z ##[endgroup]
2025-08-09T01:35:25.7415805Z ##[group]GITHUB_TOKEN Permissions
2025-08-09T01:35:25.7419094Z Actions: write
2025-08-09T01:35:25.7419906Z Attestations: write
2025-08-09T01:35:25.7420789Z Checks: write
2025-08-09T01:35:25.7421651Z Contents: write
2025-08-09T01:35:25.7422406Z Deployments: write
2025-08-09T01:35:25.7423217Z Discussions: write
2025-08-09T01:35:25.7423908Z Issues: write
2025-08-09T01:35:25.7425021Z Metadata: read
2025-08-09T01:35:25.7425797Z Models: read
2025-08-09T01:35:25.7426541Z Packages: write
2025-08-09T01:35:25.7427352Z Pages: write
2025-08-09T01:35:25.7428141Z PullRequests: write
2025-08-09T01:35:25.7429081Z RepositoryProjects: write
2025-08-09T01:35:25.7429955Z SecurityEvents: write
2025-08-09T01:35:25.7430946Z Statuses: write
2025-08-09T01:35:25.7431632Z ##[endgroup]
2025-08-09T01:35:25.7435386Z Secret source: Actions
2025-08-09T01:35:25.7436489Z Prepare workflow directory
2025-08-09T01:35:25.7908813Z Prepare all required actions
2025-08-09T01:35:25.7967266Z Getting action download info
2025-08-09T01:35:26.1507766Z ##[group]Download immutable action package 'actions/checkout@v4'
2025-08-09T01:35:26.1509352Z Version: 4.2.2
2025-08-09T01:35:26.1510551Z Digest: sha256:ccb2698953eaebd21c7bf6268a94f9c26518a7e38e27e0b83c1fe1ad049819b1
2025-08-09T01:35:26.1511824Z Source commit SHA: 11bd71901bbe5b1630ceea73d27597364c9af683
2025-08-09T01:35:26.1512570Z ##[endgroup]
2025-08-09T01:35:26.2618665Z ##[group]Download immutable action package 'actions/upload-artifact@v4'
2025-08-09T01:35:26.2619533Z Version: 4.6.2
2025-08-09T01:35:26.2620409Z Digest: sha256:290722aa3281d5caf23d0acdc3dbeb3424786a1a01a9cc97e72f147225e37c38
2025-08-09T01:35:26.2621404Z Source commit SHA: ea165f8d65b6e75b540449e92b4886f43607fa02
2025-08-09T01:35:26.2622087Z ##[endgroup]
2025-08-09T01:35:26.4550721Z Complete job name: build-test (sub, false)
2025-08-09T01:35:26.5297731Z ##[group]Run actions/checkout@v4
2025-08-09T01:35:26.5298744Z with:
2025-08-09T01:35:26.5299166Z   lfs: true
2025-08-09T01:35:26.5299597Z   repository: yaotagroep/ainux
2025-08-09T01:35:26.5300461Z   token: ***
2025-08-09T01:35:26.5300877Z   ssh-strict: true
2025-08-09T01:35:26.5301300Z   ssh-user: git
2025-08-09T01:35:26.5301725Z   persist-credentials: true
2025-08-09T01:35:26.5302199Z   clean: true
2025-08-09T01:35:26.5302631Z   sparse-checkout-cone-mode: true
2025-08-09T01:35:26.5303268Z   fetch-depth: 1
2025-08-09T01:35:26.5303677Z   fetch-tags: false
2025-08-09T01:35:26.5304098Z   show-progress: true
2025-08-09T01:35:26.5304543Z   submodules: false
2025-08-09T01:35:26.5305139Z   set-safe-directory: true
2025-08-09T01:35:26.5305905Z ##[endgroup]
2025-08-09T01:35:26.6463413Z Syncing repository: yaotagroep/ainux
2025-08-09T01:35:26.6466812Z ##[group]Getting Git version info
2025-08-09T01:35:26.6467998Z Working directory is '/home/runner/work/ainux/ainux'
2025-08-09T01:35:26.6469141Z [command]/usr/bin/git version
2025-08-09T01:35:26.6537769Z git version 2.50.1
2025-08-09T01:35:26.6589163Z [command]/usr/bin/git lfs version
2025-08-09T01:35:29.1937549Z git-lfs/3.7.0 (GitHub; linux amd64; go 1.24.4)
2025-08-09T01:35:29.1951403Z ##[endgroup]
2025-08-09T01:35:29.1966926Z Temporarily overriding HOME='/home/runner/work/_temp/646d17e1-c435-4a38-8784-a70579781cba' before making global git config changes
2025-08-09T01:35:29.1968633Z Adding repository directory to the temporary git global config as a safe directory
2025-08-09T01:35:29.1972420Z [command]/usr/bin/git config --global --add safe.directory /home/runner/work/ainux/ainux
2025-08-09T01:35:29.2007819Z Deleting the contents of '/home/runner/work/ainux/ainux'
2025-08-09T01:35:29.2011754Z ##[group]Initializing the repository
2025-08-09T01:35:29.2015725Z [command]/usr/bin/git init /home/runner/work/ainux/ainux
2025-08-09T01:35:29.2099532Z hint: Using 'master' as the name for the initial branch. This default branch name
2025-08-09T01:35:29.2101982Z hint: is subject to change. To configure the initial branch name to use in all
2025-08-09T01:35:29.2104180Z hint: of your new repositories, which will suppress this warning, call:
2025-08-09T01:35:29.2105777Z hint:
2025-08-09T01:35:29.2106807Z hint: 	git config --global init.defaultBranch <name>
2025-08-09T01:35:29.2108238Z hint:
2025-08-09T01:35:29.2109322Z hint: Names commonly chosen instead of 'master' are 'main', 'trunk' and
2025-08-09T01:35:29.2111125Z hint: 'development'. The just-created branch can be renamed via this command:
2025-08-09T01:35:29.2112413Z hint:
2025-08-09T01:35:29.2113038Z hint: 	git branch -m <name>
2025-08-09T01:35:29.2113756Z hint:
2025-08-09T01:35:29.2114779Z hint: Disable this message with "git config set advice.defaultBranchName false"
2025-08-09T01:35:29.2116987Z Initialized empty Git repository in /home/runner/work/ainux/ainux/.git/
2025-08-09T01:35:29.2120355Z [command]/usr/bin/git remote add origin https://github.com/yaotagroep/ainux
2025-08-09T01:35:29.2156696Z ##[endgroup]
2025-08-09T01:35:29.2158364Z ##[group]Disabling automatic garbage collection
2025-08-09T01:35:29.2160360Z [command]/usr/bin/git config --local gc.auto 0
2025-08-09T01:35:29.2185909Z ##[endgroup]
2025-08-09T01:35:29.2187342Z ##[group]Setting up auth
2025-08-09T01:35:29.2191850Z [command]/usr/bin/git config --local --name-only --get-regexp core\.sshCommand
2025-08-09T01:35:29.2222411Z [command]/usr/bin/git submodule foreach --recursive sh -c "git config --local --name-only --get-regexp 'core\.sshCommand' && git config --local --unset-all 'core.sshCommand' || :"
2025-08-09T01:35:29.2459200Z [command]/usr/bin/git config --local --name-only --get-regexp http\.https\:\/\/github\.com\/\.extraheader
2025-08-09T01:35:29.2490387Z [command]/usr/bin/git submodule foreach --recursive sh -c "git config --local --name-only --get-regexp 'http\.https\:\/\/github\.com\/\.extraheader' && git config --local --unset-all 'http.https://github.com/.extraheader' || :"
2025-08-09T01:35:29.2718157Z [command]/usr/bin/git config --local http.https://github.com/.extraheader AUTHORIZATION: basic ***
2025-08-09T01:35:29.2753460Z ##[endgroup]
2025-08-09T01:35:29.2757128Z [command]/usr/bin/git lfs install --local
2025-08-09T01:35:29.3146164Z Updated Git hooks.
2025-08-09T01:35:29.3147269Z Git LFS initialized.
2025-08-09T01:35:29.3162007Z ##[group]Fetching the repository
2025-08-09T01:35:29.3173078Z [command]/usr/bin/git -c protocol.version=2 fetch --no-tags --prune --no-recurse-submodules --depth=1 origin +d137140c07e8c971bf4478d4921b48737011b1a6:refs/remotes/origin/main
2025-08-09T01:35:29.5420430Z From https://github.com/yaotagroep/ainux
2025-08-09T01:35:29.5420996Z  * [new ref]         d137140c07e8c971bf4478d4921b48737011b1a6 -> origin/main
2025-08-09T01:35:29.5450683Z ##[endgroup]
2025-08-09T01:35:29.5451278Z ##[group]Determining the checkout info
2025-08-09T01:35:29.5453071Z ##[endgroup]
2025-08-09T01:35:29.5453687Z ##[group]Fetching LFS objects
2025-08-09T01:35:29.5459310Z [command]/usr/bin/git lfs fetch origin refs/remotes/origin/main
2025-08-09T01:35:29.5681546Z Fetching reference refs/remotes/origin/main
2025-08-09T01:35:29.5905457Z ##[endgroup]
2025-08-09T01:35:29.5910187Z [command]/usr/bin/git sparse-checkout disable
2025-08-09T01:35:29.5969709Z [command]/usr/bin/git config --local --unset-all extensions.worktreeConfig
2025-08-09T01:35:29.5997347Z ##[group]Checking out the ref
2025-08-09T01:35:29.6001035Z [command]/usr/bin/git checkout --progress --force -B main refs/remotes/origin/main
2025-08-09T01:35:29.6121995Z Switched to a new branch 'main'
2025-08-09T01:35:29.6123587Z branch 'main' set up to track 'origin/main'.
2025-08-09T01:35:29.6359778Z ##[endgroup]
2025-08-09T01:35:29.6396958Z [command]/usr/bin/git log -1 --format=%H
2025-08-09T01:35:29.6421033Z d137140c07e8c971bf4478d4921b48737011b1a6
2025-08-09T01:35:29.6602922Z ##[group]Run echo "⏳ Reclaiming space..."
2025-08-09T01:35:29.6603350Z [36;1mecho "⏳ Reclaiming space..."[0m
2025-08-09T01:35:29.6603675Z [36;1msudo rm -rf /usr/local/lib/android[0m
2025-08-09T01:35:29.6603980Z [36;1msudo rm -rf /usr/local/share/boost[0m
2025-08-09T01:35:29.6604242Z [36;1msudo rm -rf /usr/share/dotnet[0m
2025-08-09T01:35:29.6604496Z [36;1msudo rm -rf /opt/ghc[0m
2025-08-09T01:35:29.6604774Z [36;1msudo rm -rf /opt/hostedtoolcache[0m
2025-08-09T01:35:29.6605300Z [36;1msudo apt-get clean[0m
2025-08-09T01:35:29.6605598Z [36;1msudo rm -rf "$AGENT_TOOLSDIRECTORY"[0m
2025-08-09T01:35:29.6605857Z [36;1mdf -h[0m
2025-08-09T01:35:29.6606025Z [36;1m [0m
2025-08-09T01:35:29.6638987Z shell: /usr/bin/bash -e {0}
2025-08-09T01:35:29.6639254Z ##[endgroup]
2025-08-09T01:35:29.6710673Z ⏳ Reclaiming space...
2025-08-09T01:37:53.6146608Z Filesystem      Size  Used Avail Use% Mounted on
2025-08-09T01:37:53.6147797Z /dev/root        73G   36G   37G  50% /
2025-08-09T01:37:53.6148344Z tmpfs           7.9G  172K  7.9G   1% /dev/shm
2025-08-09T01:37:53.6149050Z tmpfs           3.2G  1.1M  3.2G   1% /run
2025-08-09T01:37:53.6149604Z tmpfs           5.0M     0  5.0M   0% /run/lock
2025-08-09T01:37:53.6150229Z /dev/sdb15      105M  6.1M   99M   6% /boot/efi
2025-08-09T01:37:53.6150864Z /dev/sda1        74G  4.1G   66G   6% /mnt
2025-08-09T01:37:53.6151454Z tmpfs           1.6G   12K  1.6G   1% /run/user/1001
2025-08-09T01:37:53.6184208Z ##[group]Run sudo apt-get update
2025-08-09T01:37:53.6184515Z [36;1msudo apt-get update[0m
2025-08-09T01:37:53.6184752Z [36;1msudo apt-get install -y \[0m
2025-08-09T01:37:53.6185564Z [36;1m  git build-essential libncurses-dev bison flex libssl-dev \[0m
2025-08-09T01:37:53.6185982Z [36;1m  libelf-dev bc gcc make debootstrap live-build squashfs-tools \[0m
2025-08-09T01:37:53.6186394Z [36;1m  dosfstools xorriso isolinux syslinux-utils genisoimage \[0m
2025-08-09T01:37:53.6186785Z [36;1m  qemu-system-x86 python3-pip nmap curl wget rsync pv \[0m
2025-08-09T01:37:53.6187123Z [36;1m  grub-pc-bin grub-efi-amd64-bin mtools[0m
2025-08-09T01:37:53.6187378Z [36;1m  [0m
2025-08-09T01:37:53.6214484Z shell: /usr/bin/bash -e {0}
2025-08-09T01:37:53.6214756Z ##[endgroup]
2025-08-09T01:37:53.7172017Z Get:1 file:/etc/apt/apt-mirrors.txt Mirrorlist [144 B]
2025-08-09T01:37:53.7516585Z Hit:2 http://azure.archive.ubuntu.com/ubuntu jammy InRelease
2025-08-09T01:37:53.7520181Z Get:6 https://packages.microsoft.com/repos/azure-cli jammy InRelease [3596 B]
2025-08-09T01:37:53.7534438Z Get:7 https://packages.microsoft.com/ubuntu/22.04/prod jammy InRelease [3632 B]
2025-08-09T01:37:53.7649069Z Get:3 http://azure.archive.ubuntu.com/ubuntu jammy-updates InRelease [128 kB]
2025-08-09T01:37:53.7705049Z Get:4 http://azure.archive.ubuntu.com/ubuntu jammy-backports InRelease [127 kB]
2025-08-09T01:37:53.7748621Z Get:5 http://azure.archive.ubuntu.com/ubuntu jammy-security InRelease [129 kB]
2025-08-09T01:37:53.9127469Z Get:8 https://packages.microsoft.com/repos/azure-cli jammy/main amd64 Packages [2575 B]
2025-08-09T01:37:53.9625923Z Get:9 https://packages.microsoft.com/ubuntu/22.04/prod jammy/main amd64 Packages [239 kB]
2025-08-09T01:37:53.9751444Z Get:10 https://packages.microsoft.com/ubuntu/22.04/prod jammy/main arm64 Packages [75.0 kB]
2025-08-09T01:37:54.2189365Z Get:11 http://azure.archive.ubuntu.com/ubuntu jammy-security/main Translation-en [379 kB]
2025-08-09T01:38:01.5080449Z Fetched 1087 kB in 1s (1826 kB/s)
2025-08-09T01:38:02.4432877Z Reading package lists...
2025-08-09T01:38:02.5027919Z Reading package lists...
2025-08-09T01:38:02.7188739Z Building dependency tree...
2025-08-09T01:38:02.7200291Z Reading state information...
2025-08-09T01:38:02.9106304Z bc is already the newest version (1.07.1-3build1).
2025-08-09T01:38:02.9106841Z bc set to manually installed.
2025-08-09T01:38:02.9107307Z bison is already the newest version (2:3.8.2+dfsg-1build1).
2025-08-09T01:38:02.9107942Z build-essential is already the newest version (12.9ubuntu3).
2025-08-09T01:38:02.9108636Z build-essential set to manually installed.
2025-08-09T01:38:02.9109172Z dosfstools is already the newest version (4.2-1build3).
2025-08-09T01:38:02.9109708Z dosfstools set to manually installed.
2025-08-09T01:38:02.9110184Z flex is already the newest version (2.6.4-8build2).
2025-08-09T01:38:02.9110698Z gcc is already the newest version (4:11.2.0-1ubuntu1).
2025-08-09T01:38:02.9111268Z make is already the newest version (4.3-4.1build1).
2025-08-09T01:38:02.9111959Z squashfs-tools is already the newest version (1:4.5-3build1).
2025-08-09T01:38:02.9112674Z squashfs-tools set to manually installed.
2025-08-09T01:38:02.9113385Z xorriso is already the newest version (1.5.4-2).
2025-08-09T01:38:02.9113897Z curl is already the newest version (7.81.0-1ubuntu1.20).
2025-08-09T01:38:02.9114508Z grub-efi-amd64-bin is already the newest version (2.06-2ubuntu14.8).
2025-08-09T01:38:02.9115282Z grub-efi-amd64-bin set to manually installed.
2025-08-09T01:38:02.9115812Z grub-pc-bin is already the newest version (2.06-2ubuntu7.2).
2025-08-09T01:38:02.9116330Z grub-pc-bin set to manually installed.
2025-08-09T01:38:02.9116836Z libncurses-dev is already the newest version (6.3-2ubuntu0.1).
2025-08-09T01:38:02.9117338Z libncurses-dev set to manually installed.
2025-08-09T01:38:02.9117796Z libssl-dev is already the newest version (3.0.2-0ubuntu1.19).
2025-08-09T01:38:02.9118332Z rsync is already the newest version (3.2.7-0ubuntu0.22.04.4).
2025-08-09T01:38:02.9119388Z wget is already the newest version (1.21.2-2ubuntu1.1).
2025-08-09T01:38:02.9119946Z python3-pip is already the newest version (22.0.2+dfsg-1ubuntu0.6).
2025-08-09T01:38:02.9120549Z git is already the newest version (1:2.50.1-0ppa1~ubuntu22.04.1).
2025-08-09T01:38:02.9121075Z The following additional packages will be installed:
2025-08-09T01:38:02.9121666Z   cpu-checker gstreamer1.0-plugins-base gstreamer1.0-plugins-good
2025-08-09T01:38:02.9122386Z   gstreamer1.0-x ibverbs-providers ipxe-qemu ipxe-qemu-256k-compat-efi-roms
2025-08-09T01:38:02.9123069Z   libaa1 libasyncns0 libavc1394-0 libboost-iostreams1.74.0
2025-08-09T01:38:02.9123825Z   libboost-thread1.74.0 libbrlapi0.8 libcaca0 libcacard0 libcdparanoia0
2025-08-09T01:38:02.9124628Z   libdaxctl1 libdecor-0-0 libdecor-0-plugin-1-cairo libdv4 libfdt1 libflac8
2025-08-09T01:38:02.9125520Z   libgfapi0 libgfrpc0 libgfxdr0 libglusterfs0 libgstreamer-plugins-base1.0-0
2025-08-09T01:38:02.9126217Z   libgstreamer-plugins-good1.0-0 libibverbs1 libiec61883-0 libiscsi7
2025-08-09T01:38:02.9126876Z   libjack-jackd2-0 liblinear4 libmp3lame0 libmpg123-0 libndctl6
2025-08-09T01:38:02.9127506Z   libnl-route-3-200 libopus0 liborc-0.4-0 libpcsclite1 libpmem1 libpmemobj1
2025-08-09T01:38:02.9129991Z   libpulse0 librados2 libraw1394-11 librbd1 librdmacm1 libsamplerate0
2025-08-09T01:38:02.9130822Z   libsdl2-2.0-0 libshout3 libsndfile1 libspeex1 libspice-server1 libtag1v5
2025-08-09T01:38:02.9131598Z   libtag1v5-vanilla libtheora0 libtwolame0 liburing2 libusbredirparser1
2025-08-09T01:38:02.9132386Z   libv4l-0 libv4lconvert0 libvirglrenderer1 libvisual-0.4-0 libvorbisenc2
2025-08-09T01:38:02.9133129Z   libvpx7 libvte-2.91-0 libvte-2.91-common libwavpack1 libxv1 lua-lpeg
2025-08-09T01:38:02.9133854Z   msr-tools nmap-common ovmf qemu-block-extra qemu-system-common
2025-08-09T01:38:02.9134583Z   qemu-system-data qemu-system-gui qemu-utils seabios syslinux-common
2025-08-09T01:38:02.9135553Z Suggested packages:
2025-08-09T01:38:02.9136492Z   squid-deb-proxy-client debian-archive-keyring arch-test wodim cdrkit-doc
2025-08-09T01:38:02.9137272Z   gvfs libdv-bin oss-compat libvisual-0.4-plugins jackd2 liblinear-tools
2025-08-09T01:38:02.9138013Z   liblinear-dev opus-tools pcscd pulseaudio libraw1394-doc speex
2025-08-09T01:38:02.9138850Z   gstreamer1.0-libav gstreamer1.0-plugins-ugly memtest86+ | memtest86 syslinux
2025-08-09T01:38:02.9139699Z   | grub win32-loader gnu-fdisk floppyd ncat ndiff zenmap doc-base samba vde2
2025-08-09T01:38:02.9140343Z   libcrypt-passwdmd5-perl
2025-08-09T01:38:02.9502588Z The following NEW packages will be installed:
2025-08-09T01:38:02.9503430Z   cpu-checker debootstrap genisoimage gstreamer1.0-plugins-base
2025-08-09T01:38:02.9526254Z   gstreamer1.0-plugins-good gstreamer1.0-x ibverbs-providers ipxe-qemu
2025-08-09T01:38:02.9527249Z   ipxe-qemu-256k-compat-efi-roms isolinux libaa1 libasyncns0 libavc1394-0
2025-08-09T01:38:02.9527857Z   libboost-iostreams1.74.0 libboost-thread1.74.0 libbrlapi0.8 libcaca0
2025-08-09T01:38:02.9528498Z   libcacard0 libcdparanoia0 libdaxctl1 libdecor-0-0 libdecor-0-plugin-1-cairo
2025-08-09T01:38:02.9529060Z   libdv4 libelf-dev libfdt1 libflac8 libgfapi0 libgfrpc0 libgfxdr0
2025-08-09T01:38:02.9529631Z   libglusterfs0 libgstreamer-plugins-base1.0-0 libgstreamer-plugins-good1.0-0
2025-08-09T01:38:02.9530247Z   libibverbs1 libiec61883-0 libiscsi7 libjack-jackd2-0 liblinear4 libmp3lame0
2025-08-09T01:38:02.9530814Z   libmpg123-0 libndctl6 libnl-route-3-200 libopus0 liborc-0.4-0 libpcsclite1
2025-08-09T01:38:02.9531374Z   libpmem1 libpmemobj1 libpulse0 librados2 libraw1394-11 librbd1 librdmacm1
2025-08-09T01:38:02.9531888Z   libsamplerate0 libsdl2-2.0-0 libshout3 libsndfile1 libspeex1
2025-08-09T01:38:02.9532397Z   libspice-server1 libtag1v5 libtag1v5-vanilla libtheora0 libtwolame0
2025-08-09T01:38:02.9532937Z   liburing2 libusbredirparser1 libv4l-0 libv4lconvert0 libvirglrenderer1
2025-08-09T01:38:02.9533468Z   libvisual-0.4-0 libvorbisenc2 libvpx7 libvte-2.91-0 libvte-2.91-common
2025-08-09T01:38:02.9534418Z   libwavpack1 libxv1 live-build lua-lpeg msr-tools mtools nmap nmap-common
2025-08-09T01:38:02.9535259Z   ovmf pv qemu-block-extra qemu-system-common qemu-system-data qemu-system-gui
2025-08-09T01:38:02.9535775Z   qemu-system-x86 qemu-utils seabios syslinux-common syslinux-utils
2025-08-09T01:38:02.9730028Z 0 upgraded, 90 newly installed, 0 to remove and 16 not upgraded.
2025-08-09T01:38:02.9730579Z Need to get 53.2 MB of archives.
2025-08-09T01:38:02.9731065Z After this operation, 193 MB of additional disk space will be used.
2025-08-09T01:38:02.9731639Z Get:1 file:/etc/apt/apt-mirrors.txt Mirrorlist [144 B]
2025-08-09T01:38:03.0145680Z Get:2 http://azure.archive.ubuntu.com/ubuntu jammy/main amd64 msr-tools amd64 1.3-4 [10.3 kB]
2025-08-09T01:38:03.0295691Z Get:3 http://azure.archive.ubuntu.com/ubuntu jammy/main amd64 cpu-checker amd64 0.7-1.3build1 [6800 B]
2025-08-09T01:38:03.0439418Z Get:4 http://azure.archive.ubuntu.com/ubuntu jammy/main amd64 genisoimage amd64 9:1.1.11-3.2ubuntu1 [370 kB]
2025-08-09T01:38:03.0616309Z Get:5 http://azure.archive.ubuntu.com/ubuntu jammy/main amd64 libcdparanoia0 amd64 3.10.2+debian-14build2 [49.3 kB]
2025-08-09T01:38:03.0767434Z Get:6 http://azure.archive.ubuntu.com/ubuntu jammy-updates/main amd64 liborc-0.4-0 amd64 1:0.4.32-2ubuntu0.1 [228 kB]
2025-08-09T01:38:03.0940650Z Get:7 http://azure.archive.ubuntu.com/ubuntu jammy-updates/main amd64 libgstreamer-plugins-base1.0-0 amd64 1.20.1-1ubuntu0.4 [848 kB]
2025-08-09T01:38:03.1233099Z Get:8 http://azure.archive.ubuntu.com/ubuntu jammy/main amd64 libopus0 amd64 1.3.1-0.1build2 [203 kB]
2025-08-09T01:38:03.1393033Z Get:9 http://azure.archive.ubuntu.com/ubuntu jammy/main amd64 libtheora0 amd64 1.1.1+dfsg.1-15ubuntu4 [209 kB]
2025-08-09T01:38:03.1552710Z Get:10 http://azure.archive.ubuntu.com/ubuntu jammy/main amd64 libvisual-0.4-0 amd64 0.4.0-17build2 [108 kB]
2025-08-09T01:38:03.1701458Z Get:11 http://azure.archive.ubuntu.com/ubuntu jammy/main amd64 libvorbisenc2 amd64 1.3.7-1build2 [82.6 kB]
2025-08-09T01:38:03.1855550Z Get:12 http://azure.archive.ubuntu.com/ubuntu jammy-updates/main amd64 gstreamer1.0-plugins-base amd64 1.20.1-1ubuntu0.4 [712 kB]
2025-08-09T01:38:03.2123817Z Get:13 http://azure.archive.ubuntu.com/ubuntu jammy/main amd64 libaa1 amd64 1.4p5-50build1 [51.9 kB]
2025-08-09T01:38:03.2281535Z Get:14 http://azure.archive.ubuntu.com/ubuntu jammy/main amd64 libraw1394-11 amd64 2.1.2-2build2 [27.0 kB]
2025-08-09T01:38:03.2424436Z Get:15 http://azure.archive.ubuntu.com/ubuntu jammy/main amd64 libavc1394-0 amd64 0.5.4-5build2 [17.0 kB]
2025-08-09T01:38:03.2563910Z Get:16 http://azure.archive.ubuntu.com/ubuntu jammy/main amd64 libcaca0 amd64 0.99.beta19-2.2ubuntu4 [224 kB]
2025-08-09T01:38:03.2720763Z Get:17 http://azure.archive.ubuntu.com/ubuntu jammy/main amd64 libdv4 amd64 1.0.0-14build1 [61.9 kB]
2025-08-09T01:38:03.2862273Z Get:18 http://azure.archive.ubuntu.com/ubuntu jammy-updates/main amd64 libflac8 amd64 1.3.3-2ubuntu0.2 [111 kB]
2025-08-09T01:38:03.3011400Z Get:19 http://azure.archive.ubuntu.com/ubuntu jammy-updates/main amd64 libgstreamer-plugins-good1.0-0 amd64 1.20.3-0ubuntu1.3 [30.1 kB]
2025-08-09T01:38:03.3593390Z Get:20 http://azure.archive.ubuntu.com/ubuntu jammy/main amd64 libiec61883-0 amd64 1.2.0-4build3 [25.9 kB]
2025-08-09T01:38:03.3742463Z Get:21 http://azure.archive.ubuntu.com/ubuntu jammy/main amd64 libsamplerate0 amd64 0.2.2-1build1 [1359 kB]
2025-08-09T01:38:03.3976681Z Get:22 http://azure.archive.ubuntu.com/ubuntu jammy/main amd64 libjack-jackd2-0 amd64 1.9.20~dfsg-1 [293 kB]
2025-08-09T01:38:03.4182069Z Get:23 http://azure.archive.ubuntu.com/ubuntu jammy/main amd64 libmp3lame0 amd64 3.100-3build2 [141 kB]
2025-08-09T01:38:03.4336514Z Get:24 http://azure.archive.ubuntu.com/ubuntu jammy-updates/main amd64 libmpg123-0 amd64 1.29.3-1ubuntu0.1 [172 kB]
2025-08-09T01:38:03.4489352Z Get:25 http://azure.archive.ubuntu.com/ubuntu jammy/main amd64 libasyncns0 amd64 0.8-6build2 [12.8 kB]
2025-08-09T01:38:03.4675703Z Get:26 http://azure.archive.ubuntu.com/ubuntu jammy-updates/main amd64 libsndfile1 amd64 1.0.31-2ubuntu0.2 [196 kB]
2025-08-09T01:38:03.4827789Z Get:27 http://azure.archive.ubuntu.com/ubuntu jammy-updates/main amd64 libpulse0 amd64 1:15.99.1+dfsg1-1ubuntu2.2 [298 kB]
2025-08-09T01:38:03.4985955Z Get:28 http://azure.archive.ubuntu.com/ubuntu jammy/main amd64 libspeex1 amd64 1.2~rc1.2-1.1ubuntu3 [57.9 kB]
2025-08-09T01:38:03.5131686Z Get:29 http://azure.archive.ubuntu.com/ubuntu jammy/main amd64 libshout3 amd64 2.4.5-1build3 [54.5 kB]
2025-08-09T01:38:03.5289667Z Get:30 http://azure.archive.ubuntu.com/ubuntu jammy/main amd64 libtag1v5-vanilla amd64 1.11.1+dfsg.1-3ubuntu3 [304 kB]
2025-08-09T01:38:03.5653288Z Get:31 http://azure.archive.ubuntu.com/ubuntu jammy/main amd64 libtag1v5 amd64 1.11.1+dfsg.1-3ubuntu3 [11.5 kB]
2025-08-09T01:38:03.5794543Z Get:32 http://azure.archive.ubuntu.com/ubuntu jammy/main amd64 libtwolame0 amd64 0.4.0-2build2 [52.5 kB]
2025-08-09T01:38:03.5941331Z Get:33 http://azure.archive.ubuntu.com/ubuntu jammy/main amd64 libv4lconvert0 amd64 1.22.1-2build1 [82.4 kB]
2025-08-09T01:38:03.6083983Z Get:34 http://azure.archive.ubuntu.com/ubuntu jammy/main amd64 libv4l-0 amd64 1.22.1-2build1 [44.9 kB]
2025-08-09T01:38:03.6285628Z Get:35 http://azure.archive.ubuntu.com/ubuntu jammy-updates/main amd64 libvpx7 amd64 1.11.0-2ubuntu2.4 [1078 kB]
2025-08-09T01:38:03.6526584Z Get:36 http://azure.archive.ubuntu.com/ubuntu jammy/main amd64 libwavpack1 amd64 5.4.0-1build2 [83.7 kB]
2025-08-09T01:38:03.6669945Z Get:37 http://azure.archive.ubuntu.com/ubuntu jammy-updates/main amd64 gstreamer1.0-plugins-good amd64 1.20.3-0ubuntu1.3 [2010 kB]
2025-08-09T01:38:03.6941177Z Get:38 http://azure.archive.ubuntu.com/ubuntu jammy/main amd64 libxv1 amd64 2:1.0.11-1build2 [11.2 kB]
2025-08-09T01:38:03.7508687Z Get:39 http://azure.archive.ubuntu.com/ubuntu jammy-updates/main amd64 gstreamer1.0-x amd64 1.20.1-1ubuntu0.4 [85.1 kB]
2025-08-09T01:38:03.8056793Z Get:40 http://azure.archive.ubuntu.com/ubuntu jammy/main amd64 libnl-route-3-200 amd64 3.5.0-0.1 [180 kB]
2025-08-09T01:38:03.8203872Z Get:41 http://azure.archive.ubuntu.com/ubuntu jammy/main amd64 libibverbs1 amd64 39.0-1 [69.3 kB]
2025-08-09T01:38:03.8358014Z Get:42 http://azure.archive.ubuntu.com/ubuntu jammy/main amd64 ibverbs-providers amd64 39.0-1 [341 kB]
2025-08-09T01:38:03.8532654Z Get:43 http://azure.archive.ubuntu.com/ubuntu jammy/main amd64 ipxe-qemu all 1.21.1+git-20220113.fbbdc3926-0ubuntu1 [1569 kB]
2025-08-09T01:38:03.8839584Z Get:44 http://azure.archive.ubuntu.com/ubuntu jammy/main amd64 ipxe-qemu-256k-compat-efi-roms all 1.0.0+git-20150424.a25a16d-0ubuntu4 [552 kB]
2025-08-09T01:38:03.9038456Z Get:45 http://azure.archive.ubuntu.com/ubuntu jammy/universe amd64 isolinux all 3:6.04~git20190206.bf6db5b4+dfsg1-3ubuntu1 [60.1 kB]
2025-08-09T01:38:03.9191737Z Get:46 http://azure.archive.ubuntu.com/ubuntu jammy/main amd64 libboost-iostreams1.74.0 amd64 1.74.0-14ubuntu3 [245 kB]
2025-08-09T01:38:03.9352244Z Get:47 http://azure.archive.ubuntu.com/ubuntu jammy/main amd64 libboost-thread1.74.0 amd64 1.74.0-14ubuntu3 [262 kB]
2025-08-09T01:38:03.9522795Z Get:48 http://azure.archive.ubuntu.com/ubuntu jammy-updates/main amd64 libbrlapi0.8 amd64 6.4-4ubuntu3 [28.7 kB]
2025-08-09T01:38:03.9659582Z Get:49 http://azure.archive.ubuntu.com/ubuntu jammy-updates/main amd64 libpcsclite1 amd64 1.9.5-3ubuntu1 [19.8 kB]
2025-08-09T01:38:03.9795608Z Get:50 http://azure.archive.ubuntu.com/ubuntu jammy/main amd64 libcacard0 amd64 1:2.8.0-3build2 [38.0 kB]
2025-08-09T01:38:03.9932398Z Get:51 http://azure.archive.ubuntu.com/ubuntu jammy/main amd64 libdaxctl1 amd64 72.1-1 [19.8 kB]
2025-08-09T01:38:04.0066965Z Get:52 http://azure.archive.ubuntu.com/ubuntu jammy/main amd64 libdecor-0-0 amd64 0.1.0-3build1 [15.1 kB]
2025-08-09T01:38:04.0201656Z Get:53 http://azure.archive.ubuntu.com/ubuntu jammy/main amd64 libdecor-0-plugin-1-cairo amd64 0.1.0-3build1 [20.4 kB]
2025-08-09T01:38:04.0335342Z Get:54 http://azure.archive.ubuntu.com/ubuntu jammy-updates/main amd64 libelf-dev amd64 0.186-1ubuntu0.1 [64.4 kB]
2025-08-09T01:38:04.0474400Z Get:55 http://azure.archive.ubuntu.com/ubuntu jammy-updates/main amd64 libgfxdr0 amd64 10.1-1ubuntu0.2 [22.3 kB]
2025-08-09T01:38:04.0623663Z Get:56 http://azure.archive.ubuntu.com/ubuntu jammy-updates/main amd64 libglusterfs0 amd64 10.1-1ubuntu0.2 [287 kB]
2025-08-09T01:38:04.1224311Z Get:57 http://azure.archive.ubuntu.com/ubuntu jammy-updates/main amd64 libgfrpc0 amd64 10.1-1ubuntu0.2 [47.1 kB]
2025-08-09T01:38:04.1361382Z Get:58 http://azure.archive.ubuntu.com/ubuntu jammy-updates/main amd64 libgfapi0 amd64 10.1-1ubuntu0.2 [77.3 kB]
2025-08-09T01:38:04.1504531Z Get:59 http://azure.archive.ubuntu.com/ubuntu jammy/main amd64 librdmacm1 amd64 39.0-1 [71.2 kB]
2025-08-09T01:38:04.1644740Z Get:60 http://azure.archive.ubuntu.com/ubuntu jammy/main amd64 libiscsi7 amd64 1.19.0-3build2 [70.6 kB]
2025-08-09T01:38:04.1788701Z Get:61 http://azure.archive.ubuntu.com/ubuntu jammy/universe amd64 liblinear4 amd64 2.3.0+dfsg-5 [41.4 kB]
2025-08-09T01:38:04.1954553Z Get:62 http://azure.archive.ubuntu.com/ubuntu jammy/main amd64 libndctl6 amd64 72.1-1 [57.7 kB]
2025-08-09T01:38:04.2206769Z Get:63 http://azure.archive.ubuntu.com/ubuntu jammy/main amd64 libpmem1 amd64 1.11.1-3build1 [81.4 kB]
2025-08-09T01:38:04.2346457Z Get:64 http://azure.archive.ubuntu.com/ubuntu jammy/main amd64 libpmemobj1 amd64 1.11.1-3build1 [124 kB]
2025-08-09T01:38:04.2492742Z Get:65 http://azure.archive.ubuntu.com/ubuntu jammy-updates/main amd64 librados2 amd64 17.2.7-0ubuntu0.22.04.2 [3594 kB]
2025-08-09T01:38:04.3128324Z Get:66 http://azure.archive.ubuntu.com/ubuntu jammy-updates/main amd64 librbd1 amd64 17.2.7-0ubuntu0.22.04.2 [3548 kB]
2025-08-09T01:38:04.3675938Z Get:67 http://azure.archive.ubuntu.com/ubuntu jammy-updates/main amd64 libsdl2-2.0-0 amd64 2.0.20+dfsg-2ubuntu1.22.04.1 [582 kB]
2025-08-09T01:38:04.3908456Z Get:68 http://azure.archive.ubuntu.com/ubuntu jammy/main amd64 libspice-server1 amd64 0.15.0-2ubuntu4 [351 kB]
2025-08-09T01:38:04.4085228Z Get:69 http://azure.archive.ubuntu.com/ubuntu jammy/main amd64 liburing2 amd64 2.1-2build1 [10.3 kB]
2025-08-09T01:38:04.4219927Z Get:70 http://azure.archive.ubuntu.com/ubuntu jammy/main amd64 libusbredirparser1 amd64 0.11.0-2build1 [15.9 kB]
2025-08-09T01:38:04.4357110Z Get:71 http://azure.archive.ubuntu.com/ubuntu jammy/main amd64 libvirglrenderer1 amd64 0.9.1-1~exp1ubuntu2 [188 kB]
2025-08-09T01:38:04.4514763Z Get:72 http://azure.archive.ubuntu.com/ubuntu jammy-updates/main amd64 libvte-2.91-common amd64 0.68.0-1ubuntu0.1 [9408 B]
2025-08-09T01:38:04.4657650Z Get:73 http://azure.archive.ubuntu.com/ubuntu jammy-updates/main amd64 libvte-2.91-0 amd64 0.68.0-1ubuntu0.1 [214 kB]
2025-08-09T01:38:04.4817417Z Get:74 http://azure.archive.ubuntu.com/ubuntu jammy-updates/main amd64 debootstrap all 1.0.126+nmu1ubuntu0.8 [40.6 kB]
2025-08-09T01:38:04.4957009Z Get:75 http://azure.archive.ubuntu.com/ubuntu jammy-updates/main amd64 live-build all 3.0~a57-1ubuntu41.22.04.1 [132 kB]
2025-08-09T01:38:04.5543382Z Get:76 http://azure.archive.ubuntu.com/ubuntu jammy/universe amd64 lua-lpeg amd64 1.0.2-1 [31.4 kB]
2025-08-09T01:38:04.5678533Z Get:77 http://azure.archive.ubuntu.com/ubuntu jammy/main amd64 mtools amd64 4.0.33-1+really4.0.32-1build1 [201 kB]
2025-08-09T01:38:04.5836629Z Get:78 http://azure.archive.ubuntu.com/ubuntu jammy-updates/universe amd64 nmap-common all 7.91+dfsg1+really7.80+dfsg1-2ubuntu0.1 [3940 kB]
2025-08-09T01:38:04.6477610Z Get:79 http://azure.archive.ubuntu.com/ubuntu jammy/main amd64 pv amd64 1.6.6-1build2 [44.5 kB]
2025-08-09T01:38:04.6614113Z Get:80 http://azure.archive.ubuntu.com/ubuntu jammy/main amd64 libfdt1 amd64 1.6.1-1 [20.0 kB]
2025-08-09T01:38:04.6754158Z Get:81 http://azure.archive.ubuntu.com/ubuntu jammy-updates/main amd64 qemu-system-common amd64 1:6.2+dfsg-2ubuntu6.26 [2047 kB]
2025-08-09T01:38:04.7180488Z Get:82 http://azure.archive.ubuntu.com/ubuntu jammy-updates/main amd64 qemu-system-data all 1:6.2+dfsg-2ubuntu6.26 [1430 kB]
2025-08-09T01:38:04.7514300Z Get:83 http://azure.archive.ubuntu.com/ubuntu jammy/main amd64 seabios all 1.15.0-1 [174 kB]
2025-08-09T01:38:04.7680382Z Get:84 http://azure.archive.ubuntu.com/ubuntu jammy-updates/main amd64 qemu-system-x86 amd64 1:6.2+dfsg-2ubuntu6.26 [10.1 MB]
2025-08-09T01:38:04.9161779Z Get:85 http://azure.archive.ubuntu.com/ubuntu jammy-updates/main amd64 qemu-utils amd64 1:6.2+dfsg-2ubuntu6.26 [1527 kB]
2025-08-09T01:38:04.9497979Z Get:86 http://azure.archive.ubuntu.com/ubuntu jammy-updates/main amd64 qemu-block-extra amd64 1:6.2+dfsg-2ubuntu6.26 [68.2 kB]
2025-08-09T01:38:04.9645560Z Get:87 http://azure.archive.ubuntu.com/ubuntu jammy-updates/main amd64 qemu-system-gui amd64 1:6.2+dfsg-2ubuntu6.26 [220 kB]
2025-08-09T01:38:04.9807564Z Get:88 http://azure.archive.ubuntu.com/ubuntu jammy/main amd64 syslinux-common all 3:6.04~git20190206.bf6db5b4+dfsg1-3ubuntu1 [1271 kB]
2025-08-09T01:38:05.0109404Z Get:89 http://azure.archive.ubuntu.com/ubuntu jammy/universe amd64 syslinux-utils amd64 3:6.04~git20190206.bf6db5b4+dfsg1-3ubuntu1 [50.9 kB]
2025-08-09T01:38:05.0248612Z Get:90 http://azure.archive.ubuntu.com/ubuntu jammy-updates/universe amd64 nmap amd64 7.91+dfsg1+really7.80+dfsg1-2ubuntu0.1 [1731 kB]
2025-08-09T01:38:05.0583107Z Get:91 http://azure.archive.ubuntu.com/ubuntu jammy-updates/main amd64 ovmf all 2022.02-3ubuntu0.22.04.3 [7561 kB]
2025-08-09T01:38:05.5561496Z Fetched 53.2 MB in 2s (24.5 MB/s)
2025-08-09T01:38:05.5803555Z Selecting previously unselected package msr-tools.
2025-08-09T01:38:05.6061377Z (Reading database ... 
2025-08-09T01:38:05.6061682Z (Reading database ... 5%
2025-08-09T01:38:05.6061911Z (Reading database ... 10%
2025-08-09T01:38:05.6062121Z (Reading database ... 15%
2025-08-09T01:38:05.6062329Z (Reading database ... 20%
2025-08-09T01:38:05.6062696Z (Reading database ... 25%
2025-08-09T01:38:05.6063080Z (Reading database ... 30%
2025-08-09T01:38:05.6063422Z (Reading database ... 35%
2025-08-09T01:38:05.6063789Z (Reading database ... 40%
2025-08-09T01:38:05.6063999Z (Reading database ... 45%
2025-08-09T01:38:05.6064422Z (Reading database ... 50%
2025-08-09T01:38:05.6481585Z (Reading database ... 55%
2025-08-09T01:38:05.6844310Z (Reading database ... 60%
2025-08-09T01:38:05.7150451Z (Reading database ... 65%
2025-08-09T01:38:05.7558291Z (Reading database ... 70%
2025-08-09T01:38:05.8114760Z (Reading database ... 75%
2025-08-09T01:38:05.8488011Z (Reading database ... 80%
2025-08-09T01:38:05.9199177Z (Reading database ... 85%
2025-08-09T01:38:05.9623157Z (Reading database ... 90%
2025-08-09T01:38:06.0150058Z (Reading database ... 95%
2025-08-09T01:38:06.0150350Z (Reading database ... 100%
2025-08-09T01:38:06.0150679Z (Reading database ... 267991 files and directories currently installed.)
2025-08-09T01:38:06.0208858Z Preparing to unpack .../00-msr-tools_1.3-4_amd64.deb ...
2025-08-09T01:38:06.0237383Z Unpacking msr-tools (1.3-4) ...
2025-08-09T01:38:06.0486528Z Selecting previously unselected package cpu-checker.
2025-08-09T01:38:06.0651489Z Preparing to unpack .../01-cpu-checker_0.7-1.3build1_amd64.deb ...
2025-08-09T01:38:06.0662990Z Unpacking cpu-checker (0.7-1.3build1) ...
2025-08-09T01:38:06.0889048Z Selecting previously unselected package genisoimage.
2025-08-09T01:38:06.1056986Z Preparing to unpack .../02-genisoimage_9%3a1.1.11-3.2ubuntu1_amd64.deb ...
2025-08-09T01:38:06.1066723Z Unpacking genisoimage (9:1.1.11-3.2ubuntu1) ...
2025-08-09T01:38:06.1432641Z Selecting previously unselected package libcdparanoia0:amd64.
2025-08-09T01:38:06.1596700Z Preparing to unpack .../03-libcdparanoia0_3.10.2+debian-14build2_amd64.deb ...
2025-08-09T01:38:06.1617827Z Unpacking libcdparanoia0:amd64 (3.10.2+debian-14build2) ...
2025-08-09T01:38:06.1862257Z Selecting previously unselected package liborc-0.4-0:amd64.
2025-08-09T01:38:06.2028253Z Preparing to unpack .../04-liborc-0.4-0_1%3a0.4.32-2ubuntu0.1_amd64.deb ...
2025-08-09T01:38:06.2038779Z Unpacking liborc-0.4-0:amd64 (1:0.4.32-2ubuntu0.1) ...
2025-08-09T01:38:06.2306308Z Selecting previously unselected package libgstreamer-plugins-base1.0-0:amd64.
2025-08-09T01:38:06.2472946Z Preparing to unpack .../05-libgstreamer-plugins-base1.0-0_1.20.1-1ubuntu0.4_amd64.deb ...
2025-08-09T01:38:06.2482510Z Unpacking libgstreamer-plugins-base1.0-0:amd64 (1.20.1-1ubuntu0.4) ...
2025-08-09T01:38:06.2826218Z Selecting previously unselected package libopus0:amd64.
2025-08-09T01:38:06.2990129Z Preparing to unpack .../06-libopus0_1.3.1-0.1build2_amd64.deb ...
2025-08-09T01:38:06.3000995Z Unpacking libopus0:amd64 (1.3.1-0.1build2) ...
2025-08-09T01:38:06.3250132Z Selecting previously unselected package libtheora0:amd64.
2025-08-09T01:38:06.3416007Z Preparing to unpack .../07-libtheora0_1.1.1+dfsg.1-15ubuntu4_amd64.deb ...
2025-08-09T01:38:06.3424695Z Unpacking libtheora0:amd64 (1.1.1+dfsg.1-15ubuntu4) ...
2025-08-09T01:38:06.3683170Z Selecting previously unselected package libvisual-0.4-0:amd64.
2025-08-09T01:38:06.3848604Z Preparing to unpack .../08-libvisual-0.4-0_0.4.0-17build2_amd64.deb ...
2025-08-09T01:38:06.3858297Z Unpacking libvisual-0.4-0:amd64 (0.4.0-17build2) ...
2025-08-09T01:38:06.4121580Z Selecting previously unselected package libvorbisenc2:amd64.
2025-08-09T01:38:06.4290165Z Preparing to unpack .../09-libvorbisenc2_1.3.7-1build2_amd64.deb ...
2025-08-09T01:38:06.4300615Z Unpacking libvorbisenc2:amd64 (1.3.7-1build2) ...
2025-08-09T01:38:06.4680904Z Selecting previously unselected package gstreamer1.0-plugins-base:amd64.
2025-08-09T01:38:06.4848693Z Preparing to unpack .../10-gstreamer1.0-plugins-base_1.20.1-1ubuntu0.4_amd64.deb ...
2025-08-09T01:38:06.4872823Z Unpacking gstreamer1.0-plugins-base:amd64 (1.20.1-1ubuntu0.4) ...
2025-08-09T01:38:06.5223542Z Selecting previously unselected package libaa1:amd64.
2025-08-09T01:38:06.5387929Z Preparing to unpack .../11-libaa1_1.4p5-50build1_amd64.deb ...
2025-08-09T01:38:06.5398186Z Unpacking libaa1:amd64 (1.4p5-50build1) ...
2025-08-09T01:38:06.5640498Z Selecting previously unselected package libraw1394-11:amd64.
2025-08-09T01:38:06.5804754Z Preparing to unpack .../12-libraw1394-11_2.1.2-2build2_amd64.deb ...
2025-08-09T01:38:06.5814368Z Unpacking libraw1394-11:amd64 (2.1.2-2build2) ...
2025-08-09T01:38:06.6039375Z Selecting previously unselected package libavc1394-0:amd64.
2025-08-09T01:38:06.6207565Z Preparing to unpack .../13-libavc1394-0_0.5.4-5build2_amd64.deb ...
2025-08-09T01:38:06.6217094Z Unpacking libavc1394-0:amd64 (0.5.4-5build2) ...
2025-08-09T01:38:06.6436671Z Selecting previously unselected package libcaca0:amd64.
2025-08-09T01:38:06.6604090Z Preparing to unpack .../14-libcaca0_0.99.beta19-2.2ubuntu4_amd64.deb ...
2025-08-09T01:38:06.6613573Z Unpacking libcaca0:amd64 (0.99.beta19-2.2ubuntu4) ...
2025-08-09T01:38:06.6882406Z Selecting previously unselected package libdv4:amd64.
2025-08-09T01:38:06.7049123Z Preparing to unpack .../15-libdv4_1.0.0-14build1_amd64.deb ...
2025-08-09T01:38:06.7057599Z Unpacking libdv4:amd64 (1.0.0-14build1) ...
2025-08-09T01:38:06.7293279Z Selecting previously unselected package libflac8:amd64.
2025-08-09T01:38:06.7461089Z Preparing to unpack .../16-libflac8_1.3.3-2ubuntu0.2_amd64.deb ...
2025-08-09T01:38:06.7472297Z Unpacking libflac8:amd64 (1.3.3-2ubuntu0.2) ...
2025-08-09T01:38:06.7704668Z Selecting previously unselected package libgstreamer-plugins-good1.0-0:amd64.
2025-08-09T01:38:06.7874298Z Preparing to unpack .../17-libgstreamer-plugins-good1.0-0_1.20.3-0ubuntu1.3_amd64.deb ...
2025-08-09T01:38:06.7883085Z Unpacking libgstreamer-plugins-good1.0-0:amd64 (1.20.3-0ubuntu1.3) ...
2025-08-09T01:38:06.8152500Z Selecting previously unselected package libiec61883-0:amd64.
2025-08-09T01:38:06.8319399Z Preparing to unpack .../18-libiec61883-0_1.2.0-4build3_amd64.deb ...
2025-08-09T01:38:06.8331172Z Unpacking libiec61883-0:amd64 (1.2.0-4build3) ...
2025-08-09T01:38:06.8568911Z Selecting previously unselected package libsamplerate0:amd64.
2025-08-09T01:38:06.8736162Z Preparing to unpack .../19-libsamplerate0_0.2.2-1build1_amd64.deb ...
2025-08-09T01:38:06.8747400Z Unpacking libsamplerate0:amd64 (0.2.2-1build1) ...
2025-08-09T01:38:06.9038230Z Selecting previously unselected package libjack-jackd2-0:amd64.
2025-08-09T01:38:06.9205372Z Preparing to unpack .../20-libjack-jackd2-0_1.9.20~dfsg-1_amd64.deb ...
2025-08-09T01:38:06.9215675Z Unpacking libjack-jackd2-0:amd64 (1.9.20~dfsg-1) ...
2025-08-09T01:38:06.9515543Z Selecting previously unselected package libmp3lame0:amd64.
2025-08-09T01:38:06.9685546Z Preparing to unpack .../21-libmp3lame0_3.100-3build2_amd64.deb ...
2025-08-09T01:38:06.9698532Z Unpacking libmp3lame0:amd64 (3.100-3build2) ...
2025-08-09T01:38:06.9941183Z Selecting previously unselected package libmpg123-0:amd64.
2025-08-09T01:38:07.0112038Z Preparing to unpack .../22-libmpg123-0_1.29.3-1ubuntu0.1_amd64.deb ...
2025-08-09T01:38:07.0124690Z Unpacking libmpg123-0:amd64 (1.29.3-1ubuntu0.1) ...
2025-08-09T01:38:07.0389165Z Selecting previously unselected package libasyncns0:amd64.
2025-08-09T01:38:07.0556400Z Preparing to unpack .../23-libasyncns0_0.8-6build2_amd64.deb ...
2025-08-09T01:38:07.0567760Z Unpacking libasyncns0:amd64 (0.8-6build2) ...
2025-08-09T01:38:07.0794053Z Selecting previously unselected package libsndfile1:amd64.
2025-08-09T01:38:07.0961233Z Preparing to unpack .../24-libsndfile1_1.0.31-2ubuntu0.2_amd64.deb ...
2025-08-09T01:38:07.0972876Z Unpacking libsndfile1:amd64 (1.0.31-2ubuntu0.2) ...
2025-08-09T01:38:07.1251657Z Selecting previously unselected package libpulse0:amd64.
2025-08-09T01:38:07.1419448Z Preparing to unpack .../25-libpulse0_1%3a15.99.1+dfsg1-1ubuntu2.2_amd64.deb ...
2025-08-09T01:38:07.1495047Z Unpacking libpulse0:amd64 (1:15.99.1+dfsg1-1ubuntu2.2) ...
2025-08-09T01:38:07.1792781Z Selecting previously unselected package libspeex1:amd64.
2025-08-09T01:38:07.1959948Z Preparing to unpack .../26-libspeex1_1.2~rc1.2-1.1ubuntu3_amd64.deb ...
2025-08-09T01:38:07.1969456Z Unpacking libspeex1:amd64 (1.2~rc1.2-1.1ubuntu3) ...
2025-08-09T01:38:07.2206243Z Selecting previously unselected package libshout3:amd64.
2025-08-09T01:38:07.2371959Z Preparing to unpack .../27-libshout3_2.4.5-1build3_amd64.deb ...
2025-08-09T01:38:07.2381172Z Unpacking libshout3:amd64 (2.4.5-1build3) ...
2025-08-09T01:38:07.2608064Z Selecting previously unselected package libtag1v5-vanilla:amd64.
2025-08-09T01:38:07.2775930Z Preparing to unpack .../28-libtag1v5-vanilla_1.11.1+dfsg.1-3ubuntu3_amd64.deb ...
2025-08-09T01:38:07.2786154Z Unpacking libtag1v5-vanilla:amd64 (1.11.1+dfsg.1-3ubuntu3) ...
2025-08-09T01:38:07.3030319Z Selecting previously unselected package libtag1v5:amd64.
2025-08-09T01:38:07.3197070Z Preparing to unpack .../29-libtag1v5_1.11.1+dfsg.1-3ubuntu3_amd64.deb ...
2025-08-09T01:38:07.3204953Z Unpacking libtag1v5:amd64 (1.11.1+dfsg.1-3ubuntu3) ...
2025-08-09T01:38:07.3430797Z Selecting previously unselected package libtwolame0:amd64.
2025-08-09T01:38:07.3597600Z Preparing to unpack .../30-libtwolame0_0.4.0-2build2_amd64.deb ...
2025-08-09T01:38:07.3608845Z Unpacking libtwolame0:amd64 (0.4.0-2build2) ...
2025-08-09T01:38:07.3835342Z Selecting previously unselected package libv4lconvert0:amd64.
2025-08-09T01:38:07.4002161Z Preparing to unpack .../31-libv4lconvert0_1.22.1-2build1_amd64.deb ...
2025-08-09T01:38:07.4011491Z Unpacking libv4lconvert0:amd64 (1.22.1-2build1) ...
2025-08-09T01:38:07.4249913Z Selecting previously unselected package libv4l-0:amd64.
2025-08-09T01:38:07.4413503Z Preparing to unpack .../32-libv4l-0_1.22.1-2build1_amd64.deb ...
2025-08-09T01:38:07.4422804Z Unpacking libv4l-0:amd64 (1.22.1-2build1) ...
2025-08-09T01:38:07.4673529Z Selecting previously unselected package libvpx7:amd64.
2025-08-09T01:38:07.4848902Z Preparing to unpack .../33-libvpx7_1.11.0-2ubuntu2.4_amd64.deb ...
2025-08-09T01:38:07.4858854Z Unpacking libvpx7:amd64 (1.11.0-2ubuntu2.4) ...
2025-08-09T01:38:07.5206422Z Selecting previously unselected package libwavpack1:amd64.
2025-08-09T01:38:07.5373158Z Preparing to unpack .../34-libwavpack1_5.4.0-1build2_amd64.deb ...
2025-08-09T01:38:07.5382265Z Unpacking libwavpack1:amd64 (5.4.0-1build2) ...
2025-08-09T01:38:07.5611304Z Selecting previously unselected package gstreamer1.0-plugins-good:amd64.
2025-08-09T01:38:07.5778769Z Preparing to unpack .../35-gstreamer1.0-plugins-good_1.20.3-0ubuntu1.3_amd64.deb ...
2025-08-09T01:38:07.5787031Z Unpacking gstreamer1.0-plugins-good:amd64 (1.20.3-0ubuntu1.3) ...
2025-08-09T01:38:07.6362963Z Selecting previously unselected package libxv1:amd64.
2025-08-09T01:38:07.6530536Z Preparing to unpack .../36-libxv1_2%3a1.0.11-1build2_amd64.deb ...
2025-08-09T01:38:07.6540560Z Unpacking libxv1:amd64 (2:1.0.11-1build2) ...
2025-08-09T01:38:07.6749174Z Selecting previously unselected package gstreamer1.0-x:amd64.
2025-08-09T01:38:07.6916999Z Preparing to unpack .../37-gstreamer1.0-x_1.20.1-1ubuntu0.4_amd64.deb ...
2025-08-09T01:38:07.6926009Z Unpacking gstreamer1.0-x:amd64 (1.20.1-1ubuntu0.4) ...
2025-08-09T01:38:07.7162242Z Selecting previously unselected package libnl-route-3-200:amd64.
2025-08-09T01:38:07.7328965Z Preparing to unpack .../38-libnl-route-3-200_3.5.0-0.1_amd64.deb ...
2025-08-09T01:38:07.7337820Z Unpacking libnl-route-3-200:amd64 (3.5.0-0.1) ...
2025-08-09T01:38:07.7586103Z Selecting previously unselected package libibverbs1:amd64.
2025-08-09T01:38:07.7754593Z Preparing to unpack .../39-libibverbs1_39.0-1_amd64.deb ...
2025-08-09T01:38:07.7764632Z Unpacking libibverbs1:amd64 (39.0-1) ...
2025-08-09T01:38:07.8017457Z Selecting previously unselected package ibverbs-providers:amd64.
2025-08-09T01:38:07.8187469Z Preparing to unpack .../40-ibverbs-providers_39.0-1_amd64.deb ...
2025-08-09T01:38:07.8319796Z Unpacking ibverbs-providers:amd64 (39.0-1) ...
2025-08-09T01:38:07.8609139Z Selecting previously unselected package ipxe-qemu.
2025-08-09T01:38:07.8774746Z Preparing to unpack .../41-ipxe-qemu_1.21.1+git-20220113.fbbdc3926-0ubuntu1_all.deb ...
2025-08-09T01:38:07.8782771Z Unpacking ipxe-qemu (1.21.1+git-20220113.fbbdc3926-0ubuntu1) ...
2025-08-09T01:38:07.9150343Z Selecting previously unselected package ipxe-qemu-256k-compat-efi-roms.
2025-08-09T01:38:07.9318561Z Preparing to unpack .../42-ipxe-qemu-256k-compat-efi-roms_1.0.0+git-20150424.a25a16d-0ubuntu4_all.deb ...
2025-08-09T01:38:07.9327786Z Unpacking ipxe-qemu-256k-compat-efi-roms (1.0.0+git-20150424.a25a16d-0ubuntu4) ...
2025-08-09T01:38:07.9806234Z Selecting previously unselected package isolinux.
2025-08-09T01:38:07.9971381Z Preparing to unpack .../43-isolinux_3%3a6.04~git20190206.bf6db5b4+dfsg1-3ubuntu1_all.deb ...
2025-08-09T01:38:07.9980175Z Unpacking isolinux (3:6.04~git20190206.bf6db5b4+dfsg1-3ubuntu1) ...
2025-08-09T01:38:08.0218636Z Selecting previously unselected package libboost-iostreams1.74.0:amd64.
2025-08-09T01:38:08.0386005Z Preparing to unpack .../44-libboost-iostreams1.74.0_1.74.0-14ubuntu3_amd64.deb ...
2025-08-09T01:38:08.0406455Z Unpacking libboost-iostreams1.74.0:amd64 (1.74.0-14ubuntu3) ...
2025-08-09T01:38:08.0839837Z Selecting previously unselected package libboost-thread1.74.0:amd64.
2025-08-09T01:38:08.1007648Z Preparing to unpack .../45-libboost-thread1.74.0_1.74.0-14ubuntu3_amd64.deb ...
2025-08-09T01:38:08.1016285Z Unpacking libboost-thread1.74.0:amd64 (1.74.0-14ubuntu3) ...
2025-08-09T01:38:08.1309158Z Selecting previously unselected package libbrlapi0.8:amd64.
2025-08-09T01:38:08.1475373Z Preparing to unpack .../46-libbrlapi0.8_6.4-4ubuntu3_amd64.deb ...
2025-08-09T01:38:08.1485254Z Unpacking libbrlapi0.8:amd64 (6.4-4ubuntu3) ...
2025-08-09T01:38:08.1710563Z Selecting previously unselected package libpcsclite1:amd64.
2025-08-09T01:38:08.1876616Z Preparing to unpack .../47-libpcsclite1_1.9.5-3ubuntu1_amd64.deb ...
2025-08-09T01:38:08.1886596Z Unpacking libpcsclite1:amd64 (1.9.5-3ubuntu1) ...
2025-08-09T01:38:08.2108384Z Selecting previously unselected package libcacard0:amd64.
2025-08-09T01:38:08.2273459Z Preparing to unpack .../48-libcacard0_1%3a2.8.0-3build2_amd64.deb ...
2025-08-09T01:38:08.2282662Z Unpacking libcacard0:amd64 (1:2.8.0-3build2) ...
2025-08-09T01:38:08.2508219Z Selecting previously unselected package libdaxctl1:amd64.
2025-08-09T01:38:08.2673829Z Preparing to unpack .../49-libdaxctl1_72.1-1_amd64.deb ...
2025-08-09T01:38:08.2683320Z Unpacking libdaxctl1:amd64 (72.1-1) ...
2025-08-09T01:38:08.2900278Z Selecting previously unselected package libdecor-0-0:amd64.
2025-08-09T01:38:08.3066115Z Preparing to unpack .../50-libdecor-0-0_0.1.0-3build1_amd64.deb ...
2025-08-09T01:38:08.3074176Z Unpacking libdecor-0-0:amd64 (0.1.0-3build1) ...
2025-08-09T01:38:08.3295830Z Selecting previously unselected package libdecor-0-plugin-1-cairo:amd64.
2025-08-09T01:38:08.3464393Z Preparing to unpack .../51-libdecor-0-plugin-1-cairo_0.1.0-3build1_amd64.deb ...
2025-08-09T01:38:08.3472712Z Unpacking libdecor-0-plugin-1-cairo:amd64 (0.1.0-3build1) ...
2025-08-09T01:38:08.3679073Z Selecting previously unselected package libelf-dev:amd64.
2025-08-09T01:38:08.3843032Z Preparing to unpack .../52-libelf-dev_0.186-1ubuntu0.1_amd64.deb ...
2025-08-09T01:38:08.3852274Z Unpacking libelf-dev:amd64 (0.186-1ubuntu0.1) ...
2025-08-09T01:38:08.4114107Z Selecting previously unselected package libgfxdr0:amd64.
2025-08-09T01:38:08.4279948Z Preparing to unpack .../53-libgfxdr0_10.1-1ubuntu0.2_amd64.deb ...
2025-08-09T01:38:08.4288271Z Unpacking libgfxdr0:amd64 (10.1-1ubuntu0.2) ...
2025-08-09T01:38:08.4505222Z Selecting previously unselected package libglusterfs0:amd64.
2025-08-09T01:38:08.4671034Z Preparing to unpack .../54-libglusterfs0_10.1-1ubuntu0.2_amd64.deb ...
2025-08-09T01:38:08.4679786Z Unpacking libglusterfs0:amd64 (10.1-1ubuntu0.2) ...
2025-08-09T01:38:08.4941579Z Selecting previously unselected package libgfrpc0:amd64.
2025-08-09T01:38:08.5112803Z Preparing to unpack .../55-libgfrpc0_10.1-1ubuntu0.2_amd64.deb ...
2025-08-09T01:38:08.5121655Z Unpacking libgfrpc0:amd64 (10.1-1ubuntu0.2) ...
2025-08-09T01:38:08.5354163Z Selecting previously unselected package libgfapi0:amd64.
2025-08-09T01:38:08.5523803Z Preparing to unpack .../56-libgfapi0_10.1-1ubuntu0.2_amd64.deb ...
2025-08-09T01:38:08.5533267Z Unpacking libgfapi0:amd64 (10.1-1ubuntu0.2) ...
2025-08-09T01:38:08.5770459Z Selecting previously unselected package librdmacm1:amd64.
2025-08-09T01:38:08.5942104Z Preparing to unpack .../57-librdmacm1_39.0-1_amd64.deb ...
2025-08-09T01:38:08.5951302Z Unpacking librdmacm1:amd64 (39.0-1) ...
2025-08-09T01:38:08.6202310Z Selecting previously unselected package libiscsi7:amd64.
2025-08-09T01:38:08.6373331Z Preparing to unpack .../58-libiscsi7_1.19.0-3build2_amd64.deb ...
2025-08-09T01:38:08.6382398Z Unpacking libiscsi7:amd64 (1.19.0-3build2) ...
2025-08-09T01:38:08.6621640Z Selecting previously unselected package liblinear4:amd64.
2025-08-09T01:38:08.6791234Z Preparing to unpack .../59-liblinear4_2.3.0+dfsg-5_amd64.deb ...
2025-08-09T01:38:08.6800109Z Unpacking liblinear4:amd64 (2.3.0+dfsg-5) ...
2025-08-09T01:38:08.7050748Z Selecting previously unselected package libndctl6:amd64.
2025-08-09T01:38:08.7220674Z Preparing to unpack .../60-libndctl6_72.1-1_amd64.deb ...
2025-08-09T01:38:08.7230516Z Unpacking libndctl6:amd64 (72.1-1) ...
2025-08-09T01:38:08.7462088Z Selecting previously unselected package libpmem1:amd64.
2025-08-09T01:38:08.7635965Z Preparing to unpack .../61-libpmem1_1.11.1-3build1_amd64.deb ...
2025-08-09T01:38:08.7645441Z Unpacking libpmem1:amd64 (1.11.1-3build1) ...
2025-08-09T01:38:08.7890313Z Selecting previously unselected package libpmemobj1:amd64.
2025-08-09T01:38:08.8061637Z Preparing to unpack .../62-libpmemobj1_1.11.1-3build1_amd64.deb ...
2025-08-09T01:38:08.8072091Z Unpacking libpmemobj1:amd64 (1.11.1-3build1) ...
2025-08-09T01:38:08.8360501Z Selecting previously unselected package librados2.
2025-08-09T01:38:08.8532068Z Preparing to unpack .../63-librados2_17.2.7-0ubuntu0.22.04.2_amd64.deb ...
2025-08-09T01:38:08.8541160Z Unpacking librados2 (17.2.7-0ubuntu0.22.04.2) ...
2025-08-09T01:38:08.9250178Z Selecting previously unselected package librbd1.
2025-08-09T01:38:08.9420359Z Preparing to unpack .../64-librbd1_17.2.7-0ubuntu0.22.04.2_amd64.deb ...
2025-08-09T01:38:08.9429964Z Unpacking librbd1 (17.2.7-0ubuntu0.22.04.2) ...
2025-08-09T01:38:09.0129611Z Selecting previously unselected package libsdl2-2.0-0:amd64.
2025-08-09T01:38:09.0299821Z Preparing to unpack .../65-libsdl2-2.0-0_2.0.20+dfsg-2ubuntu1.22.04.1_amd64.deb ...
2025-08-09T01:38:09.0309496Z Unpacking libsdl2-2.0-0:amd64 (2.0.20+dfsg-2ubuntu1.22.04.1) ...
2025-08-09T01:38:09.0599071Z Selecting previously unselected package libspice-server1:amd64.
2025-08-09T01:38:09.0767019Z Preparing to unpack .../66-libspice-server1_0.15.0-2ubuntu4_amd64.deb ...
2025-08-09T01:38:09.0776125Z Unpacking libspice-server1:amd64 (0.15.0-2ubuntu4) ...
2025-08-09T01:38:09.1048553Z Selecting previously unselected package liburing2:amd64.
2025-08-09T01:38:09.1218348Z Preparing to unpack .../67-liburing2_2.1-2build1_amd64.deb ...
2025-08-09T01:38:09.1227180Z Unpacking liburing2:amd64 (2.1-2build1) ...
2025-08-09T01:38:09.1461439Z Selecting previously unselected package libusbredirparser1:amd64.
2025-08-09T01:38:09.1629981Z Preparing to unpack .../68-libusbredirparser1_0.11.0-2build1_amd64.deb ...
2025-08-09T01:38:09.1647948Z Unpacking libusbredirparser1:amd64 (0.11.0-2build1) ...
2025-08-09T01:38:09.1882952Z Selecting previously unselected package libvirglrenderer1:amd64.
2025-08-09T01:38:09.2048740Z Preparing to unpack .../69-libvirglrenderer1_0.9.1-1~exp1ubuntu2_amd64.deb ...
2025-08-09T01:38:09.2057455Z Unpacking libvirglrenderer1:amd64 (0.9.1-1~exp1ubuntu2) ...
2025-08-09T01:38:09.2303298Z Selecting previously unselected package libvte-2.91-common.
2025-08-09T01:38:09.2470017Z Preparing to unpack .../70-libvte-2.91-common_0.68.0-1ubuntu0.1_amd64.deb ...
2025-08-09T01:38:09.2480957Z Unpacking libvte-2.91-common (0.68.0-1ubuntu0.1) ...
2025-08-09T01:38:09.2731889Z Selecting previously unselected package libvte-2.91-0:amd64.
2025-08-09T01:38:09.2898774Z Preparing to unpack .../71-libvte-2.91-0_0.68.0-1ubuntu0.1_amd64.deb ...
2025-08-09T01:38:09.2909528Z Unpacking libvte-2.91-0:amd64 (0.68.0-1ubuntu0.1) ...
2025-08-09T01:38:09.3152065Z Selecting previously unselected package debootstrap.
2025-08-09T01:38:09.3320960Z Preparing to unpack .../72-debootstrap_1.0.126+nmu1ubuntu0.8_all.deb ...
2025-08-09T01:38:09.3330952Z Unpacking debootstrap (1.0.126+nmu1ubuntu0.8) ...
2025-08-09T01:38:09.3631783Z Selecting previously unselected package live-build.
2025-08-09T01:38:09.3800121Z Preparing to unpack .../73-live-build_3.0~a57-1ubuntu41.22.04.1_all.deb ...
2025-08-09T01:38:09.3809886Z Unpacking live-build (3.0~a57-1ubuntu41.22.04.1) ...
2025-08-09T01:38:09.4446995Z Selecting previously unselected package lua-lpeg:amd64.
2025-08-09T01:38:09.4616143Z Preparing to unpack .../74-lua-lpeg_1.0.2-1_amd64.deb ...
2025-08-09T01:38:09.4626477Z Unpacking lua-lpeg:amd64 (1.0.2-1) ...
2025-08-09T01:38:09.4874626Z Selecting previously unselected package mtools.
2025-08-09T01:38:09.5051348Z Preparing to unpack .../75-mtools_4.0.33-1+really4.0.32-1build1_amd64.deb ...
2025-08-09T01:38:09.5060149Z Unpacking mtools (4.0.33-1+really4.0.32-1build1) ...
2025-08-09T01:38:09.5481290Z Selecting previously unselected package nmap-common.
2025-08-09T01:38:09.5653284Z Preparing to unpack .../76-nmap-common_7.91+dfsg1+really7.80+dfsg1-2ubuntu0.1_all.deb ...
2025-08-09T01:38:09.5662234Z Unpacking nmap-common (7.91+dfsg1+really7.80+dfsg1-2ubuntu0.1) ...
2025-08-09T01:38:09.7873645Z Selecting previously unselected package pv.
2025-08-09T01:38:09.8049041Z Preparing to unpack .../77-pv_1.6.6-1build2_amd64.deb ...
2025-08-09T01:38:09.8057693Z Unpacking pv (1.6.6-1build2) ...
2025-08-09T01:38:09.8324767Z Selecting previously unselected package libfdt1:amd64.
2025-08-09T01:38:09.8499871Z Preparing to unpack .../78-libfdt1_1.6.1-1_amd64.deb ...
2025-08-09T01:38:09.8510030Z Unpacking libfdt1:amd64 (1.6.1-1) ...
2025-08-09T01:38:09.8751257Z Selecting previously unselected package qemu-system-common.
2025-08-09T01:38:09.8922674Z Preparing to unpack .../79-qemu-system-common_1%3a6.2+dfsg-2ubuntu6.26_amd64.deb ...
2025-08-09T01:38:09.8932118Z Unpacking qemu-system-common (1:6.2+dfsg-2ubuntu6.26) ...
2025-08-09T01:38:09.9649754Z Selecting previously unselected package qemu-system-data.
2025-08-09T01:38:09.9819304Z Preparing to unpack .../80-qemu-system-data_1%3a6.2+dfsg-2ubuntu6.26_all.deb ...
2025-08-09T01:38:09.9828865Z Unpacking qemu-system-data (1:6.2+dfsg-2ubuntu6.26) ...
2025-08-09T01:38:10.0467668Z Selecting previously unselected package seabios.
2025-08-09T01:38:10.0636890Z Preparing to unpack .../81-seabios_1.15.0-1_all.deb ...
2025-08-09T01:38:10.0646101Z Unpacking seabios (1.15.0-1) ...
2025-08-09T01:38:10.0914130Z Selecting previously unselected package qemu-system-x86.
2025-08-09T01:38:10.1085386Z Preparing to unpack .../82-qemu-system-x86_1%3a6.2+dfsg-2ubuntu6.26_amd64.deb ...
2025-08-09T01:38:10.1221601Z Unpacking qemu-system-x86 (1:6.2+dfsg-2ubuntu6.26) ...
2025-08-09T01:38:10.2727241Z Selecting previously unselected package qemu-utils.
2025-08-09T01:38:10.2899337Z Preparing to unpack .../83-qemu-utils_1%3a6.2+dfsg-2ubuntu6.26_amd64.deb ...
2025-08-09T01:38:10.2907169Z Unpacking qemu-utils (1:6.2+dfsg-2ubuntu6.26) ...
2025-08-09T01:38:10.3368306Z Selecting previously unselected package qemu-block-extra.
2025-08-09T01:38:10.3538250Z Preparing to unpack .../84-qemu-block-extra_1%3a6.2+dfsg-2ubuntu6.26_amd64.deb ...
2025-08-09T01:38:10.3548056Z Unpacking qemu-block-extra (1:6.2+dfsg-2ubuntu6.26) ...
2025-08-09T01:38:10.3780922Z Selecting previously unselected package qemu-system-gui.
2025-08-09T01:38:10.3949685Z Preparing to unpack .../85-qemu-system-gui_1%3a6.2+dfsg-2ubuntu6.26_amd64.deb ...
2025-08-09T01:38:10.3963191Z Unpacking qemu-system-gui (1:6.2+dfsg-2ubuntu6.26) ...
2025-08-09T01:38:10.4212374Z Selecting previously unselected package syslinux-common.
2025-08-09T01:38:10.4380794Z Preparing to unpack .../86-syslinux-common_3%3a6.04~git20190206.bf6db5b4+dfsg1-3ubuntu1_all.deb ...
2025-08-09T01:38:10.4388933Z Unpacking syslinux-common (3:6.04~git20190206.bf6db5b4+dfsg1-3ubuntu1) ...
2025-08-09T01:38:10.5028619Z Selecting previously unselected package syslinux-utils.
2025-08-09T01:38:10.5199844Z Preparing to unpack .../87-syslinux-utils_3%3a6.04~git20190206.bf6db5b4+dfsg1-3ubuntu1_amd64.deb ...
2025-08-09T01:38:10.5207876Z Unpacking syslinux-utils (3:6.04~git20190206.bf6db5b4+dfsg1-3ubuntu1) ...
2025-08-09T01:38:10.5483533Z Selecting previously unselected package nmap.
2025-08-09T01:38:10.5661891Z Preparing to unpack .../88-nmap_7.91+dfsg1+really7.80+dfsg1-2ubuntu0.1_amd64.deb ...
2025-08-09T01:38:10.5671195Z Unpacking nmap (7.91+dfsg1+really7.80+dfsg1-2ubuntu0.1) ...
2025-08-09T01:38:10.6161489Z Selecting previously unselected package ovmf.
2025-08-09T01:38:10.6336001Z Preparing to unpack .../89-ovmf_2022.02-3ubuntu0.22.04.3_all.deb ...
2025-08-09T01:38:10.6344664Z Unpacking ovmf (2022.02-3ubuntu0.22.04.3) ...
2025-08-09T01:38:10.7314128Z Setting up genisoimage (9:1.1.11-3.2ubuntu1) ...
2025-08-09T01:38:10.7340141Z Setting up libcdparanoia0:amd64 (3.10.2+debian-14build2) ...
2025-08-09T01:38:10.7363130Z Setting up lua-lpeg:amd64 (1.0.2-1) ...
2025-08-09T01:38:10.7385806Z Setting up debootstrap (1.0.126+nmu1ubuntu0.8) ...
2025-08-09T01:38:10.7408269Z Setting up libraw1394-11:amd64 (2.1.2-2build2) ...
2025-08-09T01:38:10.7431914Z Setting up libtag1v5-vanilla:amd64 (1.11.1+dfsg.1-3ubuntu3) ...
2025-08-09T01:38:10.7454230Z Setting up libmpg123-0:amd64 (1.29.3-1ubuntu0.1) ...
2025-08-09T01:38:10.7479273Z Setting up isolinux (3:6.04~git20190206.bf6db5b4+dfsg1-3ubuntu1) ...
2025-08-09T01:38:10.7503873Z Setting up libspeex1:amd64 (1.2~rc1.2-1.1ubuntu3) ...
2025-08-09T01:38:10.7528025Z Setting up libcaca0:amd64 (0.99.beta19-2.2ubuntu4) ...
2025-08-09T01:38:10.7553644Z Setting up libtwolame0:amd64 (0.4.0-2build2) ...
2025-08-09T01:38:10.7578218Z Setting up libvte-2.91-common (0.68.0-1ubuntu0.1) ...
2025-08-09T01:38:10.7617602Z Setting up libvisual-0.4-0:amd64 (0.4.0-17build2) ...
2025-08-09T01:38:10.7644237Z Setting up mtools (4.0.33-1+really4.0.32-1build1) ...
2025-08-09T01:38:10.7681826Z Setting up libboost-iostreams1.74.0:amd64 (1.74.0-14ubuntu3) ...
2025-08-09T01:38:10.7707004Z Setting up msr-tools (1.3-4) ...
2025-08-09T01:38:10.7731120Z Setting up syslinux-common (3:6.04~git20190206.bf6db5b4+dfsg1-3ubuntu1) ...
2025-08-09T01:38:10.7757513Z Setting up live-build (3.0~a57-1ubuntu41.22.04.1) ...
2025-08-09T01:38:10.7778524Z Setting up libfdt1:amd64 (1.6.1-1) ...
2025-08-09T01:38:10.7802036Z Setting up libvte-2.91-0:amd64 (0.68.0-1ubuntu0.1) ...
2025-08-09T01:38:10.7829109Z Setting up libusbredirparser1:amd64 (0.11.0-2build1) ...
2025-08-09T01:38:10.7853846Z Setting up liblinear4:amd64 (2.3.0+dfsg-5) ...
2025-08-09T01:38:10.7876651Z Setting up libflac8:amd64 (1.3.3-2ubuntu0.2) ...
2025-08-09T01:38:10.7905491Z Setting up syslinux-utils (3:6.04~git20190206.bf6db5b4+dfsg1-3ubuntu1) ...
2025-08-09T01:38:10.7926937Z Setting up libnl-route-3-200:amd64 (3.5.0-0.1) ...
2025-08-09T01:38:10.7948592Z Setting up ovmf (2022.02-3ubuntu0.22.04.3) ...
2025-08-09T01:38:10.7991405Z Setting up libglusterfs0:amd64 (10.1-1ubuntu0.2) ...
2025-08-09T01:38:10.8025724Z Setting up libvirglrenderer1:amd64 (0.9.1-1~exp1ubuntu2) ...
2025-08-09T01:38:10.8051934Z Setting up libopus0:amd64 (1.3.1-0.1build2) ...
2025-08-09T01:38:10.8073714Z Setting up libxv1:amd64 (2:1.0.11-1build2) ...
2025-08-09T01:38:10.8097217Z Setting up liborc-0.4-0:amd64 (1:0.4.32-2ubuntu0.1) ...
2025-08-09T01:38:10.8121697Z Setting up libelf-dev:amd64 (0.186-1ubuntu0.1) ...
2025-08-09T01:38:10.8151923Z Setting up libpcsclite1:amd64 (1.9.5-3ubuntu1) ...
2025-08-09T01:38:10.8178710Z Setting up libdaxctl1:amd64 (72.1-1) ...
2025-08-09T01:38:10.8215900Z Setting up qemu-system-data (1:6.2+dfsg-2ubuntu6.26) ...
2025-08-09T01:38:10.8238699Z Setting up seabios (1.15.0-1) ...
2025-08-09T01:38:10.8265395Z Setting up nmap-common (7.91+dfsg1+really7.80+dfsg1-2ubuntu0.1) ...
2025-08-09T01:38:10.8561514Z Setting up libtag1v5:amd64 (1.11.1+dfsg.1-3ubuntu3) ...
2025-08-09T01:38:10.8588882Z Setting up cpu-checker (0.7-1.3build1) ...
2025-08-09T01:38:10.8611179Z Setting up libdv4:amd64 (1.0.0-14build1) ...
2025-08-09T01:38:10.8638386Z Setting up libasyncns0:amd64 (0.8-6build2) ...
2025-08-09T01:38:10.8665786Z Setting up pv (1.6.6-1build2) ...
2025-08-09T01:38:10.8691669Z Setting up libwavpack1:amd64 (5.4.0-1build2) ...
2025-08-09T01:38:10.8716416Z Setting up ipxe-qemu (1.21.1+git-20220113.fbbdc3926-0ubuntu1) ...
2025-08-09T01:38:10.8739687Z Setting up libtheora0:amd64 (1.1.1+dfsg.1-15ubuntu4) ...
2025-08-09T01:38:10.8770559Z Setting up libv4lconvert0:amd64 (1.22.1-2build1) ...
2025-08-09T01:38:10.8794450Z Setting up libdecor-0-0:amd64 (0.1.0-3build1) ...
2025-08-09T01:38:10.8816640Z Setting up libndctl6:amd64 (72.1-1) ...
2025-08-09T01:38:10.8840094Z Setting up ipxe-qemu-256k-compat-efi-roms (1.0.0+git-20150424.a25a16d-0ubuntu4) ...
2025-08-09T01:38:10.8862955Z Setting up libvpx7:amd64 (1.11.0-2ubuntu2.4) ...
2025-08-09T01:38:10.8884165Z Setting up libbrlapi0.8:amd64 (6.4-4ubuntu3) ...
2025-08-09T01:38:10.8907312Z Setting up liburing2:amd64 (2.1-2build1) ...
2025-08-09T01:38:10.8928115Z Setting up libsamplerate0:amd64 (0.2.2-1build1) ...
2025-08-09T01:38:10.8949815Z Setting up libpmem1:amd64 (1.11.1-3build1) ...
2025-08-09T01:38:10.8974603Z Setting up libmp3lame0:amd64 (3.100-3build2) ...
2025-08-09T01:38:10.8995501Z Setting up libvorbisenc2:amd64 (1.3.7-1build2) ...
2025-08-09T01:38:10.9016572Z Setting up libgfxdr0:amd64 (10.1-1ubuntu0.2) ...
2025-08-09T01:38:10.9040211Z Setting up libboost-thread1.74.0:amd64 (1.74.0-14ubuntu3) ...
2025-08-09T01:38:10.9061196Z Setting up libaa1:amd64 (1.4p5-50build1) ...
2025-08-09T01:38:10.9083346Z Setting up libiec61883-0:amd64 (1.2.0-4build3) ...
2025-08-09T01:38:10.9122096Z Setting up libavc1394-0:amd64 (0.5.4-5build2) ...
2025-08-09T01:38:10.9144109Z Setting up libibverbs1:amd64 (39.0-1) ...
2025-08-09T01:38:10.9615840Z Setting up ibverbs-providers:amd64 (39.0-1) ...
2025-08-09T01:38:10.9871847Z Setting up libgstreamer-plugins-base1.0-0:amd64 (1.20.1-1ubuntu0.4) ...
2025-08-09T01:38:10.9898436Z Setting up nmap (7.91+dfsg1+really7.80+dfsg1-2ubuntu0.1) ...
2025-08-09T01:38:10.9932359Z Setting up libcacard0:amd64 (1:2.8.0-3build2) ...
2025-08-09T01:38:10.9956086Z Setting up libv4l-0:amd64 (1.22.1-2build1) ...
2025-08-09T01:38:10.9987029Z Setting up libgstreamer-plugins-good1.0-0:amd64 (1.20.3-0ubuntu1.3) ...
2025-08-09T01:38:11.0013470Z Setting up gstreamer1.0-plugins-base:amd64 (1.20.1-1ubuntu0.4) ...
2025-08-09T01:38:11.0040087Z Setting up libshout3:amd64 (2.4.5-1build3) ...
2025-08-09T01:38:11.0068771Z Setting up libpmemobj1:amd64 (1.11.1-3build1) ...
2025-08-09T01:38:11.0092081Z Setting up libdecor-0-plugin-1-cairo:amd64 (0.1.0-3build1) ...
2025-08-09T01:38:11.0126980Z Setting up libjack-jackd2-0:amd64 (1.9.20~dfsg-1) ...
2025-08-09T01:38:11.0150889Z Setting up libsndfile1:amd64 (1.0.31-2ubuntu0.2) ...
2025-08-09T01:38:11.0171835Z Setting up qemu-utils (1:6.2+dfsg-2ubuntu6.26) ...
2025-08-09T01:38:11.0195360Z Setting up libgfrpc0:amd64 (10.1-1ubuntu0.2) ...
2025-08-09T01:38:11.0221808Z Setting up librdmacm1:amd64 (39.0-1) ...
2025-08-09T01:38:11.0244084Z Setting up librados2 (17.2.7-0ubuntu0.22.04.2) ...
2025-08-09T01:38:11.0396342Z Setting up gstreamer1.0-x:amd64 (1.20.1-1ubuntu0.4) ...
2025-08-09T01:38:11.0420003Z Setting up libpulse0:amd64 (1:15.99.1+dfsg1-1ubuntu2.2) ...
2025-08-09T01:38:11.0496434Z Setting up gstreamer1.0-plugins-good:amd64 (1.20.3-0ubuntu1.3) ...
2025-08-09T01:38:11.0523254Z Setting up libspice-server1:amd64 (0.15.0-2ubuntu4) ...
2025-08-09T01:38:11.0569412Z Setting up librbd1 (17.2.7-0ubuntu0.22.04.2) ...
2025-08-09T01:38:11.0601312Z Setting up libgfapi0:amd64 (10.1-1ubuntu0.2) ...
2025-08-09T01:38:11.0623940Z Setting up libiscsi7:amd64 (1.19.0-3build2) ...
2025-08-09T01:38:11.0659612Z Setting up libsdl2-2.0-0:amd64 (2.0.20+dfsg-2ubuntu1.22.04.1) ...
2025-08-09T01:38:11.0683878Z Setting up qemu-block-extra (1:6.2+dfsg-2ubuntu6.26) ...
2025-08-09T01:38:11.3474473Z Created symlink /etc/systemd/system/multi-user.target.wants/run-qemu.mount → /lib/systemd/system/run-qemu.mount.
2025-08-09T01:38:11.7802043Z Setting up qemu-system-common (1:6.2+dfsg-2ubuntu6.26) ...
2025-08-09T01:38:11.8882140Z Created symlink /etc/systemd/system/multi-user.target.wants/qemu-kvm.service → /lib/systemd/system/qemu-kvm.service.
2025-08-09T01:38:12.7255600Z Setting up qemu-system-x86 (1:6.2+dfsg-2ubuntu6.26) ...
2025-08-09T01:38:12.7284429Z Setting up qemu-system-gui (1:6.2+dfsg-2ubuntu6.26) ...
2025-08-09T01:38:12.7313475Z Processing triggers for man-db (2.10.2-1) ...
2025-08-09T01:38:13.4633867Z Processing triggers for install-info (6.8-4build1) ...
2025-08-09T01:38:13.8143859Z Processing triggers for hicolor-icon-theme (0.17-2) ...
2025-08-09T01:38:14.8501285Z Processing triggers for libc-bin (2.35-0ubuntu3.10) ...
2025-08-09T01:38:15.2928934Z NEEDRESTART-VER: 3.5
2025-08-09T01:38:15.5627845Z NEEDRESTART-KCUR: 6.8.0-1031-azure
2025-08-09T01:38:15.5628323Z NEEDRESTART-KEXP: 6.8.0-1031-azure
2025-08-09T01:38:15.5628714Z NEEDRESTART-KSTA: 1
2025-08-09T01:38:15.5629104Z NEEDRESTART-SVC: hosted-compute-agent.service
2025-08-09T01:38:17.1190166Z ##[group]Run echo "CLUSTER_MODE=sub" >> $GITHUB_ENV
2025-08-09T01:38:17.1190567Z [36;1mecho "CLUSTER_MODE=sub" >> $GITHUB_ENV[0m
2025-08-09T01:38:17.1190867Z [36;1mecho "ENABLE_GUI=false" >> $GITHUB_ENV[0m
2025-08-09T01:38:17.1191164Z [36;1mecho "SKIP_QEMU_TEST=true" >> $GITHUB_ENV[0m
2025-08-09T01:38:17.1191495Z [36;1mecho "BUILD_THREADS=2" >> $GITHUB_ENV  # Limit for CI[0m
2025-08-09T01:38:17.1191970Z [36;1mecho "SKIP_CONNECTIVITY_CHECK=true" >> $GITHUB_ENV  # Skip redundant check in CI[0m
2025-08-09T01:38:17.1219922Z shell: /usr/bin/bash -e {0}
2025-08-09T01:38:17.1220165Z ##[endgroup]
2025-08-09T01:38:17.1298051Z ##[group]Run chmod +x ainux-builder.sh
2025-08-09T01:38:17.1298406Z [36;1mchmod +x ainux-builder.sh[0m
2025-08-09T01:38:17.1298642Z [36;1m[0m
2025-08-09T01:38:17.1298821Z [36;1m# Add debug output[0m
2025-08-09T01:38:17.1299042Z [36;1mset -x[0m
2025-08-09T01:38:17.1299221Z [36;1m[0m
2025-08-09T01:38:17.1299418Z [36;1m# Run build with timeout (2 hours max)[0m
2025-08-09T01:38:17.1299721Z [36;1mtimeout 7200 ./ainux-builder.sh || {[0m
2025-08-09T01:38:17.1300003Z [36;1m  echo "Build timed out or failed"[0m
2025-08-09T01:38:17.1300305Z [36;1m  echo "=== Last 100 lines of any available logs ==="[0m
2025-08-09T01:38:17.1300770Z [36;1m  find ~/ainux-build/logs -name "*.log" -exec tail -50 {} \; 2>/dev/null || echo "No log files found"[0m
2025-08-09T01:38:17.1301180Z [36;1m  [0m
2025-08-09T01:38:17.1301383Z [36;1m  echo "=== Environment Variables ==="[0m
2025-08-09T01:38:17.1301714Z [36;1m  env | grep -E "(CLUSTER_MODE|ENABLE_GUI|SKIP_|BUILD_)" || true[0m
2025-08-09T01:38:17.1302059Z [36;1m  [0m
2025-08-09T01:38:17.1302236Z [36;1m  echo "=== Disk Usage ==="[0m
2025-08-09T01:38:17.1302478Z [36;1m  df -h || true[0m
2025-08-09T01:38:17.1302672Z [36;1m  [0m
2025-08-09T01:38:17.1302853Z [36;1m  echo "=== Memory Usage ==="[0m
2025-08-09T01:38:17.1303093Z [36;1m  free -h || true[0m
2025-08-09T01:38:17.1303289Z [36;1m  [0m
2025-08-09T01:38:17.1303449Z [36;1m  exit 1[0m
2025-08-09T01:38:17.1303622Z [36;1m}[0m
2025-08-09T01:38:17.1328885Z shell: /usr/bin/bash -e {0}
2025-08-09T01:38:17.1329115Z env:
2025-08-09T01:38:17.1329280Z   CLUSTER_MODE: sub
2025-08-09T01:38:17.1329473Z   ENABLE_GUI: false
2025-08-09T01:38:17.1329660Z   SKIP_QEMU_TEST: true
2025-08-09T01:38:17.1329848Z   BUILD_THREADS: 2
2025-08-09T01:38:17.1330039Z   SKIP_CONNECTIVITY_CHECK: true
2025-08-09T01:38:17.1330259Z ##[endgroup]
2025-08-09T01:38:17.1385999Z + timeout 7200 ./ainux-builder.sh
2025-08-09T01:38:17.1460897Z 
2025-08-09T01:38:17.1461603Z [0;35m[PHASE][0m Starting Ainux OS AI Cluster Builder Process
2025-08-09T01:38:17.1462035Z 
2025-08-09T01:38:17.1462046Z 
2025-08-09T01:38:17.1462275Z [0;35m[PHASE][0m Checking Prerequisites
2025-08-09T01:38:17.1462562Z 
2025-08-09T01:38:17.1509831Z [0;34m[INFO][0m Detected Ubuntu 22.04 LTS - supported
2025-08-09T01:38:17.1538718Z [0;34m[INFO][0m Disk space check passed: 36GB available
2025-08-09T01:38:17.1539413Z [0;34m[INFO][0m Checking internet connectivity...
2025-08-09T01:38:17.1540194Z [1;33m[WARNING][0m Skipping connectivity check (SKIP_CONNECTIVITY_CHECK=true)
2025-08-09T01:38:17.1540978Z [0;32m[SUCCESS][0m Prerequisites check passed
2025-08-09T01:38:17.1541334Z 
2025-08-09T01:38:17.1541701Z [0;35m[PHASE][0m Initializing Ainux OS AI Cluster Build Environment
2025-08-09T01:38:17.1542127Z 
2025-08-09T01:38:17.1542360Z [0;34m[INFO][0m Build Configuration:
2025-08-09T01:38:17.1542851Z [0;34m[INFO][0m   Kernel Version: 6.6.58
2025-08-09T01:38:17.1543407Z [0;34m[INFO][0m   Cluster Mode: sub
2025-08-09T01:38:17.1543915Z [0;34m[INFO][0m   Build Threads: 2
2025-08-09T01:38:17.1544600Z [0;34m[INFO][0m   GUI Enabled: false
2025-08-09T01:38:17.1545240Z [0;34m[INFO][0m   Build Directory: /home/runner/ainux-build
2025-08-09T01:38:17.1545676Z [0;34m[INFO][0m Installing build dependencies...
2025-08-09T01:38:17.1546080Z [0;34m[INFO][0m Detected CI environment - applying optimizations...
2025-08-09T01:38:18.8847885Z 
2025-08-09T01:38:18.8848595Z WARNING: apt does not have a stable CLI interface. Use with caution in scripts.
2025-08-09T01:38:18.8849095Z 
2025-08-09T01:38:18.9241962Z Reading package lists...
2025-08-09T01:38:19.1473559Z Building dependency tree...
2025-08-09T01:38:19.1486512Z Reading state information...
2025-08-09T01:38:19.3383282Z bc is already the newest version (1.07.1-3build1).
2025-08-09T01:38:19.3385970Z bison is already the newest version (2:3.8.2+dfsg-1build1).
2025-08-09T01:38:19.3386792Z build-essential is already the newest version (12.9ubuntu3).
2025-08-09T01:38:19.3387896Z dosfstools is already the newest version (4.2-1build3).
2025-08-09T01:38:19.3388373Z flex is already the newest version (2.6.4-8build2).
2025-08-09T01:38:19.3388785Z gcc is already the newest version (4:11.2.0-1ubuntu1).
2025-08-09T01:38:19.3389261Z genisoimage is already the newest version (9:1.1.11-3.2ubuntu1).
2025-08-09T01:38:19.3389725Z make is already the newest version (4.3-4.1build1).
2025-08-09T01:38:19.3390196Z mtools is already the newest version (4.0.33-1+really4.0.32-1build1).
2025-08-09T01:38:19.3390672Z pv is already the newest version (1.6.6-1build2).
2025-08-09T01:38:19.3391120Z squashfs-tools is already the newest version (1:4.5-3build1).
2025-08-09T01:38:19.3391704Z isolinux is already the newest version (3:6.04~git20190206.bf6db5b4+dfsg1-3ubuntu1).
2025-08-09T01:38:19.3392394Z syslinux-utils is already the newest version (3:6.04~git20190206.bf6db5b4+dfsg1-3ubuntu1).
2025-08-09T01:38:19.3392960Z xorriso is already the newest version (1.5.4-2).
2025-08-09T01:38:19.3393391Z curl is already the newest version (7.81.0-1ubuntu1.20).
2025-08-09T01:38:19.3393794Z debootstrap is already the newest version (1.0.126+nmu1ubuntu0.8).
2025-08-09T01:38:19.3394239Z grub-efi-amd64-bin is already the newest version (2.06-2ubuntu14.8).
2025-08-09T01:38:19.3394654Z grub-pc-bin is already the newest version (2.06-2ubuntu7.2).
2025-08-09T01:38:19.3395294Z libelf-dev is already the newest version (0.186-1ubuntu0.1).
2025-08-09T01:38:19.3395688Z libncurses-dev is already the newest version (6.3-2ubuntu0.1).
2025-08-09T01:38:19.3396095Z libssl-dev is already the newest version (3.0.2-0ubuntu1.19).
2025-08-09T01:38:19.3396508Z live-build is already the newest version (3.0~a57-1ubuntu41.22.04.1).
2025-08-09T01:38:19.3396959Z qemu-system-x86 is already the newest version (1:6.2+dfsg-2ubuntu6.26).
2025-08-09T01:38:19.3397371Z rsync is already the newest version (3.2.7-0ubuntu0.22.04.4).
2025-08-09T01:38:19.3397739Z wget is already the newest version (1.21.2-2ubuntu1.1).
2025-08-09T01:38:19.3398158Z nmap is already the newest version (7.91+dfsg1+really7.80+dfsg1-2ubuntu0.1).
2025-08-09T01:38:19.3398622Z python3-pip is already the newest version (22.0.2+dfsg-1ubuntu0.6).
2025-08-09T01:38:19.3399043Z git is already the newest version (1:2.50.1-0ppa1~ubuntu22.04.1).
2025-08-09T01:38:19.3800515Z The following NEW packages will be installed:
2025-08-09T01:38:19.3807979Z   dialog
2025-08-09T01:38:19.4126176Z 0 upgraded, 1 newly installed, 0 to remove and 16 not upgraded.
2025-08-09T01:38:19.4468060Z Need to get 303 kB of archives.
2025-08-09T01:38:19.4468721Z After this operation, 1258 kB of additional disk space will be used.
2025-08-09T01:38:19.4469119Z Get:1 file:/etc/apt/apt-mirrors.txt Mirrorlist [144 B]
2025-08-09T01:38:19.4834164Z Get:2 http://azure.archive.ubuntu.com/ubuntu jammy/universe amd64 dialog amd64 1.3-20211214-1 [303 kB]
2025-08-09T01:38:19.8031185Z Fetched 303 kB in 0s (5899 kB/s)
2025-08-09T01:38:19.8248069Z Selecting previously unselected package dialog.
2025-08-09T01:38:19.8320330Z (Reading database ... 
2025-08-09T01:38:19.8320735Z (Reading database ... 5%
2025-08-09T01:38:19.8321493Z (Reading database ... 10%
2025-08-09T01:38:19.8321721Z (Reading database ... 15%
2025-08-09T01:38:19.8321940Z (Reading database ... 20%
2025-08-09T01:38:19.8322136Z (Reading database ... 25%
2025-08-09T01:38:19.8322335Z (Reading database ... 30%
2025-08-09T01:38:19.8322546Z (Reading database ... 35%
2025-08-09T01:38:19.8322743Z (Reading database ... 40%
2025-08-09T01:38:19.8322965Z (Reading database ... 45%
2025-08-09T01:38:19.8323170Z (Reading database ... 50%
2025-08-09T01:38:19.8382958Z (Reading database ... 55%
2025-08-09T01:38:19.8424556Z (Reading database ... 60%
2025-08-09T01:38:19.8446830Z (Reading database ... 65%
2025-08-09T01:38:19.8549920Z (Reading database ... 70%
2025-08-09T01:38:19.8743094Z (Reading database ... 75%
2025-08-09T01:38:19.8776548Z (Reading database ... 80%
2025-08-09T01:38:19.9114230Z (Reading database ... 85%
2025-08-09T01:38:19.9205030Z (Reading database ... 90%
2025-08-09T01:38:19.9393478Z (Reading database ... 95%
2025-08-09T01:38:19.9394255Z (Reading database ... 100%
2025-08-09T01:38:19.9394702Z (Reading database ... 270634 files and directories currently installed.)
2025-08-09T01:38:19.9451435Z Preparing to unpack .../dialog_1.3-20211214-1_amd64.deb ...
2025-08-09T01:38:19.9460865Z Unpacking dialog (1.3-20211214-1) ...
2025-08-09T01:38:20.1096642Z Setting up dialog (1.3-20211214-1) ...
2025-08-09T01:38:20.1123284Z Processing triggers for man-db (2.10.2-1) ...
2025-08-09T01:38:20.6692135Z NEEDRESTART-VER: 3.5
2025-08-09T01:38:20.9090768Z NEEDRESTART-KCUR: 6.8.0-1031-azure
2025-08-09T01:38:20.9091247Z NEEDRESTART-KEXP: 6.8.0-1031-azure
2025-08-09T01:38:20.9091573Z NEEDRESTART-KSTA: 1
2025-08-09T01:38:20.9091822Z NEEDRESTART-SVC: hosted-compute-agent.service
2025-08-09T01:38:22.4854768Z [0;34m[INFO][0m Applying CI space optimizations...
2025-08-09T01:38:23.5261202Z Reading package lists...
2025-08-09T01:38:23.7542311Z Building dependency tree...
2025-08-09T01:38:23.7555627Z Reading state information...
2025-08-09T01:38:23.9232242Z The following packages will be REMOVED:
2025-08-09T01:38:23.9233234Z   apport-symptoms landscape-common libintl-perl libintl-xs-perl libisns0
2025-08-09T01:38:23.9234201Z   liblldb-13 liblldb-15 libmodule-find-perl libmodule-scandeps-perl libmspack0
2025-08-09T01:38:23.9235492Z   libopeniscsiusr libproc-processtable-perl libsort-naturally-perl
2025-08-09T01:38:23.9237498Z   libterm-readkey-perl libxmlsec1 libxmlsec1-openssl lxd-agent-loader
2025-08-09T01:38:23.9238540Z   needrestart open-iscsi open-vm-tools python3-apport python3-automat
2025-08-09T01:38:23.9239348Z   python3-bcrypt python3-click python3-colorama python3-constantly
2025-08-09T01:38:23.9240269Z   python3-hamcrest python3-hyperlink python3-incremental
2025-08-09T01:38:23.9240912Z   python3-problem-report python3-pyasn1 python3-pyasn1-modules
2025-08-09T01:38:23.9241450Z   python3-service-identity python3-systemd python3-twisted
2025-08-09T01:38:23.9241889Z   python3-zope.interface zerofree
2025-08-09T01:38:24.2122062Z 0 upgraded, 0 newly installed, 37 to remove and 14 not upgraded.
2025-08-09T01:38:24.2122509Z After this operation, 62.7 MB disk space will be freed.
2025-08-09T01:38:24.2382737Z (Reading database ... 
2025-08-09T01:38:24.2383226Z (Reading database ... 5%
2025-08-09T01:38:24.2383669Z (Reading database ... 10%
2025-08-09T01:38:24.2384068Z (Reading database ... 15%
2025-08-09T01:38:24.2384358Z (Reading database ... 20%
2025-08-09T01:38:24.2384636Z (Reading database ... 25%
2025-08-09T01:38:24.2385132Z (Reading database ... 30%
2025-08-09T01:38:24.2385426Z (Reading database ... 35%
2025-08-09T01:38:24.2385711Z (Reading database ... 40%
2025-08-09T01:38:24.2386018Z (Reading database ... 45%
2025-08-09T01:38:24.2386290Z (Reading database ... 50%
2025-08-09T01:38:24.2429809Z (Reading database ... 55%
2025-08-09T01:38:24.2468864Z (Reading database ... 60%
2025-08-09T01:38:24.2490226Z (Reading database ... 65%
2025-08-09T01:38:24.2728175Z (Reading database ... 70%
2025-08-09T01:38:24.2795146Z (Reading database ... 75%
2025-08-09T01:38:24.2828327Z (Reading database ... 80%
2025-08-09T01:38:24.3161846Z (Reading database ... 85%
2025-08-09T01:38:24.3252238Z (Reading database ... 90%
2025-08-09T01:38:24.3439482Z (Reading database ... 95%
2025-08-09T01:38:24.3440011Z (Reading database ... 100%
2025-08-09T01:38:24.3440616Z (Reading database ... 270787 files and directories currently installed.)
2025-08-09T01:38:24.3498239Z Removing apport-symptoms (0.24) ...
2025-08-09T01:38:24.3686140Z Removing landscape-common (23.02-0ubuntu1~22.04.4) ...
2025-08-09T01:38:24.4914990Z Removing libintl-xs-perl (1.26-3build2) ...
2025-08-09T01:38:24.5134660Z Removing needrestart (3.5-5ubuntu2.4) ...
2025-08-09T01:38:24.6164011Z Removing libintl-perl (1.26-3build2) ...
2025-08-09T01:38:24.6468221Z Removing open-iscsi (2.1.5-1ubuntu1.1) ...
2025-08-09T01:38:24.8885324Z Warning: Stopping iscsid.service, but it can still be activated by:
2025-08-09T01:38:24.8886939Z   iscsid.socket
2025-08-09T01:38:26.3411138Z Removing libisns0:amd64 (0.101-0ubuntu2) ...
2025-08-09T01:38:26.3594291Z Removing liblldb-13 (1:13.0.1-2ubuntu2.2) ...
2025-08-09T01:38:26.3891671Z Removing liblldb-15 (1:15.0.7-0ubuntu0.22.04.3) ...
2025-08-09T01:38:26.4183142Z Removing libmodule-find-perl (0.15-1) ...
2025-08-09T01:38:26.4998905Z Removing libmodule-scandeps-perl (1.31-1ubuntu0.1) ...
2025-08-09T01:38:26.5172925Z Removing open-vm-tools (2:12.3.5-3~ubuntu0.22.04.2) ...
2025-08-09T01:38:27.4972183Z Removing libmspack0:amd64 (0.10.1-2build2) ...
2025-08-09T01:38:27.5148487Z Removing libopeniscsiusr (2.1.5-1ubuntu1.1) ...
2025-08-09T01:38:27.5318847Z Removing libproc-processtable-perl:amd64 (0.634-1build1) ...
2025-08-09T01:38:27.5503225Z Removing libsort-naturally-perl (1.03-2) ...
2025-08-09T01:38:27.5673352Z Removing libterm-readkey-perl (2.38-1build4) ...
2025-08-09T01:38:27.5843971Z Removing libxmlsec1-openssl:amd64 (1.2.33-1build2) ...
2025-08-09T01:38:27.6038210Z Removing libxmlsec1:amd64 (1.2.33-1build2) ...
2025-08-09T01:38:27.6216881Z Removing lxd-agent-loader (0.5) ...
2025-08-09T01:38:28.1026645Z Removing python3-apport (2.20.11-0ubuntu82.9) ...
2025-08-09T01:38:28.2019712Z Removing python3-twisted (22.1.0-2ubuntu2.6) ...
2025-08-09T01:38:28.5164725Z Removing python3-automat (20.2.0-1) ...
2025-08-09T01:38:28.6091234Z Removing python3-bcrypt (3.2.0-1build1) ...
2025-08-09T01:38:28.6978285Z Removing python3-click (8.0.3-1) ...
2025-08-09T01:38:28.7928705Z Removing python3-colorama (0.4.4-1) ...
2025-08-09T01:38:28.8831805Z Removing python3-constantly (15.1.0-2) ...
2025-08-09T01:38:28.9704003Z Removing python3-hamcrest (2.0.2-2) ...
2025-08-09T01:38:29.0707004Z Removing python3-hyperlink (21.0.0-3) ...
2025-08-09T01:38:29.1610772Z Removing python3-incremental (21.3.0-1) ...
2025-08-09T01:38:29.2537298Z Removing python3-problem-report (2.20.11-0ubuntu82.9) ...
2025-08-09T01:38:29.3451210Z Removing python3-service-identity (18.1.0-6) ...
2025-08-09T01:38:29.4333686Z Removing python3-pyasn1-modules (0.2.1-1) ...
2025-08-09T01:38:29.5332117Z Removing python3-pyasn1 (0.4.8-1) ...
2025-08-09T01:38:29.6432656Z Removing python3-systemd (234-3ubuntu2) ...
2025-08-09T01:38:29.7396458Z Removing python3-zope.interface (5.4.0-1build1) ...
2025-08-09T01:38:29.8412345Z Removing zerofree (1.1.1-1build3) ...
2025-08-09T01:38:29.8938647Z Processing triggers for libc-bin (2.35-0ubuntu3.10) ...
2025-08-09T01:38:29.9114366Z Processing triggers for man-db (2.10.2-1) ...
2025-08-09T01:38:30.2601116Z Processing triggers for initramfs-tools (0.140ubuntu13.5) ...
2025-08-09T01:38:30.5497293Z update-initramfs: Generating /boot/initrd.img-6.8.0-1031-azure
2025-08-09T01:38:41.7725648Z ##[error]The operation was canceled.
2025-08-09T01:38:41.7818056Z Post job cleanup.
2025-08-09T01:38:41.8795549Z [command]/usr/bin/git version
2025-08-09T01:38:41.8835407Z git version 2.50.1
2025-08-09T01:38:41.8880736Z Temporarily overriding HOME='/home/runner/work/_temp/3007fe11-876f-443e-becd-7379ccfe5e3b' before making global git config changes
2025-08-09T01:38:41.8882021Z Adding repository directory to the temporary git global config as a safe directory
2025-08-09T01:38:41.8896231Z [command]/usr/bin/git config --global --add safe.directory /home/runner/work/ainux/ainux
2025-08-09T01:38:41.8932426Z [command]/usr/bin/git config --local --name-only --get-regexp core\.sshCommand
2025-08-09T01:38:41.8964668Z [command]/usr/bin/git submodule foreach --recursive sh -c "git config --local --name-only --get-regexp 'core\.sshCommand' && git config --local --unset-all 'core.sshCommand' || :"
2025-08-09T01:38:41.9193601Z [command]/usr/bin/git config --local --name-only --get-regexp http\.https\:\/\/github\.com\/\.extraheader
2025-08-09T01:38:41.9217868Z http.https://github.com/.extraheader
2025-08-09T01:38:41.9230738Z [command]/usr/bin/git config --local --unset-all http.https://github.com/.extraheader
2025-08-09T01:38:41.9263668Z [command]/usr/bin/git submodule foreach --recursive sh -c "git config --local --name-only --get-regexp 'http\.https\:\/\/github\.com\/\.extraheader' && git config --local --unset-all 'http.https://github.com/.extraheader' || :"
2025-08-09T01:38:41.9625457Z Cleaning up orphan processes
2025-08-09T01:38:41.9871484Z Terminate orphan process: pid (3879) (timeout)
2025-08-09T01:38:41.9889829Z Terminate orphan process: pid (3880) (ainux-builder.sh)
