2025-08-09T01:35:25.5116744Z Current runner version: '2.327.1'
2025-08-09T01:35:25.5141292Z ##[group]Runner Image Provisioner
2025-08-09T01:35:25.5142147Z Hosted Compute Agent
2025-08-09T01:35:25.5142707Z Version: 20250711.363
2025-08-09T01:35:25.5143286Z Commit: 6785254374ce925a23743850c1cb91912ce5c14c
2025-08-09T01:35:25.5144036Z Build Date: 2025-07-11T20:04:25Z
2025-08-09T01:35:25.5144600Z ##[endgroup]
2025-08-09T01:35:25.5145151Z ##[group]Operating System
2025-08-09T01:35:25.5145942Z Ubuntu
2025-08-09T01:35:25.5146416Z 22.04.5
2025-08-09T01:35:25.5146915Z LTS
2025-08-09T01:35:25.5147371Z ##[endgroup]
2025-08-09T01:35:25.5147889Z ##[group]Runner Image
2025-08-09T01:35:25.5148393Z Image: ubuntu-22.04
2025-08-09T01:35:25.5149218Z Version: 20250804.2.0
2025-08-09T01:35:25.5150265Z Included Software: https://github.com/actions/runner-images/blob/ubuntu22/20250804.2/images/ubuntu/Ubuntu2204-Readme.md
2025-08-09T01:35:25.5151807Z Image Release: https://github.com/actions/runner-images/releases/tag/ubuntu22%2F20250804.2
2025-08-09T01:35:25.5152881Z ##[endgroup]
2025-08-09T01:35:25.5155332Z ##[group]GITHUB_TOKEN Permissions
2025-08-09T01:35:25.5158093Z Actions: write
2025-08-09T01:35:25.5158678Z Attestations: write
2025-08-09T01:35:25.5159510Z Checks: write
2025-08-09T01:35:25.5160119Z Contents: write
2025-08-09T01:35:25.5160610Z Deployments: write
2025-08-09T01:35:25.5161136Z Discussions: write
2025-08-09T01:35:25.5161673Z Issues: write
2025-08-09T01:35:25.5162170Z Metadata: read
2025-08-09T01:35:25.5162662Z Models: read
2025-08-09T01:35:25.5163172Z Packages: write
2025-08-09T01:35:25.5163697Z Pages: write
2025-08-09T01:35:25.5164153Z PullRequests: write
2025-08-09T01:35:25.5164741Z RepositoryProjects: write
2025-08-09T01:35:25.5165290Z SecurityEvents: write
2025-08-09T01:35:25.5166253Z Statuses: write
2025-08-09T01:35:25.5166866Z ##[endgroup]
2025-08-09T01:35:25.5168934Z Secret source: Actions
2025-08-09T01:35:25.5170025Z Prepare workflow directory
2025-08-09T01:35:25.5497038Z Prepare all required actions
2025-08-09T01:35:25.5536028Z Getting action download info
2025-08-09T01:35:25.8400062Z ##[group]Download immutable action package 'actions/checkout@v4'
2025-08-09T01:35:25.8401081Z Version: 4.2.2
2025-08-09T01:35:25.8402603Z Digest: sha256:ccb2698953eaebd21c7bf6268a94f9c26518a7e38e27e0b83c1fe1ad049819b1
2025-08-09T01:35:25.8403805Z Source commit SHA: 11bd71901bbe5b1630ceea73d27597364c9af683
2025-08-09T01:35:25.8404527Z ##[endgroup]
2025-08-09T01:35:25.9292114Z ##[group]Download immutable action package 'actions/upload-artifact@v4'
2025-08-09T01:35:25.9292964Z Version: 4.6.2
2025-08-09T01:35:25.9293672Z Digest: sha256:290722aa3281d5caf23d0acdc3dbeb3424786a1a01a9cc97e72f147225e37c38
2025-08-09T01:35:25.9294740Z Source commit SHA: ea165f8d65b6e75b540449e92b4886f43607fa02
2025-08-09T01:35:25.9295416Z ##[endgroup]
2025-08-09T01:35:26.1172126Z Complete job name: build-test (main, false)
2025-08-09T01:35:26.1845702Z ##[group]Run actions/checkout@v4
2025-08-09T01:35:26.1846574Z with:
2025-08-09T01:35:26.1846973Z   lfs: true
2025-08-09T01:35:26.1847387Z   repository: yaotagroep/ainux
2025-08-09T01:35:26.1848056Z   token: ***
2025-08-09T01:35:26.1848473Z   ssh-strict: true
2025-08-09T01:35:26.1848896Z   ssh-user: git
2025-08-09T01:35:26.1849321Z   persist-credentials: true
2025-08-09T01:35:26.1849787Z   clean: true
2025-08-09T01:35:26.1850211Z   sparse-checkout-cone-mode: true
2025-08-09T01:35:26.1850732Z   fetch-depth: 1
2025-08-09T01:35:26.1851149Z   fetch-tags: false
2025-08-09T01:35:26.1851576Z   show-progress: true
2025-08-09T01:35:26.1852021Z   submodules: false
2025-08-09T01:35:26.1852467Z   set-safe-directory: true
2025-08-09T01:35:26.1853146Z ##[endgroup]
2025-08-09T01:35:26.2909361Z Syncing repository: yaotagroep/ainux
2025-08-09T01:35:26.2911068Z ##[group]Getting Git version info
2025-08-09T01:35:26.2911747Z Working directory is '/home/runner/work/ainux/ainux'
2025-08-09T01:35:26.2912732Z [command]/usr/bin/git version
2025-08-09T01:35:26.2954250Z git version 2.50.1
2025-08-09T01:35:26.3005236Z [command]/usr/bin/git lfs version
2025-08-09T01:35:27.3492751Z git-lfs/3.7.0 (GitHub; linux amd64; go 1.24.4)
2025-08-09T01:35:27.3505870Z ##[endgroup]
2025-08-09T01:35:27.3521535Z Temporarily overriding HOME='/home/runner/work/_temp/70fceb2b-d695-443d-afe2-706dd655aec0' before making global git config changes
2025-08-09T01:35:27.3523659Z Adding repository directory to the temporary git global config as a safe directory
2025-08-09T01:35:27.3527198Z [command]/usr/bin/git config --global --add safe.directory /home/runner/work/ainux/ainux
2025-08-09T01:35:27.3559212Z Deleting the contents of '/home/runner/work/ainux/ainux'
2025-08-09T01:35:27.3562058Z ##[group]Initializing the repository
2025-08-09T01:35:27.3565250Z [command]/usr/bin/git init /home/runner/work/ainux/ainux
2025-08-09T01:35:27.3628032Z hint: Using 'master' as the name for the initial branch. This default branch name
2025-08-09T01:35:27.3630775Z hint: is subject to change. To configure the initial branch name to use in all
2025-08-09T01:35:27.3633563Z hint: of your new repositories, which will suppress this warning, call:
2025-08-09T01:35:27.3635925Z hint:
2025-08-09T01:35:27.3637406Z hint: 	git config --global init.defaultBranch <name>
2025-08-09T01:35:27.3639157Z hint:
2025-08-09T01:35:27.3640877Z hint: Names commonly chosen instead of 'master' are 'main', 'trunk' and
2025-08-09T01:35:27.3643831Z hint: 'development'. The just-created branch can be renamed via this command:
2025-08-09T01:35:27.3646301Z hint:
2025-08-09T01:35:27.3647366Z hint: 	git branch -m <name>
2025-08-09T01:35:27.3648602Z hint:
2025-08-09T01:35:27.3650050Z hint: Disable this message with "git config set advice.defaultBranchName false"
2025-08-09T01:35:27.3651920Z Initialized empty Git repository in /home/runner/work/ainux/ainux/.git/
2025-08-09T01:35:27.3656653Z [command]/usr/bin/git remote add origin https://github.com/yaotagroep/ainux
2025-08-09T01:35:27.3678210Z ##[endgroup]
2025-08-09T01:35:27.3680984Z ##[group]Disabling automatic garbage collection
2025-08-09T01:35:27.3682868Z [command]/usr/bin/git config --local gc.auto 0
2025-08-09T01:35:27.3707675Z ##[endgroup]
2025-08-09T01:35:27.3709344Z ##[group]Setting up auth
2025-08-09T01:35:27.3713329Z [command]/usr/bin/git config --local --name-only --get-regexp core\.sshCommand
2025-08-09T01:35:27.3742710Z [command]/usr/bin/git submodule foreach --recursive sh -c "git config --local --name-only --get-regexp 'core\.sshCommand' && git config --local --unset-all 'core.sshCommand' || :"
2025-08-09T01:35:27.3971736Z [command]/usr/bin/git config --local --name-only --get-regexp http\.https\:\/\/github\.com\/\.extraheader
2025-08-09T01:35:27.4000669Z [command]/usr/bin/git submodule foreach --recursive sh -c "git config --local --name-only --get-regexp 'http\.https\:\/\/github\.com\/\.extraheader' && git config --local --unset-all 'http.https://github.com/.extraheader' || :"
2025-08-09T01:35:27.4223570Z [command]/usr/bin/git config --local http.https://github.com/.extraheader AUTHORIZATION: basic ***
2025-08-09T01:35:27.4257295Z ##[endgroup]
2025-08-09T01:35:27.4259998Z [command]/usr/bin/git lfs install --local
2025-08-09T01:35:27.4596200Z Updated Git hooks.
2025-08-09T01:35:27.4597414Z Git LFS initialized.
2025-08-09T01:35:27.4611292Z ##[group]Fetching the repository
2025-08-09T01:35:27.4620754Z [command]/usr/bin/git -c protocol.version=2 fetch --no-tags --prune --no-recurse-submodules --depth=1 origin +d137140c07e8c971bf4478d4921b48737011b1a6:refs/remotes/origin/main
2025-08-09T01:35:27.7536039Z From https://github.com/yaotagroep/ainux
2025-08-09T01:35:27.7536619Z  * [new ref]         d137140c07e8c971bf4478d4921b48737011b1a6 -> origin/main
2025-08-09T01:35:27.7559263Z ##[endgroup]
2025-08-09T01:35:27.7559971Z ##[group]Determining the checkout info
2025-08-09T01:35:27.7562647Z ##[endgroup]
2025-08-09T01:35:27.7563384Z ##[group]Fetching LFS objects
2025-08-09T01:35:27.7568545Z [command]/usr/bin/git lfs fetch origin refs/remotes/origin/main
2025-08-09T01:35:27.7782034Z Fetching reference refs/remotes/origin/main
2025-08-09T01:35:27.8003567Z ##[endgroup]
2025-08-09T01:35:27.8008416Z [command]/usr/bin/git sparse-checkout disable
2025-08-09T01:35:27.8046361Z [command]/usr/bin/git config --local --unset-all extensions.worktreeConfig
2025-08-09T01:35:27.8072493Z ##[group]Checking out the ref
2025-08-09T01:35:27.8076996Z [command]/usr/bin/git checkout --progress --force -B main refs/remotes/origin/main
2025-08-09T01:35:27.8194503Z Switched to a new branch 'main'
2025-08-09T01:35:27.8197508Z branch 'main' set up to track 'origin/main'.
2025-08-09T01:35:27.8425001Z ##[endgroup]
2025-08-09T01:35:27.8458782Z [command]/usr/bin/git log -1 --format=%H
2025-08-09T01:35:27.8480419Z d137140c07e8c971bf4478d4921b48737011b1a6
2025-08-09T01:35:27.8648178Z ##[group]Run echo "⏳ Reclaiming space..."
2025-08-09T01:35:27.8648587Z [36;1mecho "⏳ Reclaiming space..."[0m
2025-08-09T01:35:27.8648924Z [36;1msudo rm -rf /usr/local/lib/android[0m
2025-08-09T01:35:27.8649249Z [36;1msudo rm -rf /usr/local/share/boost[0m
2025-08-09T01:35:27.8649540Z [36;1msudo rm -rf /usr/share/dotnet[0m
2025-08-09T01:35:27.8649830Z [36;1msudo rm -rf /opt/ghc[0m
2025-08-09T01:35:27.8650140Z [36;1msudo rm -rf /opt/hostedtoolcache[0m
2025-08-09T01:35:27.8650433Z [36;1msudo apt-get clean[0m
2025-08-09T01:35:27.8650701Z [36;1msudo rm -rf "$AGENT_TOOLSDIRECTORY"[0m
2025-08-09T01:35:27.8650984Z [36;1mdf -h[0m
2025-08-09T01:35:27.8651178Z [36;1m [0m
2025-08-09T01:35:27.8682393Z shell: /usr/bin/bash -e {0}
2025-08-09T01:35:27.8682676Z ##[endgroup]
2025-08-09T01:35:27.8747374Z ⏳ Reclaiming space...
2025-08-09T01:37:37.9205737Z Filesystem      Size  Used Avail Use% Mounted on
2025-08-09T01:37:37.9206312Z /dev/root        73G   36G   37G  50% /
2025-08-09T01:37:37.9206983Z tmpfs           7.9G  172K  7.9G   1% /dev/shm
2025-08-09T01:37:37.9207454Z tmpfs           3.2G  1.1M  3.2G   1% /run
2025-08-09T01:37:37.9207892Z tmpfs           5.0M     0  5.0M   0% /run/lock
2025-08-09T01:37:37.9208463Z /dev/sda15      105M  6.1M   99M   6% /boot/efi
2025-08-09T01:37:37.9208950Z /dev/sdb1        74G  4.1G   66G   6% /mnt
2025-08-09T01:37:37.9209401Z tmpfs           1.6G   12K  1.6G   1% /run/user/1001
2025-08-09T01:37:37.9241630Z ##[group]Run sudo apt-get update
2025-08-09T01:37:37.9241927Z [36;1msudo apt-get update[0m
2025-08-09T01:37:37.9242156Z [36;1msudo apt-get install -y \[0m
2025-08-09T01:37:37.9242533Z [36;1m  git build-essential libncurses-dev bison flex libssl-dev \[0m
2025-08-09T01:37:37.9242938Z [36;1m  libelf-dev bc gcc make debootstrap live-build squashfs-tools \[0m
2025-08-09T01:37:37.9243342Z [36;1m  dosfstools xorriso isolinux syslinux-utils genisoimage \[0m
2025-08-09T01:37:37.9243729Z [36;1m  qemu-system-x86 python3-pip nmap curl wget rsync pv \[0m
2025-08-09T01:37:37.9244080Z [36;1m  grub-pc-bin grub-efi-amd64-bin mtools[0m
2025-08-09T01:37:37.9244328Z [36;1m  [0m
2025-08-09T01:37:37.9272250Z shell: /usr/bin/bash -e {0}
2025-08-09T01:37:37.9272474Z ##[endgroup]
2025-08-09T01:37:38.0115801Z Get:1 file:/etc/apt/apt-mirrors.txt Mirrorlist [144 B]
2025-08-09T01:37:38.0510155Z Get:6 https://packages.microsoft.com/repos/azure-cli jammy InRelease [3596 B]
2025-08-09T01:37:38.0612628Z Hit:2 http://azure.archive.ubuntu.com/ubuntu jammy InRelease
2025-08-09T01:37:38.0619497Z Get:7 https://packages.microsoft.com/ubuntu/22.04/prod jammy InRelease [3632 B]
2025-08-09T01:37:38.0633555Z Get:3 http://azure.archive.ubuntu.com/ubuntu jammy-updates InRelease [128 kB]
2025-08-09T01:37:38.0690321Z Get:4 http://azure.archive.ubuntu.com/ubuntu jammy-backports InRelease [127 kB]
2025-08-09T01:37:38.0729409Z Get:5 http://azure.archive.ubuntu.com/ubuntu jammy-security InRelease [129 kB]
2025-08-09T01:37:38.1248629Z Get:8 https://packages.microsoft.com/repos/azure-cli jammy/main amd64 Packages [2575 B]
2025-08-09T01:37:38.2809134Z Get:9 https://packages.microsoft.com/ubuntu/22.04/prod jammy/main amd64 Packages [239 kB]
2025-08-09T01:37:38.2972823Z Get:10 https://packages.microsoft.com/ubuntu/22.04/prod jammy/main arm64 Packages [75.0 kB]
2025-08-09T01:37:38.4859007Z Get:11 http://azure.archive.ubuntu.com/ubuntu jammy-security/main Translation-en [379 kB]
2025-08-09T01:37:40.9204387Z Fetched 1087 kB in 1s (1929 kB/s)
2025-08-09T01:37:41.7182106Z Reading package lists...
2025-08-09T01:37:41.7763699Z Reading package lists...
2025-08-09T01:37:41.9243652Z Building dependency tree...
2025-08-09T01:37:41.9254914Z Reading state information...
2025-08-09T01:37:42.0569300Z bc is already the newest version (1.07.1-3build1).
2025-08-09T01:37:42.0569836Z bc set to manually installed.
2025-08-09T01:37:42.0570291Z bison is already the newest version (2:3.8.2+dfsg-1build1).
2025-08-09T01:37:42.0571007Z build-essential is already the newest version (12.9ubuntu3).
2025-08-09T01:37:42.0571586Z build-essential set to manually installed.
2025-08-09T01:37:42.0572294Z dosfstools is already the newest version (4.2-1build3).
2025-08-09T01:37:42.0573081Z dosfstools set to manually installed.
2025-08-09T01:37:42.0573552Z flex is already the newest version (2.6.4-8build2).
2025-08-09T01:37:42.0574081Z gcc is already the newest version (4:11.2.0-1ubuntu1).
2025-08-09T01:37:42.0574620Z make is already the newest version (4.3-4.1build1).
2025-08-09T01:37:42.0575181Z squashfs-tools is already the newest version (1:4.5-3build1).
2025-08-09T01:37:42.0575943Z squashfs-tools set to manually installed.
2025-08-09T01:37:42.0576441Z xorriso is already the newest version (1.5.4-2).
2025-08-09T01:37:42.0576967Z curl is already the newest version (7.81.0-1ubuntu1.20).
2025-08-09T01:37:42.0577602Z grub-efi-amd64-bin is already the newest version (2.06-2ubuntu14.8).
2025-08-09T01:37:42.0578173Z grub-efi-amd64-bin set to manually installed.
2025-08-09T01:37:42.0578820Z grub-pc-bin is already the newest version (2.06-2ubuntu7.2).
2025-08-09T01:37:42.0579342Z grub-pc-bin set to manually installed.
2025-08-09T01:37:42.0580074Z libncurses-dev is already the newest version (6.3-2ubuntu0.1).
2025-08-09T01:37:42.0580797Z libncurses-dev set to manually installed.
2025-08-09T01:37:42.0581312Z libssl-dev is already the newest version (3.0.2-0ubuntu1.19).
2025-08-09T01:37:42.0581888Z rsync is already the newest version (3.2.7-0ubuntu0.22.04.4).
2025-08-09T01:37:42.0582930Z wget is already the newest version (1.21.2-2ubuntu1.1).
2025-08-09T01:37:42.0583508Z python3-pip is already the newest version (22.0.2+dfsg-1ubuntu0.6).
2025-08-09T01:37:42.0584132Z git is already the newest version (1:2.50.1-0ppa1~ubuntu22.04.1).
2025-08-09T01:37:42.0584727Z The following additional packages will be installed:
2025-08-09T01:37:42.0585317Z   cpu-checker gstreamer1.0-plugins-base gstreamer1.0-plugins-good
2025-08-09T01:37:42.0586271Z   gstreamer1.0-x ibverbs-providers ipxe-qemu ipxe-qemu-256k-compat-efi-roms
2025-08-09T01:37:42.0586985Z   libaa1 libasyncns0 libavc1394-0 libboost-iostreams1.74.0
2025-08-09T01:37:42.0587625Z   libboost-thread1.74.0 libbrlapi0.8 libcaca0 libcacard0 libcdparanoia0
2025-08-09T01:37:42.0588392Z   libdaxctl1 libdecor-0-0 libdecor-0-plugin-1-cairo libdv4 libfdt1 libflac8
2025-08-09T01:37:42.0589225Z   libgfapi0 libgfrpc0 libgfxdr0 libglusterfs0 libgstreamer-plugins-base1.0-0
2025-08-09T01:37:42.0590050Z   libgstreamer-plugins-good1.0-0 libibverbs1 libiec61883-0 libiscsi7
2025-08-09T01:37:42.0590763Z   libjack-jackd2-0 liblinear4 libmp3lame0 libmpg123-0 libndctl6
2025-08-09T01:37:42.0591474Z   libnl-route-3-200 libopus0 liborc-0.4-0 libpcsclite1 libpmem1 libpmemobj1
2025-08-09T01:37:42.0592223Z   libpulse0 librados2 libraw1394-11 librbd1 librdmacm1 libsamplerate0
2025-08-09T01:37:42.0592962Z   libsdl2-2.0-0 libshout3 libsndfile1 libspeex1 libspice-server1 libtag1v5
2025-08-09T01:37:42.0593700Z   libtag1v5-vanilla libtheora0 libtwolame0 liburing2 libusbredirparser1
2025-08-09T01:37:42.0594456Z   libv4l-0 libv4lconvert0 libvirglrenderer1 libvisual-0.4-0 libvorbisenc2
2025-08-09T01:37:42.0595220Z   libvpx7 libvte-2.91-0 libvte-2.91-common libwavpack1 libxv1 lua-lpeg
2025-08-09T01:37:42.0596077Z   msr-tools nmap-common ovmf qemu-block-extra qemu-system-common
2025-08-09T01:37:42.0596764Z   qemu-system-data qemu-system-gui qemu-utils seabios syslinux-common
2025-08-09T01:37:42.0597306Z Suggested packages:
2025-08-09T01:37:42.0598069Z   squid-deb-proxy-client debian-archive-keyring arch-test wodim cdrkit-doc
2025-08-09T01:37:42.0598818Z   gvfs libdv-bin oss-compat libvisual-0.4-plugins jackd2 liblinear-tools
2025-08-09T01:37:42.0599505Z   liblinear-dev opus-tools pcscd pulseaudio libraw1394-doc speex
2025-08-09T01:37:42.0600236Z   gstreamer1.0-libav gstreamer1.0-plugins-ugly memtest86+ | memtest86 syslinux
2025-08-09T01:37:42.0600996Z   | grub win32-loader gnu-fdisk floppyd ncat ndiff zenmap doc-base samba vde2
2025-08-09T01:37:42.0601580Z   libcrypt-passwdmd5-perl
2025-08-09T01:37:42.0898559Z The following NEW packages will be installed:
2025-08-09T01:37:42.0899292Z   cpu-checker debootstrap genisoimage gstreamer1.0-plugins-base
2025-08-09T01:37:42.0900059Z   gstreamer1.0-plugins-good gstreamer1.0-x ibverbs-providers ipxe-qemu
2025-08-09T01:37:42.0900899Z   ipxe-qemu-256k-compat-efi-roms isolinux libaa1 libasyncns0 libavc1394-0
2025-08-09T01:37:42.0901898Z   libboost-iostreams1.74.0 libboost-thread1.74.0 libbrlapi0.8 libcaca0
2025-08-09T01:37:42.0902926Z   libcacard0 libcdparanoia0 libdaxctl1 libdecor-0-0 libdecor-0-plugin-1-cairo
2025-08-09T01:37:42.0903716Z   libdv4 libelf-dev libfdt1 libflac8 libgfapi0 libgfrpc0 libgfxdr0
2025-08-09T01:37:42.0904480Z   libglusterfs0 libgstreamer-plugins-base1.0-0 libgstreamer-plugins-good1.0-0
2025-08-09T01:37:42.0905393Z   libibverbs1 libiec61883-0 libiscsi7 libjack-jackd2-0 liblinear4 libmp3lame0
2025-08-09T01:37:42.0906423Z   libmpg123-0 libndctl6 libnl-route-3-200 libopus0 liborc-0.4-0 libpcsclite1
2025-08-09T01:37:42.0907367Z   libpmem1 libpmemobj1 libpulse0 librados2 libraw1394-11 librbd1 librdmacm1
2025-08-09T01:37:42.0908114Z   libsamplerate0 libsdl2-2.0-0 libshout3 libsndfile1 libspeex1
2025-08-09T01:37:42.0908836Z   libspice-server1 libtag1v5 libtag1v5-vanilla libtheora0 libtwolame0
2025-08-09T01:37:42.0909598Z   liburing2 libusbredirparser1 libv4l-0 libv4lconvert0 libvirglrenderer1
2025-08-09T01:37:42.0910359Z   libvisual-0.4-0 libvorbisenc2 libvpx7 libvte-2.91-0 libvte-2.91-common
2025-08-09T01:37:42.0912597Z   libwavpack1 libxv1 live-build lua-lpeg msr-tools mtools nmap nmap-common
2025-08-09T01:37:42.0913535Z   ovmf pv qemu-block-extra qemu-system-common qemu-system-data qemu-system-gui
2025-08-09T01:37:42.0914318Z   qemu-system-x86 qemu-utils seabios syslinux-common syslinux-utils
2025-08-09T01:37:42.1077675Z 0 upgraded, 90 newly installed, 0 to remove and 16 not upgraded.
2025-08-09T01:37:42.1078267Z Need to get 53.2 MB of archives.
2025-08-09T01:37:42.1078789Z After this operation, 193 MB of additional disk space will be used.
2025-08-09T01:37:42.1079401Z Get:1 file:/etc/apt/apt-mirrors.txt Mirrorlist [144 B]
2025-08-09T01:37:42.1576804Z Get:2 http://azure.archive.ubuntu.com/ubuntu jammy/main amd64 msr-tools amd64 1.3-4 [10.3 kB]
2025-08-09T01:37:42.1873873Z Get:3 http://azure.archive.ubuntu.com/ubuntu jammy/main amd64 cpu-checker amd64 0.7-1.3build1 [6800 B]
2025-08-09T01:37:42.2159366Z Get:4 http://azure.archive.ubuntu.com/ubuntu jammy/main amd64 genisoimage amd64 9:1.1.11-3.2ubuntu1 [370 kB]
2025-08-09T01:37:42.2481856Z Get:5 http://azure.archive.ubuntu.com/ubuntu jammy/main amd64 libcdparanoia0 amd64 3.10.2+debian-14build2 [49.3 kB]
2025-08-09T01:37:42.2775021Z Get:6 http://azure.archive.ubuntu.com/ubuntu jammy-updates/main amd64 liborc-0.4-0 amd64 1:0.4.32-2ubuntu0.1 [228 kB]
2025-08-09T01:37:42.3072750Z Get:7 http://azure.archive.ubuntu.com/ubuntu jammy-updates/main amd64 libgstreamer-plugins-base1.0-0 amd64 1.20.1-1ubuntu0.4 [848 kB]
2025-08-09T01:37:42.3660463Z Get:8 http://azure.archive.ubuntu.com/ubuntu jammy/main amd64 libopus0 amd64 1.3.1-0.1build2 [203 kB]
2025-08-09T01:37:42.3957391Z Get:9 http://azure.archive.ubuntu.com/ubuntu jammy/main amd64 libtheora0 amd64 1.1.1+dfsg.1-15ubuntu4 [209 kB]
2025-08-09T01:37:42.4253081Z Get:10 http://azure.archive.ubuntu.com/ubuntu jammy/main amd64 libvisual-0.4-0 amd64 0.4.0-17build2 [108 kB]
2025-08-09T01:37:42.4563455Z Get:11 http://azure.archive.ubuntu.com/ubuntu jammy/main amd64 libvorbisenc2 amd64 1.3.7-1build2 [82.6 kB]
2025-08-09T01:37:42.4855446Z Get:12 http://azure.archive.ubuntu.com/ubuntu jammy-updates/main amd64 gstreamer1.0-plugins-base amd64 1.20.1-1ubuntu0.4 [712 kB]
2025-08-09T01:37:42.5436062Z Get:13 http://azure.archive.ubuntu.com/ubuntu jammy/main amd64 libaa1 amd64 1.4p5-50build1 [51.9 kB]
2025-08-09T01:37:42.5739562Z Get:14 http://azure.archive.ubuntu.com/ubuntu jammy/main amd64 libraw1394-11 amd64 2.1.2-2build2 [27.0 kB]
2025-08-09T01:37:42.6254621Z Get:15 http://azure.archive.ubuntu.com/ubuntu jammy/main amd64 libavc1394-0 amd64 0.5.4-5build2 [17.0 kB]
2025-08-09T01:37:42.6540201Z Get:16 http://azure.archive.ubuntu.com/ubuntu jammy/main amd64 libcaca0 amd64 0.99.beta19-2.2ubuntu4 [224 kB]
2025-08-09T01:37:42.6866275Z Get:17 http://azure.archive.ubuntu.com/ubuntu jammy/main amd64 libdv4 amd64 1.0.0-14build1 [61.9 kB]
2025-08-09T01:37:42.7159441Z Get:18 http://azure.archive.ubuntu.com/ubuntu jammy-updates/main amd64 libflac8 amd64 1.3.3-2ubuntu0.2 [111 kB]
2025-08-09T01:37:42.7449187Z Get:19 http://azure.archive.ubuntu.com/ubuntu jammy-updates/main amd64 libgstreamer-plugins-good1.0-0 amd64 1.20.3-0ubuntu1.3 [30.1 kB]
2025-08-09T01:37:42.8183549Z Get:20 http://azure.archive.ubuntu.com/ubuntu jammy/main amd64 libiec61883-0 amd64 1.2.0-4build3 [25.9 kB]
2025-08-09T01:37:42.8470759Z Get:21 http://azure.archive.ubuntu.com/ubuntu jammy/main amd64 libsamplerate0 amd64 0.2.2-1build1 [1359 kB]
2025-08-09T01:37:42.9310426Z Get:22 http://azure.archive.ubuntu.com/ubuntu jammy/main amd64 libjack-jackd2-0 amd64 1.9.20~dfsg-1 [293 kB]
2025-08-09T01:37:42.9635938Z Get:23 http://azure.archive.ubuntu.com/ubuntu jammy/main amd64 libmp3lame0 amd64 3.100-3build2 [141 kB]
2025-08-09T01:37:42.9929437Z Get:24 http://azure.archive.ubuntu.com/ubuntu jammy-updates/main amd64 libmpg123-0 amd64 1.29.3-1ubuntu0.1 [172 kB]
2025-08-09T01:37:43.0243847Z Get:25 http://azure.archive.ubuntu.com/ubuntu jammy/main amd64 libasyncns0 amd64 0.8-6build2 [12.8 kB]
2025-08-09T01:37:43.0529636Z Get:26 http://azure.archive.ubuntu.com/ubuntu jammy-updates/main amd64 libsndfile1 amd64 1.0.31-2ubuntu0.2 [196 kB]
2025-08-09T01:37:43.0840077Z Get:27 http://azure.archive.ubuntu.com/ubuntu jammy-updates/main amd64 libpulse0 amd64 1:15.99.1+dfsg1-1ubuntu2.2 [298 kB]
2025-08-09T01:37:43.1164208Z Get:28 http://azure.archive.ubuntu.com/ubuntu jammy/main amd64 libspeex1 amd64 1.2~rc1.2-1.1ubuntu3 [57.9 kB]
2025-08-09T01:37:43.1457802Z Get:29 http://azure.archive.ubuntu.com/ubuntu jammy/main amd64 libshout3 amd64 2.4.5-1build3 [54.5 kB]
2025-08-09T01:37:43.1749852Z Get:30 http://azure.archive.ubuntu.com/ubuntu jammy/main amd64 libtag1v5-vanilla amd64 1.11.1+dfsg.1-3ubuntu3 [304 kB]
2025-08-09T01:37:43.2063492Z Get:31 http://azure.archive.ubuntu.com/ubuntu jammy/main amd64 libtag1v5 amd64 1.11.1+dfsg.1-3ubuntu3 [11.5 kB]
2025-08-09T01:37:43.2351802Z Get:32 http://azure.archive.ubuntu.com/ubuntu jammy/main amd64 libtwolame0 amd64 0.4.0-2build2 [52.5 kB]
2025-08-09T01:37:43.2638934Z Get:33 http://azure.archive.ubuntu.com/ubuntu jammy/main amd64 libv4lconvert0 amd64 1.22.1-2build1 [82.4 kB]
2025-08-09T01:37:43.2930169Z Get:34 http://azure.archive.ubuntu.com/ubuntu jammy/main amd64 libv4l-0 amd64 1.22.1-2build1 [44.9 kB]
2025-08-09T01:37:43.3226560Z Get:35 http://azure.archive.ubuntu.com/ubuntu jammy-updates/main amd64 libvpx7 amd64 1.11.0-2ubuntu2.4 [1078 kB]
2025-08-09T01:37:43.3819854Z Get:36 http://azure.archive.ubuntu.com/ubuntu jammy/main amd64 libwavpack1 amd64 5.4.0-1build2 [83.7 kB]
2025-08-09T01:37:43.4111861Z Get:37 http://azure.archive.ubuntu.com/ubuntu jammy-updates/main amd64 gstreamer1.0-plugins-good amd64 1.20.3-0ubuntu1.3 [2010 kB]
2025-08-09T01:37:43.5066870Z Get:38 http://azure.archive.ubuntu.com/ubuntu jammy/main amd64 libxv1 amd64 2:1.0.11-1build2 [11.2 kB]
2025-08-09T01:37:43.5865282Z Get:39 http://azure.archive.ubuntu.com/ubuntu jammy-updates/main amd64 gstreamer1.0-x amd64 1.20.1-1ubuntu0.4 [85.1 kB]
2025-08-09T01:37:43.6215821Z Get:40 http://azure.archive.ubuntu.com/ubuntu jammy/main amd64 libnl-route-3-200 amd64 3.5.0-0.1 [180 kB]
2025-08-09T01:37:43.6453500Z Get:41 http://azure.archive.ubuntu.com/ubuntu jammy/main amd64 libibverbs1 amd64 39.0-1 [69.3 kB]
2025-08-09T01:37:43.6742860Z Get:42 http://azure.archive.ubuntu.com/ubuntu jammy/main amd64 ibverbs-providers amd64 39.0-1 [341 kB]
2025-08-09T01:37:43.7074664Z Get:43 http://azure.archive.ubuntu.com/ubuntu jammy/main amd64 ipxe-qemu all 1.21.1+git-20220113.fbbdc3926-0ubuntu1 [1569 kB]
2025-08-09T01:37:43.7928059Z Get:44 http://azure.archive.ubuntu.com/ubuntu jammy/main amd64 ipxe-qemu-256k-compat-efi-roms all 1.0.0+git-20150424.a25a16d-0ubuntu4 [552 kB]
2025-08-09T01:37:43.8518720Z Get:45 http://azure.archive.ubuntu.com/ubuntu jammy/universe amd64 isolinux all 3:6.04~git20190206.bf6db5b4+dfsg1-3ubuntu1 [60.1 kB]
2025-08-09T01:37:43.8805832Z Get:46 http://azure.archive.ubuntu.com/ubuntu jammy/main amd64 libboost-iostreams1.74.0 amd64 1.74.0-14ubuntu3 [245 kB]
2025-08-09T01:37:43.9119626Z Get:47 http://azure.archive.ubuntu.com/ubuntu jammy/main amd64 libboost-thread1.74.0 amd64 1.74.0-14ubuntu3 [262 kB]
2025-08-09T01:37:43.9480571Z Get:48 http://azure.archive.ubuntu.com/ubuntu jammy-updates/main amd64 libbrlapi0.8 amd64 6.4-4ubuntu3 [28.7 kB]
2025-08-09T01:37:43.9765490Z Get:49 http://azure.archive.ubuntu.com/ubuntu jammy-updates/main amd64 libpcsclite1 amd64 1.9.5-3ubuntu1 [19.8 kB]
2025-08-09T01:37:44.0051717Z Get:50 http://azure.archive.ubuntu.com/ubuntu jammy/main amd64 libcacard0 amd64 1:2.8.0-3build2 [38.0 kB]
2025-08-09T01:37:44.0343661Z Get:51 http://azure.archive.ubuntu.com/ubuntu jammy/main amd64 libdaxctl1 amd64 72.1-1 [19.8 kB]
2025-08-09T01:37:44.0625336Z Get:52 http://azure.archive.ubuntu.com/ubuntu jammy/main amd64 libdecor-0-0 amd64 0.1.0-3build1 [15.1 kB]
2025-08-09T01:37:44.0956158Z Get:53 http://azure.archive.ubuntu.com/ubuntu jammy/main amd64 libdecor-0-plugin-1-cairo amd64 0.1.0-3build1 [20.4 kB]
2025-08-09T01:37:44.1240486Z Get:54 http://azure.archive.ubuntu.com/ubuntu jammy-updates/main amd64 libelf-dev amd64 0.186-1ubuntu0.1 [64.4 kB]
2025-08-09T01:37:44.1545347Z Get:55 http://azure.archive.ubuntu.com/ubuntu jammy-updates/main amd64 libgfxdr0 amd64 10.1-1ubuntu0.2 [22.3 kB]
2025-08-09T01:37:44.1825094Z Get:56 http://azure.archive.ubuntu.com/ubuntu jammy-updates/main amd64 libglusterfs0 amd64 10.1-1ubuntu0.2 [287 kB]
2025-08-09T01:37:44.2595766Z Get:57 http://azure.archive.ubuntu.com/ubuntu jammy-updates/main amd64 libgfrpc0 amd64 10.1-1ubuntu0.2 [47.1 kB]
2025-08-09T01:37:44.2896721Z Get:58 http://azure.archive.ubuntu.com/ubuntu jammy-updates/main amd64 libgfapi0 amd64 10.1-1ubuntu0.2 [77.3 kB]
2025-08-09T01:37:44.3186692Z Get:59 http://azure.archive.ubuntu.com/ubuntu jammy/main amd64 librdmacm1 amd64 39.0-1 [71.2 kB]
2025-08-09T01:37:44.3475326Z Get:60 http://azure.archive.ubuntu.com/ubuntu jammy/main amd64 libiscsi7 amd64 1.19.0-3build2 [70.6 kB]
2025-08-09T01:37:44.4255936Z Get:61 http://azure.archive.ubuntu.com/ubuntu jammy/universe amd64 liblinear4 amd64 2.3.0+dfsg-5 [41.4 kB]
2025-08-09T01:37:44.4585806Z Get:62 http://azure.archive.ubuntu.com/ubuntu jammy/main amd64 libndctl6 amd64 72.1-1 [57.7 kB]
2025-08-09T01:37:44.4890803Z Get:63 http://azure.archive.ubuntu.com/ubuntu jammy/main amd64 libpmem1 amd64 1.11.1-3build1 [81.4 kB]
2025-08-09T01:37:44.5202953Z Get:64 http://azure.archive.ubuntu.com/ubuntu jammy/main amd64 libpmemobj1 amd64 1.11.1-3build1 [124 kB]
2025-08-09T01:37:44.5513149Z Get:65 http://azure.archive.ubuntu.com/ubuntu jammy-updates/main amd64 librados2 amd64 17.2.7-0ubuntu0.22.04.2 [3594 kB]
2025-08-09T01:37:44.6714705Z Get:66 http://azure.archive.ubuntu.com/ubuntu jammy-updates/main amd64 librbd1 amd64 17.2.7-0ubuntu0.22.04.2 [3548 kB]
2025-08-09T01:37:44.7951309Z Get:67 http://azure.archive.ubuntu.com/ubuntu jammy-updates/main amd64 libsdl2-2.0-0 amd64 2.0.20+dfsg-2ubuntu1.22.04.1 [582 kB]
2025-08-09T01:37:44.8539367Z Get:68 http://azure.archive.ubuntu.com/ubuntu jammy/main amd64 libspice-server1 amd64 0.15.0-2ubuntu4 [351 kB]
2025-08-09T01:37:44.8869532Z Get:69 http://azure.archive.ubuntu.com/ubuntu jammy/main amd64 liburing2 amd64 2.1-2build1 [10.3 kB]
2025-08-09T01:37:44.9164563Z Get:70 http://azure.archive.ubuntu.com/ubuntu jammy/main amd64 libusbredirparser1 amd64 0.11.0-2build1 [15.9 kB]
2025-08-09T01:37:44.9470521Z Get:71 http://azure.archive.ubuntu.com/ubuntu jammy/main amd64 libvirglrenderer1 amd64 0.9.1-1~exp1ubuntu2 [188 kB]
2025-08-09T01:37:44.9778077Z Get:72 http://azure.archive.ubuntu.com/ubuntu jammy-updates/main amd64 libvte-2.91-common amd64 0.68.0-1ubuntu0.1 [9408 B]
2025-08-09T01:37:45.0074856Z Get:73 http://azure.archive.ubuntu.com/ubuntu jammy-updates/main amd64 libvte-2.91-0 amd64 0.68.0-1ubuntu0.1 [214 kB]
2025-08-09T01:37:45.0387758Z Get:74 http://azure.archive.ubuntu.com/ubuntu jammy-updates/main amd64 debootstrap all 1.0.126+nmu1ubuntu0.8 [40.6 kB]
2025-08-09T01:37:45.0688975Z Get:75 http://azure.archive.ubuntu.com/ubuntu jammy-updates/main amd64 live-build all 3.0~a57-1ubuntu41.22.04.1 [132 kB]
2025-08-09T01:37:45.1404763Z Get:76 http://azure.archive.ubuntu.com/ubuntu jammy/universe amd64 lua-lpeg amd64 1.0.2-1 [31.4 kB]
2025-08-09T01:37:45.1734810Z Get:77 http://azure.archive.ubuntu.com/ubuntu jammy/main amd64 mtools amd64 4.0.33-1+really4.0.32-1build1 [201 kB]
2025-08-09T01:37:45.2059730Z Get:78 http://azure.archive.ubuntu.com/ubuntu jammy-updates/universe amd64 nmap-common all 7.91+dfsg1+really7.80+dfsg1-2ubuntu0.1 [3940 kB]
2025-08-09T01:37:45.3281618Z Get:79 http://azure.archive.ubuntu.com/ubuntu jammy/main amd64 pv amd64 1.6.6-1build2 [44.5 kB]
2025-08-09T01:37:45.3579180Z Get:80 http://azure.archive.ubuntu.com/ubuntu jammy/main amd64 libfdt1 amd64 1.6.1-1 [20.0 kB]
2025-08-09T01:37:45.3884949Z Get:81 http://azure.archive.ubuntu.com/ubuntu jammy-updates/main amd64 qemu-system-common amd64 1:6.2+dfsg-2ubuntu6.26 [2047 kB]
2025-08-09T01:37:45.4785195Z Get:82 http://azure.archive.ubuntu.com/ubuntu jammy-updates/main amd64 qemu-system-data all 1:6.2+dfsg-2ubuntu6.26 [1430 kB]
2025-08-09T01:37:45.5630811Z Get:83 http://azure.archive.ubuntu.com/ubuntu jammy/main amd64 seabios all 1.15.0-1 [174 kB]
2025-08-09T01:37:45.5957928Z Get:84 http://azure.archive.ubuntu.com/ubuntu jammy-updates/main amd64 qemu-system-x86 amd64 1:6.2+dfsg-2ubuntu6.26 [10.1 MB]
2025-08-09T01:37:45.7973337Z Get:85 http://azure.archive.ubuntu.com/ubuntu jammy-updates/main amd64 qemu-utils amd64 1:6.2+dfsg-2ubuntu6.26 [1527 kB]
2025-08-09T01:37:45.8842264Z Get:86 http://azure.archive.ubuntu.com/ubuntu jammy-updates/main amd64 qemu-block-extra amd64 1:6.2+dfsg-2ubuntu6.26 [68.2 kB]
2025-08-09T01:37:45.9152572Z Get:87 http://azure.archive.ubuntu.com/ubuntu jammy-updates/main amd64 qemu-system-gui amd64 1:6.2+dfsg-2ubuntu6.26 [220 kB]
2025-08-09T01:37:45.9463733Z Get:88 http://azure.archive.ubuntu.com/ubuntu jammy/main amd64 syslinux-common all 3:6.04~git20190206.bf6db5b4+dfsg1-3ubuntu1 [1271 kB]
2025-08-09T01:37:46.0396232Z Get:89 http://azure.archive.ubuntu.com/ubuntu jammy/universe amd64 syslinux-utils amd64 3:6.04~git20190206.bf6db5b4+dfsg1-3ubuntu1 [50.9 kB]
2025-08-09T01:37:46.0693146Z Get:90 http://azure.archive.ubuntu.com/ubuntu jammy-updates/universe amd64 nmap amd64 7.91+dfsg1+really7.80+dfsg1-2ubuntu0.1 [1731 kB]
2025-08-09T01:37:46.1599101Z Get:91 http://azure.archive.ubuntu.com/ubuntu jammy-updates/main amd64 ovmf all 2022.02-3ubuntu0.22.04.3 [7561 kB]
2025-08-09T01:37:46.7231664Z Fetched 53.2 MB in 4s (12.6 MB/s)
2025-08-09T01:37:46.7473470Z Selecting previously unselected package msr-tools.
2025-08-09T01:37:46.7721294Z (Reading database ... 
2025-08-09T01:37:46.7721620Z (Reading database ... 5%
2025-08-09T01:37:46.7721838Z (Reading database ... 10%
2025-08-09T01:37:46.7722039Z (Reading database ... 15%
2025-08-09T01:37:46.7722236Z (Reading database ... 20%
2025-08-09T01:37:46.7722426Z (Reading database ... 25%
2025-08-09T01:37:46.7722624Z (Reading database ... 30%
2025-08-09T01:37:46.7722823Z (Reading database ... 35%
2025-08-09T01:37:46.7723013Z (Reading database ... 40%
2025-08-09T01:37:46.7723207Z (Reading database ... 45%
2025-08-09T01:37:46.7723398Z (Reading database ... 50%
2025-08-09T01:37:46.8062108Z (Reading database ... 55%
2025-08-09T01:37:46.8390204Z (Reading database ... 60%
2025-08-09T01:37:46.8664024Z (Reading database ... 65%
2025-08-09T01:37:46.8977777Z (Reading database ... 70%
2025-08-09T01:37:46.9507382Z (Reading database ... 75%
2025-08-09T01:37:46.9846758Z (Reading database ... 80%
2025-08-09T01:37:47.0526258Z (Reading database ... 85%
2025-08-09T01:37:47.0920234Z (Reading database ... 90%
2025-08-09T01:37:47.1394894Z (Reading database ... 95%
2025-08-09T01:37:47.1395398Z (Reading database ... 100%
2025-08-09T01:37:47.1396285Z (Reading database ... 267991 files and directories currently installed.)
2025-08-09T01:37:47.1447738Z Preparing to unpack .../00-msr-tools_1.3-4_amd64.deb ...
2025-08-09T01:37:47.1472274Z Unpacking msr-tools (1.3-4) ...
2025-08-09T01:37:47.1767411Z Selecting previously unselected package cpu-checker.
2025-08-09T01:37:47.1924382Z Preparing to unpack .../01-cpu-checker_0.7-1.3build1_amd64.deb ...
2025-08-09T01:37:47.1932499Z Unpacking cpu-checker (0.7-1.3build1) ...
2025-08-09T01:37:47.2147668Z Selecting previously unselected package genisoimage.
2025-08-09T01:37:47.2300628Z Preparing to unpack .../02-genisoimage_9%3a1.1.11-3.2ubuntu1_amd64.deb ...
2025-08-09T01:37:47.2308886Z Unpacking genisoimage (9:1.1.11-3.2ubuntu1) ...
2025-08-09T01:37:47.2646941Z Selecting previously unselected package libcdparanoia0:amd64.
2025-08-09T01:37:47.2806620Z Preparing to unpack .../03-libcdparanoia0_3.10.2+debian-14build2_amd64.deb ...
2025-08-09T01:37:47.2825491Z Unpacking libcdparanoia0:amd64 (3.10.2+debian-14build2) ...
2025-08-09T01:37:47.3055095Z Selecting previously unselected package liborc-0.4-0:amd64.
2025-08-09T01:37:47.3208226Z Preparing to unpack .../04-liborc-0.4-0_1%3a0.4.32-2ubuntu0.1_amd64.deb ...
2025-08-09T01:37:47.3217196Z Unpacking liborc-0.4-0:amd64 (1:0.4.32-2ubuntu0.1) ...
2025-08-09T01:37:47.3467809Z Selecting previously unselected package libgstreamer-plugins-base1.0-0:amd64.
2025-08-09T01:37:47.3620853Z Preparing to unpack .../05-libgstreamer-plugins-base1.0-0_1.20.1-1ubuntu0.4_amd64.deb ...
2025-08-09T01:37:47.3631712Z Unpacking libgstreamer-plugins-base1.0-0:amd64 (1.20.1-1ubuntu0.4) ...
2025-08-09T01:37:47.3998454Z Selecting previously unselected package libopus0:amd64.
2025-08-09T01:37:47.4155431Z Preparing to unpack .../06-libopus0_1.3.1-0.1build2_amd64.deb ...
2025-08-09T01:37:47.4164496Z Unpacking libopus0:amd64 (1.3.1-0.1build2) ...
2025-08-09T01:37:47.4395158Z Selecting previously unselected package libtheora0:amd64.
2025-08-09T01:37:47.4550562Z Preparing to unpack .../07-libtheora0_1.1.1+dfsg.1-15ubuntu4_amd64.deb ...
2025-08-09T01:37:47.4559331Z Unpacking libtheora0:amd64 (1.1.1+dfsg.1-15ubuntu4) ...
2025-08-09T01:37:47.4802868Z Selecting previously unselected package libvisual-0.4-0:amd64.
2025-08-09T01:37:47.4960297Z Preparing to unpack .../08-libvisual-0.4-0_0.4.0-17build2_amd64.deb ...
2025-08-09T01:37:47.4971560Z Unpacking libvisual-0.4-0:amd64 (0.4.0-17build2) ...
2025-08-09T01:37:47.5202077Z Selecting previously unselected package libvorbisenc2:amd64.
2025-08-09T01:37:47.5356699Z Preparing to unpack .../09-libvorbisenc2_1.3.7-1build2_amd64.deb ...
2025-08-09T01:37:47.5366378Z Unpacking libvorbisenc2:amd64 (1.3.7-1build2) ...
2025-08-09T01:37:47.5591498Z Selecting previously unselected package gstreamer1.0-plugins-base:amd64.
2025-08-09T01:37:47.5748821Z Preparing to unpack .../10-gstreamer1.0-plugins-base_1.20.1-1ubuntu0.4_amd64.deb ...
2025-08-09T01:37:47.5756614Z Unpacking gstreamer1.0-plugins-base:amd64 (1.20.1-1ubuntu0.4) ...
2025-08-09T01:37:47.6077472Z Selecting previously unselected package libaa1:amd64.
2025-08-09T01:37:47.6234414Z Preparing to unpack .../11-libaa1_1.4p5-50build1_amd64.deb ...
2025-08-09T01:37:47.6244441Z Unpacking libaa1:amd64 (1.4p5-50build1) ...
2025-08-09T01:37:47.6455895Z Selecting previously unselected package libraw1394-11:amd64.
2025-08-09T01:37:47.6612023Z Preparing to unpack .../12-libraw1394-11_2.1.2-2build2_amd64.deb ...
2025-08-09T01:37:47.6621768Z Unpacking libraw1394-11:amd64 (2.1.2-2build2) ...
2025-08-09T01:37:47.6832701Z Selecting previously unselected package libavc1394-0:amd64.
2025-08-09T01:37:47.6987608Z Preparing to unpack .../13-libavc1394-0_0.5.4-5build2_amd64.deb ...
2025-08-09T01:37:47.6996411Z Unpacking libavc1394-0:amd64 (0.5.4-5build2) ...
2025-08-09T01:37:47.7212495Z Selecting previously unselected package libcaca0:amd64.
2025-08-09T01:37:47.7367967Z Preparing to unpack .../14-libcaca0_0.99.beta19-2.2ubuntu4_amd64.deb ...
2025-08-09T01:37:47.7378522Z Unpacking libcaca0:amd64 (0.99.beta19-2.2ubuntu4) ...
2025-08-09T01:37:47.7629508Z Selecting previously unselected package libdv4:amd64.
2025-08-09T01:37:47.7785316Z Preparing to unpack .../15-libdv4_1.0.0-14build1_amd64.deb ...
2025-08-09T01:37:47.7795174Z Unpacking libdv4:amd64 (1.0.0-14build1) ...
2025-08-09T01:37:47.8024112Z Selecting previously unselected package libflac8:amd64.
2025-08-09T01:37:47.8175652Z Preparing to unpack .../16-libflac8_1.3.3-2ubuntu0.2_amd64.deb ...
2025-08-09T01:37:47.8184791Z Unpacking libflac8:amd64 (1.3.3-2ubuntu0.2) ...
2025-08-09T01:37:47.8420489Z Selecting previously unselected package libgstreamer-plugins-good1.0-0:amd64.
2025-08-09T01:37:47.8572764Z Preparing to unpack .../17-libgstreamer-plugins-good1.0-0_1.20.3-0ubuntu1.3_amd64.deb ...
2025-08-09T01:37:47.8582679Z Unpacking libgstreamer-plugins-good1.0-0:amd64 (1.20.3-0ubuntu1.3) ...
2025-08-09T01:37:47.8801070Z Selecting previously unselected package libiec61883-0:amd64.
2025-08-09T01:37:47.8954098Z Preparing to unpack .../18-libiec61883-0_1.2.0-4build3_amd64.deb ...
2025-08-09T01:37:47.8964071Z Unpacking libiec61883-0:amd64 (1.2.0-4build3) ...
2025-08-09T01:37:47.9182871Z Selecting previously unselected package libsamplerate0:amd64.
2025-08-09T01:37:47.9334524Z Preparing to unpack .../19-libsamplerate0_0.2.2-1build1_amd64.deb ...
2025-08-09T01:37:47.9344190Z Unpacking libsamplerate0:amd64 (0.2.2-1build1) ...
2025-08-09T01:37:47.9620738Z Selecting previously unselected package libjack-jackd2-0:amd64.
2025-08-09T01:37:47.9775498Z Preparing to unpack .../20-libjack-jackd2-0_1.9.20~dfsg-1_amd64.deb ...
2025-08-09T01:37:47.9784002Z Unpacking libjack-jackd2-0:amd64 (1.9.20~dfsg-1) ...
2025-08-09T01:37:48.0038386Z Selecting previously unselected package libmp3lame0:amd64.
2025-08-09T01:37:48.0195144Z Preparing to unpack .../21-libmp3lame0_3.100-3build2_amd64.deb ...
2025-08-09T01:37:48.0203571Z Unpacking libmp3lame0:amd64 (3.100-3build2) ...
2025-08-09T01:37:48.0432191Z Selecting previously unselected package libmpg123-0:amd64.
2025-08-09T01:37:48.0591208Z Preparing to unpack .../22-libmpg123-0_1.29.3-1ubuntu0.1_amd64.deb ...
2025-08-09T01:37:48.0599782Z Unpacking libmpg123-0:amd64 (1.29.3-1ubuntu0.1) ...
2025-08-09T01:37:48.0844691Z Selecting previously unselected package libasyncns0:amd64.
2025-08-09T01:37:48.1002014Z Preparing to unpack .../23-libasyncns0_0.8-6build2_amd64.deb ...
2025-08-09T01:37:48.1011507Z Unpacking libasyncns0:amd64 (0.8-6build2) ...
2025-08-09T01:37:48.1218179Z Selecting previously unselected package libsndfile1:amd64.
2025-08-09T01:37:48.1374670Z Preparing to unpack .../24-libsndfile1_1.0.31-2ubuntu0.2_amd64.deb ...
2025-08-09T01:37:48.1383261Z Unpacking libsndfile1:amd64 (1.0.31-2ubuntu0.2) ...
2025-08-09T01:37:48.1660306Z Selecting previously unselected package libpulse0:amd64.
2025-08-09T01:37:48.1815160Z Preparing to unpack .../25-libpulse0_1%3a15.99.1+dfsg1-1ubuntu2.2_amd64.deb ...
2025-08-09T01:37:48.1882345Z Unpacking libpulse0:amd64 (1:15.99.1+dfsg1-1ubuntu2.2) ...
2025-08-09T01:37:48.2139304Z Selecting previously unselected package libspeex1:amd64.
2025-08-09T01:37:48.2296284Z Preparing to unpack .../26-libspeex1_1.2~rc1.2-1.1ubuntu3_amd64.deb ...
2025-08-09T01:37:48.2306419Z Unpacking libspeex1:amd64 (1.2~rc1.2-1.1ubuntu3) ...
2025-08-09T01:37:48.2523370Z Selecting previously unselected package libshout3:amd64.
2025-08-09T01:37:48.2677513Z Preparing to unpack .../27-libshout3_2.4.5-1build3_amd64.deb ...
2025-08-09T01:37:48.2686819Z Unpacking libshout3:amd64 (2.4.5-1build3) ...
2025-08-09T01:37:48.2910233Z Selecting previously unselected package libtag1v5-vanilla:amd64.
2025-08-09T01:37:48.3066252Z Preparing to unpack .../28-libtag1v5-vanilla_1.11.1+dfsg.1-3ubuntu3_amd64.deb ...
2025-08-09T01:37:48.3076553Z Unpacking libtag1v5-vanilla:amd64 (1.11.1+dfsg.1-3ubuntu3) ...
2025-08-09T01:37:48.3309909Z Selecting previously unselected package libtag1v5:amd64.
2025-08-09T01:37:48.3471715Z Preparing to unpack .../29-libtag1v5_1.11.1+dfsg.1-3ubuntu3_amd64.deb ...
2025-08-09T01:37:48.3480313Z Unpacking libtag1v5:amd64 (1.11.1+dfsg.1-3ubuntu3) ...
2025-08-09T01:37:48.3688523Z Selecting previously unselected package libtwolame0:amd64.
2025-08-09T01:37:48.3844050Z Preparing to unpack .../30-libtwolame0_0.4.0-2build2_amd64.deb ...
2025-08-09T01:37:48.3853204Z Unpacking libtwolame0:amd64 (0.4.0-2build2) ...
2025-08-09T01:37:48.4064877Z Selecting previously unselected package libv4lconvert0:amd64.
2025-08-09T01:37:48.4221232Z Preparing to unpack .../31-libv4lconvert0_1.22.1-2build1_amd64.deb ...
2025-08-09T01:37:48.4230132Z Unpacking libv4lconvert0:amd64 (1.22.1-2build1) ...
2025-08-09T01:37:48.4456412Z Selecting previously unselected package libv4l-0:amd64.
2025-08-09T01:37:48.4612454Z Preparing to unpack .../32-libv4l-0_1.22.1-2build1_amd64.deb ...
2025-08-09T01:37:48.4621446Z Unpacking libv4l-0:amd64 (1.22.1-2build1) ...
2025-08-09T01:37:48.4850323Z Selecting previously unselected package libvpx7:amd64.
2025-08-09T01:37:48.5003939Z Preparing to unpack .../33-libvpx7_1.11.0-2ubuntu2.4_amd64.deb ...
2025-08-09T01:37:48.5013333Z Unpacking libvpx7:amd64 (1.11.0-2ubuntu2.4) ...
2025-08-09T01:37:48.5353398Z Selecting previously unselected package libwavpack1:amd64.
2025-08-09T01:37:48.5511036Z Preparing to unpack .../34-libwavpack1_5.4.0-1build2_amd64.deb ...
2025-08-09T01:37:48.5520399Z Unpacking libwavpack1:amd64 (5.4.0-1build2) ...
2025-08-09T01:37:48.5727616Z Selecting previously unselected package gstreamer1.0-plugins-good:amd64.
2025-08-09T01:37:48.5887101Z Preparing to unpack .../35-gstreamer1.0-plugins-good_1.20.3-0ubuntu1.3_amd64.deb ...
2025-08-09T01:37:48.5895206Z Unpacking gstreamer1.0-plugins-good:amd64 (1.20.3-0ubuntu1.3) ...
2025-08-09T01:37:48.6403824Z Selecting previously unselected package libxv1:amd64.
2025-08-09T01:37:48.6567188Z Preparing to unpack .../36-libxv1_2%3a1.0.11-1build2_amd64.deb ...
2025-08-09T01:37:48.6577751Z Unpacking libxv1:amd64 (2:1.0.11-1build2) ...
2025-08-09T01:37:48.6782837Z Selecting previously unselected package gstreamer1.0-x:amd64.
2025-08-09T01:37:48.6936270Z Preparing to unpack .../37-gstreamer1.0-x_1.20.1-1ubuntu0.4_amd64.deb ...
2025-08-09T01:37:48.6946061Z Unpacking gstreamer1.0-x:amd64 (1.20.1-1ubuntu0.4) ...
2025-08-09T01:37:48.7172517Z Selecting previously unselected package libnl-route-3-200:amd64.
2025-08-09T01:37:48.7331908Z Preparing to unpack .../38-libnl-route-3-200_3.5.0-0.1_amd64.deb ...
2025-08-09T01:37:48.7341588Z Unpacking libnl-route-3-200:amd64 (3.5.0-0.1) ...
2025-08-09T01:37:48.7574536Z Selecting previously unselected package libibverbs1:amd64.
2025-08-09T01:37:48.7731301Z Preparing to unpack .../39-libibverbs1_39.0-1_amd64.deb ...
2025-08-09T01:37:48.7742243Z Unpacking libibverbs1:amd64 (39.0-1) ...
2025-08-09T01:37:48.7986664Z Selecting previously unselected package ibverbs-providers:amd64.
2025-08-09T01:37:48.8141029Z Preparing to unpack .../40-ibverbs-providers_39.0-1_amd64.deb ...
2025-08-09T01:37:48.8263986Z Unpacking ibverbs-providers:amd64 (39.0-1) ...
2025-08-09T01:37:48.8581065Z Selecting previously unselected package ipxe-qemu.
2025-08-09T01:37:48.8738748Z Preparing to unpack .../41-ipxe-qemu_1.21.1+git-20220113.fbbdc3926-0ubuntu1_all.deb ...
2025-08-09T01:37:48.8747024Z Unpacking ipxe-qemu (1.21.1+git-20220113.fbbdc3926-0ubuntu1) ...
2025-08-09T01:37:48.9106798Z Selecting previously unselected package ipxe-qemu-256k-compat-efi-roms.
2025-08-09T01:37:48.9265342Z Preparing to unpack .../42-ipxe-qemu-256k-compat-efi-roms_1.0.0+git-20150424.a25a16d-0ubuntu4_all.deb ...
2025-08-09T01:37:48.9274567Z Unpacking ipxe-qemu-256k-compat-efi-roms (1.0.0+git-20150424.a25a16d-0ubuntu4) ...
2025-08-09T01:37:48.9758177Z Selecting previously unselected package isolinux.
2025-08-09T01:37:48.9917685Z Preparing to unpack .../43-isolinux_3%3a6.04~git20190206.bf6db5b4+dfsg1-3ubuntu1_all.deb ...
2025-08-09T01:37:48.9925339Z Unpacking isolinux (3:6.04~git20190206.bf6db5b4+dfsg1-3ubuntu1) ...
2025-08-09T01:37:49.0146015Z Selecting previously unselected package libboost-iostreams1.74.0:amd64.
2025-08-09T01:37:49.0304524Z Preparing to unpack .../44-libboost-iostreams1.74.0_1.74.0-14ubuntu3_amd64.deb ...
2025-08-09T01:37:49.0314901Z Unpacking libboost-iostreams1.74.0:amd64 (1.74.0-14ubuntu3) ...
2025-08-09T01:37:49.0794614Z Selecting previously unselected package libboost-thread1.74.0:amd64.
2025-08-09T01:37:49.0954162Z Preparing to unpack .../45-libboost-thread1.74.0_1.74.0-14ubuntu3_amd64.deb ...
2025-08-09T01:37:49.0964214Z Unpacking libboost-thread1.74.0:amd64 (1.74.0-14ubuntu3) ...
2025-08-09T01:37:49.1256239Z Selecting previously unselected package libbrlapi0.8:amd64.
2025-08-09T01:37:49.1415352Z Preparing to unpack .../46-libbrlapi0.8_6.4-4ubuntu3_amd64.deb ...
2025-08-09T01:37:49.1426527Z Unpacking libbrlapi0.8:amd64 (6.4-4ubuntu3) ...
2025-08-09T01:37:49.1640585Z Selecting previously unselected package libpcsclite1:amd64.
2025-08-09T01:37:49.1799082Z Preparing to unpack .../47-libpcsclite1_1.9.5-3ubuntu1_amd64.deb ...
2025-08-09T01:37:49.1808156Z Unpacking libpcsclite1:amd64 (1.9.5-3ubuntu1) ...
2025-08-09T01:37:49.2016845Z Selecting previously unselected package libcacard0:amd64.
2025-08-09T01:37:49.2173398Z Preparing to unpack .../48-libcacard0_1%3a2.8.0-3build2_amd64.deb ...
2025-08-09T01:37:49.2182771Z Unpacking libcacard0:amd64 (1:2.8.0-3build2) ...
2025-08-09T01:37:49.2397647Z Selecting previously unselected package libdaxctl1:amd64.
2025-08-09T01:37:49.2553032Z Preparing to unpack .../49-libdaxctl1_72.1-1_amd64.deb ...
2025-08-09T01:37:49.2561657Z Unpacking libdaxctl1:amd64 (72.1-1) ...
2025-08-09T01:37:49.2770278Z Selecting previously unselected package libdecor-0-0:amd64.
2025-08-09T01:37:49.2925028Z Preparing to unpack .../50-libdecor-0-0_0.1.0-3build1_amd64.deb ...
2025-08-09T01:37:49.2934316Z Unpacking libdecor-0-0:amd64 (0.1.0-3build1) ...
2025-08-09T01:37:49.3129427Z Selecting previously unselected package libdecor-0-plugin-1-cairo:amd64.
2025-08-09T01:37:49.3284252Z Preparing to unpack .../51-libdecor-0-plugin-1-cairo_0.1.0-3build1_amd64.deb ...
2025-08-09T01:37:49.3293289Z Unpacking libdecor-0-plugin-1-cairo:amd64 (0.1.0-3build1) ...
2025-08-09T01:37:49.3500131Z Selecting previously unselected package libelf-dev:amd64.
2025-08-09T01:37:49.3652347Z Preparing to unpack .../52-libelf-dev_0.186-1ubuntu0.1_amd64.deb ...
2025-08-09T01:37:49.3661329Z Unpacking libelf-dev:amd64 (0.186-1ubuntu0.1) ...
2025-08-09T01:37:49.3915207Z Selecting previously unselected package libgfxdr0:amd64.
2025-08-09T01:37:49.4070489Z Preparing to unpack .../53-libgfxdr0_10.1-1ubuntu0.2_amd64.deb ...
2025-08-09T01:37:49.4080102Z Unpacking libgfxdr0:amd64 (10.1-1ubuntu0.2) ...
2025-08-09T01:37:49.4296703Z Selecting previously unselected package libglusterfs0:amd64.
2025-08-09T01:37:49.4448601Z Preparing to unpack .../54-libglusterfs0_10.1-1ubuntu0.2_amd64.deb ...
2025-08-09T01:37:49.4457472Z Unpacking libglusterfs0:amd64 (10.1-1ubuntu0.2) ...
2025-08-09T01:37:49.4708863Z Selecting previously unselected package libgfrpc0:amd64.
2025-08-09T01:37:49.4861512Z Preparing to unpack .../55-libgfrpc0_10.1-1ubuntu0.2_amd64.deb ...
2025-08-09T01:37:49.4871466Z Unpacking libgfrpc0:amd64 (10.1-1ubuntu0.2) ...
2025-08-09T01:37:49.5089968Z Selecting previously unselected package libgfapi0:amd64.
2025-08-09T01:37:49.5243908Z Preparing to unpack .../56-libgfapi0_10.1-1ubuntu0.2_amd64.deb ...
2025-08-09T01:37:49.5254435Z Unpacking libgfapi0:amd64 (10.1-1ubuntu0.2) ...
2025-08-09T01:37:49.5478510Z Selecting previously unselected package librdmacm1:amd64.
2025-08-09T01:37:49.5631656Z Preparing to unpack .../57-librdmacm1_39.0-1_amd64.deb ...
2025-08-09T01:37:49.5640711Z Unpacking librdmacm1:amd64 (39.0-1) ...
2025-08-09T01:37:49.6393624Z Selecting previously unselected package libiscsi7:amd64.
2025-08-09T01:37:49.6548198Z Preparing to unpack .../58-libiscsi7_1.19.0-3build2_amd64.deb ...
2025-08-09T01:37:49.6558146Z Unpacking libiscsi7:amd64 (1.19.0-3build2) ...
2025-08-09T01:37:49.6780939Z Selecting previously unselected package liblinear4:amd64.
2025-08-09T01:37:49.6938589Z Preparing to unpack .../59-liblinear4_2.3.0+dfsg-5_amd64.deb ...
2025-08-09T01:37:49.6948680Z Unpacking liblinear4:amd64 (2.3.0+dfsg-5) ...
2025-08-09T01:37:49.7188979Z Selecting previously unselected package libndctl6:amd64.
2025-08-09T01:37:49.7344020Z Preparing to unpack .../60-libndctl6_72.1-1_amd64.deb ...
2025-08-09T01:37:49.7355117Z Unpacking libndctl6:amd64 (72.1-1) ...
2025-08-09T01:37:49.7573849Z Selecting previously unselected package libpmem1:amd64.
2025-08-09T01:37:49.7729881Z Preparing to unpack .../61-libpmem1_1.11.1-3build1_amd64.deb ...
2025-08-09T01:37:49.7739829Z Unpacking libpmem1:amd64 (1.11.1-3build1) ...
2025-08-09T01:37:49.7976073Z Selecting previously unselected package libpmemobj1:amd64.
2025-08-09T01:37:49.8129765Z Preparing to unpack .../62-libpmemobj1_1.11.1-3build1_amd64.deb ...
2025-08-09T01:37:49.8139546Z Unpacking libpmemobj1:amd64 (1.11.1-3build1) ...
2025-08-09T01:37:49.8400401Z Selecting previously unselected package librados2.
2025-08-09T01:37:49.8555321Z Preparing to unpack .../63-librados2_17.2.7-0ubuntu0.22.04.2_amd64.deb ...
2025-08-09T01:37:49.8565231Z Unpacking librados2 (17.2.7-0ubuntu0.22.04.2) ...
2025-08-09T01:37:49.9244074Z Selecting previously unselected package librbd1.
2025-08-09T01:37:49.9406172Z Preparing to unpack .../64-librbd1_17.2.7-0ubuntu0.22.04.2_amd64.deb ...
2025-08-09T01:37:49.9414879Z Unpacking librbd1 (17.2.7-0ubuntu0.22.04.2) ...
2025-08-09T01:37:50.0102127Z Selecting previously unselected package libsdl2-2.0-0:amd64.
2025-08-09T01:37:50.0264591Z Preparing to unpack .../65-libsdl2-2.0-0_2.0.20+dfsg-2ubuntu1.22.04.1_amd64.deb ...
2025-08-09T01:37:50.0273584Z Unpacking libsdl2-2.0-0:amd64 (2.0.20+dfsg-2ubuntu1.22.04.1) ...
2025-08-09T01:37:50.0568073Z Selecting previously unselected package libspice-server1:amd64.
2025-08-09T01:37:50.0734075Z Preparing to unpack .../66-libspice-server1_0.15.0-2ubuntu4_amd64.deb ...
2025-08-09T01:37:50.0744703Z Unpacking libspice-server1:amd64 (0.15.0-2ubuntu4) ...
2025-08-09T01:37:50.1003242Z Selecting previously unselected package liburing2:amd64.
2025-08-09T01:37:50.1162917Z Preparing to unpack .../67-liburing2_2.1-2build1_amd64.deb ...
2025-08-09T01:37:50.1171557Z Unpacking liburing2:amd64 (2.1-2build1) ...
2025-08-09T01:37:50.1381917Z Selecting previously unselected package libusbredirparser1:amd64.
2025-08-09T01:37:50.1535986Z Preparing to unpack .../68-libusbredirparser1_0.11.0-2build1_amd64.deb ...
2025-08-09T01:37:50.1546301Z Unpacking libusbredirparser1:amd64 (0.11.0-2build1) ...
2025-08-09T01:37:50.1761654Z Selecting previously unselected package libvirglrenderer1:amd64.
2025-08-09T01:37:50.1919250Z Preparing to unpack .../69-libvirglrenderer1_0.9.1-1~exp1ubuntu2_amd64.deb ...
2025-08-09T01:37:50.1927947Z Unpacking libvirglrenderer1:amd64 (0.9.1-1~exp1ubuntu2) ...
2025-08-09T01:37:50.2166276Z Selecting previously unselected package libvte-2.91-common.
2025-08-09T01:37:50.2323136Z Preparing to unpack .../70-libvte-2.91-common_0.68.0-1ubuntu0.1_amd64.deb ...
2025-08-09T01:37:50.2331487Z Unpacking libvte-2.91-common (0.68.0-1ubuntu0.1) ...
2025-08-09T01:37:50.2560912Z Selecting previously unselected package libvte-2.91-0:amd64.
2025-08-09T01:37:50.2716732Z Preparing to unpack .../71-libvte-2.91-0_0.68.0-1ubuntu0.1_amd64.deb ...
2025-08-09T01:37:50.2727113Z Unpacking libvte-2.91-0:amd64 (0.68.0-1ubuntu0.1) ...
2025-08-09T01:37:50.2949060Z Selecting previously unselected package debootstrap.
2025-08-09T01:37:50.3103684Z Preparing to unpack .../72-debootstrap_1.0.126+nmu1ubuntu0.8_all.deb ...
2025-08-09T01:37:50.3112223Z Unpacking debootstrap (1.0.126+nmu1ubuntu0.8) ...
2025-08-09T01:37:50.3391315Z Selecting previously unselected package live-build.
2025-08-09T01:37:50.3546549Z Preparing to unpack .../73-live-build_3.0~a57-1ubuntu41.22.04.1_all.deb ...
2025-08-09T01:37:50.3559295Z Unpacking live-build (3.0~a57-1ubuntu41.22.04.1) ...
2025-08-09T01:37:50.4366306Z Selecting previously unselected package lua-lpeg:amd64.
2025-08-09T01:37:50.4527842Z Preparing to unpack .../74-lua-lpeg_1.0.2-1_amd64.deb ...
2025-08-09T01:37:50.4537903Z Unpacking lua-lpeg:amd64 (1.0.2-1) ...
2025-08-09T01:37:50.4780746Z Selecting previously unselected package mtools.
2025-08-09T01:37:50.4938640Z Preparing to unpack .../75-mtools_4.0.33-1+really4.0.32-1build1_amd64.deb ...
2025-08-09T01:37:50.4946780Z Unpacking mtools (4.0.33-1+really4.0.32-1build1) ...
2025-08-09T01:37:50.5346162Z Selecting previously unselected package nmap-common.
2025-08-09T01:37:50.5504021Z Preparing to unpack .../76-nmap-common_7.91+dfsg1+really7.80+dfsg1-2ubuntu0.1_all.deb ...
2025-08-09T01:37:50.5512578Z Unpacking nmap-common (7.91+dfsg1+really7.80+dfsg1-2ubuntu0.1) ...
2025-08-09T01:37:50.7470684Z Selecting previously unselected package pv.
2025-08-09T01:37:50.7636013Z Preparing to unpack .../77-pv_1.6.6-1build2_amd64.deb ...
2025-08-09T01:37:50.7645283Z Unpacking pv (1.6.6-1build2) ...
2025-08-09T01:37:50.7890874Z Selecting previously unselected package libfdt1:amd64.
2025-08-09T01:37:50.8049990Z Preparing to unpack .../78-libfdt1_1.6.1-1_amd64.deb ...
2025-08-09T01:37:50.8060705Z Unpacking libfdt1:amd64 (1.6.1-1) ...
2025-08-09T01:37:50.8307279Z Selecting previously unselected package qemu-system-common.
2025-08-09T01:37:50.8466379Z Preparing to unpack .../79-qemu-system-common_1%3a6.2+dfsg-2ubuntu6.26_amd64.deb ...
2025-08-09T01:37:50.8476695Z Unpacking qemu-system-common (1:6.2+dfsg-2ubuntu6.26) ...
2025-08-09T01:37:50.9222483Z Selecting previously unselected package qemu-system-data.
2025-08-09T01:37:50.9386251Z Preparing to unpack .../80-qemu-system-data_1%3a6.2+dfsg-2ubuntu6.26_all.deb ...
2025-08-09T01:37:50.9395856Z Unpacking qemu-system-data (1:6.2+dfsg-2ubuntu6.26) ...
2025-08-09T01:37:50.9988949Z Selecting previously unselected package seabios.
2025-08-09T01:37:51.0152730Z Preparing to unpack .../81-seabios_1.15.0-1_all.deb ...
2025-08-09T01:37:51.0162210Z Unpacking seabios (1.15.0-1) ...
2025-08-09T01:37:51.0427895Z Selecting previously unselected package qemu-system-x86.
2025-08-09T01:37:51.0590961Z Preparing to unpack .../82-qemu-system-x86_1%3a6.2+dfsg-2ubuntu6.26_amd64.deb ...
2025-08-09T01:37:51.0745016Z Unpacking qemu-system-x86 (1:6.2+dfsg-2ubuntu6.26) ...
2025-08-09T01:37:51.2268587Z Selecting previously unselected package qemu-utils.
2025-08-09T01:37:51.2433496Z Preparing to unpack .../83-qemu-utils_1%3a6.2+dfsg-2ubuntu6.26_amd64.deb ...
2025-08-09T01:37:51.2443296Z Unpacking qemu-utils (1:6.2+dfsg-2ubuntu6.26) ...
2025-08-09T01:37:51.2922249Z Selecting previously unselected package qemu-block-extra.
2025-08-09T01:37:51.3087671Z Preparing to unpack .../84-qemu-block-extra_1%3a6.2+dfsg-2ubuntu6.26_amd64.deb ...
2025-08-09T01:37:51.3096598Z Unpacking qemu-block-extra (1:6.2+dfsg-2ubuntu6.26) ...
2025-08-09T01:37:51.3326456Z Selecting previously unselected package qemu-system-gui.
2025-08-09T01:37:51.3489367Z Preparing to unpack .../85-qemu-system-gui_1%3a6.2+dfsg-2ubuntu6.26_amd64.deb ...
2025-08-09T01:37:51.3497633Z Unpacking qemu-system-gui (1:6.2+dfsg-2ubuntu6.26) ...
2025-08-09T01:37:51.3751861Z Selecting previously unselected package syslinux-common.
2025-08-09T01:37:51.3909643Z Preparing to unpack .../86-syslinux-common_3%3a6.04~git20190206.bf6db5b4+dfsg1-3ubuntu1_all.deb ...
2025-08-09T01:37:51.3917468Z Unpacking syslinux-common (3:6.04~git20190206.bf6db5b4+dfsg1-3ubuntu1) ...
2025-08-09T01:37:51.4488242Z Selecting previously unselected package syslinux-utils.
2025-08-09T01:37:51.4649146Z Preparing to unpack .../87-syslinux-utils_3%3a6.04~git20190206.bf6db5b4+dfsg1-3ubuntu1_amd64.deb ...
2025-08-09T01:37:51.4664690Z Unpacking syslinux-utils (3:6.04~git20190206.bf6db5b4+dfsg1-3ubuntu1) ...
2025-08-09T01:37:51.4933757Z Selecting previously unselected package nmap.
2025-08-09T01:37:51.5092912Z Preparing to unpack .../88-nmap_7.91+dfsg1+really7.80+dfsg1-2ubuntu0.1_amd64.deb ...
2025-08-09T01:37:51.5101332Z Unpacking nmap (7.91+dfsg1+really7.80+dfsg1-2ubuntu0.1) ...
2025-08-09T01:37:51.5680991Z Selecting previously unselected package ovmf.
2025-08-09T01:37:51.5858106Z Preparing to unpack .../89-ovmf_2022.02-3ubuntu0.22.04.3_all.deb ...
2025-08-09T01:37:51.5868440Z Unpacking ovmf (2022.02-3ubuntu0.22.04.3) ...
2025-08-09T01:37:51.6811430Z Setting up genisoimage (9:1.1.11-3.2ubuntu1) ...
2025-08-09T01:37:51.6841657Z Setting up libcdparanoia0:amd64 (3.10.2+debian-14build2) ...
2025-08-09T01:37:51.6861521Z Setting up lua-lpeg:amd64 (1.0.2-1) ...
2025-08-09T01:37:51.6887309Z Setting up debootstrap (1.0.126+nmu1ubuntu0.8) ...
2025-08-09T01:37:51.6913538Z Setting up libraw1394-11:amd64 (2.1.2-2build2) ...
2025-08-09T01:37:51.6937590Z Setting up libtag1v5-vanilla:amd64 (1.11.1+dfsg.1-3ubuntu3) ...
2025-08-09T01:37:51.6961447Z Setting up libmpg123-0:amd64 (1.29.3-1ubuntu0.1) ...
2025-08-09T01:37:51.6984303Z Setting up isolinux (3:6.04~git20190206.bf6db5b4+dfsg1-3ubuntu1) ...
2025-08-09T01:37:51.7009694Z Setting up libspeex1:amd64 (1.2~rc1.2-1.1ubuntu3) ...
2025-08-09T01:37:51.7033909Z Setting up libcaca0:amd64 (0.99.beta19-2.2ubuntu4) ...
2025-08-09T01:37:51.7057957Z Setting up libtwolame0:amd64 (0.4.0-2build2) ...
2025-08-09T01:37:51.7087592Z Setting up libvte-2.91-common (0.68.0-1ubuntu0.1) ...
2025-08-09T01:37:51.7127370Z Setting up libvisual-0.4-0:amd64 (0.4.0-17build2) ...
2025-08-09T01:37:51.7153457Z Setting up mtools (4.0.33-1+really4.0.32-1build1) ...
2025-08-09T01:37:51.7184710Z Setting up libboost-iostreams1.74.0:amd64 (1.74.0-14ubuntu3) ...
2025-08-09T01:37:51.7207925Z Setting up msr-tools (1.3-4) ...
2025-08-09T01:37:51.7235175Z Setting up syslinux-common (3:6.04~git20190206.bf6db5b4+dfsg1-3ubuntu1) ...
2025-08-09T01:37:51.7257152Z Setting up live-build (3.0~a57-1ubuntu41.22.04.1) ...
2025-08-09T01:37:51.7282304Z Setting up libfdt1:amd64 (1.6.1-1) ...
2025-08-09T01:37:51.7307577Z Setting up libvte-2.91-0:amd64 (0.68.0-1ubuntu0.1) ...
2025-08-09T01:37:51.7330258Z Setting up libusbredirparser1:amd64 (0.11.0-2build1) ...
2025-08-09T01:37:51.7355307Z Setting up liblinear4:amd64 (2.3.0+dfsg-5) ...
2025-08-09T01:37:51.7381647Z Setting up libflac8:amd64 (1.3.3-2ubuntu0.2) ...
2025-08-09T01:37:51.7407223Z Setting up syslinux-utils (3:6.04~git20190206.bf6db5b4+dfsg1-3ubuntu1) ...
2025-08-09T01:37:51.7435486Z Setting up libnl-route-3-200:amd64 (3.5.0-0.1) ...
2025-08-09T01:37:51.7461441Z Setting up ovmf (2022.02-3ubuntu0.22.04.3) ...
2025-08-09T01:37:51.7485740Z Setting up libglusterfs0:amd64 (10.1-1ubuntu0.2) ...
2025-08-09T01:37:51.7514960Z Setting up libvirglrenderer1:amd64 (0.9.1-1~exp1ubuntu2) ...
2025-08-09T01:37:51.7552437Z Setting up libopus0:amd64 (1.3.1-0.1build2) ...
2025-08-09T01:37:51.7580187Z Setting up libxv1:amd64 (2:1.0.11-1build2) ...
2025-08-09T01:37:51.7605171Z Setting up liborc-0.4-0:amd64 (1:0.4.32-2ubuntu0.1) ...
2025-08-09T01:37:51.7631329Z Setting up libelf-dev:amd64 (0.186-1ubuntu0.1) ...
2025-08-09T01:37:51.7657197Z Setting up libpcsclite1:amd64 (1.9.5-3ubuntu1) ...
2025-08-09T01:37:51.7680853Z Setting up libdaxctl1:amd64 (72.1-1) ...
2025-08-09T01:37:51.7707775Z Setting up qemu-system-data (1:6.2+dfsg-2ubuntu6.26) ...
2025-08-09T01:37:51.7736276Z Setting up seabios (1.15.0-1) ...
2025-08-09T01:37:51.7766651Z Setting up nmap-common (7.91+dfsg1+really7.80+dfsg1-2ubuntu0.1) ...
2025-08-09T01:37:51.8024297Z Setting up libtag1v5:amd64 (1.11.1+dfsg.1-3ubuntu3) ...
2025-08-09T01:37:51.8054096Z Setting up cpu-checker (0.7-1.3build1) ...
2025-08-09T01:37:51.8080429Z Setting up libdv4:amd64 (1.0.0-14build1) ...
2025-08-09T01:37:51.8104741Z Setting up libasyncns0:amd64 (0.8-6build2) ...
2025-08-09T01:37:51.8138587Z Setting up pv (1.6.6-1build2) ...
2025-08-09T01:37:51.8164362Z Setting up libwavpack1:amd64 (5.4.0-1build2) ...
2025-08-09T01:37:51.8189440Z Setting up ipxe-qemu (1.21.1+git-20220113.fbbdc3926-0ubuntu1) ...
2025-08-09T01:37:51.8216110Z Setting up libtheora0:amd64 (1.1.1+dfsg.1-15ubuntu4) ...
2025-08-09T01:37:51.8245756Z Setting up libv4lconvert0:amd64 (1.22.1-2build1) ...
2025-08-09T01:37:51.8273731Z Setting up libdecor-0-0:amd64 (0.1.0-3build1) ...
2025-08-09T01:37:51.8304189Z Setting up libndctl6:amd64 (72.1-1) ...
2025-08-09T01:37:51.8330592Z Setting up ipxe-qemu-256k-compat-efi-roms (1.0.0+git-20150424.a25a16d-0ubuntu4) ...
2025-08-09T01:37:51.8360659Z Setting up libvpx7:amd64 (1.11.0-2ubuntu2.4) ...
2025-08-09T01:37:51.8387393Z Setting up libbrlapi0.8:amd64 (6.4-4ubuntu3) ...
2025-08-09T01:37:51.8414216Z Setting up liburing2:amd64 (2.1-2build1) ...
2025-08-09T01:37:51.8441288Z Setting up libsamplerate0:amd64 (0.2.2-1build1) ...
2025-08-09T01:37:51.8467678Z Setting up libpmem1:amd64 (1.11.1-3build1) ...
2025-08-09T01:37:51.8494791Z Setting up libmp3lame0:amd64 (3.100-3build2) ...
2025-08-09T01:37:51.8522355Z Setting up libvorbisenc2:amd64 (1.3.7-1build2) ...
2025-08-09T01:37:51.8554587Z Setting up libgfxdr0:amd64 (10.1-1ubuntu0.2) ...
2025-08-09T01:37:51.8582212Z Setting up libboost-thread1.74.0:amd64 (1.74.0-14ubuntu3) ...
2025-08-09T01:37:51.8610813Z Setting up libaa1:amd64 (1.4p5-50build1) ...
2025-08-09T01:37:51.8636512Z Setting up libiec61883-0:amd64 (1.2.0-4build3) ...
2025-08-09T01:37:51.8663116Z Setting up libavc1394-0:amd64 (0.5.4-5build2) ...
2025-08-09T01:37:51.8706163Z Setting up libibverbs1:amd64 (39.0-1) ...
2025-08-09T01:37:51.9173575Z Setting up ibverbs-providers:amd64 (39.0-1) ...
2025-08-09T01:37:51.9453233Z Setting up libgstreamer-plugins-base1.0-0:amd64 (1.20.1-1ubuntu0.4) ...
2025-08-09T01:37:51.9485864Z Setting up nmap (7.91+dfsg1+really7.80+dfsg1-2ubuntu0.1) ...
2025-08-09T01:37:51.9509956Z Setting up libcacard0:amd64 (1:2.8.0-3build2) ...
2025-08-09T01:37:51.9534562Z Setting up libv4l-0:amd64 (1.22.1-2build1) ...
2025-08-09T01:37:51.9565199Z Setting up libgstreamer-plugins-good1.0-0:amd64 (1.20.3-0ubuntu1.3) ...
2025-08-09T01:37:51.9589252Z Setting up gstreamer1.0-plugins-base:amd64 (1.20.1-1ubuntu0.4) ...
2025-08-09T01:37:51.9618036Z Setting up libshout3:amd64 (2.4.5-1build3) ...
2025-08-09T01:37:51.9646079Z Setting up libpmemobj1:amd64 (1.11.1-3build1) ...
2025-08-09T01:37:51.9668395Z Setting up libdecor-0-plugin-1-cairo:amd64 (0.1.0-3build1) ...
2025-08-09T01:37:51.9698010Z Setting up libjack-jackd2-0:amd64 (1.9.20~dfsg-1) ...
2025-08-09T01:37:51.9724159Z Setting up libsndfile1:amd64 (1.0.31-2ubuntu0.2) ...
2025-08-09T01:37:51.9753914Z Setting up qemu-utils (1:6.2+dfsg-2ubuntu6.26) ...
2025-08-09T01:37:51.9854010Z Setting up libgfrpc0:amd64 (10.1-1ubuntu0.2) ...
2025-08-09T01:37:51.9878143Z Setting up librdmacm1:amd64 (39.0-1) ...
2025-08-09T01:37:51.9902942Z Setting up librados2 (17.2.7-0ubuntu0.22.04.2) ...
2025-08-09T01:37:52.0054336Z Setting up gstreamer1.0-x:amd64 (1.20.1-1ubuntu0.4) ...
2025-08-09T01:37:52.0075776Z Setting up libpulse0:amd64 (1:15.99.1+dfsg1-1ubuntu2.2) ...
2025-08-09T01:37:52.0154121Z Setting up gstreamer1.0-plugins-good:amd64 (1.20.3-0ubuntu1.3) ...
2025-08-09T01:37:52.0183545Z Setting up libspice-server1:amd64 (0.15.0-2ubuntu4) ...
2025-08-09T01:37:52.0212654Z Setting up librbd1 (17.2.7-0ubuntu0.22.04.2) ...
2025-08-09T01:37:52.0236853Z Setting up libgfapi0:amd64 (10.1-1ubuntu0.2) ...
2025-08-09T01:37:52.0261876Z Setting up libiscsi7:amd64 (1.19.0-3build2) ...
2025-08-09T01:37:52.0291028Z Setting up libsdl2-2.0-0:amd64 (2.0.20+dfsg-2ubuntu1.22.04.1) ...
2025-08-09T01:37:52.0315952Z Setting up qemu-block-extra (1:6.2+dfsg-2ubuntu6.26) ...
2025-08-09T01:37:52.3024004Z Created symlink /etc/systemd/system/multi-user.target.wants/run-qemu.mount → /lib/systemd/system/run-qemu.mount.
2025-08-09T01:37:52.7228544Z Setting up qemu-system-common (1:6.2+dfsg-2ubuntu6.26) ...
2025-08-09T01:37:52.8409077Z Created symlink /etc/systemd/system/multi-user.target.wants/qemu-kvm.service → /lib/systemd/system/qemu-kvm.service.
2025-08-09T01:37:53.6605142Z Setting up qemu-system-x86 (1:6.2+dfsg-2ubuntu6.26) ...
2025-08-09T01:37:53.6647314Z Setting up qemu-system-gui (1:6.2+dfsg-2ubuntu6.26) ...
2025-08-09T01:37:53.6680604Z Processing triggers for man-db (2.10.2-1) ...
2025-08-09T01:37:54.3453687Z Processing triggers for install-info (6.8-4build1) ...
2025-08-09T01:37:54.4380888Z Processing triggers for hicolor-icon-theme (0.17-2) ...
2025-08-09T01:37:54.4920765Z Processing triggers for libc-bin (2.35-0ubuntu3.10) ...
2025-08-09T01:37:54.7544018Z NEEDRESTART-VER: 3.5
2025-08-09T01:37:55.0293734Z NEEDRESTART-KCUR: 6.8.0-1031-azure
2025-08-09T01:37:55.0294190Z NEEDRESTART-KEXP: 6.8.0-1031-azure
2025-08-09T01:37:55.0294506Z NEEDRESTART-KSTA: 1
2025-08-09T01:37:55.0294753Z NEEDRESTART-SVC: hosted-compute-agent.service
2025-08-09T01:37:56.2585918Z ##[group]Run echo "CLUSTER_MODE=main" >> $GITHUB_ENV
2025-08-09T01:37:56.2586454Z [36;1mecho "CLUSTER_MODE=main" >> $GITHUB_ENV[0m
2025-08-09T01:37:56.2586747Z [36;1mecho "ENABLE_GUI=false" >> $GITHUB_ENV[0m
2025-08-09T01:37:56.2587032Z [36;1mecho "SKIP_QEMU_TEST=true" >> $GITHUB_ENV[0m
2025-08-09T01:37:56.2587348Z [36;1mecho "BUILD_THREADS=2" >> $GITHUB_ENV  # Limit for CI[0m
2025-08-09T01:37:56.2587782Z [36;1mecho "SKIP_CONNECTIVITY_CHECK=true" >> $GITHUB_ENV  # Skip redundant check in CI[0m
2025-08-09T01:37:56.2615153Z shell: /usr/bin/bash -e {0}
2025-08-09T01:37:56.2615382Z ##[endgroup]
2025-08-09T01:37:56.2686111Z ##[group]Run chmod +x ainux-builder.sh
2025-08-09T01:37:56.2686432Z [36;1mchmod +x ainux-builder.sh[0m
2025-08-09T01:37:56.2686665Z [36;1m[0m
2025-08-09T01:37:56.2686842Z [36;1m# Add debug output[0m
2025-08-09T01:37:56.2687048Z [36;1mset -x[0m
2025-08-09T01:37:56.2687212Z [36;1m[0m
2025-08-09T01:37:56.2687392Z [36;1m# Run build with timeout (2 hours max)[0m
2025-08-09T01:37:56.2687667Z [36;1mtimeout 7200 ./ainux-builder.sh || {[0m
2025-08-09T01:37:56.2687933Z [36;1m  echo "Build timed out or failed"[0m
2025-08-09T01:37:56.2688215Z [36;1m  echo "=== Last 100 lines of any available logs ==="[0m
2025-08-09T01:37:56.2688689Z [36;1m  find ~/ainux-build/logs -name "*.log" -exec tail -50 {} \; 2>/dev/null || echo "No log files found"[0m
2025-08-09T01:37:56.2689083Z [36;1m  [0m
2025-08-09T01:37:56.2689268Z [36;1m  echo "=== Environment Variables ==="[0m
2025-08-09T01:37:56.2689589Z [36;1m  env | grep -E "(CLUSTER_MODE|ENABLE_GUI|SKIP_|BUILD_)" || true[0m
2025-08-09T01:37:56.2689909Z [36;1m  [0m
2025-08-09T01:37:56.2690071Z [36;1m  echo "=== Disk Usage ==="[0m
2025-08-09T01:37:56.2690295Z [36;1m  df -h || true[0m
2025-08-09T01:37:56.2690470Z [36;1m  [0m
2025-08-09T01:37:56.2690637Z [36;1m  echo "=== Memory Usage ==="[0m
2025-08-09T01:37:56.2690863Z [36;1m  free -h || true[0m
2025-08-09T01:37:56.2691046Z [36;1m  [0m
2025-08-09T01:37:56.2691195Z [36;1m  exit 1[0m
2025-08-09T01:37:56.2691348Z [36;1m}[0m
2025-08-09T01:37:56.2715914Z shell: /usr/bin/bash -e {0}
2025-08-09T01:37:56.2716138Z env:
2025-08-09T01:37:56.2716290Z   CLUSTER_MODE: main
2025-08-09T01:37:56.2716471Z   ENABLE_GUI: false
2025-08-09T01:37:56.2716644Z   SKIP_QEMU_TEST: true
2025-08-09T01:37:56.2716817Z   BUILD_THREADS: 2
2025-08-09T01:37:56.2716996Z   SKIP_CONNECTIVITY_CHECK: true
2025-08-09T01:37:56.2717193Z ##[endgroup]
2025-08-09T01:37:56.2767428Z + timeout 7200 ./ainux-builder.sh
2025-08-09T01:37:56.2841544Z 
2025-08-09T01:37:56.2842145Z [0;35m[PHASE][0m Starting Ainux OS AI Cluster Builder Process
2025-08-09T01:37:56.2842562Z 
2025-08-09T01:37:56.2844388Z 
2025-08-09T01:37:56.2844627Z [0;35m[PHASE][0m Checking Prerequisites
2025-08-09T01:37:56.2844830Z 
2025-08-09T01:37:56.2888545Z [0;34m[INFO][0m Detected Ubuntu 22.04 LTS - supported
2025-08-09T01:37:56.2916230Z [0;34m[INFO][0m Disk space check passed: 36GB available
2025-08-09T01:37:56.2916896Z [0;34m[INFO][0m Checking internet connectivity...
2025-08-09T01:37:56.2917661Z [1;33m[WARNING][0m Skipping connectivity check (SKIP_CONNECTIVITY_CHECK=true)
2025-08-09T01:37:56.2918406Z [0;32m[SUCCESS][0m Prerequisites check passed
2025-08-09T01:37:56.2918728Z 
2025-08-09T01:37:56.2919089Z [0;35m[PHASE][0m Initializing Ainux OS AI Cluster Build Environment
2025-08-09T01:37:56.2919497Z 
2025-08-09T01:37:56.2919715Z [0;34m[INFO][0m Build Configuration:
2025-08-09T01:37:56.2920207Z [0;34m[INFO][0m   Kernel Version: 6.6.58
2025-08-09T01:37:56.2920660Z [0;34m[INFO][0m   Cluster Mode: main
2025-08-09T01:37:56.2921131Z [0;34m[INFO][0m   Build Threads: 2
2025-08-09T01:37:56.2921772Z [0;34m[INFO][0m   GUI Enabled: false
2025-08-09T01:37:56.2922110Z [0;34m[INFO][0m   Build Directory: /home/runner/ainux-build
2025-08-09T01:37:56.2922494Z [0;34m[INFO][0m Installing build dependencies...
2025-08-09T01:37:56.2922903Z [0;34m[INFO][0m Detected CI environment - applying optimizations...
2025-08-09T01:37:57.8189886Z 
2025-08-09T01:37:57.8190519Z WARNING: apt does not have a stable CLI interface. Use with caution in scripts.
2025-08-09T01:37:57.8190861Z 
2025-08-09T01:37:57.8575393Z Reading package lists...
2025-08-09T01:37:58.0201228Z Building dependency tree...
2025-08-09T01:37:58.0213374Z Reading state information...
2025-08-09T01:37:58.1596981Z bc is already the newest version (1.07.1-3build1).
2025-08-09T01:37:58.1597516Z bison is already the newest version (2:3.8.2+dfsg-1build1).
2025-08-09T01:37:58.1598021Z build-essential is already the newest version (12.9ubuntu3).
2025-08-09T01:37:58.1598985Z dosfstools is already the newest version (4.2-1build3).
2025-08-09T01:37:58.1599560Z flex is already the newest version (2.6.4-8build2).
2025-08-09T01:37:58.1600036Z gcc is already the newest version (4:11.2.0-1ubuntu1).
2025-08-09T01:37:58.1600585Z genisoimage is already the newest version (9:1.1.11-3.2ubuntu1).
2025-08-09T01:37:58.1601131Z make is already the newest version (4.3-4.1build1).
2025-08-09T01:37:58.1601703Z mtools is already the newest version (4.0.33-1+really4.0.32-1build1).
2025-08-09T01:37:58.1602053Z pv is already the newest version (1.6.6-1build2).
2025-08-09T01:37:58.1602383Z squashfs-tools is already the newest version (1:4.5-3build1).
2025-08-09T01:37:58.1602805Z isolinux is already the newest version (3:6.04~git20190206.bf6db5b4+dfsg1-3ubuntu1).
2025-08-09T01:37:58.1603301Z syslinux-utils is already the newest version (3:6.04~git20190206.bf6db5b4+dfsg1-3ubuntu1).
2025-08-09T01:37:58.1603706Z xorriso is already the newest version (1.5.4-2).
2025-08-09T01:37:58.1604005Z curl is already the newest version (7.81.0-1ubuntu1.20).
2025-08-09T01:37:58.1604364Z debootstrap is already the newest version (1.0.126+nmu1ubuntu0.8).
2025-08-09T01:37:58.1604757Z grub-efi-amd64-bin is already the newest version (2.06-2ubuntu14.8).
2025-08-09T01:37:58.1605138Z grub-pc-bin is already the newest version (2.06-2ubuntu7.2).
2025-08-09T01:37:58.1605478Z libelf-dev is already the newest version (0.186-1ubuntu0.1).
2025-08-09T01:37:58.1606077Z libncurses-dev is already the newest version (6.3-2ubuntu0.1).
2025-08-09T01:37:58.1606434Z libssl-dev is already the newest version (3.0.2-0ubuntu1.19).
2025-08-09T01:37:58.1606795Z live-build is already the newest version (3.0~a57-1ubuntu41.22.04.1).
2025-08-09T01:37:58.1607194Z qemu-system-x86 is already the newest version (1:6.2+dfsg-2ubuntu6.26).
2025-08-09T01:37:58.1607565Z rsync is already the newest version (3.2.7-0ubuntu0.22.04.4).
2025-08-09T01:37:58.1607877Z wget is already the newest version (1.21.2-2ubuntu1.1).
2025-08-09T01:37:58.1608251Z nmap is already the newest version (7.91+dfsg1+really7.80+dfsg1-2ubuntu0.1).
2025-08-09T01:37:58.1608665Z python3-pip is already the newest version (22.0.2+dfsg-1ubuntu0.6).
2025-08-09T01:37:58.1609054Z git is already the newest version (1:2.50.1-0ppa1~ubuntu22.04.1).
2025-08-09T01:37:58.1954747Z The following NEW packages will be installed:
2025-08-09T01:37:58.1959677Z   dialog
2025-08-09T01:37:58.2227077Z 0 upgraded, 1 newly installed, 0 to remove and 16 not upgraded.
2025-08-09T01:37:58.2559445Z Need to get 303 kB of archives.
2025-08-09T01:37:58.2560093Z After this operation, 1258 kB of additional disk space will be used.
2025-08-09T01:37:58.2560771Z Get:1 file:/etc/apt/apt-mirrors.txt Mirrorlist [144 B]
2025-08-09T01:37:58.3064133Z Get:2 http://azure.archive.ubuntu.com/ubuntu jammy/universe amd64 dialog amd64 1.3-20211214-1 [303 kB]
2025-08-09T01:37:58.5993020Z Fetched 303 kB in 0s (4617 kB/s)
2025-08-09T01:37:58.6197155Z Selecting previously unselected package dialog.
2025-08-09T01:37:58.6266692Z (Reading database ... 
2025-08-09T01:37:58.6267094Z (Reading database ... 5%
2025-08-09T01:37:58.6267711Z (Reading database ... 10%
2025-08-09T01:37:58.6268049Z (Reading database ... 15%
2025-08-09T01:37:58.6268366Z (Reading database ... 20%
2025-08-09T01:37:58.6268692Z (Reading database ... 25%
2025-08-09T01:37:58.6269010Z (Reading database ... 30%
2025-08-09T01:37:58.6269321Z (Reading database ... 35%
2025-08-09T01:37:58.6269638Z (Reading database ... 40%
2025-08-09T01:37:58.6269948Z (Reading database ... 45%
2025-08-09T01:37:58.6270265Z (Reading database ... 50%
2025-08-09T01:37:58.6322690Z (Reading database ... 55%
2025-08-09T01:37:58.6354047Z (Reading database ... 60%
2025-08-09T01:37:58.6372908Z (Reading database ... 65%
2025-08-09T01:37:58.6560780Z (Reading database ... 70%
2025-08-09T01:37:58.6611652Z (Reading database ... 75%
2025-08-09T01:37:58.6645233Z (Reading database ... 80%
2025-08-09T01:37:58.6900666Z (Reading database ... 85%
2025-08-09T01:37:58.6969025Z (Reading database ... 90%
2025-08-09T01:37:58.7111624Z (Reading database ... 95%
2025-08-09T01:37:58.7112675Z (Reading database ... 100%
2025-08-09T01:37:58.7113424Z (Reading database ... 270634 files and directories currently installed.)
2025-08-09T01:37:58.7163428Z Preparing to unpack .../dialog_1.3-20211214-1_amd64.deb ...
2025-08-09T01:37:58.7175978Z Unpacking dialog (1.3-20211214-1) ...
2025-08-09T01:37:58.8263872Z Setting up dialog (1.3-20211214-1) ...
2025-08-09T01:37:58.8292369Z Processing triggers for man-db (2.10.2-1) ...
2025-08-09T01:37:59.3631138Z NEEDRESTART-VER: 3.5
2025-08-09T01:37:59.5911799Z NEEDRESTART-KCUR: 6.8.0-1031-azure
2025-08-09T01:37:59.5912238Z NEEDRESTART-KEXP: 6.8.0-1031-azure
2025-08-09T01:37:59.5912598Z NEEDRESTART-KSTA: 1
2025-08-09T01:37:59.5912959Z NEEDRESTART-SVC: hosted-compute-agent.service
2025-08-09T01:38:00.8393129Z [0;34m[INFO][0m Applying CI space optimizations...
2025-08-09T01:38:01.7349683Z Reading package lists...
2025-08-09T01:38:01.8938101Z Building dependency tree...
2025-08-09T01:38:01.8949712Z Reading state information...
2025-08-09T01:38:02.0228226Z The following packages will be REMOVED:
2025-08-09T01:38:02.0228974Z   apport-symptoms landscape-common libintl-perl libintl-xs-perl libisns0
2025-08-09T01:38:02.0229904Z   liblldb-13 liblldb-15 libmodule-find-perl libmodule-scandeps-perl libmspack0
2025-08-09T01:38:02.0230621Z   libopeniscsiusr libproc-processtable-perl libsort-naturally-perl
2025-08-09T01:38:02.0231524Z   libterm-readkey-perl libxmlsec1 libxmlsec1-openssl lxd-agent-loader
2025-08-09T01:38:02.0232344Z   needrestart open-iscsi open-vm-tools python3-apport python3-automat
2025-08-09T01:38:02.0233088Z   python3-bcrypt python3-click python3-colorama python3-constantly
2025-08-09T01:38:02.0233656Z   python3-hamcrest python3-hyperlink python3-incremental
2025-08-09T01:38:02.0234203Z   python3-problem-report python3-pyasn1 python3-pyasn1-modules
2025-08-09T01:38:02.0234750Z   python3-service-identity python3-systemd python3-twisted
2025-08-09T01:38:02.0235211Z   python3-zope.interface zerofree
2025-08-09T01:38:02.2723638Z 0 upgraded, 0 newly installed, 37 to remove and 14 not upgraded.
2025-08-09T01:38:02.2724068Z After this operation, 62.7 MB disk space will be freed.
2025-08-09T01:38:02.3019333Z (Reading database ... 
2025-08-09T01:38:02.3043683Z (Reading database ... 5%
2025-08-09T01:38:02.3044093Z (Reading database ... 10%
2025-08-09T01:38:02.3044428Z (Reading database ... 15%
2025-08-09T01:38:02.3044743Z (Reading database ... 20%
2025-08-09T01:38:02.3045060Z (Reading database ... 25%
2025-08-09T01:38:02.3045374Z (Reading database ... 30%
2025-08-09T01:38:02.3045863Z (Reading database ... 35%
2025-08-09T01:38:02.3046179Z (Reading database ... 40%
2025-08-09T01:38:02.3046494Z (Reading database ... 45%
2025-08-09T01:38:02.3046798Z (Reading database ... 50%
2025-08-09T01:38:02.3082188Z (Reading database ... 55%
2025-08-09T01:38:02.3113628Z (Reading database ... 60%
2025-08-09T01:38:02.3132069Z (Reading database ... 65%
2025-08-09T01:38:02.3317682Z (Reading database ... 70%
2025-08-09T01:38:02.3368149Z (Reading database ... 75%
2025-08-09T01:38:02.3401537Z (Reading database ... 80%
2025-08-09T01:38:02.3656100Z (Reading database ... 85%
2025-08-09T01:38:02.3725496Z (Reading database ... 90%
2025-08-09T01:38:02.3867953Z (Reading database ... 95%
2025-08-09T01:38:02.3868310Z (Reading database ... 100%
2025-08-09T01:38:02.3868816Z (Reading database ... 270787 files and directories currently installed.)
2025-08-09T01:38:02.3917922Z Removing apport-symptoms (0.24) ...
2025-08-09T01:38:02.4207349Z Removing landscape-common (23.02-0ubuntu1~22.04.4) ...
2025-08-09T01:38:02.5507878Z Removing libintl-xs-perl (1.26-3build2) ...
2025-08-09T01:38:02.5729580Z Removing needrestart (3.5-5ubuntu2.4) ...
2025-08-09T01:38:02.6360462Z Removing libintl-perl (1.26-3build2) ...
2025-08-09T01:38:02.6651600Z Removing open-iscsi (2.1.5-1ubuntu1.1) ...
2025-08-09T01:38:02.8163763Z Warning: Stopping iscsid.service, but it can still be activated by:
2025-08-09T01:38:02.8164357Z   iscsid.socket
2025-08-09T01:38:04.1576096Z Removing libisns0:amd64 (0.101-0ubuntu2) ...
2025-08-09T01:38:04.1755012Z Removing liblldb-13 (1:13.0.1-2ubuntu2.2) ...
2025-08-09T01:38:04.2091335Z Removing liblldb-15 (1:15.0.7-0ubuntu0.22.04.3) ...
2025-08-09T01:38:04.2344263Z Removing libmodule-find-perl (0.15-1) ...
2025-08-09T01:38:04.2561338Z Removing libmodule-scandeps-perl (1.31-1ubuntu0.1) ...
2025-08-09T01:38:04.2731637Z Removing open-vm-tools (2:12.3.5-3~ubuntu0.22.04.2) ...
2025-08-09T01:38:05.2161626Z Removing libmspack0:amd64 (0.10.1-2build2) ...
2025-08-09T01:38:05.2330637Z Removing libopeniscsiusr (2.1.5-1ubuntu1.1) ...
2025-08-09T01:38:05.2500670Z Removing libproc-processtable-perl:amd64 (0.634-1build1) ...
2025-08-09T01:38:05.2673182Z Removing libsort-naturally-perl (1.03-2) ...
2025-08-09T01:38:05.2829644Z Removing libterm-readkey-perl (2.38-1build4) ...
2025-08-09T01:38:05.2987886Z Removing libxmlsec1-openssl:amd64 (1.2.33-1build2) ...
2025-08-09T01:38:05.3144242Z Removing libxmlsec1:amd64 (1.2.33-1build2) ...
2025-08-09T01:38:05.3314711Z Removing lxd-agent-loader (0.5) ...
2025-08-09T01:38:05.7921169Z Removing python3-apport (2.20.11-0ubuntu82.9) ...
2025-08-09T01:38:05.8924432Z Removing python3-twisted (22.1.0-2ubuntu2.6) ...
2025-08-09T01:38:06.2439929Z Removing python3-automat (20.2.0-1) ...
2025-08-09T01:38:06.3353339Z Removing python3-bcrypt (3.2.0-1build1) ...
2025-08-09T01:38:06.4179272Z Removing python3-click (8.0.3-1) ...
2025-08-09T01:38:06.5107536Z Removing python3-colorama (0.4.4-1) ...
2025-08-09T01:38:06.5962230Z Removing python3-constantly (15.1.0-2) ...
2025-08-09T01:38:06.6803387Z Removing python3-hamcrest (2.0.2-2) ...
2025-08-09T01:38:06.7766557Z Removing python3-hyperlink (21.0.0-3) ...
2025-08-09T01:38:06.8653160Z Removing python3-incremental (21.3.0-1) ...
2025-08-09T01:38:06.9567102Z Removing python3-problem-report (2.20.11-0ubuntu82.9) ...
2025-08-09T01:38:07.0470770Z Removing python3-service-identity (18.1.0-6) ...
2025-08-09T01:38:07.1334063Z Removing python3-pyasn1-modules (0.2.1-1) ...
2025-08-09T01:38:07.2226801Z Removing python3-pyasn1 (0.4.8-1) ...
2025-08-09T01:38:07.3141958Z Removing python3-systemd (234-3ubuntu2) ...
2025-08-09T01:38:07.4107868Z Removing python3-zope.interface (5.4.0-1build1) ...
2025-08-09T01:38:07.5107984Z Removing zerofree (1.1.1-1build3) ...
2025-08-09T01:38:07.5597422Z Processing triggers for libc-bin (2.35-0ubuntu3.10) ...
2025-08-09T01:38:07.5759038Z Processing triggers for man-db (2.10.2-1) ...
2025-08-09T01:38:07.9020499Z Processing triggers for initramfs-tools (0.140ubuntu13.5) ...
2025-08-09T01:38:07.9552329Z update-initramfs: Generating /boot/initrd.img-6.8.0-1031-azure
2025-08-09T01:38:19.6862156Z [0;32m[SUCCESS][0m Build environment initialized
2025-08-09T01:38:19.6862761Z 
2025-08-09T01:38:19.6863135Z [0;35m[PHASE][0m Building Custom Kernel 6.6.58 with AI Optimizations
2025-08-09T01:38:19.6863574Z 
2025-08-09T01:38:19.6863827Z [0;34m[INFO][0m Downloading Linux kernel 6.6.58...
2025-08-09T01:38:19.6864401Z [0;34m[INFO][0m CI environment detected - using optimized download strategy
2025-08-09T01:38:19.6864889Z [0;34m[INFO][0m Downloading kernel tarball (faster than git clone)...
2025-08-09T01:38:19.6900442Z --2025-08-09 01:38:19--  https://www.kernel.org/pub/linux/kernel/v6.x/linux-6.6.58.tar.xz
2025-08-09T01:38:19.8600470Z Resolving www.kernel.org (www.kernel.org)... 146.75.77.55, 2a04:4e42:83::311
2025-08-09T01:38:19.8614016Z Connecting to www.kernel.org (www.kernel.org)|146.75.77.55|:443... connected.
2025-08-09T01:38:20.6784949Z HTTP request sent, awaiting response... 200 OK
2025-08-09T01:38:20.6785799Z Length: 140387240 (134M) [application/x-xz]
2025-08-09T01:38:20.6786597Z Saving to: ‘linux-6.6.58.tar.xz’
2025-08-09T01:38:20.6810765Z 
2025-08-09T01:38:20.6974863Z      0K ........ ........ ........ ........ ........ ........  2%  162M 1s
2025-08-09T01:38:20.7057320Z   3072K ........ ........ ........ ........ ........ ........  4%  356M 1s
2025-08-09T01:38:20.7194225Z   6144K ........ ........ ........ ........ ........ ........  6%  218M 1s
2025-08-09T01:38:20.7333277Z   9216K ........ ........ ........ ........ ........ ........  8%  218M 1s
2025-08-09T01:38:20.7417591Z  12288K ........ ........ ........ ........ ........ ........ 11%  357M 0s
2025-08-09T01:38:20.7502061Z  15360K ........ ........ ........ ........ ........ ........ 13%  347M 0s
2025-08-09T01:38:20.7588554Z  18432K ........ ........ ........ ........ ........ ........ 15%  347M 0s
2025-08-09T01:38:20.7675900Z  21504K ........ ........ ........ ........ ........ ........ 17%  344M 0s
2025-08-09T01:38:20.7758135Z  24576K ........ ........ ........ ........ ........ ........ 20%  365M 0s
2025-08-09T01:38:20.7852664Z  27648K ........ ........ ........ ........ ........ ........ 22%  318M 0s
2025-08-09T01:38:20.7944335Z  30720K ........ ........ ........ ........ ........ ........ 24%  326M 0s
2025-08-09T01:38:20.8037415Z  33792K ........ ........ ........ ........ ........ ........ 26%  331M 0s
2025-08-09T01:38:20.8145252Z  36864K ........ ........ ........ ........ ........ ........ 29%  276M 0s
2025-08-09T01:38:20.8232837Z  39936K ........ ........ ........ ........ ........ ........ 31%  337M 0s
2025-08-09T01:38:20.8318371Z  43008K ........ ........ ........ ........ ........ ........ 33%  351M 0s
2025-08-09T01:38:20.8408596Z  46080K ........ ........ ........ ........ ........ ........ 35%  340M 0s
2025-08-09T01:38:20.8497839Z  49152K ........ ........ ........ ........ ........ ........ 38%  329M 0s
2025-08-09T01:38:20.8587383Z  52224K ........ ........ ........ ........ ........ ........ 40%  342M 0s
2025-08-09T01:38:20.8676255Z  55296K ........ ........ ........ ........ ........ ........ 42%  330M 0s
2025-08-09T01:38:20.8774432Z  58368K ........ ........ ........ ........ ........ ........ 44%  311M 0s
2025-08-09T01:38:20.9732525Z  61440K ........ ........ ........ ........ ........ ........ 47% 33.9M 0s
2025-08-09T01:38:21.0073747Z  64512K ........ ........ ........ ........ ........ ........ 49% 72.5M 0s
2025-08-09T01:38:21.0333856Z  67584K ........ ........ ........ ........ ........ ........ 51%  115M 0s
2025-08-09T01:38:21.0422880Z  70656K ........ ........ ........ ........ ........ ........ 53%  344M 0s
2025-08-09T01:38:21.0501359Z  73728K ........ ........ ........ ........ ........ ........ 56%  373M 0s
2025-08-09T01:38:21.0586048Z  76800K ........ ........ ........ ........ ........ ........ 58%  354M 0s
2025-08-09T01:38:21.0702153Z  79872K ........ ........ ........ ........ ........ ........ 60%  264M 0s
2025-08-09T01:38:21.0895734Z  82944K ........ ........ ........ ........ ........ ........ 62%  156M 0s
2025-08-09T01:38:21.1035870Z  86016K ........ ........ ........ ........ ........ ........ 64%  209M 0s
2025-08-09T01:38:21.1168639Z  89088K ........ ........ ........ ........ ........ ........ 67%  229M 0s
2025-08-09T01:38:21.1265090Z  92160K ........ ........ ........ ........ ........ ........ 69%  306M 0s
2025-08-09T01:38:21.1364390Z  95232K ........ ........ ........ ........ ........ ........ 71%  301M 0s
2025-08-09T01:38:21.1452979Z  98304K ........ ........ ........ ........ ........ ........ 73%  343M 0s
2025-08-09T01:38:21.1640553Z 101376K ........ ........ ........ ........ ........ ........ 76%  159M 0s
2025-08-09T01:38:21.1704397Z 104448K ........ ........ ........ ........ ........ ........ 78%  473M 0s
2025-08-09T01:38:21.1766786Z 107520K ........ ........ ........ ........ ........ ........ 80%  479M 0s
2025-08-09T01:38:21.1837472Z 110592K ........ ........ ........ ........ ........ ........ 82%  424M 0s
2025-08-09T01:38:21.1932184Z 113664K ........ ........ ........ ........ ........ ........ 85%  327M 0s
2025-08-09T01:38:21.2024486Z 116736K ........ ........ ........ ........ ........ ........ 87%  315M 0s
2025-08-09T01:38:21.2119788Z 119808K ........ ........ ........ ........ ........ ........ 89%  326M 0s
2025-08-09T01:38:21.2199973Z 122880K ........ ........ ........ ........ ........ ........ 91%  365M 0s
2025-08-09T01:38:21.2286064Z 125952K ........ ........ ........ ........ ........ ........ 94%  343M 0s
2025-08-09T01:38:21.2388198Z 129024K ........ ........ ........ ........ ........ ........ 96%  307M 0s
2025-08-09T01:38:21.2478400Z 132096K ........ ........ ........ ........ ........ ........ 98%  325M 0s
2025-08-09T01:38:21.2530144Z 135168K ........ ........ ........ ......                    100%  342M=0.6s
2025-08-09T01:38:21.2530553Z 
2025-08-09T01:38:21.2531262Z 2025-08-09 01:38:21 (233 MB/s) - ‘linux-6.6.58.tar.xz’ saved [140387240/140387240]
2025-08-09T01:38:21.2531613Z 
2025-08-09T01:38:21.2546222Z [0;34m[INFO][0m ✓ Kernel tarball downloaded successfully from kernel.org
2025-08-09T01:38:21.2547019Z [0;34m[INFO][0m Extracting kernel source...
2025-08-09T01:38:30.5944202Z [0;32m[SUCCESS][0m Kernel source extracted successfully
2025-08-09T01:38:30.5946194Z [0;34m[INFO][0m Applying AI/NPU optimization patches...
2025-08-09T01:38:30.5993167Z [0;34m[INFO][0m Script directory: /home/runner/ainux-build/kernel/linux
2025-08-09T01:38:30.5994040Z [0;34m[INFO][0m Patch directory: /home/runner/ainux-build/kernel/linux/patches
2025-08-09T01:38:30.6015822Z [1;33m[WARNING][0m Local patches not found at: /home/runner/ainux-build/kernel/linux/patches
2025-08-09T01:38:30.6061513Z [0;34m[INFO][0m Directory listing: total 1092
2025-08-09T01:38:30.6062040Z drwxr-xr-x  26 runner docker   4096 Aug  9 01:38 .
2025-08-09T01:38:30.6062448Z drwxr-xr-x   4 runner docker   4096 Aug  9 01:38 ..
2025-08-09T01:38:30.6063001Z -rw-r--r--   1 runner docker  20561 Oct 22  2024 .clang-format
2025-08-09T01:38:30.6063580Z -rw-r--r--   1 runner docker     59 Oct 22  2024 .cocciconfig
2025-08-09T01:38:30.6064154Z -rw-r--r--   1 runner docker    151 Oct 22  2024 .get_maintainer.ignore
2025-08-09T01:38:30.6064747Z -rw-r--r--   1 runner docker    105 Oct 22  2024 .gitattributes
2025-08-09T01:38:30.6065270Z -rw-r--r--   1 runner docker   2080 Oct 22  2024 .gitignore
2025-08-09T01:38:30.6065938Z -rw-r--r--   1 runner docker  36608 Oct 22  2024 .mailmap
2025-08-09T01:38:30.6066486Z -rw-r--r--   1 runner docker    369 Oct 22  2024 .rustfmt.toml
2025-08-09T01:38:30.6066991Z -rw-r--r--   1 runner docker    496 Oct 22  2024 COPYING
2025-08-09T01:38:30.6067479Z -rw-r--r--   1 runner docker 102435 Oct 22  2024 CREDITS
2025-08-09T01:38:30.6068007Z drwxr-xr-x  76 runner docker   4096 Oct 22  2024 Documentation
2025-08-09T01:38:30.6068538Z -rw-r--r--   1 runner docker   2573 Oct 22  2024 Kbuild
2025-08-09T01:38:30.6068851Z -rw-r--r--   1 runner docker    555 Oct 22  2024 Kconfig
2025-08-09T01:38:30.6069166Z drwxr-xr-x   6 runner docker   4096 Oct 22  2024 LICENSES
2025-08-09T01:38:30.6069500Z -rw-r--r--   1 runner docker 726918 Oct 22  2024 MAINTAINERS
2025-08-09T01:38:30.6069822Z -rw-r--r--   1 runner docker  67637 Oct 22  2024 Makefile
2025-08-09T01:38:30.6070132Z -rw-r--r--   1 runner docker    727 Oct 22  2024 README
2025-08-09T01:38:30.6070451Z drwxr-xr-x  24 runner docker   4096 Oct 22  2024 arch
2025-08-09T01:38:30.6070777Z drwxr-xr-x   3 runner docker   4096 Oct 22  2024 block
2025-08-09T01:38:30.6071098Z drwxr-xr-x   2 runner docker   4096 Oct 22  2024 certs
2025-08-09T01:38:30.6071415Z drwxr-xr-x   4 runner docker   4096 Oct 22  2024 crypto
2025-08-09T01:38:30.6071757Z drwxr-xr-x 143 runner docker   4096 Oct 22  2024 drivers
2025-08-09T01:38:30.6072326Z drwxr-xr-x  81 runner docker   4096 Oct 22  2024 fs
2025-08-09T01:38:30.6072650Z drwxr-xr-x  31 runner docker   4096 Oct 22  2024 include
2025-08-09T01:38:30.6072976Z drwxr-xr-x   2 runner docker   4096 Oct 22  2024 init
2025-08-09T01:38:30.6073325Z drwxr-xr-x   2 runner docker   4096 Oct 22  2024 io_uring
2025-08-09T01:38:30.6073666Z drwxr-xr-x   2 runner docker   4096 Oct 22  2024 ipc
2025-08-09T01:38:30.6073995Z drwxr-xr-x  22 runner docker   4096 Oct 22  2024 kernel
2025-08-09T01:38:30.6074316Z drwxr-xr-x  21 runner docker  12288 Oct 22  2024 lib
2025-08-09T01:38:30.6074622Z drwxr-xr-x   6 runner docker   4096 Oct 22  2024 mm
2025-08-09T01:38:30.6074936Z drwxr-xr-x  73 runner docker   4096 Oct 22  2024 net
2025-08-09T01:38:30.6075252Z drwxr-xr-x   7 runner docker   4096 Oct 22  2024 rust
2025-08-09T01:38:30.6075771Z drwxr-xr-x  41 runner docker   4096 Oct 22  2024 samples
2025-08-09T01:38:30.6076259Z drwxr-xr-x  17 runner docker   4096 Oct 22  2024 scripts
2025-08-09T01:38:30.6076614Z drwxr-xr-x  14 runner docker   4096 Oct 22  2024 security
2025-08-09T01:38:30.6076946Z drwxr-xr-x  27 runner docker   4096 Oct 22  2024 sound
2025-08-09T01:38:30.6077261Z drwxr-xr-x  43 runner docker   4096 Oct 22  2024 tools
2025-08-09T01:38:30.6077576Z drwxr-xr-x   4 runner docker   4096 Oct 22  2024 usr
2025-08-09T01:38:30.6077883Z drwxr-xr-x   4 runner docker   4096 Oct 22  2024 virt
2025-08-09T01:38:30.6078277Z [1;33m[WARNING][0m Using fallback patches...
2025-08-09T01:38:30.6078664Z [1;33m[WARNING][0m Using fallback patch configuration...
2025-08-09T01:38:30.6554443Z patching file drivers/Kconfig
2025-08-09T01:38:30.6555097Z Hunk #1 succeeded at 243 with fuzz 2 (offset 3 lines).
2025-08-09T01:38:30.6556017Z patching file drivers/npu/Kconfig
2025-08-09T01:38:30.6556602Z patch: **** malformed patch at line 36:  
2025-08-09T01:38:30.6557021Z 
2025-08-09T01:38:30.6562128Z [1;33m[WARNING][0m Fallback NPU patch failed
2025-08-09T01:38:30.6576662Z patching file drivers/gpu/drm/amd/amdgpu/amdgpu_drv.c
2025-08-09T01:38:30.6577163Z Hunk #1 FAILED at 190.
2025-08-09T01:38:30.6579043Z 1 out of 1 hunk FAILED -- saving rejects to file drivers/gpu/drm/amd/amdgpu/amdgpu_drv.c.rej
2025-08-09T01:38:30.6586411Z [1;33m[WARNING][0m Fallback ROCm patch failed
2025-08-09T01:38:30.6602814Z patching file net/core/dev.c
2025-08-09T01:38:30.6608733Z Hunk #1 succeeded at 5354 with fuzz 2 (offset -166 lines).
2025-08-09T01:38:30.6615862Z [0;34m[INFO][0m Configuring kernel for AI workloads...
2025-08-09T01:38:30.7217900Z [0;34m[INFO][0m Applying AI hardware optimizations to kernel config...
2025-08-09T01:38:31.1246392Z   HOSTCC  scripts/basic/fixdep
2025-08-09T01:38:31.2776060Z   HOSTCC  scripts/kconfig/conf.o
2025-08-09T01:38:31.4411911Z   HOSTCC  scripts/kconfig/confdata.o
2025-08-09T01:38:31.6634652Z   HOSTCC  scripts/kconfig/expr.o
2025-08-09T01:38:31.8473118Z   LEX     scripts/kconfig/lexer.lex.c
2025-08-09T01:38:31.9191211Z   YACC    scripts/kconfig/parser.tab.[ch]
2025-08-09T01:38:32.1482232Z   HOSTCC  scripts/kconfig/lexer.lex.o
2025-08-09T01:38:32.3812937Z   HOSTCC  scripts/kconfig/menu.o
2025-08-09T01:38:32.5350267Z   HOSTCC  scripts/kconfig/parser.tab.o
2025-08-09T01:38:32.7248701Z   HOSTCC  scripts/kconfig/preprocess.o
2025-08-09T01:38:32.8235476Z   HOSTCC  scripts/kconfig/symbol.o
2025-08-09T01:38:33.0896117Z   HOSTCC  scripts/kconfig/util.o
2025-08-09T01:38:33.1357379Z   HOSTLD  scripts/kconfig/conf
2025-08-09T01:38:41.7542726Z ##[error]The operation was canceled.
2025-08-09T01:38:41.7625430Z Post job cleanup.
2025-08-09T01:38:41.8539595Z [command]/usr/bin/git version
2025-08-09T01:38:41.8577451Z git version 2.50.1
2025-08-09T01:38:41.8620829Z Temporarily overriding HOME='/home/runner/work/_temp/295883d2-daaf-453c-9f22-2601139c72c0' before making global git config changes
2025-08-09T01:38:41.8622085Z Adding repository directory to the temporary git global config as a safe directory
2025-08-09T01:38:41.8633583Z [command]/usr/bin/git config --global --add safe.directory /home/runner/work/ainux/ainux
2025-08-09T01:38:41.8666263Z [command]/usr/bin/git config --local --name-only --get-regexp core\.sshCommand
2025-08-09T01:38:41.8697754Z [command]/usr/bin/git submodule foreach --recursive sh -c "git config --local --name-only --get-regexp 'core\.sshCommand' && git config --local --unset-all 'core.sshCommand' || :"
2025-08-09T01:38:41.8926583Z [command]/usr/bin/git config --local --name-only --get-regexp http\.https\:\/\/github\.com\/\.extraheader
2025-08-09T01:38:41.8949192Z http.https://github.com/.extraheader
2025-08-09T01:38:41.8965281Z [command]/usr/bin/git config --local --unset-all http.https://github.com/.extraheader
2025-08-09T01:38:41.8998602Z [command]/usr/bin/git submodule foreach --recursive sh -c "git config --local --name-only --get-regexp 'http\.https\:\/\/github\.com\/\.extraheader' && git config --local --unset-all 'http.https://github.com/.extraheader' || :"
2025-08-09T01:38:41.9334921Z Cleaning up orphan processes
2025-08-09T01:38:41.9581058Z Terminate orphan process: pid (3853) (timeout)
2025-08-09T01:38:41.9597032Z Terminate orphan process: pid (3854) (ainux-builder.sh)
2025-08-09T01:38:41.9757873Z Terminate orphan process: pid (9455) (make)
2025-08-09T01:38:41.9926032Z Terminate orphan process: pid (9456) (make)
2025-08-09T01:38:42.0098643Z Terminate orphan process: pid (9548) (make)
2025-08-09T01:38:42.0271945Z Terminate orphan process: pid (9618) (conf)
2025-08-09T01:38:42.0445818Z Terminate orphan process: pid (9668) (sh)
2025-08-09T01:38:42.0478569Z Terminate orphan process: pid (9669) (rust_is_available.sh)
2025-08-09T01:38:42.0511560Z Terminate orphan process: pid (9690) (bindgen)
2025-08-09T01:38:42.0557003Z Terminate orphan process: pid (9727) (rustfmt)
