2025-08-09T10:52:20.5970932Z Current runner version: '2.327.1'
2025-08-09T10:52:20.5995214Z ##[group]Runner Image Provisioner
2025-08-09T10:52:20.5996157Z Hosted Compute Agent
2025-08-09T10:52:20.5996717Z Version: 20250711.363
2025-08-09T10:52:20.5997506Z Commit: 6785254374ce925a23743850c1cb91912ce5c14c
2025-08-09T10:52:20.5998148Z Build Date: 2025-07-11T20:04:25Z
2025-08-09T10:52:20.5998767Z ##[endgroup]
2025-08-09T10:52:20.5999286Z ##[group]Operating System
2025-08-09T10:52:20.5999849Z Ubuntu
2025-08-09T10:52:20.6000356Z 22.04.5
2025-08-09T10:52:20.6000814Z LTS
2025-08-09T10:52:20.6001246Z ##[endgroup]
2025-08-09T10:52:20.6001676Z ##[group]Runner Image
2025-08-09T10:52:20.6002270Z Image: ubuntu-22.04
2025-08-09T10:52:20.6002728Z Version: 20250804.2.0
2025-08-09T10:52:20.6003685Z Included Software: https://github.com/actions/runner-images/blob/ubuntu22/20250804.2/images/ubuntu/Ubuntu2204-Readme.md
2025-08-09T10:52:20.6005274Z Image Release: https://github.com/actions/runner-images/releases/tag/ubuntu22%2F20250804.2
2025-08-09T10:52:20.6006269Z ##[endgroup]
2025-08-09T10:52:20.6008918Z ##[group]GITHUB_TOKEN Permissions
2025-08-09T10:52:20.6011168Z Actions: write
2025-08-09T10:52:20.6011771Z Attestations: write
2025-08-09T10:52:20.6012292Z Checks: write
2025-08-09T10:52:20.6012735Z Contents: write
2025-08-09T10:52:20.6013587Z Deployments: write
2025-08-09T10:52:20.6014066Z Discussions: write
2025-08-09T10:52:20.6014567Z Issues: write
2025-08-09T10:52:20.6015040Z Metadata: read
2025-08-09T10:52:20.6015528Z Models: read
2025-08-09T10:52:20.6016015Z Packages: write
2025-08-09T10:52:20.6016495Z Pages: write
2025-08-09T10:52:20.6017252Z PullRequests: write
2025-08-09T10:52:20.6017813Z RepositoryProjects: write
2025-08-09T10:52:20.6018426Z SecurityEvents: write
2025-08-09T10:52:20.6019041Z Statuses: write
2025-08-09T10:52:20.6019546Z ##[endgroup]
2025-08-09T10:52:20.6021636Z Secret source: Actions
2025-08-09T10:52:20.6022315Z Prepare workflow directory
2025-08-09T10:52:20.6411765Z Prepare all required actions
2025-08-09T10:52:20.6468720Z Getting action download info
2025-08-09T10:52:21.0181026Z ##[group]Download immutable action package 'actions/checkout@v4'
2025-08-09T10:52:21.0182331Z Version: 4.2.2
2025-08-09T10:52:21.0183478Z Digest: sha256:ccb2698953eaebd21c7bf6268a94f9c26518a7e38e27e0b83c1fe1ad049819b1
2025-08-09T10:52:21.0184580Z Source commit SHA: 11bd71901bbe5b1630ceea73d27597364c9af683
2025-08-09T10:52:21.0185294Z ##[endgroup]
2025-08-09T10:52:21.5595092Z ##[group]Download immutable action package 'actions/upload-artifact@v4'
2025-08-09T10:52:21.5596058Z Version: 4.6.2
2025-08-09T10:52:21.5596888Z Digest: sha256:290722aa3281d5caf23d0acdc3dbeb3424786a1a01a9cc97e72f147225e37c38
2025-08-09T10:52:21.5598109Z Source commit SHA: ea165f8d65b6e75b540449e92b4886f43607fa02
2025-08-09T10:52:21.5598895Z ##[endgroup]
2025-08-09T10:52:21.7998058Z Complete job name: build-test (main, true)
2025-08-09T10:52:21.8694403Z ##[group]Run actions/checkout@v4
2025-08-09T10:52:21.8695434Z with:
2025-08-09T10:52:21.8695827Z   lfs: true
2025-08-09T10:52:21.8696246Z   repository: yaotagroep/ainux
2025-08-09T10:52:21.8697154Z   token: ***
2025-08-09T10:52:21.8697567Z   ssh-strict: true
2025-08-09T10:52:21.8697977Z   ssh-user: git
2025-08-09T10:52:21.8698391Z   persist-credentials: true
2025-08-09T10:52:21.8698872Z   clean: true
2025-08-09T10:52:21.8699299Z   sparse-checkout-cone-mode: true
2025-08-09T10:52:21.8699793Z   fetch-depth: 1
2025-08-09T10:52:21.8700282Z   fetch-tags: false
2025-08-09T10:52:21.8700760Z   show-progress: true
2025-08-09T10:52:21.8701187Z   submodules: false
2025-08-09T10:52:21.8701608Z   set-safe-directory: true
2025-08-09T10:52:21.8702365Z ##[endgroup]
2025-08-09T10:52:21.9774717Z Syncing repository: yaotagroep/ainux
2025-08-09T10:52:21.9776530Z ##[group]Getting Git version info
2025-08-09T10:52:21.9777419Z Working directory is '/home/runner/work/ainux/ainux'
2025-08-09T10:52:21.9778465Z [command]/usr/bin/git version
2025-08-09T10:52:22.0817339Z git version 2.50.1
2025-08-09T10:52:22.0870290Z [command]/usr/bin/git lfs version
2025-08-09T10:52:22.6577532Z git-lfs/3.7.0 (GitHub; linux amd64; go 1.24.4)
2025-08-09T10:52:22.6598484Z ##[endgroup]
2025-08-09T10:52:22.6617463Z Temporarily overriding HOME='/home/runner/work/_temp/b6c20db3-c858-4941-b1e3-f3a42d52348d' before making global git config changes
2025-08-09T10:52:22.6620382Z Adding repository directory to the temporary git global config as a safe directory
2025-08-09T10:52:22.6625113Z [command]/usr/bin/git config --global --add safe.directory /home/runner/work/ainux/ainux
2025-08-09T10:52:22.6665881Z Deleting the contents of '/home/runner/work/ainux/ainux'
2025-08-09T10:52:22.6670468Z ##[group]Initializing the repository
2025-08-09T10:52:22.6675748Z [command]/usr/bin/git init /home/runner/work/ainux/ainux
2025-08-09T10:52:22.6968237Z hint: Using 'master' as the name for the initial branch. This default branch name
2025-08-09T10:52:22.6970481Z hint: is subject to change. To configure the initial branch name to use in all
2025-08-09T10:52:22.6972532Z hint: of your new repositories, which will suppress this warning, call:
2025-08-09T10:52:22.6973990Z hint:
2025-08-09T10:52:22.6974811Z hint: 	git config --global init.defaultBranch <name>
2025-08-09T10:52:22.6976027Z hint:
2025-08-09T10:52:22.6977566Z hint: Names commonly chosen instead of 'master' are 'main', 'trunk' and
2025-08-09T10:52:22.6979727Z hint: 'development'. The just-created branch can be renamed via this command:
2025-08-09T10:52:22.6981426Z hint:
2025-08-09T10:52:22.6982239Z hint: 	git branch -m <name>
2025-08-09T10:52:22.6983212Z hint:
2025-08-09T10:52:22.6984641Z hint: Disable this message with "git config set advice.defaultBranchName false"
2025-08-09T10:52:22.7004241Z Initialized empty Git repository in /home/runner/work/ainux/ainux/.git/
2025-08-09T10:52:22.7018859Z [command]/usr/bin/git remote add origin https://github.com/yaotagroep/ainux
2025-08-09T10:52:22.7100266Z ##[endgroup]
2025-08-09T10:52:22.7102026Z ##[group]Disabling automatic garbage collection
2025-08-09T10:52:22.7103965Z [command]/usr/bin/git config --local gc.auto 0
2025-08-09T10:52:22.7132135Z ##[endgroup]
2025-08-09T10:52:22.7133719Z ##[group]Setting up auth
2025-08-09T10:52:22.7138428Z [command]/usr/bin/git config --local --name-only --get-regexp core\.sshCommand
2025-08-09T10:52:22.7168277Z [command]/usr/bin/git submodule foreach --recursive sh -c "git config --local --name-only --get-regexp 'core\.sshCommand' && git config --local --unset-all 'core.sshCommand' || :"
2025-08-09T10:52:22.7606861Z [command]/usr/bin/git config --local --name-only --get-regexp http\.https\:\/\/github\.com\/\.extraheader
2025-08-09T10:52:22.7637856Z [command]/usr/bin/git submodule foreach --recursive sh -c "git config --local --name-only --get-regexp 'http\.https\:\/\/github\.com\/\.extraheader' && git config --local --unset-all 'http.https://github.com/.extraheader' || :"
2025-08-09T10:52:22.7866754Z [command]/usr/bin/git config --local http.https://github.com/.extraheader AUTHORIZATION: basic ***
2025-08-09T10:52:22.7902722Z ##[endgroup]
2025-08-09T10:52:22.7906663Z [command]/usr/bin/git lfs install --local
2025-08-09T10:52:22.8331757Z Updated Git hooks.
2025-08-09T10:52:22.8332849Z Git LFS initialized.
2025-08-09T10:52:22.8394146Z ##[group]Fetching the repository
2025-08-09T10:52:22.8405970Z [command]/usr/bin/git -c protocol.version=2 fetch --no-tags --prune --no-recurse-submodules --depth=1 origin +788bf531574074c9db61edfe556101dcd521f224:refs/remotes/origin/main
2025-08-09T10:52:23.9460496Z From https://github.com/yaotagroep/ainux
2025-08-09T10:52:23.9461035Z  * [new ref]         788bf531574074c9db61edfe556101dcd521f224 -> origin/main
2025-08-09T10:52:23.9530227Z ##[endgroup]
2025-08-09T10:52:23.9530845Z ##[group]Determining the checkout info
2025-08-09T10:52:23.9533134Z ##[endgroup]
2025-08-09T10:52:23.9533813Z ##[group]Fetching LFS objects
2025-08-09T10:52:23.9538989Z [command]/usr/bin/git lfs fetch origin refs/remotes/origin/main
2025-08-09T10:52:23.9752275Z Fetching reference refs/remotes/origin/main
2025-08-09T10:52:24.0609047Z ##[endgroup]
2025-08-09T10:52:24.0613929Z [command]/usr/bin/git sparse-checkout disable
2025-08-09T10:52:24.0702277Z [command]/usr/bin/git config --local --unset-all extensions.worktreeConfig
2025-08-09T10:52:24.0727654Z ##[group]Checking out the ref
2025-08-09T10:52:24.0731834Z [command]/usr/bin/git checkout --progress --force -B main refs/remotes/origin/main
2025-08-09T10:52:24.1422073Z Switched to a new branch 'main'
2025-08-09T10:52:24.1423395Z branch 'main' set up to track 'origin/main'.
2025-08-09T10:52:24.1675870Z ##[endgroup]
2025-08-09T10:52:24.1711229Z [command]/usr/bin/git log -1 --format=%H
2025-08-09T10:52:24.1734784Z 788bf531574074c9db61edfe556101dcd521f224
2025-08-09T10:52:24.1906510Z ##[group]Run echo "⏳ Reclaiming space..."
2025-08-09T10:52:24.1907099Z [36;1mecho "⏳ Reclaiming space..."[0m
2025-08-09T10:52:24.1907506Z [36;1msudo rm -rf /usr/local/lib/android[0m
2025-08-09T10:52:24.1907808Z [36;1msudo rm -rf /usr/local/share/boost[0m
2025-08-09T10:52:24.1908065Z [36;1msudo rm -rf /usr/share/dotnet[0m
2025-08-09T10:52:24.1908323Z [36;1msudo rm -rf /opt/ghc[0m
2025-08-09T10:52:24.1908591Z [36;1msudo rm -rf /opt/hostedtoolcache[0m
2025-08-09T10:52:24.1908844Z [36;1msudo apt-get clean[0m
2025-08-09T10:52:24.1909090Z [36;1msudo rm -rf "$AGENT_TOOLSDIRECTORY"[0m
2025-08-09T10:52:24.1909339Z [36;1mdf -h[0m
2025-08-09T10:52:24.1909552Z [36;1m [0m
2025-08-09T10:52:24.1939777Z shell: /usr/bin/bash -e {0}
2025-08-09T10:52:24.1940053Z ##[endgroup]
2025-08-09T10:52:24.2002710Z ⏳ Reclaiming space...
2025-08-09T10:54:03.6701799Z Filesystem      Size  Used Avail Use% Mounted on
2025-08-09T10:54:03.6702437Z /dev/root        73G   36G   37G  50% /
2025-08-09T10:54:03.6702958Z tmpfs           7.9G  172K  7.9G   1% /dev/shm
2025-08-09T10:54:03.6703381Z tmpfs           3.2G  1.1M  3.2G   1% /run
2025-08-09T10:54:03.6703797Z tmpfs           5.0M     0  5.0M   0% /run/lock
2025-08-09T10:54:03.6704225Z /dev/sdb15      105M  6.1M   99M   6% /boot/efi
2025-08-09T10:54:03.6704643Z /dev/sda1        74G  4.1G   66G   6% /mnt
2025-08-09T10:54:03.6705082Z tmpfs           1.6G   12K  1.6G   1% /run/user/1001
2025-08-09T10:54:03.6735522Z ##[group]Run sudo apt-get update
2025-08-09T10:54:03.6735905Z [36;1msudo apt-get update[0m
2025-08-09T10:54:03.6736117Z [36;1msudo apt-get install -y \[0m
2025-08-09T10:54:03.6736446Z [36;1m  git build-essential libncurses-dev bison flex libssl-dev \[0m
2025-08-09T10:54:03.6736844Z [36;1m  libelf-dev bc gcc make debootstrap live-build squashfs-tools \[0m
2025-08-09T10:54:03.6737513Z [36;1m  dosfstools xorriso isolinux syslinux-utils genisoimage \[0m
2025-08-09T10:54:03.6737891Z [36;1m  qemu-system-x86 python3-pip nmap curl wget rsync pv \[0m
2025-08-09T10:54:03.6738207Z [36;1m  grub-pc-bin grub-efi-amd64-bin mtools[0m
2025-08-09T10:54:03.6738449Z [36;1m  [0m
2025-08-09T10:54:03.6764650Z shell: /usr/bin/bash -e {0}
2025-08-09T10:54:03.6764867Z ##[endgroup]
2025-08-09T10:54:03.8350499Z Get:1 file:/etc/apt/apt-mirrors.txt Mirrorlist [144 B]
2025-08-09T10:54:03.8809971Z Hit:2 http://azure.archive.ubuntu.com/ubuntu jammy InRelease
2025-08-09T10:54:03.8810928Z Get:6 https://packages.microsoft.com/repos/azure-cli jammy InRelease [3596 B]
2025-08-09T10:54:03.8869826Z Get:7 https://packages.microsoft.com/ubuntu/22.04/prod jammy InRelease [3632 B]
2025-08-09T10:54:03.8922964Z Get:3 http://azure.archive.ubuntu.com/ubuntu jammy-updates InRelease [128 kB]
2025-08-09T10:54:03.8936543Z Get:4 http://azure.archive.ubuntu.com/ubuntu jammy-backports InRelease [127 kB]
2025-08-09T10:54:03.8958969Z Get:5 http://azure.archive.ubuntu.com/ubuntu jammy-security InRelease [129 kB]
2025-08-09T10:54:04.0801772Z Get:8 https://packages.microsoft.com/repos/azure-cli jammy/main amd64 Packages [2575 B]
2025-08-09T10:54:04.1247048Z Get:9 https://packages.microsoft.com/ubuntu/22.04/prod jammy/main amd64 Packages [239 kB]
2025-08-09T10:54:04.1417375Z Get:10 https://packages.microsoft.com/ubuntu/22.04/prod jammy/main arm64 Packages [75.0 kB]
2025-08-09T10:54:04.3536051Z Get:11 http://azure.archive.ubuntu.com/ubuntu jammy-security/main Translation-en [379 kB]
2025-08-09T10:54:15.4342201Z Fetched 1087 kB in 1s (1753 kB/s)
2025-08-09T10:54:16.2716808Z Reading package lists...
2025-08-09T10:54:16.3303981Z Reading package lists...
2025-08-09T10:54:16.5044844Z Building dependency tree...
2025-08-09T10:54:16.5055727Z Reading state information...
2025-08-09T10:54:16.6545680Z bc is already the newest version (1.07.1-3build1).
2025-08-09T10:54:16.6548232Z bc set to manually installed.
2025-08-09T10:54:16.6548722Z bison is already the newest version (2:3.8.2+dfsg-1build1).
2025-08-09T10:54:16.6549409Z build-essential is already the newest version (12.9ubuntu3).
2025-08-09T10:54:16.6550157Z build-essential set to manually installed.
2025-08-09T10:54:16.6550736Z dosfstools is already the newest version (4.2-1build3).
2025-08-09T10:54:16.6551242Z dosfstools set to manually installed.
2025-08-09T10:54:16.6551685Z flex is already the newest version (2.6.4-8build2).
2025-08-09T10:54:16.6552206Z gcc is already the newest version (4:11.2.0-1ubuntu1).
2025-08-09T10:54:16.6552734Z make is already the newest version (4.3-4.1build1).
2025-08-09T10:54:16.6553299Z squashfs-tools is already the newest version (1:4.5-3build1).
2025-08-09T10:54:16.6553837Z squashfs-tools set to manually installed.
2025-08-09T10:54:16.6554289Z xorriso is already the newest version (1.5.4-2).
2025-08-09T10:54:16.6554826Z curl is already the newest version (7.81.0-1ubuntu1.20).
2025-08-09T10:54:16.6555432Z grub-efi-amd64-bin is already the newest version (2.06-2ubuntu14.8).
2025-08-09T10:54:16.6556071Z grub-efi-amd64-bin set to manually installed.
2025-08-09T10:54:16.6556604Z grub-pc-bin is already the newest version (2.06-2ubuntu7.2).
2025-08-09T10:54:16.6557389Z grub-pc-bin set to manually installed.
2025-08-09T10:54:16.6558185Z libncurses-dev is already the newest version (6.3-2ubuntu0.1).
2025-08-09T10:54:16.6558834Z libncurses-dev set to manually installed.
2025-08-09T10:54:16.6559341Z libssl-dev is already the newest version (3.0.2-0ubuntu1.19).
2025-08-09T10:54:16.6559921Z rsync is already the newest version (3.2.7-0ubuntu0.22.04.4).
2025-08-09T10:54:16.6560959Z wget is already the newest version (1.21.2-2ubuntu1.1).
2025-08-09T10:54:16.6561562Z python3-pip is already the newest version (22.0.2+dfsg-1ubuntu0.6).
2025-08-09T10:54:16.6562194Z git is already the newest version (1:2.50.1-0ppa1~ubuntu22.04.1).
2025-08-09T10:54:16.6562781Z The following additional packages will be installed:
2025-08-09T10:54:16.6563385Z   cpu-checker gstreamer1.0-plugins-base gstreamer1.0-plugins-good
2025-08-09T10:54:16.6564136Z   gstreamer1.0-x ibverbs-providers ipxe-qemu ipxe-qemu-256k-compat-efi-roms
2025-08-09T10:54:16.6564858Z   libaa1 libasyncns0 libavc1394-0 libboost-iostreams1.74.0
2025-08-09T10:54:16.6565523Z   libboost-thread1.74.0 libbrlapi0.8 libcaca0 libcacard0 libcdparanoia0
2025-08-09T10:54:16.6566299Z   libdaxctl1 libdecor-0-0 libdecor-0-plugin-1-cairo libdv4 libfdt1 libflac8
2025-08-09T10:54:16.6567355Z   libgfapi0 libgfrpc0 libgfxdr0 libglusterfs0 libgstreamer-plugins-base1.0-0
2025-08-09T10:54:16.6568184Z   libgstreamer-plugins-good1.0-0 libibverbs1 libiec61883-0 libiscsi7
2025-08-09T10:54:16.6568920Z   libjack-jackd2-0 liblinear4 libmp3lame0 libmpg123-0 libndctl6
2025-08-09T10:54:16.6569632Z   libnl-route-3-200 libopus0 liborc-0.4-0 libpcsclite1 libpmem1 libpmemobj1
2025-08-09T10:54:16.6570385Z   libpulse0 librados2 libraw1394-11 librbd1 librdmacm1 libsamplerate0
2025-08-09T10:54:16.6571124Z   libsdl2-2.0-0 libshout3 libsndfile1 libspeex1 libspice-server1 libtag1v5
2025-08-09T10:54:16.6571885Z   libtag1v5-vanilla libtheora0 libtwolame0 liburing2 libusbredirparser1
2025-08-09T10:54:16.6572651Z   libv4l-0 libv4lconvert0 libvirglrenderer1 libvisual-0.4-0 libvorbisenc2
2025-08-09T10:54:16.6573393Z   libvpx7 libvte-2.91-0 libvte-2.91-common libwavpack1 libxv1 lua-lpeg
2025-08-09T10:54:16.6574073Z   msr-tools nmap-common ovmf qemu-block-extra qemu-system-common
2025-08-09T10:54:16.6574761Z   qemu-system-data qemu-system-gui qemu-utils seabios syslinux-common
2025-08-09T10:54:16.6575309Z Suggested packages:
2025-08-09T10:54:16.6576133Z   squid-deb-proxy-client debian-archive-keyring arch-test wodim cdrkit-doc
2025-08-09T10:54:16.6576885Z   gvfs libdv-bin oss-compat libvisual-0.4-plugins jackd2 liblinear-tools
2025-08-09T10:54:16.6577742Z   liblinear-dev opus-tools pcscd pulseaudio libraw1394-doc speex
2025-08-09T10:54:16.6578473Z   gstreamer1.0-libav gstreamer1.0-plugins-ugly memtest86+ | memtest86 syslinux
2025-08-09T10:54:16.6579299Z   | grub win32-loader gnu-fdisk floppyd ncat ndiff zenmap doc-base samba vde2
2025-08-09T10:54:16.6579884Z   libcrypt-passwdmd5-perl
2025-08-09T10:54:16.6873455Z The following NEW packages will be installed:
2025-08-09T10:54:16.6874126Z   cpu-checker debootstrap genisoimage gstreamer1.0-plugins-base
2025-08-09T10:54:16.6874866Z   gstreamer1.0-plugins-good gstreamer1.0-x ibverbs-providers ipxe-qemu
2025-08-09T10:54:16.6875663Z   ipxe-qemu-256k-compat-efi-roms isolinux libaa1 libasyncns0 libavc1394-0
2025-08-09T10:54:16.6876458Z   libboost-iostreams1.74.0 libboost-thread1.74.0 libbrlapi0.8 libcaca0
2025-08-09T10:54:16.6877593Z   libcacard0 libcdparanoia0 libdaxctl1 libdecor-0-0 libdecor-0-plugin-1-cairo
2025-08-09T10:54:16.6878482Z   libdv4 libelf-dev libfdt1 libflac8 libgfapi0 libgfrpc0 libgfxdr0
2025-08-09T10:54:16.6879265Z   libglusterfs0 libgstreamer-plugins-base1.0-0 libgstreamer-plugins-good1.0-0
2025-08-09T10:54:16.6880120Z   libibverbs1 libiec61883-0 libiscsi7 libjack-jackd2-0 liblinear4 libmp3lame0
2025-08-09T10:54:16.6880936Z   libmpg123-0 libndctl6 libnl-route-3-200 libopus0 liborc-0.4-0 libpcsclite1
2025-08-09T10:54:16.6881767Z   libpmem1 libpmemobj1 libpulse0 librados2 libraw1394-11 librbd1 librdmacm1
2025-08-09T10:54:16.6882554Z   libsamplerate0 libsdl2-2.0-0 libshout3 libsndfile1 libspeex1
2025-08-09T10:54:16.6883346Z   libspice-server1 libtag1v5 libtag1v5-vanilla libtheora0 libtwolame0
2025-08-09T10:54:16.6884247Z   liburing2 libusbredirparser1 libv4l-0 libv4lconvert0 libvirglrenderer1
2025-08-09T10:54:16.6885026Z   libvisual-0.4-0 libvorbisenc2 libvpx7 libvte-2.91-0 libvte-2.91-common
2025-08-09T10:54:16.6886173Z   libwavpack1 libxv1 live-build lua-lpeg msr-tools mtools nmap nmap-common
2025-08-09T10:54:16.6887224Z   ovmf pv qemu-block-extra qemu-system-common qemu-system-data qemu-system-gui
2025-08-09T10:54:16.6888013Z   qemu-system-x86 qemu-utils seabios syslinux-common syslinux-utils
2025-08-09T10:54:16.7056218Z 0 upgraded, 90 newly installed, 0 to remove and 16 not upgraded.
2025-08-09T10:54:16.7056786Z Need to get 53.2 MB of archives.
2025-08-09T10:54:16.7057249Z After this operation, 193 MB of additional disk space will be used.
2025-08-09T10:54:16.7057627Z Get:1 file:/etc/apt/apt-mirrors.txt Mirrorlist [144 B]
2025-08-09T10:54:16.7942264Z Get:2 http://azure.archive.ubuntu.com/ubuntu jammy/main amd64 msr-tools amd64 1.3-4 [10.3 kB]
2025-08-09T10:54:16.8627383Z Get:3 http://azure.archive.ubuntu.com/ubuntu jammy/main amd64 cpu-checker amd64 0.7-1.3build1 [6800 B]
2025-08-09T10:54:16.9300025Z Get:4 http://azure.archive.ubuntu.com/ubuntu jammy/main amd64 genisoimage amd64 9:1.1.11-3.2ubuntu1 [370 kB]
2025-08-09T10:54:17.0019741Z Get:5 http://azure.archive.ubuntu.com/ubuntu jammy/main amd64 libcdparanoia0 amd64 3.10.2+debian-14build2 [49.3 kB]
2025-08-09T10:54:17.0696822Z Get:6 http://azure.archive.ubuntu.com/ubuntu jammy-updates/main amd64 liborc-0.4-0 amd64 1:0.4.32-2ubuntu0.1 [228 kB]
2025-08-09T10:54:17.1382740Z Get:7 http://azure.archive.ubuntu.com/ubuntu jammy-updates/main amd64 libgstreamer-plugins-base1.0-0 amd64 1.20.1-1ubuntu0.4 [848 kB]
2025-08-09T10:54:17.2731666Z Get:8 http://azure.archive.ubuntu.com/ubuntu jammy/main amd64 libopus0 amd64 1.3.1-0.1build2 [203 kB]
2025-08-09T10:54:17.3412166Z Get:9 http://azure.archive.ubuntu.com/ubuntu jammy/main amd64 libtheora0 amd64 1.1.1+dfsg.1-15ubuntu4 [209 kB]
2025-08-09T10:54:17.4105900Z Get:10 http://azure.archive.ubuntu.com/ubuntu jammy/main amd64 libvisual-0.4-0 amd64 0.4.0-17build2 [108 kB]
2025-08-09T10:54:17.4788113Z Get:11 http://azure.archive.ubuntu.com/ubuntu jammy/main amd64 libvorbisenc2 amd64 1.3.7-1build2 [82.6 kB]
2025-08-09T10:54:17.5878644Z Get:12 http://azure.archive.ubuntu.com/ubuntu jammy-updates/main amd64 gstreamer1.0-plugins-base amd64 1.20.1-1ubuntu0.4 [712 kB]
2025-08-09T10:54:17.7229709Z Get:13 http://azure.archive.ubuntu.com/ubuntu jammy/main amd64 libaa1 amd64 1.4p5-50build1 [51.9 kB]
2025-08-09T10:54:17.7911918Z Get:14 http://azure.archive.ubuntu.com/ubuntu jammy/main amd64 libraw1394-11 amd64 2.1.2-2build2 [27.0 kB]
2025-08-09T10:54:17.8553263Z Get:15 http://azure.archive.ubuntu.com/ubuntu jammy/main amd64 libavc1394-0 amd64 0.5.4-5build2 [17.0 kB]
2025-08-09T10:54:17.9190728Z Get:16 http://azure.archive.ubuntu.com/ubuntu jammy/main amd64 libcaca0 amd64 0.99.beta19-2.2ubuntu4 [224 kB]
2025-08-09T10:54:18.0441199Z Get:17 http://azure.archive.ubuntu.com/ubuntu jammy/main amd64 libdv4 amd64 1.0.0-14build1 [61.9 kB]
2025-08-09T10:54:18.1089196Z Get:18 http://azure.archive.ubuntu.com/ubuntu jammy-updates/main amd64 libflac8 amd64 1.3.3-2ubuntu0.2 [111 kB]
2025-08-09T10:54:18.1755122Z Get:19 http://azure.archive.ubuntu.com/ubuntu jammy-updates/main amd64 libgstreamer-plugins-good1.0-0 amd64 1.20.3-0ubuntu1.3 [30.1 kB]
2025-08-09T10:54:18.2398163Z Get:20 http://azure.archive.ubuntu.com/ubuntu jammy/main amd64 libiec61883-0 amd64 1.2.0-4build3 [25.9 kB]
2025-08-09T10:54:18.3089668Z Get:21 http://azure.archive.ubuntu.com/ubuntu jammy/main amd64 libsamplerate0 amd64 0.2.2-1build1 [1359 kB]
2025-08-09T10:54:18.5147638Z Get:22 http://azure.archive.ubuntu.com/ubuntu jammy/main amd64 libjack-jackd2-0 amd64 1.9.20~dfsg-1 [293 kB]
2025-08-09T10:54:18.5887818Z Get:23 http://azure.archive.ubuntu.com/ubuntu jammy/main amd64 libmp3lame0 amd64 3.100-3build2 [141 kB]
2025-08-09T10:54:18.6604739Z Get:24 http://azure.archive.ubuntu.com/ubuntu jammy-updates/main amd64 libmpg123-0 amd64 1.29.3-1ubuntu0.1 [172 kB]
2025-08-09T10:54:18.7321720Z Get:25 http://azure.archive.ubuntu.com/ubuntu jammy/main amd64 libasyncns0 amd64 0.8-6build2 [12.8 kB]
2025-08-09T10:54:18.7997629Z Get:26 http://azure.archive.ubuntu.com/ubuntu jammy-updates/main amd64 libsndfile1 amd64 1.0.31-2ubuntu0.2 [196 kB]
2025-08-09T10:54:18.8696788Z Get:27 http://azure.archive.ubuntu.com/ubuntu jammy-updates/main amd64 libpulse0 amd64 1:15.99.1+dfsg1-1ubuntu2.2 [298 kB]
2025-08-09T10:54:18.9383784Z Get:28 http://azure.archive.ubuntu.com/ubuntu jammy/main amd64 libspeex1 amd64 1.2~rc1.2-1.1ubuntu3 [57.9 kB]
2025-08-09T10:54:19.0059067Z Get:29 http://azure.archive.ubuntu.com/ubuntu jammy/main amd64 libshout3 amd64 2.4.5-1build3 [54.5 kB]
2025-08-09T10:54:19.0735136Z Get:30 http://azure.archive.ubuntu.com/ubuntu jammy/main amd64 libtag1v5-vanilla amd64 1.11.1+dfsg.1-3ubuntu3 [304 kB]
2025-08-09T10:54:19.1431494Z Get:31 http://azure.archive.ubuntu.com/ubuntu jammy/main amd64 libtag1v5 amd64 1.11.1+dfsg.1-3ubuntu3 [11.5 kB]
2025-08-09T10:54:19.2103714Z Get:32 http://azure.archive.ubuntu.com/ubuntu jammy/main amd64 libtwolame0 amd64 0.4.0-2build2 [52.5 kB]
2025-08-09T10:54:19.2778285Z Get:33 http://azure.archive.ubuntu.com/ubuntu jammy/main amd64 libv4lconvert0 amd64 1.22.1-2build1 [82.4 kB]
2025-08-09T10:54:19.3458628Z Get:34 http://azure.archive.ubuntu.com/ubuntu jammy/main amd64 libv4l-0 amd64 1.22.1-2build1 [44.9 kB]
2025-08-09T10:54:19.4170727Z Get:35 http://azure.archive.ubuntu.com/ubuntu jammy-updates/main amd64 libvpx7 amd64 1.11.0-2ubuntu2.4 [1078 kB]
2025-08-09T10:54:19.5568724Z Get:36 http://azure.archive.ubuntu.com/ubuntu jammy/main amd64 libwavpack1 amd64 5.4.0-1build2 [83.7 kB]
2025-08-09T10:54:19.6245164Z Get:37 http://azure.archive.ubuntu.com/ubuntu jammy-updates/main amd64 gstreamer1.0-plugins-good amd64 1.20.3-0ubuntu1.3 [2010 kB]
2025-08-09T10:54:19.8339254Z Get:38 http://azure.archive.ubuntu.com/ubuntu jammy/main amd64 libxv1 amd64 2:1.0.11-1build2 [11.2 kB]
2025-08-09T10:54:19.9036609Z Get:39 http://azure.archive.ubuntu.com/ubuntu jammy-updates/main amd64 gstreamer1.0-x amd64 1.20.1-1ubuntu0.4 [85.1 kB]
2025-08-09T10:54:19.9722817Z Get:40 http://azure.archive.ubuntu.com/ubuntu jammy/main amd64 libnl-route-3-200 amd64 3.5.0-0.1 [180 kB]
2025-08-09T10:54:20.0417610Z Get:41 http://azure.archive.ubuntu.com/ubuntu jammy/main amd64 libibverbs1 amd64 39.0-1 [69.3 kB]
2025-08-09T10:54:20.1102750Z Get:42 http://azure.archive.ubuntu.com/ubuntu jammy/main amd64 ibverbs-providers amd64 39.0-1 [341 kB]
2025-08-09T10:54:20.1799395Z Get:43 http://azure.archive.ubuntu.com/ubuntu jammy/main amd64 ipxe-qemu all 1.21.1+git-20220113.fbbdc3926-0ubuntu1 [1569 kB]
2025-08-09T10:54:20.3841962Z Get:44 http://azure.archive.ubuntu.com/ubuntu jammy/main amd64 ipxe-qemu-256k-compat-efi-roms all 1.0.0+git-20150424.a25a16d-0ubuntu4 [552 kB]
2025-08-09T10:54:20.5170256Z Get:45 http://azure.archive.ubuntu.com/ubuntu jammy/universe amd64 isolinux all 3:6.04~git20190206.bf6db5b4+dfsg1-3ubuntu1 [60.1 kB]
2025-08-09T10:54:20.5856718Z Get:46 http://azure.archive.ubuntu.com/ubuntu jammy/main amd64 libboost-iostreams1.74.0 amd64 1.74.0-14ubuntu3 [245 kB]
2025-08-09T10:54:20.6544714Z Get:47 http://azure.archive.ubuntu.com/ubuntu jammy/main amd64 libboost-thread1.74.0 amd64 1.74.0-14ubuntu3 [262 kB]
2025-08-09T10:54:20.7236148Z Get:48 http://azure.archive.ubuntu.com/ubuntu jammy-updates/main amd64 libbrlapi0.8 amd64 6.4-4ubuntu3 [28.7 kB]
2025-08-09T10:54:20.7915719Z Get:49 http://azure.archive.ubuntu.com/ubuntu jammy-updates/main amd64 libpcsclite1 amd64 1.9.5-3ubuntu1 [19.8 kB]
2025-08-09T10:54:20.8595984Z Get:50 http://azure.archive.ubuntu.com/ubuntu jammy/main amd64 libcacard0 amd64 1:2.8.0-3build2 [38.0 kB]
2025-08-09T10:54:20.9280933Z Get:51 http://azure.archive.ubuntu.com/ubuntu jammy/main amd64 libdaxctl1 amd64 72.1-1 [19.8 kB]
2025-08-09T10:54:20.9959880Z Get:52 http://azure.archive.ubuntu.com/ubuntu jammy/main amd64 libdecor-0-0 amd64 0.1.0-3build1 [15.1 kB]
2025-08-09T10:54:21.0638186Z Get:53 http://azure.archive.ubuntu.com/ubuntu jammy/main amd64 libdecor-0-plugin-1-cairo amd64 0.1.0-3build1 [20.4 kB]
2025-08-09T10:54:21.1322599Z Get:54 http://azure.archive.ubuntu.com/ubuntu jammy-updates/main amd64 libelf-dev amd64 0.186-1ubuntu0.1 [64.4 kB]
2025-08-09T10:54:21.2006381Z Get:55 http://azure.archive.ubuntu.com/ubuntu jammy-updates/main amd64 libgfxdr0 amd64 10.1-1ubuntu0.2 [22.3 kB]
2025-08-09T10:54:21.2760351Z Get:56 http://azure.archive.ubuntu.com/ubuntu jammy-updates/main amd64 libglusterfs0 amd64 10.1-1ubuntu0.2 [287 kB]
2025-08-09T10:54:21.3470282Z Get:57 http://azure.archive.ubuntu.com/ubuntu jammy-updates/main amd64 libgfrpc0 amd64 10.1-1ubuntu0.2 [47.1 kB]
2025-08-09T10:54:21.4166707Z Get:58 http://azure.archive.ubuntu.com/ubuntu jammy-updates/main amd64 libgfapi0 amd64 10.1-1ubuntu0.2 [77.3 kB]
2025-08-09T10:54:21.4855543Z Get:59 http://azure.archive.ubuntu.com/ubuntu jammy/main amd64 librdmacm1 amd64 39.0-1 [71.2 kB]
2025-08-09T10:54:21.5537418Z Get:60 http://azure.archive.ubuntu.com/ubuntu jammy/main amd64 libiscsi7 amd64 1.19.0-3build2 [70.6 kB]
2025-08-09T10:54:21.6217919Z Get:61 http://azure.archive.ubuntu.com/ubuntu jammy/universe amd64 liblinear4 amd64 2.3.0+dfsg-5 [41.4 kB]
2025-08-09T10:54:21.6899097Z Get:62 http://azure.archive.ubuntu.com/ubuntu jammy/main amd64 libndctl6 amd64 72.1-1 [57.7 kB]
2025-08-09T10:54:21.7582664Z Get:63 http://azure.archive.ubuntu.com/ubuntu jammy/main amd64 libpmem1 amd64 1.11.1-3build1 [81.4 kB]
2025-08-09T10:54:21.8266808Z Get:64 http://azure.archive.ubuntu.com/ubuntu jammy/main amd64 libpmemobj1 amd64 1.11.1-3build1 [124 kB]
2025-08-09T10:54:21.8962431Z Get:65 http://azure.archive.ubuntu.com/ubuntu jammy-updates/main amd64 librados2 amd64 17.2.7-0ubuntu0.22.04.2 [3594 kB]
2025-08-09T10:54:22.1672860Z Get:66 http://azure.archive.ubuntu.com/ubuntu jammy-updates/main amd64 librbd1 amd64 17.2.7-0ubuntu0.22.04.2 [3548 kB]
2025-08-09T10:54:22.4956577Z Get:67 http://azure.archive.ubuntu.com/ubuntu jammy-updates/main amd64 libsdl2-2.0-0 amd64 2.0.20+dfsg-2ubuntu1.22.04.1 [582 kB]
2025-08-09T10:54:22.6280904Z Get:68 http://azure.archive.ubuntu.com/ubuntu jammy/main amd64 libspice-server1 amd64 0.15.0-2ubuntu4 [351 kB]
2025-08-09T10:54:22.6971004Z Get:69 http://azure.archive.ubuntu.com/ubuntu jammy/main amd64 liburing2 amd64 2.1-2build1 [10.3 kB]
2025-08-09T10:54:22.7643367Z Get:70 http://azure.archive.ubuntu.com/ubuntu jammy/main amd64 libusbredirparser1 amd64 0.11.0-2build1 [15.9 kB]
2025-08-09T10:54:22.8322997Z Get:71 http://azure.archive.ubuntu.com/ubuntu jammy/main amd64 libvirglrenderer1 amd64 0.9.1-1~exp1ubuntu2 [188 kB]
2025-08-09T10:54:22.9024407Z Get:72 http://azure.archive.ubuntu.com/ubuntu jammy-updates/main amd64 libvte-2.91-common amd64 0.68.0-1ubuntu0.1 [9408 B]
2025-08-09T10:54:22.9709227Z Get:73 http://azure.archive.ubuntu.com/ubuntu jammy-updates/main amd64 libvte-2.91-0 amd64 0.68.0-1ubuntu0.1 [214 kB]
2025-08-09T10:54:23.0438644Z Get:74 http://azure.archive.ubuntu.com/ubuntu jammy-updates/main amd64 debootstrap all 1.0.126+nmu1ubuntu0.8 [40.6 kB]
2025-08-09T10:54:23.1161790Z Get:75 http://azure.archive.ubuntu.com/ubuntu jammy-updates/main amd64 live-build all 3.0~a57-1ubuntu41.22.04.1 [132 kB]
2025-08-09T10:54:23.1871129Z Get:76 http://azure.archive.ubuntu.com/ubuntu jammy/universe amd64 lua-lpeg amd64 1.0.2-1 [31.4 kB]
2025-08-09T10:54:23.2588302Z Get:77 http://azure.archive.ubuntu.com/ubuntu jammy/main amd64 mtools amd64 4.0.33-1+really4.0.32-1build1 [201 kB]
2025-08-09T10:54:23.3297795Z Get:78 http://azure.archive.ubuntu.com/ubuntu jammy-updates/universe amd64 nmap-common all 7.91+dfsg1+really7.80+dfsg1-2ubuntu0.1 [3940 kB]
2025-08-09T10:54:23.6705847Z Get:79 http://azure.archive.ubuntu.com/ubuntu jammy/main amd64 pv amd64 1.6.6-1build2 [44.5 kB]
2025-08-09T10:54:23.7408020Z Get:80 http://azure.archive.ubuntu.com/ubuntu jammy/main amd64 libfdt1 amd64 1.6.1-1 [20.0 kB]
2025-08-09T10:54:23.8108105Z Get:81 http://azure.archive.ubuntu.com/ubuntu jammy-updates/main amd64 qemu-system-common amd64 1:6.2+dfsg-2ubuntu6.26 [2047 kB]
2025-08-09T10:54:24.0226586Z Get:82 http://azure.archive.ubuntu.com/ubuntu jammy-updates/main amd64 qemu-system-data all 1:6.2+dfsg-2ubuntu6.26 [1430 kB]
2025-08-09T10:54:24.2285861Z Get:83 http://azure.archive.ubuntu.com/ubuntu jammy/main amd64 seabios all 1.15.0-1 [174 kB]
2025-08-09T10:54:24.2997176Z Get:84 http://azure.archive.ubuntu.com/ubuntu jammy-updates/main amd64 qemu-system-x86 amd64 1:6.2+dfsg-2ubuntu6.26 [10.1 MB]
2025-08-09T10:54:24.8585528Z Get:85 http://azure.archive.ubuntu.com/ubuntu jammy-updates/main amd64 qemu-utils amd64 1:6.2+dfsg-2ubuntu6.26 [1527 kB]
2025-08-09T10:54:25.0648133Z Get:86 http://azure.archive.ubuntu.com/ubuntu jammy-updates/main amd64 qemu-block-extra amd64 1:6.2+dfsg-2ubuntu6.26 [68.2 kB]
2025-08-09T10:54:25.1355222Z Get:87 http://azure.archive.ubuntu.com/ubuntu jammy-updates/main amd64 qemu-system-gui amd64 1:6.2+dfsg-2ubuntu6.26 [220 kB]
2025-08-09T10:54:25.2078971Z Get:88 http://azure.archive.ubuntu.com/ubuntu jammy/main amd64 syslinux-common all 3:6.04~git20190206.bf6db5b4+dfsg1-3ubuntu1 [1271 kB]
2025-08-09T10:54:25.4193569Z Get:89 http://azure.archive.ubuntu.com/ubuntu jammy/universe amd64 syslinux-utils amd64 3:6.04~git20190206.bf6db5b4+dfsg1-3ubuntu1 [50.9 kB]
2025-08-09T10:54:25.4895975Z Get:90 http://azure.archive.ubuntu.com/ubuntu jammy-updates/universe amd64 nmap amd64 7.91+dfsg1+really7.80+dfsg1-2ubuntu0.1 [1731 kB]
2025-08-09T10:54:25.7616852Z Get:91 http://azure.archive.ubuntu.com/ubuntu jammy-updates/main amd64 ovmf all 2022.02-3ubuntu0.22.04.3 [7561 kB]
2025-08-09T10:54:26.6499075Z Fetched 53.2 MB in 10s (5570 kB/s)
2025-08-09T10:54:26.7054073Z Selecting previously unselected package msr-tools.
2025-08-09T10:54:26.7815450Z (Reading database ... 
2025-08-09T10:54:26.7815823Z (Reading database ... 5%
2025-08-09T10:54:26.7816138Z (Reading database ... 10%
2025-08-09T10:54:26.7816336Z (Reading database ... 15%
2025-08-09T10:54:26.7816545Z (Reading database ... 20%
2025-08-09T10:54:26.7816730Z (Reading database ... 25%
2025-08-09T10:54:26.7817112Z (Reading database ... 30%
2025-08-09T10:54:26.7817322Z (Reading database ... 35%
2025-08-09T10:54:26.7817502Z (Reading database ... 40%
2025-08-09T10:54:26.7817684Z (Reading database ... 45%
2025-08-09T10:54:26.7817869Z (Reading database ... 50%
2025-08-09T10:54:27.2874760Z (Reading database ... 55%
2025-08-09T10:54:27.6327971Z (Reading database ... 60%
2025-08-09T10:54:28.0033427Z (Reading database ... 65%
2025-08-09T10:54:28.5312789Z (Reading database ... 70%
2025-08-09T10:54:29.0554531Z (Reading database ... 75%
2025-08-09T10:54:29.6874678Z (Reading database ... 80%
2025-08-09T10:54:30.3910742Z (Reading database ... 85%
2025-08-09T10:54:31.0206382Z (Reading database ... 90%
2025-08-09T10:54:31.6117268Z (Reading database ... 95%
2025-08-09T10:54:31.6117770Z (Reading database ... 100%
2025-08-09T10:54:31.6118361Z (Reading database ... 267991 files and directories currently installed.)
2025-08-09T10:54:31.6172263Z Preparing to unpack .../00-msr-tools_1.3-4_amd64.deb ...
2025-08-09T10:54:31.6206213Z Unpacking msr-tools (1.3-4) ...
2025-08-09T10:54:31.6821134Z Selecting previously unselected package cpu-checker.
2025-08-09T10:54:31.6981816Z Preparing to unpack .../01-cpu-checker_0.7-1.3build1_amd64.deb ...
2025-08-09T10:54:31.6999175Z Unpacking cpu-checker (0.7-1.3build1) ...
2025-08-09T10:54:31.7498762Z Selecting previously unselected package genisoimage.
2025-08-09T10:54:31.7659890Z Preparing to unpack .../02-genisoimage_9%3a1.1.11-3.2ubuntu1_amd64.deb ...
2025-08-09T10:54:31.7695995Z Unpacking genisoimage (9:1.1.11-3.2ubuntu1) ...
2025-08-09T10:54:31.8892886Z Selecting previously unselected package libcdparanoia0:amd64.
2025-08-09T10:54:31.9053933Z Preparing to unpack .../03-libcdparanoia0_3.10.2+debian-14build2_amd64.deb ...
2025-08-09T10:54:31.9092873Z Unpacking libcdparanoia0:amd64 (3.10.2+debian-14build2) ...
2025-08-09T10:54:31.9481747Z Selecting previously unselected package liborc-0.4-0:amd64.
2025-08-09T10:54:31.9643158Z Preparing to unpack .../04-liborc-0.4-0_1%3a0.4.32-2ubuntu0.1_amd64.deb ...
2025-08-09T10:54:31.9658650Z Unpacking liborc-0.4-0:amd64 (1:0.4.32-2ubuntu0.1) ...
2025-08-09T10:54:31.9996386Z Selecting previously unselected package libgstreamer-plugins-base1.0-0:amd64.
2025-08-09T10:54:32.0158196Z Preparing to unpack .../05-libgstreamer-plugins-base1.0-0_1.20.1-1ubuntu0.4_amd64.deb ...
2025-08-09T10:54:32.0184117Z Unpacking libgstreamer-plugins-base1.0-0:amd64 (1.20.1-1ubuntu0.4) ...
2025-08-09T10:54:32.0602416Z Selecting previously unselected package libopus0:amd64.
2025-08-09T10:54:32.0763280Z Preparing to unpack .../06-libopus0_1.3.1-0.1build2_amd64.deb ...
2025-08-09T10:54:32.0786823Z Unpacking libopus0:amd64 (1.3.1-0.1build2) ...
2025-08-09T10:54:32.1112326Z Selecting previously unselected package libtheora0:amd64.
2025-08-09T10:54:32.1273409Z Preparing to unpack .../07-libtheora0_1.1.1+dfsg.1-15ubuntu4_amd64.deb ...
2025-08-09T10:54:32.1302757Z Unpacking libtheora0:amd64 (1.1.1+dfsg.1-15ubuntu4) ...
2025-08-09T10:54:32.1616769Z Selecting previously unselected package libvisual-0.4-0:amd64.
2025-08-09T10:54:32.1777774Z Preparing to unpack .../08-libvisual-0.4-0_0.4.0-17build2_amd64.deb ...
2025-08-09T10:54:32.1797093Z Unpacking libvisual-0.4-0:amd64 (0.4.0-17build2) ...
2025-08-09T10:54:32.2085371Z Selecting previously unselected package libvorbisenc2:amd64.
2025-08-09T10:54:32.2247968Z Preparing to unpack .../09-libvorbisenc2_1.3.7-1build2_amd64.deb ...
2025-08-09T10:54:32.2267907Z Unpacking libvorbisenc2:amd64 (1.3.7-1build2) ...
2025-08-09T10:54:32.2582164Z Selecting previously unselected package gstreamer1.0-plugins-base:amd64.
2025-08-09T10:54:32.2742730Z Preparing to unpack .../10-gstreamer1.0-plugins-base_1.20.1-1ubuntu0.4_amd64.deb ...
2025-08-09T10:54:32.2764622Z Unpacking gstreamer1.0-plugins-base:amd64 (1.20.1-1ubuntu0.4) ...
2025-08-09T10:54:32.3153640Z Selecting previously unselected package libaa1:amd64.
2025-08-09T10:54:32.3314624Z Preparing to unpack .../11-libaa1_1.4p5-50build1_amd64.deb ...
2025-08-09T10:54:32.3346038Z Unpacking libaa1:amd64 (1.4p5-50build1) ...
2025-08-09T10:54:32.3645190Z Selecting previously unselected package libraw1394-11:amd64.
2025-08-09T10:54:32.3806375Z Preparing to unpack .../12-libraw1394-11_2.1.2-2build2_amd64.deb ...
2025-08-09T10:54:32.3822122Z Unpacking libraw1394-11:amd64 (2.1.2-2build2) ...
2025-08-09T10:54:32.4142747Z Selecting previously unselected package libavc1394-0:amd64.
2025-08-09T10:54:32.4303977Z Preparing to unpack .../13-libavc1394-0_0.5.4-5build2_amd64.deb ...
2025-08-09T10:54:32.4317543Z Unpacking libavc1394-0:amd64 (0.5.4-5build2) ...
2025-08-09T10:54:32.4634206Z Selecting previously unselected package libcaca0:amd64.
2025-08-09T10:54:32.4795637Z Preparing to unpack .../14-libcaca0_0.99.beta19-2.2ubuntu4_amd64.deb ...
2025-08-09T10:54:32.4826510Z Unpacking libcaca0:amd64 (0.99.beta19-2.2ubuntu4) ...
2025-08-09T10:54:32.5178226Z Selecting previously unselected package libdv4:amd64.
2025-08-09T10:54:32.5338549Z Preparing to unpack .../15-libdv4_1.0.0-14build1_amd64.deb ...
2025-08-09T10:54:32.5360460Z Unpacking libdv4:amd64 (1.0.0-14build1) ...
2025-08-09T10:54:32.5714092Z Selecting previously unselected package libflac8:amd64.
2025-08-09T10:54:32.5876080Z Preparing to unpack .../16-libflac8_1.3.3-2ubuntu0.2_amd64.deb ...
2025-08-09T10:54:32.5888870Z Unpacking libflac8:amd64 (1.3.3-2ubuntu0.2) ...
2025-08-09T10:54:32.6175990Z Selecting previously unselected package libgstreamer-plugins-good1.0-0:amd64.
2025-08-09T10:54:32.6337939Z Preparing to unpack .../17-libgstreamer-plugins-good1.0-0_1.20.3-0ubuntu1.3_amd64.deb ...
2025-08-09T10:54:32.6356404Z Unpacking libgstreamer-plugins-good1.0-0:amd64 (1.20.3-0ubuntu1.3) ...
2025-08-09T10:54:32.6646032Z Selecting previously unselected package libiec61883-0:amd64.
2025-08-09T10:54:32.6807758Z Preparing to unpack .../18-libiec61883-0_1.2.0-4build3_amd64.deb ...
2025-08-09T10:54:32.6847692Z Unpacking libiec61883-0:amd64 (1.2.0-4build3) ...
2025-08-09T10:54:32.7162714Z Selecting previously unselected package libsamplerate0:amd64.
2025-08-09T10:54:32.7341132Z Preparing to unpack .../19-libsamplerate0_0.2.2-1build1_amd64.deb ...
2025-08-09T10:54:32.7379267Z Unpacking libsamplerate0:amd64 (0.2.2-1build1) ...
2025-08-09T10:54:32.7735960Z Selecting previously unselected package libjack-jackd2-0:amd64.
2025-08-09T10:54:32.7897581Z Preparing to unpack .../20-libjack-jackd2-0_1.9.20~dfsg-1_amd64.deb ...
2025-08-09T10:54:32.7917870Z Unpacking libjack-jackd2-0:amd64 (1.9.20~dfsg-1) ...
2025-08-09T10:54:32.8249422Z Selecting previously unselected package libmp3lame0:amd64.
2025-08-09T10:54:32.8410507Z Preparing to unpack .../21-libmp3lame0_3.100-3build2_amd64.deb ...
2025-08-09T10:54:32.8431054Z Unpacking libmp3lame0:amd64 (3.100-3build2) ...
2025-08-09T10:54:32.8743393Z Selecting previously unselected package libmpg123-0:amd64.
2025-08-09T10:54:32.8903374Z Preparing to unpack .../22-libmpg123-0_1.29.3-1ubuntu0.1_amd64.deb ...
2025-08-09T10:54:32.8932718Z Unpacking libmpg123-0:amd64 (1.29.3-1ubuntu0.1) ...
2025-08-09T10:54:32.9287431Z Selecting previously unselected package libasyncns0:amd64.
2025-08-09T10:54:32.9449853Z Preparing to unpack .../23-libasyncns0_0.8-6build2_amd64.deb ...
2025-08-09T10:54:32.9464141Z Unpacking libasyncns0:amd64 (0.8-6build2) ...
2025-08-09T10:54:32.9723794Z Selecting previously unselected package libsndfile1:amd64.
2025-08-09T10:54:32.9884993Z Preparing to unpack .../24-libsndfile1_1.0.31-2ubuntu0.2_amd64.deb ...
2025-08-09T10:54:32.9919089Z Unpacking libsndfile1:amd64 (1.0.31-2ubuntu0.2) ...
2025-08-09T10:54:33.0314016Z Selecting previously unselected package libpulse0:amd64.
2025-08-09T10:54:33.0474764Z Preparing to unpack .../25-libpulse0_1%3a15.99.1+dfsg1-1ubuntu2.2_amd64.deb ...
2025-08-09T10:54:33.0600197Z Unpacking libpulse0:amd64 (1:15.99.1+dfsg1-1ubuntu2.2) ...
2025-08-09T10:54:33.0926833Z Selecting previously unselected package libspeex1:amd64.
2025-08-09T10:54:33.1088632Z Preparing to unpack .../26-libspeex1_1.2~rc1.2-1.1ubuntu3_amd64.deb ...
2025-08-09T10:54:33.1103654Z Unpacking libspeex1:amd64 (1.2~rc1.2-1.1ubuntu3) ...
2025-08-09T10:54:33.1457614Z Selecting previously unselected package libshout3:amd64.
2025-08-09T10:54:33.1618066Z Preparing to unpack .../27-libshout3_2.4.5-1build3_amd64.deb ...
2025-08-09T10:54:33.1638519Z Unpacking libshout3:amd64 (2.4.5-1build3) ...
2025-08-09T10:54:33.2118880Z Selecting previously unselected package libtag1v5-vanilla:amd64.
2025-08-09T10:54:33.2281168Z Preparing to unpack .../28-libtag1v5-vanilla_1.11.1+dfsg.1-3ubuntu3_amd64.deb ...
2025-08-09T10:54:33.2301159Z Unpacking libtag1v5-vanilla:amd64 (1.11.1+dfsg.1-3ubuntu3) ...
2025-08-09T10:54:33.2601154Z Selecting previously unselected package libtag1v5:amd64.
2025-08-09T10:54:33.2761901Z Preparing to unpack .../29-libtag1v5_1.11.1+dfsg.1-3ubuntu3_amd64.deb ...
2025-08-09T10:54:33.2775915Z Unpacking libtag1v5:amd64 (1.11.1+dfsg.1-3ubuntu3) ...
2025-08-09T10:54:33.3121361Z Selecting previously unselected package libtwolame0:amd64.
2025-08-09T10:54:33.3282187Z Preparing to unpack .../30-libtwolame0_0.4.0-2build2_amd64.deb ...
2025-08-09T10:54:33.3311432Z Unpacking libtwolame0:amd64 (0.4.0-2build2) ...
2025-08-09T10:54:33.3618582Z Selecting previously unselected package libv4lconvert0:amd64.
2025-08-09T10:54:33.3780337Z Preparing to unpack .../31-libv4lconvert0_1.22.1-2build1_amd64.deb ...
2025-08-09T10:54:33.3809082Z Unpacking libv4lconvert0:amd64 (1.22.1-2build1) ...
2025-08-09T10:54:33.4128923Z Selecting previously unselected package libv4l-0:amd64.
2025-08-09T10:54:33.4290241Z Preparing to unpack .../32-libv4l-0_1.22.1-2build1_amd64.deb ...
2025-08-09T10:54:33.4321777Z Unpacking libv4l-0:amd64 (1.22.1-2build1) ...
2025-08-09T10:54:33.4658202Z Selecting previously unselected package libvpx7:amd64.
2025-08-09T10:54:33.4817987Z Preparing to unpack .../33-libvpx7_1.11.0-2ubuntu2.4_amd64.deb ...
2025-08-09T10:54:33.4830620Z Unpacking libvpx7:amd64 (1.11.0-2ubuntu2.4) ...
2025-08-09T10:54:33.5242969Z Selecting previously unselected package libwavpack1:amd64.
2025-08-09T10:54:33.5405576Z Preparing to unpack .../34-libwavpack1_5.4.0-1build2_amd64.deb ...
2025-08-09T10:54:33.5425247Z Unpacking libwavpack1:amd64 (5.4.0-1build2) ...
2025-08-09T10:54:33.5698491Z Selecting previously unselected package gstreamer1.0-plugins-good:amd64.
2025-08-09T10:54:33.5861367Z Preparing to unpack .../35-gstreamer1.0-plugins-good_1.20.3-0ubuntu1.3_amd64.deb ...
2025-08-09T10:54:33.5892594Z Unpacking gstreamer1.0-plugins-good:amd64 (1.20.3-0ubuntu1.3) ...
2025-08-09T10:54:33.6516415Z Selecting previously unselected package libxv1:amd64.
2025-08-09T10:54:33.6678450Z Preparing to unpack .../36-libxv1_2%3a1.0.11-1build2_amd64.deb ...
2025-08-09T10:54:33.6700450Z Unpacking libxv1:amd64 (2:1.0.11-1build2) ...
2025-08-09T10:54:33.6963450Z Selecting previously unselected package gstreamer1.0-x:amd64.
2025-08-09T10:54:33.7124606Z Preparing to unpack .../37-gstreamer1.0-x_1.20.1-1ubuntu0.4_amd64.deb ...
2025-08-09T10:54:33.7133532Z Unpacking gstreamer1.0-x:amd64 (1.20.1-1ubuntu0.4) ...
2025-08-09T10:54:33.7431469Z Selecting previously unselected package libnl-route-3-200:amd64.
2025-08-09T10:54:33.7592672Z Preparing to unpack .../38-libnl-route-3-200_3.5.0-0.1_amd64.deb ...
2025-08-09T10:54:33.7602574Z Unpacking libnl-route-3-200:amd64 (3.5.0-0.1) ...
2025-08-09T10:54:33.7917738Z Selecting previously unselected package libibverbs1:amd64.
2025-08-09T10:54:33.8081176Z Preparing to unpack .../39-libibverbs1_39.0-1_amd64.deb ...
2025-08-09T10:54:33.8096827Z Unpacking libibverbs1:amd64 (39.0-1) ...
2025-08-09T10:54:33.8452269Z Selecting previously unselected package ibverbs-providers:amd64.
2025-08-09T10:54:33.8613050Z Preparing to unpack .../40-ibverbs-providers_39.0-1_amd64.deb ...
2025-08-09T10:54:33.8742323Z Unpacking ibverbs-providers:amd64 (39.0-1) ...
2025-08-09T10:54:33.9073145Z Selecting previously unselected package ipxe-qemu.
2025-08-09T10:54:33.9241003Z Preparing to unpack .../41-ipxe-qemu_1.21.1+git-20220113.fbbdc3926-0ubuntu1_all.deb ...
2025-08-09T10:54:33.9269589Z Unpacking ipxe-qemu (1.21.1+git-20220113.fbbdc3926-0ubuntu1) ...
2025-08-09T10:54:33.9745341Z Selecting previously unselected package ipxe-qemu-256k-compat-efi-roms.
2025-08-09T10:54:33.9906182Z Preparing to unpack .../42-ipxe-qemu-256k-compat-efi-roms_1.0.0+git-20150424.a25a16d-0ubuntu4_all.deb ...
2025-08-09T10:54:33.9918185Z Unpacking ipxe-qemu-256k-compat-efi-roms (1.0.0+git-20150424.a25a16d-0ubuntu4) ...
2025-08-09T10:54:34.0499033Z Selecting previously unselected package isolinux.
2025-08-09T10:54:34.0662448Z Preparing to unpack .../43-isolinux_3%3a6.04~git20190206.bf6db5b4+dfsg1-3ubuntu1_all.deb ...
2025-08-09T10:54:34.0674998Z Unpacking isolinux (3:6.04~git20190206.bf6db5b4+dfsg1-3ubuntu1) ...
2025-08-09T10:54:34.1003637Z Selecting previously unselected package libboost-iostreams1.74.0:amd64.
2025-08-09T10:54:34.1164303Z Preparing to unpack .../44-libboost-iostreams1.74.0_1.74.0-14ubuntu3_amd64.deb ...
2025-08-09T10:54:34.1180307Z Unpacking libboost-iostreams1.74.0:amd64 (1.74.0-14ubuntu3) ...
2025-08-09T10:54:34.1550225Z Selecting previously unselected package libboost-thread1.74.0:amd64.
2025-08-09T10:54:34.1711431Z Preparing to unpack .../45-libboost-thread1.74.0_1.74.0-14ubuntu3_amd64.deb ...
2025-08-09T10:54:34.1741119Z Unpacking libboost-thread1.74.0:amd64 (1.74.0-14ubuntu3) ...
2025-08-09T10:54:34.2097923Z Selecting previously unselected package libbrlapi0.8:amd64.
2025-08-09T10:54:34.2259246Z Preparing to unpack .../46-libbrlapi0.8_6.4-4ubuntu3_amd64.deb ...
2025-08-09T10:54:34.2273113Z Unpacking libbrlapi0.8:amd64 (6.4-4ubuntu3) ...
2025-08-09T10:54:34.2610040Z Selecting previously unselected package libpcsclite1:amd64.
2025-08-09T10:54:34.2770847Z Preparing to unpack .../47-libpcsclite1_1.9.5-3ubuntu1_amd64.deb ...
2025-08-09T10:54:34.2796358Z Unpacking libpcsclite1:amd64 (1.9.5-3ubuntu1) ...
2025-08-09T10:54:34.3106839Z Selecting previously unselected package libcacard0:amd64.
2025-08-09T10:54:34.3267612Z Preparing to unpack .../48-libcacard0_1%3a2.8.0-3build2_amd64.deb ...
2025-08-09T10:54:34.3289225Z Unpacking libcacard0:amd64 (1:2.8.0-3build2) ...
2025-08-09T10:54:34.3584924Z Selecting previously unselected package libdaxctl1:amd64.
2025-08-09T10:54:34.3746262Z Preparing to unpack .../49-libdaxctl1_72.1-1_amd64.deb ...
2025-08-09T10:54:34.3769534Z Unpacking libdaxctl1:amd64 (72.1-1) ...
2025-08-09T10:54:34.4107309Z Selecting previously unselected package libdecor-0-0:amd64.
2025-08-09T10:54:34.4268586Z Preparing to unpack .../50-libdecor-0-0_0.1.0-3build1_amd64.deb ...
2025-08-09T10:54:34.4295655Z Unpacking libdecor-0-0:amd64 (0.1.0-3build1) ...
2025-08-09T10:54:34.4572225Z Selecting previously unselected package libdecor-0-plugin-1-cairo:amd64.
2025-08-09T10:54:34.4733057Z Preparing to unpack .../51-libdecor-0-plugin-1-cairo_0.1.0-3build1_amd64.deb ...
2025-08-09T10:54:34.4748212Z Unpacking libdecor-0-plugin-1-cairo:amd64 (0.1.0-3build1) ...
2025-08-09T10:54:34.5008232Z Selecting previously unselected package libelf-dev:amd64.
2025-08-09T10:54:34.5169559Z Preparing to unpack .../52-libelf-dev_0.186-1ubuntu0.1_amd64.deb ...
2025-08-09T10:54:34.5184044Z Unpacking libelf-dev:amd64 (0.186-1ubuntu0.1) ...
2025-08-09T10:54:34.5621351Z Selecting previously unselected package libgfxdr0:amd64.
2025-08-09T10:54:34.5782303Z Preparing to unpack .../53-libgfxdr0_10.1-1ubuntu0.2_amd64.deb ...
2025-08-09T10:54:34.5796842Z Unpacking libgfxdr0:amd64 (10.1-1ubuntu0.2) ...
2025-08-09T10:54:34.6087575Z Selecting previously unselected package libglusterfs0:amd64.
2025-08-09T10:54:34.6246439Z Preparing to unpack .../54-libglusterfs0_10.1-1ubuntu0.2_amd64.deb ...
2025-08-09T10:54:34.6262539Z Unpacking libglusterfs0:amd64 (10.1-1ubuntu0.2) ...
2025-08-09T10:54:34.6560826Z Selecting previously unselected package libgfrpc0:amd64.
2025-08-09T10:54:34.6721277Z Preparing to unpack .../55-libgfrpc0_10.1-1ubuntu0.2_amd64.deb ...
2025-08-09T10:54:34.6739542Z Unpacking libgfrpc0:amd64 (10.1-1ubuntu0.2) ...
2025-08-09T10:54:34.7047766Z Selecting previously unselected package libgfapi0:amd64.
2025-08-09T10:54:34.7210408Z Preparing to unpack .../56-libgfapi0_10.1-1ubuntu0.2_amd64.deb ...
2025-08-09T10:54:34.7225681Z Unpacking libgfapi0:amd64 (10.1-1ubuntu0.2) ...
2025-08-09T10:54:34.7524924Z Selecting previously unselected package librdmacm1:amd64.
2025-08-09T10:54:34.7685165Z Preparing to unpack .../57-librdmacm1_39.0-1_amd64.deb ...
2025-08-09T10:54:34.7705993Z Unpacking librdmacm1:amd64 (39.0-1) ...
2025-08-09T10:54:34.7980710Z Selecting previously unselected package libiscsi7:amd64.
2025-08-09T10:54:34.8142767Z Preparing to unpack .../58-libiscsi7_1.19.0-3build2_amd64.deb ...
2025-08-09T10:54:34.8158249Z Unpacking libiscsi7:amd64 (1.19.0-3build2) ...
2025-08-09T10:54:34.8443766Z Selecting previously unselected package liblinear4:amd64.
2025-08-09T10:54:34.8604430Z Preparing to unpack .../59-liblinear4_2.3.0+dfsg-5_amd64.deb ...
2025-08-09T10:54:34.8620342Z Unpacking liblinear4:amd64 (2.3.0+dfsg-5) ...
2025-08-09T10:54:34.8919020Z Selecting previously unselected package libndctl6:amd64.
2025-08-09T10:54:34.9078147Z Preparing to unpack .../60-libndctl6_72.1-1_amd64.deb ...
2025-08-09T10:54:34.9101508Z Unpacking libndctl6:amd64 (72.1-1) ...
2025-08-09T10:54:34.9446571Z Selecting previously unselected package libpmem1:amd64.
2025-08-09T10:54:34.9607761Z Preparing to unpack .../61-libpmem1_1.11.1-3build1_amd64.deb ...
2025-08-09T10:54:34.9631359Z Unpacking libpmem1:amd64 (1.11.1-3build1) ...
2025-08-09T10:54:34.9901381Z Selecting previously unselected package libpmemobj1:amd64.
2025-08-09T10:54:35.0062204Z Preparing to unpack .../62-libpmemobj1_1.11.1-3build1_amd64.deb ...
2025-08-09T10:54:35.0072545Z Unpacking libpmemobj1:amd64 (1.11.1-3build1) ...
2025-08-09T10:54:35.0411307Z Selecting previously unselected package librados2.
2025-08-09T10:54:35.0573581Z Preparing to unpack .../63-librados2_17.2.7-0ubuntu0.22.04.2_amd64.deb ...
2025-08-09T10:54:35.0587355Z Unpacking librados2 (17.2.7-0ubuntu0.22.04.2) ...
2025-08-09T10:54:35.1306855Z Selecting previously unselected package librbd1.
2025-08-09T10:54:35.1471426Z Preparing to unpack .../64-librbd1_17.2.7-0ubuntu0.22.04.2_amd64.deb ...
2025-08-09T10:54:35.1485141Z Unpacking librbd1 (17.2.7-0ubuntu0.22.04.2) ...
2025-08-09T10:54:35.2319202Z Selecting previously unselected package libsdl2-2.0-0:amd64.
2025-08-09T10:54:35.2481770Z Preparing to unpack .../65-libsdl2-2.0-0_2.0.20+dfsg-2ubuntu1.22.04.1_amd64.deb ...
2025-08-09T10:54:35.2498416Z Unpacking libsdl2-2.0-0:amd64 (2.0.20+dfsg-2ubuntu1.22.04.1) ...
2025-08-09T10:54:35.2860723Z Selecting previously unselected package libspice-server1:amd64.
2025-08-09T10:54:35.3023021Z Preparing to unpack .../66-libspice-server1_0.15.0-2ubuntu4_amd64.deb ...
2025-08-09T10:54:35.3047961Z Unpacking libspice-server1:amd64 (0.15.0-2ubuntu4) ...
2025-08-09T10:54:35.3377969Z Selecting previously unselected package liburing2:amd64.
2025-08-09T10:54:35.3539135Z Preparing to unpack .../67-liburing2_2.1-2build1_amd64.deb ...
2025-08-09T10:54:35.3551186Z Unpacking liburing2:amd64 (2.1-2build1) ...
2025-08-09T10:54:35.3887213Z Selecting previously unselected package libusbredirparser1:amd64.
2025-08-09T10:54:35.4048346Z Preparing to unpack .../68-libusbredirparser1_0.11.0-2build1_amd64.deb ...
2025-08-09T10:54:35.4062663Z Unpacking libusbredirparser1:amd64 (0.11.0-2build1) ...
2025-08-09T10:54:35.4355460Z Selecting previously unselected package libvirglrenderer1:amd64.
2025-08-09T10:54:35.4517448Z Preparing to unpack .../69-libvirglrenderer1_0.9.1-1~exp1ubuntu2_amd64.deb ...
2025-08-09T10:54:35.4532821Z Unpacking libvirglrenderer1:amd64 (0.9.1-1~exp1ubuntu2) ...
2025-08-09T10:54:35.4842301Z Selecting previously unselected package libvte-2.91-common.
2025-08-09T10:54:35.5004058Z Preparing to unpack .../70-libvte-2.91-common_0.68.0-1ubuntu0.1_amd64.deb ...
2025-08-09T10:54:35.5016046Z Unpacking libvte-2.91-common (0.68.0-1ubuntu0.1) ...
2025-08-09T10:54:35.5320349Z Selecting previously unselected package libvte-2.91-0:amd64.
2025-08-09T10:54:35.5481064Z Preparing to unpack .../71-libvte-2.91-0_0.68.0-1ubuntu0.1_amd64.deb ...
2025-08-09T10:54:35.5505910Z Unpacking libvte-2.91-0:amd64 (0.68.0-1ubuntu0.1) ...
2025-08-09T10:54:35.5825422Z Selecting previously unselected package debootstrap.
2025-08-09T10:54:35.5988686Z Preparing to unpack .../72-debootstrap_1.0.126+nmu1ubuntu0.8_all.deb ...
2025-08-09T10:54:35.6017421Z Unpacking debootstrap (1.0.126+nmu1ubuntu0.8) ...
2025-08-09T10:54:35.6442457Z Selecting previously unselected package live-build.
2025-08-09T10:54:35.6603796Z Preparing to unpack .../73-live-build_3.0~a57-1ubuntu41.22.04.1_all.deb ...
2025-08-09T10:54:35.6622970Z Unpacking live-build (3.0~a57-1ubuntu41.22.04.1) ...
2025-08-09T10:54:35.7770309Z Selecting previously unselected package lua-lpeg:amd64.
2025-08-09T10:54:35.7933029Z Preparing to unpack .../74-lua-lpeg_1.0.2-1_amd64.deb ...
2025-08-09T10:54:35.7946813Z Unpacking lua-lpeg:amd64 (1.0.2-1) ...
2025-08-09T10:54:35.8265206Z Selecting previously unselected package mtools.
2025-08-09T10:54:35.8427412Z Preparing to unpack .../75-mtools_4.0.33-1+really4.0.32-1build1_amd64.deb ...
2025-08-09T10:54:35.8443234Z Unpacking mtools (4.0.33-1+really4.0.32-1build1) ...
2025-08-09T10:54:35.9872424Z Selecting previously unselected package nmap-common.
2025-08-09T10:54:36.0035576Z Preparing to unpack .../76-nmap-common_7.91+dfsg1+really7.80+dfsg1-2ubuntu0.1_all.deb ...
2025-08-09T10:54:36.0060892Z Unpacking nmap-common (7.91+dfsg1+really7.80+dfsg1-2ubuntu0.1) ...
2025-08-09T10:54:36.2113678Z Selecting previously unselected package pv.
2025-08-09T10:54:36.2278266Z Preparing to unpack .../77-pv_1.6.6-1build2_amd64.deb ...
2025-08-09T10:54:36.2299902Z Unpacking pv (1.6.6-1build2) ...
2025-08-09T10:54:36.2726498Z Selecting previously unselected package libfdt1:amd64.
2025-08-09T10:54:36.2890350Z Preparing to unpack .../78-libfdt1_1.6.1-1_amd64.deb ...
2025-08-09T10:54:36.2915440Z Unpacking libfdt1:amd64 (1.6.1-1) ...
2025-08-09T10:54:36.3279157Z Selecting previously unselected package qemu-system-common.
2025-08-09T10:54:36.3440593Z Preparing to unpack .../79-qemu-system-common_1%3a6.2+dfsg-2ubuntu6.26_amd64.deb ...
2025-08-09T10:54:36.3460113Z Unpacking qemu-system-common (1:6.2+dfsg-2ubuntu6.26) ...
2025-08-09T10:54:36.4488240Z Selecting previously unselected package qemu-system-data.
2025-08-09T10:54:36.4652925Z Preparing to unpack .../80-qemu-system-data_1%3a6.2+dfsg-2ubuntu6.26_all.deb ...
2025-08-09T10:54:36.4663127Z Unpacking qemu-system-data (1:6.2+dfsg-2ubuntu6.26) ...
2025-08-09T10:54:36.5369839Z Selecting previously unselected package seabios.
2025-08-09T10:54:36.5533623Z Preparing to unpack .../81-seabios_1.15.0-1_all.deb ...
2025-08-09T10:54:36.5552881Z Unpacking seabios (1.15.0-1) ...
2025-08-09T10:54:36.5862717Z Selecting previously unselected package qemu-system-x86.
2025-08-09T10:54:36.6026689Z Preparing to unpack .../82-qemu-system-x86_1%3a6.2+dfsg-2ubuntu6.26_amd64.deb ...
2025-08-09T10:54:36.6220700Z Unpacking qemu-system-x86 (1:6.2+dfsg-2ubuntu6.26) ...
2025-08-09T10:54:36.7961453Z Selecting previously unselected package qemu-utils.
2025-08-09T10:54:36.8123342Z Preparing to unpack .../83-qemu-utils_1%3a6.2+dfsg-2ubuntu6.26_amd64.deb ...
2025-08-09T10:54:36.8147320Z Unpacking qemu-utils (1:6.2+dfsg-2ubuntu6.26) ...
2025-08-09T10:54:36.8790098Z Selecting previously unselected package qemu-block-extra.
2025-08-09T10:54:36.8951984Z Preparing to unpack .../84-qemu-block-extra_1%3a6.2+dfsg-2ubuntu6.26_amd64.deb ...
2025-08-09T10:54:36.8985827Z Unpacking qemu-block-extra (1:6.2+dfsg-2ubuntu6.26) ...
2025-08-09T10:54:36.9253606Z Selecting previously unselected package qemu-system-gui.
2025-08-09T10:54:36.9417936Z Preparing to unpack .../85-qemu-system-gui_1%3a6.2+dfsg-2ubuntu6.26_amd64.deb ...
2025-08-09T10:54:36.9436449Z Unpacking qemu-system-gui (1:6.2+dfsg-2ubuntu6.26) ...
2025-08-09T10:54:36.9722735Z Selecting previously unselected package syslinux-common.
2025-08-09T10:54:36.9885907Z Preparing to unpack .../86-syslinux-common_3%3a6.04~git20190206.bf6db5b4+dfsg1-3ubuntu1_all.deb ...
2025-08-09T10:54:36.9897735Z Unpacking syslinux-common (3:6.04~git20190206.bf6db5b4+dfsg1-3ubuntu1) ...
2025-08-09T10:54:37.0587139Z Selecting previously unselected package syslinux-utils.
2025-08-09T10:54:37.0752396Z Preparing to unpack .../87-syslinux-utils_3%3a6.04~git20190206.bf6db5b4+dfsg1-3ubuntu1_amd64.deb ...
2025-08-09T10:54:37.0773532Z Unpacking syslinux-utils (3:6.04~git20190206.bf6db5b4+dfsg1-3ubuntu1) ...
2025-08-09T10:54:37.1245938Z Selecting previously unselected package nmap.
2025-08-09T10:54:37.1409318Z Preparing to unpack .../88-nmap_7.91+dfsg1+really7.80+dfsg1-2ubuntu0.1_amd64.deb ...
2025-08-09T10:54:37.1430311Z Unpacking nmap (7.91+dfsg1+really7.80+dfsg1-2ubuntu0.1) ...
2025-08-09T10:54:37.2191726Z Selecting previously unselected package ovmf.
2025-08-09T10:54:37.2354428Z Preparing to unpack .../89-ovmf_2022.02-3ubuntu0.22.04.3_all.deb ...
2025-08-09T10:54:37.2374992Z Unpacking ovmf (2022.02-3ubuntu0.22.04.3) ...
2025-08-09T10:54:37.3343318Z Setting up genisoimage (9:1.1.11-3.2ubuntu1) ...
2025-08-09T10:54:37.3398733Z Setting up libcdparanoia0:amd64 (3.10.2+debian-14build2) ...
2025-08-09T10:54:37.3470892Z Setting up lua-lpeg:amd64 (1.0.2-1) ...
2025-08-09T10:54:37.3559876Z Setting up debootstrap (1.0.126+nmu1ubuntu0.8) ...
2025-08-09T10:54:37.3623350Z Setting up libraw1394-11:amd64 (2.1.2-2build2) ...
2025-08-09T10:54:37.3670051Z Setting up libtag1v5-vanilla:amd64 (1.11.1+dfsg.1-3ubuntu3) ...
2025-08-09T10:54:37.3708086Z Setting up libmpg123-0:amd64 (1.29.3-1ubuntu0.1) ...
2025-08-09T10:54:37.3773315Z Setting up isolinux (3:6.04~git20190206.bf6db5b4+dfsg1-3ubuntu1) ...
2025-08-09T10:54:37.3873036Z Setting up libspeex1:amd64 (1.2~rc1.2-1.1ubuntu3) ...
2025-08-09T10:54:37.3959438Z Setting up libcaca0:amd64 (0.99.beta19-2.2ubuntu4) ...
2025-08-09T10:54:37.4033565Z Setting up libtwolame0:amd64 (0.4.0-2build2) ...
2025-08-09T10:54:37.4092204Z Setting up libvte-2.91-common (0.68.0-1ubuntu0.1) ...
2025-08-09T10:54:37.4200957Z Setting up libvisual-0.4-0:amd64 (0.4.0-17build2) ...
2025-08-09T10:54:37.4269277Z Setting up mtools (4.0.33-1+really4.0.32-1build1) ...
2025-08-09T10:54:37.4335469Z Setting up libboost-iostreams1.74.0:amd64 (1.74.0-14ubuntu3) ...
2025-08-09T10:54:37.4387333Z Setting up msr-tools (1.3-4) ...
2025-08-09T10:54:37.4433652Z Setting up syslinux-common (3:6.04~git20190206.bf6db5b4+dfsg1-3ubuntu1) ...
2025-08-09T10:54:37.4479923Z Setting up live-build (3.0~a57-1ubuntu41.22.04.1) ...
2025-08-09T10:54:37.4525919Z Setting up libfdt1:amd64 (1.6.1-1) ...
2025-08-09T10:54:37.4569983Z Setting up libvte-2.91-0:amd64 (0.68.0-1ubuntu0.1) ...
2025-08-09T10:54:37.4619792Z Setting up libusbredirparser1:amd64 (0.11.0-2build1) ...
2025-08-09T10:54:37.4670643Z Setting up liblinear4:amd64 (2.3.0+dfsg-5) ...
2025-08-09T10:54:37.4728610Z Setting up libflac8:amd64 (1.3.3-2ubuntu0.2) ...
2025-08-09T10:54:37.4799543Z Setting up syslinux-utils (3:6.04~git20190206.bf6db5b4+dfsg1-3ubuntu1) ...
2025-08-09T10:54:37.4849247Z Setting up libnl-route-3-200:amd64 (3.5.0-0.1) ...
2025-08-09T10:54:37.4910385Z Setting up ovmf (2022.02-3ubuntu0.22.04.3) ...
2025-08-09T10:54:37.4980565Z Setting up libglusterfs0:amd64 (10.1-1ubuntu0.2) ...
2025-08-09T10:54:37.5059670Z Setting up libvirglrenderer1:amd64 (0.9.1-1~exp1ubuntu2) ...
2025-08-09T10:54:37.5116596Z Setting up libopus0:amd64 (1.3.1-0.1build2) ...
2025-08-09T10:54:37.5184032Z Setting up libxv1:amd64 (2:1.0.11-1build2) ...
2025-08-09T10:54:37.5215592Z Setting up liborc-0.4-0:amd64 (1:0.4.32-2ubuntu0.1) ...
2025-08-09T10:54:37.5280404Z Setting up libelf-dev:amd64 (0.186-1ubuntu0.1) ...
2025-08-09T10:54:37.5344826Z Setting up libpcsclite1:amd64 (1.9.5-3ubuntu1) ...
2025-08-09T10:54:37.5392839Z Setting up libdaxctl1:amd64 (72.1-1) ...
2025-08-09T10:54:37.5443062Z Setting up qemu-system-data (1:6.2+dfsg-2ubuntu6.26) ...
2025-08-09T10:54:37.5490278Z Setting up seabios (1.15.0-1) ...
2025-08-09T10:54:37.5533758Z Setting up nmap-common (7.91+dfsg1+really7.80+dfsg1-2ubuntu0.1) ...
2025-08-09T10:54:37.5763259Z Setting up libtag1v5:amd64 (1.11.1+dfsg.1-3ubuntu3) ...
2025-08-09T10:54:37.5805635Z Setting up cpu-checker (0.7-1.3build1) ...
2025-08-09T10:54:37.5850753Z Setting up libdv4:amd64 (1.0.0-14build1) ...
2025-08-09T10:54:37.5899937Z Setting up libasyncns0:amd64 (0.8-6build2) ...
2025-08-09T10:54:37.5949639Z Setting up pv (1.6.6-1build2) ...
2025-08-09T10:54:37.6000937Z Setting up libwavpack1:amd64 (5.4.0-1build2) ...
2025-08-09T10:54:37.6072011Z Setting up ipxe-qemu (1.21.1+git-20220113.fbbdc3926-0ubuntu1) ...
2025-08-09T10:54:37.6158434Z Setting up libtheora0:amd64 (1.1.1+dfsg.1-15ubuntu4) ...
2025-08-09T10:54:37.6230675Z Setting up libv4lconvert0:amd64 (1.22.1-2build1) ...
2025-08-09T10:54:37.6341896Z Setting up libdecor-0-0:amd64 (0.1.0-3build1) ...
2025-08-09T10:54:37.6398722Z Setting up libndctl6:amd64 (72.1-1) ...
2025-08-09T10:54:37.6453344Z Setting up ipxe-qemu-256k-compat-efi-roms (1.0.0+git-20150424.a25a16d-0ubuntu4) ...
2025-08-09T10:54:37.6508394Z Setting up libvpx7:amd64 (1.11.0-2ubuntu2.4) ...
2025-08-09T10:54:37.6577487Z Setting up libbrlapi0.8:amd64 (6.4-4ubuntu3) ...
2025-08-09T10:54:37.6635208Z Setting up liburing2:amd64 (2.1-2build1) ...
2025-08-09T10:54:37.6700965Z Setting up libsamplerate0:amd64 (0.2.2-1build1) ...
2025-08-09T10:54:37.6764774Z Setting up libpmem1:amd64 (1.11.1-3build1) ...
2025-08-09T10:54:37.6831888Z Setting up libmp3lame0:amd64 (3.100-3build2) ...
2025-08-09T10:54:37.6907661Z Setting up libvorbisenc2:amd64 (1.3.7-1build2) ...
2025-08-09T10:54:37.6950221Z Setting up libgfxdr0:amd64 (10.1-1ubuntu0.2) ...
2025-08-09T10:54:37.6994916Z Setting up libboost-thread1.74.0:amd64 (1.74.0-14ubuntu3) ...
2025-08-09T10:54:37.7054580Z Setting up libaa1:amd64 (1.4p5-50build1) ...
2025-08-09T10:54:37.7100802Z Setting up libiec61883-0:amd64 (1.2.0-4build3) ...
2025-08-09T10:54:37.7176669Z Setting up libavc1394-0:amd64 (0.5.4-5build2) ...
2025-08-09T10:54:37.7224696Z Setting up libibverbs1:amd64 (39.0-1) ...
2025-08-09T10:54:37.7869603Z Setting up ibverbs-providers:amd64 (39.0-1) ...
2025-08-09T10:54:37.8337772Z Setting up libgstreamer-plugins-base1.0-0:amd64 (1.20.1-1ubuntu0.4) ...
2025-08-09T10:54:37.8413674Z Setting up nmap (7.91+dfsg1+really7.80+dfsg1-2ubuntu0.1) ...
2025-08-09T10:54:37.8456595Z Setting up libcacard0:amd64 (1:2.8.0-3build2) ...
2025-08-09T10:54:37.8509134Z Setting up libv4l-0:amd64 (1.22.1-2build1) ...
2025-08-09T10:54:37.8554730Z Setting up libgstreamer-plugins-good1.0-0:amd64 (1.20.3-0ubuntu1.3) ...
2025-08-09T10:54:37.8589946Z Setting up gstreamer1.0-plugins-base:amd64 (1.20.1-1ubuntu0.4) ...
2025-08-09T10:54:37.8628789Z Setting up libshout3:amd64 (2.4.5-1build3) ...
2025-08-09T10:54:37.8668569Z Setting up libpmemobj1:amd64 (1.11.1-3build1) ...
2025-08-09T10:54:37.8699462Z Setting up libdecor-0-plugin-1-cairo:amd64 (0.1.0-3build1) ...
2025-08-09T10:54:37.8755576Z Setting up libjack-jackd2-0:amd64 (1.9.20~dfsg-1) ...
2025-08-09T10:54:37.8803568Z Setting up libsndfile1:amd64 (1.0.31-2ubuntu0.2) ...
2025-08-09T10:54:37.8880305Z Setting up qemu-utils (1:6.2+dfsg-2ubuntu6.26) ...
2025-08-09T10:54:37.8948263Z Setting up libgfrpc0:amd64 (10.1-1ubuntu0.2) ...
2025-08-09T10:54:37.8995905Z Setting up librdmacm1:amd64 (39.0-1) ...
2025-08-09T10:54:37.9066294Z Setting up librados2 (17.2.7-0ubuntu0.22.04.2) ...
2025-08-09T10:54:37.9292750Z Setting up gstreamer1.0-x:amd64 (1.20.1-1ubuntu0.4) ...
2025-08-09T10:54:37.9342665Z Setting up libpulse0:amd64 (1:15.99.1+dfsg1-1ubuntu2.2) ...
2025-08-09T10:54:37.9466162Z Setting up gstreamer1.0-plugins-good:amd64 (1.20.3-0ubuntu1.3) ...
2025-08-09T10:54:37.9562993Z Setting up libspice-server1:amd64 (0.15.0-2ubuntu4) ...
2025-08-09T10:54:37.9613193Z Setting up librbd1 (17.2.7-0ubuntu0.22.04.2) ...
2025-08-09T10:54:37.9675515Z Setting up libgfapi0:amd64 (10.1-1ubuntu0.2) ...
2025-08-09T10:54:37.9730822Z Setting up libiscsi7:amd64 (1.19.0-3build2) ...
2025-08-09T10:54:37.9790800Z Setting up libsdl2-2.0-0:amd64 (2.0.20+dfsg-2ubuntu1.22.04.1) ...
2025-08-09T10:54:37.9836855Z Setting up qemu-block-extra (1:6.2+dfsg-2ubuntu6.26) ...
2025-08-09T10:54:38.2683107Z Created symlink /etc/systemd/system/multi-user.target.wants/run-qemu.mount → /lib/systemd/system/run-qemu.mount.
2025-08-09T10:54:38.7008574Z Setting up qemu-system-common (1:6.2+dfsg-2ubuntu6.26) ...
2025-08-09T10:54:38.8138407Z Created symlink /etc/systemd/system/multi-user.target.wants/qemu-kvm.service → /lib/systemd/system/qemu-kvm.service.
2025-08-09T10:54:39.6379207Z Setting up qemu-system-x86 (1:6.2+dfsg-2ubuntu6.26) ...
2025-08-09T10:54:39.6438609Z Setting up qemu-system-gui (1:6.2+dfsg-2ubuntu6.26) ...
2025-08-09T10:54:39.6495031Z Processing triggers for man-db (2.10.2-1) ...
2025-08-09T10:54:41.0633732Z Processing triggers for install-info (6.8-4build1) ...
2025-08-09T10:54:41.3132446Z Processing triggers for hicolor-icon-theme (0.17-2) ...
2025-08-09T10:54:41.7801049Z Processing triggers for libc-bin (2.35-0ubuntu3.10) ...
2025-08-09T10:54:44.6394795Z NEEDRESTART-VER: 3.5
2025-08-09T10:54:45.2821868Z NEEDRESTART-KCUR: 6.8.0-1031-azure
2025-08-09T10:54:45.2822360Z NEEDRESTART-KEXP: 6.8.0-1031-azure
2025-08-09T10:54:45.2822762Z NEEDRESTART-KSTA: 1
2025-08-09T10:54:45.2823127Z NEEDRESTART-SVC: hosted-compute-agent.service
2025-08-09T10:54:46.5664742Z ##[group]Run echo "CLUSTER_MODE=main" >> $GITHUB_ENV
2025-08-09T10:54:46.5665107Z [36;1mecho "CLUSTER_MODE=main" >> $GITHUB_ENV[0m
2025-08-09T10:54:46.5665382Z [36;1mecho "ENABLE_GUI=true" >> $GITHUB_ENV[0m
2025-08-09T10:54:46.5665660Z [36;1mecho "SKIP_QEMU_TEST=true" >> $GITHUB_ENV[0m
2025-08-09T10:54:46.5665966Z [36;1mecho "BUILD_THREADS=2" >> $GITHUB_ENV  # Limit for CI[0m
2025-08-09T10:54:46.5666396Z [36;1mecho "SKIP_CONNECTIVITY_CHECK=true" >> $GITHUB_ENV  # Skip redundant check in CI[0m
2025-08-09T10:54:46.5695716Z shell: /usr/bin/bash -e {0}
2025-08-09T10:54:46.5695943Z ##[endgroup]
2025-08-09T10:54:46.5766328Z ##[group]Run chmod +x ainux-builder.sh
2025-08-09T10:54:46.5766637Z [36;1mchmod +x ainux-builder.sh[0m
2025-08-09T10:54:46.5766855Z [36;1m[0m
2025-08-09T10:54:46.5767254Z [36;1m# Add debug output[0m
2025-08-09T10:54:46.5767467Z [36;1mset -x[0m
2025-08-09T10:54:46.5767624Z [36;1m[0m
2025-08-09T10:54:46.5767808Z [36;1m# Run build with timeout (2 hours max)[0m
2025-08-09T10:54:46.5768084Z [36;1mtimeout 7200 ./ainux-builder.sh || {[0m
2025-08-09T10:54:46.5768350Z [36;1m  echo "Build timed out or failed"[0m
2025-08-09T10:54:46.5768635Z [36;1m  echo "=== Last 100 lines of any available logs ==="[0m
2025-08-09T10:54:46.5769087Z [36;1m  find ~/ainux-build/logs -name "*.log" -exec tail -50 {} \; 2>/dev/null || echo "No log files found"[0m
2025-08-09T10:54:46.5769469Z [36;1m  [0m
2025-08-09T10:54:46.5769650Z [36;1m  echo "=== Environment Variables ==="[0m
2025-08-09T10:54:46.5769974Z [36;1m  env | grep -E "(CLUSTER_MODE|ENABLE_GUI|SKIP_|BUILD_)" || true[0m
2025-08-09T10:54:46.5770298Z [36;1m  [0m
2025-08-09T10:54:46.5770462Z [36;1m  echo "=== Disk Usage ==="[0m
2025-08-09T10:54:46.5770683Z [36;1m  df -h || true[0m
2025-08-09T10:54:46.5770861Z [36;1m  [0m
2025-08-09T10:54:46.5771034Z [36;1m  echo "=== Memory Usage ==="[0m
2025-08-09T10:54:46.5771259Z [36;1m  free -h || true[0m
2025-08-09T10:54:46.5771440Z [36;1m  [0m
2025-08-09T10:54:46.5771591Z [36;1m  exit 1[0m
2025-08-09T10:54:46.5771752Z [36;1m}[0m
2025-08-09T10:54:46.5795838Z shell: /usr/bin/bash -e {0}
2025-08-09T10:54:46.5796050Z env:
2025-08-09T10:54:46.5796199Z   CLUSTER_MODE: main
2025-08-09T10:54:46.5796385Z   ENABLE_GUI: true
2025-08-09T10:54:46.5796566Z   SKIP_QEMU_TEST: true
2025-08-09T10:54:46.5796745Z   BUILD_THREADS: 2
2025-08-09T10:54:46.5797104Z   SKIP_CONNECTIVITY_CHECK: true
2025-08-09T10:54:46.5797360Z ##[endgroup]
2025-08-09T10:54:46.5848247Z + timeout 7200 ./ainux-builder.sh
2025-08-09T10:54:46.5945153Z 
2025-08-09T10:54:46.5945755Z [0;35m[PHASE][0m Starting Ainux OS AI Cluster Builder Process
2025-08-09T10:54:46.5946085Z 
2025-08-09T10:54:46.5946093Z 
2025-08-09T10:54:46.5946240Z [0;35m[PHASE][0m Checking Prerequisites
2025-08-09T10:54:46.5946431Z 
2025-08-09T10:54:46.5992482Z [0;34m[INFO][0m Detected Ubuntu 22.04 LTS - supported
2025-08-09T10:54:46.6020771Z [0;34m[INFO][0m Disk space check passed: 36GB available
2025-08-09T10:54:46.6021273Z [0;34m[INFO][0m Checking internet connectivity...
2025-08-09T10:54:46.6022105Z [1;33m[WARNING][0m Skipping connectivity check (SKIP_CONNECTIVITY_CHECK=true)
2025-08-09T10:54:46.6022845Z [0;32m[SUCCESS][0m Prerequisites check passed
2025-08-09T10:54:46.6023194Z 
2025-08-09T10:54:46.6023407Z [0;35m[PHASE][0m Initializing Ainux OS AI Cluster Build Environment
2025-08-09T10:54:46.6023638Z 
2025-08-09T10:54:46.6023764Z [0;34m[INFO][0m Build Configuration:
2025-08-09T10:54:46.6024052Z [0;34m[INFO][0m   Kernel Version: 6.6.58
2025-08-09T10:54:46.6024319Z [0;34m[INFO][0m   Cluster Mode: main
2025-08-09T10:54:46.6024580Z [0;34m[INFO][0m   Build Threads: 2
2025-08-09T10:54:46.6025076Z [0;34m[INFO][0m   GUI Enabled: true
2025-08-09T10:54:46.6025389Z [0;34m[INFO][0m   Build Directory: /home/runner/ainux-build
2025-08-09T10:54:46.6025740Z [0;34m[INFO][0m Installing build dependencies...
2025-08-09T10:54:46.6026116Z [0;34m[INFO][0m Detected CI environment - applying optimizations...
2025-08-09T10:54:48.1660680Z 
2025-08-09T10:54:48.1661274Z WARNING: apt does not have a stable CLI interface. Use with caution in scripts.
2025-08-09T10:54:48.1661601Z 
2025-08-09T10:54:48.2041132Z Reading package lists...
2025-08-09T10:54:48.3799257Z Building dependency tree...
2025-08-09T10:54:48.3810910Z Reading state information...
2025-08-09T10:54:48.5298566Z bc is already the newest version (1.07.1-3build1).
2025-08-09T10:54:48.5299310Z bison is already the newest version (2:3.8.2+dfsg-1build1).
2025-08-09T10:54:48.5299942Z build-essential is already the newest version (12.9ubuntu3).
2025-08-09T10:54:48.5300966Z dosfstools is already the newest version (4.2-1build3).
2025-08-09T10:54:48.5301526Z flex is already the newest version (2.6.4-8build2).
2025-08-09T10:54:48.5302003Z gcc is already the newest version (4:11.2.0-1ubuntu1).
2025-08-09T10:54:48.5302569Z genisoimage is already the newest version (9:1.1.11-3.2ubuntu1).
2025-08-09T10:54:48.5303096Z make is already the newest version (4.3-4.1build1).
2025-08-09T10:54:48.5303647Z mtools is already the newest version (4.0.33-1+really4.0.32-1build1).
2025-08-09T10:54:48.5304197Z pv is already the newest version (1.6.6-1build2).
2025-08-09T10:54:48.5304721Z squashfs-tools is already the newest version (1:4.5-3build1).
2025-08-09T10:54:48.5305436Z isolinux is already the newest version (3:6.04~git20190206.bf6db5b4+dfsg1-3ubuntu1).
2025-08-09T10:54:48.5306299Z syslinux-utils is already the newest version (3:6.04~git20190206.bf6db5b4+dfsg1-3ubuntu1).
2025-08-09T10:54:48.5307191Z xorriso is already the newest version (1.5.4-2).
2025-08-09T10:54:48.5307711Z curl is already the newest version (7.81.0-1ubuntu1.20).
2025-08-09T10:54:48.5308318Z debootstrap is already the newest version (1.0.126+nmu1ubuntu0.8).
2025-08-09T10:54:48.5308981Z grub-efi-amd64-bin is already the newest version (2.06-2ubuntu14.8).
2025-08-09T10:54:48.5309605Z grub-pc-bin is already the newest version (2.06-2ubuntu7.2).
2025-08-09T10:54:48.5310302Z libelf-dev is already the newest version (0.186-1ubuntu0.1).
2025-08-09T10:54:48.5310902Z libncurses-dev is already the newest version (6.3-2ubuntu0.1).
2025-08-09T10:54:48.5311516Z libssl-dev is already the newest version (3.0.2-0ubuntu1.19).
2025-08-09T10:54:48.5312126Z live-build is already the newest version (3.0~a57-1ubuntu41.22.04.1).
2025-08-09T10:54:48.5312782Z qemu-system-x86 is already the newest version (1:6.2+dfsg-2ubuntu6.26).
2025-08-09T10:54:48.5313418Z rsync is already the newest version (3.2.7-0ubuntu0.22.04.4).
2025-08-09T10:54:48.5313971Z wget is already the newest version (1.21.2-2ubuntu1.1).
2025-08-09T10:54:48.5314641Z nmap is already the newest version (7.91+dfsg1+really7.80+dfsg1-2ubuntu0.1).
2025-08-09T10:54:48.5315070Z python3-pip is already the newest version (22.0.2+dfsg-1ubuntu0.6).
2025-08-09T10:54:48.5315553Z git is already the newest version (1:2.50.1-0ppa1~ubuntu22.04.1).
2025-08-09T10:54:48.5690499Z The following NEW packages will be installed:
2025-08-09T10:54:48.5694581Z   dialog
2025-08-09T10:54:48.5969194Z 0 upgraded, 1 newly installed, 0 to remove and 16 not upgraded.
2025-08-09T10:54:48.6301203Z Need to get 303 kB of archives.
2025-08-09T10:54:48.6301843Z After this operation, 1258 kB of additional disk space will be used.
2025-08-09T10:54:48.6302405Z Get:1 file:/etc/apt/apt-mirrors.txt Mirrorlist [144 B]
2025-08-09T10:54:48.7837664Z Get:2 http://azure.archive.ubuntu.com/ubuntu jammy/universe amd64 dialog amd64 1.3-20211214-1 [303 kB]
2025-08-09T10:54:49.3649554Z Fetched 303 kB in 0s (672 kB/s)
2025-08-09T10:54:49.3872993Z Selecting previously unselected package dialog.
2025-08-09T10:54:49.3941306Z (Reading database ... 
2025-08-09T10:54:49.3941840Z (Reading database ... 5%
2025-08-09T10:54:49.3942486Z (Reading database ... 10%
2025-08-09T10:54:49.3942832Z (Reading database ... 15%
2025-08-09T10:54:49.3943156Z (Reading database ... 20%
2025-08-09T10:54:49.3943476Z (Reading database ... 25%
2025-08-09T10:54:49.3943806Z (Reading database ... 30%
2025-08-09T10:54:49.3944126Z (Reading database ... 35%
2025-08-09T10:54:49.3944448Z (Reading database ... 40%
2025-08-09T10:54:49.3944767Z (Reading database ... 45%
2025-08-09T10:54:49.3945088Z (Reading database ... 50%
2025-08-09T10:54:49.3998672Z (Reading database ... 55%
2025-08-09T10:54:49.4030681Z (Reading database ... 60%
2025-08-09T10:54:49.4050170Z (Reading database ... 65%
2025-08-09T10:54:49.4242597Z (Reading database ... 70%
2025-08-09T10:54:49.4298058Z (Reading database ... 75%
2025-08-09T10:54:49.4330664Z (Reading database ... 80%
2025-08-09T10:54:49.4589781Z (Reading database ... 85%
2025-08-09T10:54:49.4664987Z (Reading database ... 90%
2025-08-09T10:54:49.4811136Z (Reading database ... 95%
2025-08-09T10:54:49.4812004Z (Reading database ... 100%
2025-08-09T10:54:49.4812387Z (Reading database ... 270634 files and directories currently installed.)
2025-08-09T10:54:49.4862014Z Preparing to unpack .../dialog_1.3-20211214-1_amd64.deb ...
2025-08-09T10:54:49.4886847Z Unpacking dialog (1.3-20211214-1) ...
2025-08-09T10:54:49.6710553Z Setting up dialog (1.3-20211214-1) ...
2025-08-09T10:54:49.6784247Z Processing triggers for man-db (2.10.2-1) ...
2025-08-09T10:54:50.2447241Z NEEDRESTART-VER: 3.5
2025-08-09T10:54:50.4782972Z NEEDRESTART-KCUR: 6.8.0-1031-azure
2025-08-09T10:54:50.4783446Z NEEDRESTART-KEXP: 6.8.0-1031-azure
2025-08-09T10:54:50.4783827Z NEEDRESTART-KSTA: 1
2025-08-09T10:54:50.4784100Z NEEDRESTART-SVC: hosted-compute-agent.service
2025-08-09T10:54:51.8147571Z [0;34m[INFO][0m Applying CI space optimizations...
2025-08-09T10:54:52.7579388Z Reading package lists...
2025-08-09T10:54:52.9346742Z Building dependency tree...
2025-08-09T10:54:52.9358989Z Reading state information...
2025-08-09T10:54:53.0795200Z The following packages will be REMOVED:
2025-08-09T10:54:53.0814851Z   apport-symptoms landscape-common libintl-perl libintl-xs-perl libisns0
2025-08-09T10:54:53.0815710Z   liblldb-13 liblldb-15 libmodule-find-perl libmodule-scandeps-perl libmspack0
2025-08-09T10:54:53.0816498Z   libopeniscsiusr libproc-processtable-perl libsort-naturally-perl
2025-08-09T10:54:53.0817415Z   libterm-readkey-perl libxmlsec1 libxmlsec1-openssl lxd-agent-loader
2025-08-09T10:54:53.0818138Z   needrestart open-iscsi open-vm-tools python3-apport python3-automat
2025-08-09T10:54:53.0818812Z   python3-bcrypt python3-click python3-colorama python3-constantly
2025-08-09T10:54:53.0819205Z   python3-hamcrest python3-hyperlink python3-incremental
2025-08-09T10:54:53.0819585Z   python3-problem-report python3-pyasn1 python3-pyasn1-modules
2025-08-09T10:54:53.0819967Z   python3-service-identity python3-systemd python3-twisted
2025-08-09T10:54:53.0820263Z   python3-zope.interface zerofree
2025-08-09T10:54:53.3501930Z 0 upgraded, 0 newly installed, 37 to remove and 14 not upgraded.
2025-08-09T10:54:53.3502522Z After this operation, 62.7 MB disk space will be freed.
2025-08-09T10:54:53.3747348Z (Reading database ... 
2025-08-09T10:54:53.3747810Z (Reading database ... 5%
2025-08-09T10:54:53.3748229Z (Reading database ... 10%
2025-08-09T10:54:53.3748583Z (Reading database ... 15%
2025-08-09T10:54:53.3748838Z (Reading database ... 20%
2025-08-09T10:54:53.3749073Z (Reading database ... 25%
2025-08-09T10:54:53.3749303Z (Reading database ... 30%
2025-08-09T10:54:53.3749527Z (Reading database ... 35%
2025-08-09T10:54:53.3749748Z (Reading database ... 40%
2025-08-09T10:54:53.3749975Z (Reading database ... 45%
2025-08-09T10:54:53.3750195Z (Reading database ... 50%
2025-08-09T10:54:53.3803204Z (Reading database ... 55%
2025-08-09T10:54:53.3834185Z (Reading database ... 60%
2025-08-09T10:54:53.3852623Z (Reading database ... 65%
2025-08-09T10:54:53.4042143Z (Reading database ... 70%
2025-08-09T10:54:53.4096657Z (Reading database ... 75%
2025-08-09T10:54:53.4129645Z (Reading database ... 80%
2025-08-09T10:54:53.4387799Z (Reading database ... 85%
2025-08-09T10:54:53.4462961Z (Reading database ... 90%
2025-08-09T10:54:53.4604635Z (Reading database ... 95%
2025-08-09T10:54:53.4605007Z (Reading database ... 100%
2025-08-09T10:54:53.4605508Z (Reading database ... 270787 files and directories currently installed.)
2025-08-09T10:54:53.4655373Z Removing apport-symptoms (0.24) ...
2025-08-09T10:54:53.5027956Z Removing landscape-common (23.02-0ubuntu1~22.04.4) ...
2025-08-09T10:54:53.6445558Z Removing libintl-xs-perl (1.26-3build2) ...
2025-08-09T10:54:53.6819989Z Removing needrestart (3.5-5ubuntu2.4) ...
2025-08-09T10:54:53.7458154Z Removing libintl-perl (1.26-3build2) ...
2025-08-09T10:54:53.7880029Z Removing open-iscsi (2.1.5-1ubuntu1.1) ...
2025-08-09T10:54:53.9538644Z Warning: Stopping iscsid.service, but it can still be activated by:
2025-08-09T10:54:53.9539240Z   iscsid.socket
2025-08-09T10:54:55.3537333Z Removing libisns0:amd64 (0.101-0ubuntu2) ...
2025-08-09T10:54:55.3790274Z Removing liblldb-13 (1:13.0.1-2ubuntu2.2) ...
2025-08-09T10:54:55.4156111Z Removing liblldb-15 (1:15.0.7-0ubuntu0.22.04.3) ...
2025-08-09T10:54:55.4593145Z Removing libmodule-find-perl (0.15-1) ...
2025-08-09T10:54:55.4916627Z Removing libmodule-scandeps-perl (1.31-1ubuntu0.1) ...
2025-08-09T10:54:55.5106454Z Removing open-vm-tools (2:12.3.5-3~ubuntu0.22.04.2) ...
2025-08-09T10:54:56.4944364Z Removing libmspack0:amd64 (0.10.1-2build2) ...
2025-08-09T10:54:56.5226003Z Removing libopeniscsiusr (2.1.5-1ubuntu1.1) ...
2025-08-09T10:54:56.5508824Z Removing libproc-processtable-perl:amd64 (0.634-1build1) ...
2025-08-09T10:54:56.5802110Z Removing libsort-naturally-perl (1.03-2) ...
2025-08-09T10:54:56.6128776Z Removing libterm-readkey-perl (2.38-1build4) ...
2025-08-09T10:54:56.6370767Z Removing libxmlsec1-openssl:amd64 (1.2.33-1build2) ...
2025-08-09T10:54:56.6618358Z Removing libxmlsec1:amd64 (1.2.33-1build2) ...
2025-08-09T10:54:56.6875228Z Removing lxd-agent-loader (0.5) ...
2025-08-09T10:54:57.1707983Z Removing python3-apport (2.20.11-0ubuntu82.9) ...
2025-08-09T10:54:57.2806454Z Removing python3-twisted (22.1.0-2ubuntu2.6) ...
2025-08-09T10:54:57.6156133Z Removing python3-automat (20.2.0-1) ...
2025-08-09T10:54:57.7245759Z Removing python3-bcrypt (3.2.0-1build1) ...
2025-08-09T10:54:57.8186143Z Removing python3-click (8.0.3-1) ...
2025-08-09T10:54:57.9215085Z Removing python3-colorama (0.4.4-1) ...
2025-08-09T10:54:58.0225910Z Removing python3-constantly (15.1.0-2) ...
2025-08-09T10:54:58.1186163Z Removing python3-hamcrest (2.0.2-2) ...
2025-08-09T10:54:58.2313987Z Removing python3-hyperlink (21.0.0-3) ...
2025-08-09T10:54:58.3314827Z Removing python3-incremental (21.3.0-1) ...
2025-08-09T10:54:58.4320867Z Removing python3-problem-report (2.20.11-0ubuntu82.9) ...
2025-08-09T10:54:58.5252090Z Removing python3-service-identity (18.1.0-6) ...
2025-08-09T10:54:58.6239076Z Removing python3-pyasn1-modules (0.2.1-1) ...
2025-08-09T10:54:58.7206850Z Removing python3-pyasn1 (0.4.8-1) ...
2025-08-09T10:54:58.8305800Z Removing python3-systemd (234-3ubuntu2) ...
2025-08-09T10:54:58.9466326Z Removing python3-zope.interface (5.4.0-1build1) ...
2025-08-09T10:54:59.0604271Z Removing zerofree (1.1.1-1build3) ...
2025-08-09T10:54:59.1215286Z Processing triggers for libc-bin (2.35-0ubuntu3.10) ...
2025-08-09T10:54:59.1413965Z Processing triggers for man-db (2.10.2-1) ...
2025-08-09T10:54:59.4975247Z Processing triggers for initramfs-tools (0.140ubuntu13.5) ...
2025-08-09T10:54:59.5387843Z update-initramfs: Generating /boot/initrd.img-6.8.0-1031-azure
2025-08-09T10:55:09.2022226Z [0;32m[SUCCESS][0m Build environment initialized
2025-08-09T10:55:09.2023810Z 
2025-08-09T10:55:09.2024226Z [0;35m[PHASE][0m Building Custom Kernel 6.6.58 with AI Optimizations
2025-08-09T10:55:09.2024620Z 
2025-08-09T10:55:09.2024791Z [0;34m[INFO][0m Downloading Linux kernel 6.6.58...
2025-08-09T10:55:09.2025311Z [0;34m[INFO][0m CI environment detected - using optimized download strategy
2025-08-09T10:55:09.2025795Z [0;34m[INFO][0m Downloading kernel tarball (faster than git clone)...
2025-08-09T10:55:09.2236110Z --2025-08-09 10:55:09--  https://www.kernel.org/pub/linux/kernel/v6.x/linux-6.6.58.tar.xz
2025-08-09T10:55:09.3638520Z Resolving www.kernel.org (www.kernel.org)... 146.75.93.55, 2a04:4e42:87::311
2025-08-09T10:55:09.3713085Z Connecting to www.kernel.org (www.kernel.org)|146.75.93.55|:443... connected.
2025-08-09T10:55:09.4004852Z HTTP request sent, awaiting response... 200 OK
2025-08-09T10:55:09.4005300Z Length: 140387240 (134M) [application/x-xz]
2025-08-09T10:55:09.4005898Z Saving to: ‘linux-6.6.58.tar.xz’
2025-08-09T10:55:09.4118522Z 
2025-08-09T10:55:09.4540627Z      0K ........ ........ ........ ........ ........ ........  2% 56.1M 2s
2025-08-09T10:55:09.4642782Z   3072K ........ ........ ........ ........ ........ ........  4%  306M 1s
2025-08-09T10:55:09.4721128Z   6144K ........ ........ ........ ........ ........ ........  6%  365M 1s
2025-08-09T10:55:09.4799094Z   9216K ........ ........ ........ ........ ........ ........  8%  386M 1s
2025-08-09T10:55:09.4884478Z  12288K ........ ........ ........ ........ ........ ........ 11%  358M 1s
2025-08-09T10:55:09.4961577Z  15360K ........ ........ ........ ........ ........ ........ 13%  388M 1s
2025-08-09T10:55:09.5039907Z  18432K ........ ........ ........ ........ ........ ........ 15%  374M 1s
2025-08-09T10:55:09.5112519Z  21504K ........ ........ ........ ........ ........ ........ 17%  420M 1s
2025-08-09T10:55:09.5191490Z  24576K ........ ........ ........ ........ ........ ........ 20%  382M 0s
2025-08-09T10:55:09.5267479Z  27648K ........ ........ ........ ........ ........ ........ 22%  390M 0s
2025-08-09T10:55:09.5342832Z  30720K ........ ........ ........ ........ ........ ........ 24%  395M 0s
2025-08-09T10:55:09.5417233Z  33792K ........ ........ ........ ........ ........ ........ 26%  404M 0s
2025-08-09T10:55:09.5494308Z  36864K ........ ........ ........ ........ ........ ........ 29%  388M 0s
2025-08-09T10:55:09.5575786Z  39936K ........ ........ ........ ........ ........ ........ 31%  368M 0s
2025-08-09T10:55:09.5668323Z  43008K ........ ........ ........ ........ ........ ........ 33%  331M 0s
2025-08-09T10:55:09.5761232Z  46080K ........ ........ ........ ........ ........ ........ 35%  334M 0s
2025-08-09T10:55:09.5839440Z  49152K ........ ........ ........ ........ ........ ........ 38%  362M 0s
2025-08-09T10:55:09.5915175Z  52224K ........ ........ ........ ........ ........ ........ 40%  402M 0s
2025-08-09T10:55:09.5988938Z  55296K ........ ........ ........ ........ ........ ........ 42%  417M 0s
2025-08-09T10:55:09.6064111Z  58368K ........ ........ ........ ........ ........ ........ 44%  389M 0s
2025-08-09T10:55:09.6141113Z  61440K ........ ........ ........ ........ ........ ........ 47%  391M 0s
2025-08-09T10:55:09.6212101Z  64512K ........ ........ ........ ........ ........ ........ 49%  414M 0s
2025-08-09T10:55:09.6295303Z  67584K ........ ........ ........ ........ ........ ........ 51%  367M 0s
2025-08-09T10:55:09.6374959Z  70656K ........ ........ ........ ........ ........ ........ 53%  381M 0s
2025-08-09T10:55:09.6447513Z  73728K ........ ........ ........ ........ ........ ........ 56%  403M 0s
2025-08-09T10:55:09.6525806Z  76800K ........ ........ ........ ........ ........ ........ 58%  388M 0s
2025-08-09T10:55:09.6605138Z  79872K ........ ........ ........ ........ ........ ........ 60%  379M 0s
2025-08-09T10:55:09.6698380Z  82944K ........ ........ ........ ........ ........ ........ 62%  329M 0s
2025-08-09T10:55:09.6769077Z  86016K ........ ........ ........ ........ ........ ........ 64%  406M 0s
2025-08-09T10:55:09.6852836Z  89088K ........ ........ ........ ........ ........ ........ 67%  360M 0s
2025-08-09T10:55:09.6937915Z  92160K ........ ........ ........ ........ ........ ........ 69%  354M 0s
2025-08-09T10:55:09.7019659Z  95232K ........ ........ ........ ........ ........ ........ 71%  363M 0s
2025-08-09T10:55:09.7083364Z  98304K ........ ........ ........ ........ ........ ........ 73%  480M 0s
2025-08-09T10:55:09.7169679Z 101376K ........ ........ ........ ........ ........ ........ 76%  344M 0s
2025-08-09T10:55:09.7242098Z 104448K ........ ........ ........ ........ ........ ........ 78%  412M 0s
2025-08-09T10:55:09.7325831Z 107520K ........ ........ ........ ........ ........ ........ 80%  371M 0s
2025-08-09T10:55:09.7408748Z 110592K ........ ........ ........ ........ ........ ........ 82%  359M 0s
2025-08-09T10:55:09.7472499Z 113664K ........ ........ ........ ........ ........ ........ 85%  463M 0s
2025-08-09T10:55:09.7575162Z 116736K ........ ........ ........ ........ ........ ........ 87%  294M 0s
2025-08-09T10:55:09.7638491Z 119808K ........ ........ ........ ........ ........ ........ 89%  461M 0s
2025-08-09T10:55:09.7728549Z 122880K ........ ........ ........ ........ ........ ........ 91%  393M 0s
2025-08-09T10:55:09.7793459Z 125952K ........ ........ ........ ........ ........ ........ 94%  388M 0s
2025-08-09T10:55:09.7890410Z 129024K ........ ........ ........ ........ ........ ........ 96%  305M 0s
2025-08-09T10:55:09.7973349Z 132096K ........ ........ ........ ........ ........ ........ 98%  370M 0s
2025-08-09T10:55:09.8018419Z 135168K ........ ........ ........ ......                    100%  393M=0.4s
2025-08-09T10:55:09.8018773Z 
2025-08-09T10:55:09.8019533Z 2025-08-09 10:55:09 (334 MB/s) - ‘linux-6.6.58.tar.xz’ saved [140387240/140387240]
2025-08-09T10:55:09.8019951Z 
2025-08-09T10:55:09.8032352Z [0;34m[INFO][0m ✓ Kernel tarball downloaded successfully from kernel.org
2025-08-09T10:55:09.8033018Z [0;34m[INFO][0m Extracting kernel source...
2025-08-09T10:55:19.0607721Z [0;32m[SUCCESS][0m Kernel source extracted successfully
2025-08-09T10:55:19.0608942Z [0;34m[INFO][0m Applying AI/NPU optimization patches...
2025-08-09T10:55:19.0653886Z [0;34m[INFO][0m Script directory: /home/runner/ainux-build/kernel/linux
2025-08-09T10:55:19.0655105Z [0;34m[INFO][0m Initial patch directory: /home/runner/ainux-build/kernel/linux/patches
2025-08-09T10:55:19.0660236Z [0;34m[INFO][0m Current working directory: /home/runner/ainux-build/kernel/linux
2025-08-09T10:55:19.0661043Z [0;34m[INFO][0m Script location: ./ainux-builder.sh
2025-08-09T10:55:19.0661813Z [0;34m[INFO][0m Primary patch directory not found, trying alternatives...
2025-08-09T10:55:19.0684338Z [0;34m[INFO][0m Found patches at CI path: /home/runner/work/ainux/ainux/patches
2025-08-09T10:55:19.0685302Z [0;34m[INFO][0m Using local patches from repository: /home/runner/work/ainux/ainux/patches
2025-08-09T10:55:19.0725815Z [0;34m[INFO][0m Available patches: 6.6-cluster-networking-simple 6.6-cluster-networking 6.6-npu-core-fix 6.6-npu-kconfig-fix 6.6-npu-support 6.6-rocm-optimizations-simple 6.6-rocm-optimizations 6.6-tpu-support tpu-integration 
2025-08-09T10:55:19.0727591Z [0;34m[INFO][0m Applying NPU support patch...
2025-08-09T10:55:19.0987503Z patching file drivers/Kconfig
2025-08-09T10:55:19.0988207Z Hunk #1 succeeded at 243 with fuzz 2 (offset 3 lines).
2025-08-09T10:55:19.0989068Z patching file drivers/Makefile
2025-08-09T10:55:19.0990390Z patching file drivers/npu/Kconfig
2025-08-09T10:55:19.0991054Z patch: **** malformed patch at line 114: diff --git a/drivers/npu/Makefile b/drivers/npu/Makefile
2025-08-09T10:55:19.0991469Z 
2025-08-09T10:55:19.0996365Z [1;33m[WARNING][0m NPU patch failed, continuing with build...
2025-08-09T10:55:19.0997293Z [0;34m[INFO][0m Applying simplified ROCm optimization patch...
2025-08-09T10:55:19.1010748Z patching file drivers/gpu/drm/amd/amdgpu/amdgpu_cs.c
2025-08-09T10:55:19.1011246Z Hunk #1 succeeded at 1274 with fuzz 3.
2025-08-09T10:55:19.1017265Z [0;34m[INFO][0m Applying simplified cluster networking patch...
2025-08-09T10:55:19.1033609Z patching file net/core/dev.c
2025-08-09T10:55:19.1040084Z Hunk #1 succeeded at 5354 with fuzz 2 (offset -166 lines).
2025-08-09T10:55:19.1047387Z [0;34m[INFO][0m Configuring kernel for AI workloads...
2025-08-09T10:55:19.2567774Z [0;34m[INFO][0m Applying AI hardware optimizations to kernel config...
2025-08-09T10:55:19.2568681Z [0;34m[INFO][0m Enabling mandatory NPU support for AI cluster...
2025-08-09T10:55:19.3497648Z [0;34m[INFO][0m Enabling mandatory AMD ROCm support...
2025-08-09T10:55:20.0497658Z   HOSTCC  scripts/basic/fixdep
2025-08-09T10:55:20.7513245Z   HOSTCC  scripts/kconfig/conf.o
2025-08-09T10:55:20.9774573Z   HOSTCC  scripts/kconfig/confdata.o
2025-08-09T10:55:21.2292606Z   HOSTCC  scripts/kconfig/expr.o
2025-08-09T10:55:21.4198016Z   LEX     scripts/kconfig/lexer.lex.c
2025-08-09T10:55:21.4768616Z   YACC    scripts/kconfig/parser.tab.[ch]
2025-08-09T10:55:21.6471786Z   HOSTCC  scripts/kconfig/lexer.lex.o
2025-08-09T10:55:21.8877100Z   HOSTCC  scripts/kconfig/menu.o
2025-08-09T10:55:22.0475224Z   HOSTCC  scripts/kconfig/parser.tab.o
2025-08-09T10:55:22.2515201Z   HOSTCC  scripts/kconfig/preprocess.o
2025-08-09T10:55:22.3499136Z   HOSTCC  scripts/kconfig/symbol.o
2025-08-09T10:55:22.6055228Z   HOSTCC  scripts/kconfig/util.o
2025-08-09T10:55:22.6515739Z   HOSTLD  scripts/kconfig/conf
2025-08-09T10:55:34.9369249Z drivers/Kconfig:246: can't open file "drivers/npu/Kconfig"
2025-08-09T10:55:34.9380052Z make[2]: *** [scripts/kconfig/Makefile:77: oldconfig] Error 1
2025-08-09T10:55:34.9382345Z make[1]: *** [/home/runner/ainux-build/kernel/linux/Makefile:697: oldconfig] Error 2
2025-08-09T10:55:34.9384714Z make: *** [Makefile:234: __sub-make] Error 2
2025-08-09T10:55:34.9392658Z + echo 'Build timed out or failed'
2025-08-09T10:55:34.9393046Z Build timed out or failed
2025-08-09T10:55:34.9393435Z + echo '=== Last 100 lines of any available logs ==='
2025-08-09T10:55:34.9393888Z === Last 100 lines of any available logs ===
2025-08-09T10:55:34.9398295Z + find /home/runner/ainux-build/logs -name '*.log' -exec tail -50 '{}' ';'
2025-08-09T10:55:34.9420442Z patching file net/core/dev.c
2025-08-09T10:55:34.9420929Z Hunk #1 succeeded at 5354 with fuzz 2 (offset -166 lines).
2025-08-09T10:55:34.9430355Z patching file drivers/Kconfig
2025-08-09T10:55:34.9430714Z Hunk #1 succeeded at 243 with fuzz 2 (offset 3 lines).
2025-08-09T10:55:34.9431022Z patching file drivers/Makefile
2025-08-09T10:55:34.9431440Z patching file drivers/npu/Kconfig
2025-08-09T10:55:34.9432092Z patch: **** malformed patch at line 114: diff --git a/drivers/npu/Makefile b/drivers/npu/Makefile
2025-08-09T10:55:34.9432618Z 
2025-08-09T10:55:34.9440416Z patching file drivers/gpu/drm/amd/amdgpu/amdgpu_cs.c
2025-08-09T10:55:34.9440803Z Hunk #1 succeeded at 1274 with fuzz 3.
2025-08-09T10:55:34.9443952Z + echo '=== Environment Variables ==='
2025-08-09T10:55:34.9444355Z === Environment Variables ===
2025-08-09T10:55:34.9446166Z + env
2025-08-09T10:55:34.9447894Z + grep -E '(CLUSTER_MODE|ENABLE_GUI|SKIP_|BUILD_)'
2025-08-09T10:55:34.9460480Z BUILD_THREADS=2
2025-08-09T10:55:34.9460824Z DOTNET_SKIP_FIRST_TIME_EXPERIENCE=1
2025-08-09T10:55:34.9461206Z SKIP_QEMU_TEST=true
2025-08-09T10:55:34.9461461Z CLUSTER_MODE=main
2025-08-09T10:55:34.9461654Z SKIP_CONNECTIVITY_CHECK=true
2025-08-09T10:55:34.9461933Z ENABLE_GUI=true
2025-08-09T10:55:34.9462224Z + echo '=== Disk Usage ==='
2025-08-09T10:55:34.9462537Z === Disk Usage ===
2025-08-09T10:55:34.9464119Z + df -h
2025-08-09T10:55:34.9474784Z Filesystem      Size  Used Avail Use% Mounted on
2025-08-09T10:55:34.9475251Z /dev/root        73G   38G   36G  52% /
2025-08-09T10:55:34.9475660Z tmpfs           7.9G  172K  7.9G   1% /dev/shm
2025-08-09T10:55:34.9475966Z tmpfs           3.2G  1.1M  3.2G   1% /run
2025-08-09T10:55:34.9476388Z tmpfs           5.0M     0  5.0M   0% /run/lock
2025-08-09T10:55:34.9476822Z /dev/sdb15      105M  6.1M   99M   6% /boot/efi
2025-08-09T10:55:34.9477609Z /dev/sda1        74G  4.1G   66G   6% /mnt
2025-08-09T10:55:34.9477867Z tmpfs           1.6G   12K  1.6G   1% /run/user/1001
2025-08-09T10:55:34.9478122Z tmpfs           7.9G     0  7.9G   0% /run/qemu
2025-08-09T10:55:34.9478366Z + echo '=== Memory Usage ==='
2025-08-09T10:55:34.9478570Z + free -h
2025-08-09T10:55:34.9478738Z === Memory Usage ===
2025-08-09T10:55:34.9492430Z                total        used        free      shared  buff/cache   available
2025-08-09T10:55:34.9492877Z Mem:            15Gi       587Mi        10Gi        47Mi       4.7Gi        14Gi
2025-08-09T10:55:34.9493423Z Swap:          4.0Gi          0B       4.0Gi
2025-08-09T10:55:34.9494953Z + exit 1
2025-08-09T10:55:34.9606110Z ##[error]The operation was canceled.
2025-08-09T10:55:34.9689651Z Post job cleanup.
2025-08-09T10:55:35.0610124Z [command]/usr/bin/git version
2025-08-09T10:55:35.0644641Z git version 2.50.1
2025-08-09T10:55:35.0686343Z Temporarily overriding HOME='/home/runner/work/_temp/15cd7308-23fe-4ed9-8e8d-5bd499d2e5db' before making global git config changes
2025-08-09T10:55:35.0687406Z Adding repository directory to the temporary git global config as a safe directory
2025-08-09T10:55:35.0698392Z [command]/usr/bin/git config --global --add safe.directory /home/runner/work/ainux/ainux
2025-08-09T10:55:35.0730029Z [command]/usr/bin/git config --local --name-only --get-regexp core\.sshCommand
2025-08-09T10:55:35.0760684Z [command]/usr/bin/git submodule foreach --recursive sh -c "git config --local --name-only --get-regexp 'core\.sshCommand' && git config --local --unset-all 'core.sshCommand' || :"
2025-08-09T10:55:35.0982958Z [command]/usr/bin/git config --local --name-only --get-regexp http\.https\:\/\/github\.com\/\.extraheader
2025-08-09T10:55:35.1003930Z http.https://github.com/.extraheader
2025-08-09T10:55:35.1017177Z [command]/usr/bin/git config --local --unset-all http.https://github.com/.extraheader
2025-08-09T10:55:35.1047301Z [command]/usr/bin/git submodule foreach --recursive sh -c "git config --local --name-only --get-regexp 'http\.https\:\/\/github\.com\/\.extraheader' && git config --local --unset-all 'http.https://github.com/.extraheader' || :"
2025-08-09T10:55:35.1368596Z Cleaning up orphan processes
