2025-08-09T10:52:20.4291082Z Current runner version: '2.327.1'
2025-08-09T10:52:20.4315147Z ##[group]Runner Image Provisioner
2025-08-09T10:52:20.4315976Z Hosted Compute Agent
2025-08-09T10:52:20.4316566Z Version: 20250711.363
2025-08-09T10:52:20.4317205Z Commit: 6785254374ce925a23743850c1cb91912ce5c14c
2025-08-09T10:52:20.4317847Z Build Date: 2025-07-11T20:04:25Z
2025-08-09T10:52:20.4318495Z ##[endgroup]
2025-08-09T10:52:20.4319044Z ##[group]Operating System
2025-08-09T10:52:20.4319563Z Ubuntu
2025-08-09T10:52:20.4320095Z 22.04.5
2025-08-09T10:52:20.4320580Z LTS
2025-08-09T10:52:20.4321024Z ##[endgroup]
2025-08-09T10:52:20.4321762Z ##[group]Runner Image
2025-08-09T10:52:20.4322404Z Image: ubuntu-22.04
2025-08-09T10:52:20.4322873Z Version: 20250804.2.0
2025-08-09T10:52:20.4323847Z Included Software: https://github.com/actions/runner-images/blob/ubuntu22/20250804.2/images/ubuntu/Ubuntu2204-Readme.md
2025-08-09T10:52:20.4325431Z Image Release: https://github.com/actions/runner-images/releases/tag/ubuntu22%2F20250804.2
2025-08-09T10:52:20.4326450Z ##[endgroup]
2025-08-09T10:52:20.4328798Z ##[group]GITHUB_TOKEN Permissions
2025-08-09T10:52:20.4331048Z Actions: write
2025-08-09T10:52:20.4331993Z Attestations: write
2025-08-09T10:52:20.4332527Z Checks: write
2025-08-09T10:52:20.4332991Z Contents: write
2025-08-09T10:52:20.4333917Z Deployments: write
2025-08-09T10:52:20.4334440Z Discussions: write
2025-08-09T10:52:20.4334912Z Issues: write
2025-08-09T10:52:20.4335457Z Metadata: read
2025-08-09T10:52:20.4335900Z Models: read
2025-08-09T10:52:20.4336399Z Packages: write
2025-08-09T10:52:20.4336891Z Pages: write
2025-08-09T10:52:20.4337476Z PullRequests: write
2025-08-09T10:52:20.4337981Z RepositoryProjects: write
2025-08-09T10:52:20.4338574Z SecurityEvents: write
2025-08-09T10:52:20.4339213Z Statuses: write
2025-08-09T10:52:20.4339682Z ##[endgroup]
2025-08-09T10:52:20.4342159Z Secret source: Actions
2025-08-09T10:52:20.4342840Z Prepare workflow directory
2025-08-09T10:52:20.4727050Z Prepare all required actions
2025-08-09T10:52:20.4765650Z Getting action download info
2025-08-09T10:52:20.8393101Z ##[group]Download immutable action package 'actions/checkout@v4'
2025-08-09T10:52:20.8394300Z Version: 4.2.2
2025-08-09T10:52:20.8395785Z Digest: sha256:ccb2698953eaebd21c7bf6268a94f9c26518a7e38e27e0b83c1fe1ad049819b1
2025-08-09T10:52:20.8397286Z Source commit SHA: 11bd71901bbe5b1630ceea73d27597364c9af683
2025-08-09T10:52:20.8398065Z ##[endgroup]
2025-08-09T10:52:20.9485772Z ##[group]Download immutable action package 'actions/upload-artifact@v4'
2025-08-09T10:52:20.9486697Z Version: 4.6.2
2025-08-09T10:52:20.9487513Z Digest: sha256:290722aa3281d5caf23d0acdc3dbeb3424786a1a01a9cc97e72f147225e37c38
2025-08-09T10:52:20.9488469Z Source commit SHA: ea165f8d65b6e75b540449e92b4886f43607fa02
2025-08-09T10:52:20.9489253Z ##[endgroup]
2025-08-09T10:52:21.2632313Z Complete job name: build-test (sub, false)
2025-08-09T10:52:21.3338045Z ##[group]Run actions/checkout@v4
2025-08-09T10:52:21.3338942Z with:
2025-08-09T10:52:21.3339356Z   lfs: true
2025-08-09T10:52:21.3339771Z   repository: yaotagroep/ainux
2025-08-09T10:52:21.3340477Z   token: ***
2025-08-09T10:52:21.3340878Z   ssh-strict: true
2025-08-09T10:52:21.3341632Z   ssh-user: git
2025-08-09T10:52:21.3342068Z   persist-credentials: true
2025-08-09T10:52:21.3342603Z   clean: true
2025-08-09T10:52:21.3343022Z   sparse-checkout-cone-mode: true
2025-08-09T10:52:21.3343516Z   fetch-depth: 1
2025-08-09T10:52:21.3343916Z   fetch-tags: false
2025-08-09T10:52:21.3344337Z   show-progress: true
2025-08-09T10:52:21.3344769Z   submodules: false
2025-08-09T10:52:21.3345209Z   set-safe-directory: true
2025-08-09T10:52:21.3345985Z ##[endgroup]
2025-08-09T10:52:21.4410352Z Syncing repository: yaotagroep/ainux
2025-08-09T10:52:21.4412546Z ##[group]Getting Git version info
2025-08-09T10:52:21.4413297Z Working directory is '/home/runner/work/ainux/ainux'
2025-08-09T10:52:21.4414495Z [command]/usr/bin/git version
2025-08-09T10:52:21.4487775Z git version 2.50.1
2025-08-09T10:52:21.4536742Z [command]/usr/bin/git lfs version
2025-08-09T10:52:21.9446590Z git-lfs/3.7.0 (GitHub; linux amd64; go 1.24.4)
2025-08-09T10:52:21.9461412Z ##[endgroup]
2025-08-09T10:52:21.9479022Z Temporarily overriding HOME='/home/runner/work/_temp/8edecba4-f802-4211-8781-bcd42acdb59c' before making global git config changes
2025-08-09T10:52:21.9482902Z Adding repository directory to the temporary git global config as a safe directory
2025-08-09T10:52:21.9486031Z [command]/usr/bin/git config --global --add safe.directory /home/runner/work/ainux/ainux
2025-08-09T10:52:21.9521688Z Deleting the contents of '/home/runner/work/ainux/ainux'
2025-08-09T10:52:21.9525726Z ##[group]Initializing the repository
2025-08-09T10:52:21.9530370Z [command]/usr/bin/git init /home/runner/work/ainux/ainux
2025-08-09T10:52:21.9612611Z hint: Using 'master' as the name for the initial branch. This default branch name
2025-08-09T10:52:21.9615327Z hint: is subject to change. To configure the initial branch name to use in all
2025-08-09T10:52:21.9618073Z hint: of your new repositories, which will suppress this warning, call:
2025-08-09T10:52:21.9620237Z hint:
2025-08-09T10:52:21.9621880Z hint: 	git config --global init.defaultBranch <name>
2025-08-09T10:52:21.9623695Z hint:
2025-08-09T10:52:21.9625323Z hint: Names commonly chosen instead of 'master' are 'main', 'trunk' and
2025-08-09T10:52:21.9628415Z hint: 'development'. The just-created branch can be renamed via this command:
2025-08-09T10:52:21.9630751Z hint:
2025-08-09T10:52:21.9632066Z hint: 	git branch -m <name>
2025-08-09T10:52:21.9633323Z hint:
2025-08-09T10:52:21.9635009Z hint: Disable this message with "git config set advice.defaultBranchName false"
2025-08-09T10:52:21.9637468Z Initialized empty Git repository in /home/runner/work/ainux/ainux/.git/
2025-08-09T10:52:21.9642772Z [command]/usr/bin/git remote add origin https://github.com/yaotagroep/ainux
2025-08-09T10:52:21.9666997Z ##[endgroup]
2025-08-09T10:52:21.9668984Z ##[group]Disabling automatic garbage collection
2025-08-09T10:52:21.9671015Z [command]/usr/bin/git config --local gc.auto 0
2025-08-09T10:52:21.9697217Z ##[endgroup]
2025-08-09T10:52:21.9698839Z ##[group]Setting up auth
2025-08-09T10:52:21.9704593Z [command]/usr/bin/git config --local --name-only --get-regexp core\.sshCommand
2025-08-09T10:52:21.9738137Z [command]/usr/bin/git submodule foreach --recursive sh -c "git config --local --name-only --get-regexp 'core\.sshCommand' && git config --local --unset-all 'core.sshCommand' || :"
2025-08-09T10:52:21.9987673Z [command]/usr/bin/git config --local --name-only --get-regexp http\.https\:\/\/github\.com\/\.extraheader
2025-08-09T10:52:22.0030433Z [command]/usr/bin/git submodule foreach --recursive sh -c "git config --local --name-only --get-regexp 'http\.https\:\/\/github\.com\/\.extraheader' && git config --local --unset-all 'http.https://github.com/.extraheader' || :"
2025-08-09T10:52:22.0250031Z [command]/usr/bin/git config --local http.https://github.com/.extraheader AUTHORIZATION: basic ***
2025-08-09T10:52:22.0284817Z ##[endgroup]
2025-08-09T10:52:22.0288595Z [command]/usr/bin/git lfs install --local
2025-08-09T10:52:22.0673671Z Updated Git hooks.
2025-08-09T10:52:22.0674911Z Git LFS initialized.
2025-08-09T10:52:22.0692163Z ##[group]Fetching the repository
2025-08-09T10:52:22.0701856Z [command]/usr/bin/git -c protocol.version=2 fetch --no-tags --prune --no-recurse-submodules --depth=1 origin +788bf531574074c9db61edfe556101dcd521f224:refs/remotes/origin/main
2025-08-09T10:52:23.0999466Z From https://github.com/yaotagroep/ainux
2025-08-09T10:52:23.1000415Z  * [new ref]         788bf531574074c9db61edfe556101dcd521f224 -> origin/main
2025-08-09T10:52:23.1024778Z ##[endgroup]
2025-08-09T10:52:23.1025280Z ##[group]Determining the checkout info
2025-08-09T10:52:23.1026758Z ##[endgroup]
2025-08-09T10:52:23.1027420Z ##[group]Fetching LFS objects
2025-08-09T10:52:23.1032166Z [command]/usr/bin/git lfs fetch origin refs/remotes/origin/main
2025-08-09T10:52:23.1245823Z Fetching reference refs/remotes/origin/main
2025-08-09T10:52:23.2112301Z ##[endgroup]
2025-08-09T10:52:23.2116883Z [command]/usr/bin/git sparse-checkout disable
2025-08-09T10:52:23.2157066Z [command]/usr/bin/git config --local --unset-all extensions.worktreeConfig
2025-08-09T10:52:23.2184500Z ##[group]Checking out the ref
2025-08-09T10:52:23.2188704Z [command]/usr/bin/git checkout --progress --force -B main refs/remotes/origin/main
2025-08-09T10:52:23.2894516Z Switched to a new branch 'main'
2025-08-09T10:52:23.2895289Z branch 'main' set up to track 'origin/main'.
2025-08-09T10:52:23.3152289Z ##[endgroup]
2025-08-09T10:52:23.3188009Z [command]/usr/bin/git log -1 --format=%H
2025-08-09T10:52:23.3211362Z 788bf531574074c9db61edfe556101dcd521f224
2025-08-09T10:52:23.3393795Z ##[group]Run echo "⏳ Reclaiming space..."
2025-08-09T10:52:23.3394311Z [36;1mecho "⏳ Reclaiming space..."[0m
2025-08-09T10:52:23.3394697Z [36;1msudo rm -rf /usr/local/lib/android[0m
2025-08-09T10:52:23.3395099Z [36;1msudo rm -rf /usr/local/share/boost[0m
2025-08-09T10:52:23.3395447Z [36;1msudo rm -rf /usr/share/dotnet[0m
2025-08-09T10:52:23.3395790Z [36;1msudo rm -rf /opt/ghc[0m
2025-08-09T10:52:23.3396151Z [36;1msudo rm -rf /opt/hostedtoolcache[0m
2025-08-09T10:52:23.3396552Z [36;1msudo apt-get clean[0m
2025-08-09T10:52:23.3396881Z [36;1msudo rm -rf "$AGENT_TOOLSDIRECTORY"[0m
2025-08-09T10:52:23.3397223Z [36;1mdf -h[0m
2025-08-09T10:52:23.3397464Z [36;1m [0m
2025-08-09T10:52:23.3430350Z shell: /usr/bin/bash -e {0}
2025-08-09T10:52:23.3430774Z ##[endgroup]
2025-08-09T10:52:23.3502309Z ⏳ Reclaiming space...
2025-08-09T10:54:14.4551485Z Filesystem      Size  Used Avail Use% Mounted on
2025-08-09T10:54:14.4552062Z /dev/root        73G   36G   37G  50% /
2025-08-09T10:54:14.4552584Z tmpfs           7.9G  172K  7.9G   1% /dev/shm
2025-08-09T10:54:14.4553037Z tmpfs           3.2G  1.1M  3.2G   1% /run
2025-08-09T10:54:14.4553462Z tmpfs           5.0M     0  5.0M   0% /run/lock
2025-08-09T10:54:14.4553898Z /dev/sdb15      105M  6.1M   99M   6% /boot/efi
2025-08-09T10:54:14.4554349Z /dev/sda1        74G  4.1G   66G   6% /mnt
2025-08-09T10:54:14.4555225Z tmpfs           1.6G   12K  1.6G   1% /run/user/1001
2025-08-09T10:54:14.4585143Z ##[group]Run sudo apt-get update
2025-08-09T10:54:14.4585446Z [36;1msudo apt-get update[0m
2025-08-09T10:54:14.4585679Z [36;1msudo apt-get install -y \[0m
2025-08-09T10:54:14.4586024Z [36;1m  git build-essential libncurses-dev bison flex libssl-dev \[0m
2025-08-09T10:54:14.4586443Z [36;1m  libelf-dev bc gcc make debootstrap live-build squashfs-tools \[0m
2025-08-09T10:54:14.4586848Z [36;1m  dosfstools xorriso isolinux syslinux-utils genisoimage \[0m
2025-08-09T10:54:14.4587230Z [36;1m  qemu-system-x86 python3-pip nmap curl wget rsync pv \[0m
2025-08-09T10:54:14.4587572Z [36;1m  grub-pc-bin grub-efi-amd64-bin mtools[0m
2025-08-09T10:54:14.4587826Z [36;1m  [0m
2025-08-09T10:54:14.4614626Z shell: /usr/bin/bash -e {0}
2025-08-09T10:54:14.4614860Z ##[endgroup]
2025-08-09T10:54:14.6236186Z Get:1 file:/etc/apt/apt-mirrors.txt Mirrorlist [144 B]
2025-08-09T10:54:14.6987336Z Get:6 https://packages.microsoft.com/repos/azure-cli jammy InRelease [3596 B]
2025-08-09T10:54:14.7280728Z Get:7 https://packages.microsoft.com/ubuntu/22.04/prod jammy InRelease [3632 B]
2025-08-09T10:54:14.7758336Z Hit:2 http://azure.archive.ubuntu.com/ubuntu jammy InRelease
2025-08-09T10:54:14.7775968Z Get:3 http://azure.archive.ubuntu.com/ubuntu jammy-updates InRelease [128 kB]
2025-08-09T10:54:14.7820435Z Get:4 http://azure.archive.ubuntu.com/ubuntu jammy-backports InRelease [127 kB]
2025-08-09T10:54:14.7848328Z Get:5 http://azure.archive.ubuntu.com/ubuntu jammy-security InRelease [129 kB]
2025-08-09T10:54:14.7935274Z Get:8 https://packages.microsoft.com/repos/azure-cli jammy/main amd64 Packages [2575 B]
2025-08-09T10:54:14.8490325Z Get:9 https://packages.microsoft.com/ubuntu/22.04/prod jammy/main amd64 Packages [239 kB]
2025-08-09T10:54:14.8592216Z Get:10 https://packages.microsoft.com/ubuntu/22.04/prod jammy/main arm64 Packages [75.0 kB]
2025-08-09T10:54:15.2213221Z Get:11 http://azure.archive.ubuntu.com/ubuntu jammy-security/main Translation-en [379 kB]
2025-08-09T10:54:26.7469512Z Fetched 1087 kB in 1s (1554 kB/s)
2025-08-09T10:54:27.6193027Z Reading package lists...
2025-08-09T10:54:27.6773049Z Reading package lists...
2025-08-09T10:54:27.8526042Z Building dependency tree...
2025-08-09T10:54:27.8537280Z Reading state information...
2025-08-09T10:54:27.9913594Z bc is already the newest version (1.07.1-3build1).
2025-08-09T10:54:27.9914275Z bc set to manually installed.
2025-08-09T10:54:27.9914842Z bison is already the newest version (2:3.8.2+dfsg-1build1).
2025-08-09T10:54:27.9915649Z build-essential is already the newest version (12.9ubuntu3).
2025-08-09T10:54:27.9916184Z build-essential set to manually installed.
2025-08-09T10:54:27.9916779Z dosfstools is already the newest version (4.2-1build3).
2025-08-09T10:54:27.9917271Z dosfstools set to manually installed.
2025-08-09T10:54:27.9917569Z flex is already the newest version (2.6.4-8build2).
2025-08-09T10:54:27.9917913Z gcc is already the newest version (4:11.2.0-1ubuntu1).
2025-08-09T10:54:27.9918274Z make is already the newest version (4.3-4.1build1).
2025-08-09T10:54:27.9918703Z squashfs-tools is already the newest version (1:4.5-3build1).
2025-08-09T10:54:27.9919143Z squashfs-tools set to manually installed.
2025-08-09T10:54:27.9919462Z xorriso is already the newest version (1.5.4-2).
2025-08-09T10:54:27.9919925Z curl is already the newest version (7.81.0-1ubuntu1.20).
2025-08-09T10:54:27.9920337Z grub-efi-amd64-bin is already the newest version (2.06-2ubuntu14.8).
2025-08-09T10:54:27.9920844Z grub-efi-amd64-bin set to manually installed.
2025-08-09T10:54:27.9921451Z grub-pc-bin is already the newest version (2.06-2ubuntu7.2).
2025-08-09T10:54:27.9921805Z grub-pc-bin set to manually installed.
2025-08-09T10:54:27.9922152Z libncurses-dev is already the newest version (6.3-2ubuntu0.1).
2025-08-09T10:54:27.9922507Z libncurses-dev set to manually installed.
2025-08-09T10:54:27.9922854Z libssl-dev is already the newest version (3.0.2-0ubuntu1.19).
2025-08-09T10:54:27.9923252Z rsync is already the newest version (3.2.7-0ubuntu0.22.04.4).
2025-08-09T10:54:27.9924065Z wget is already the newest version (1.21.2-2ubuntu1.1).
2025-08-09T10:54:27.9924481Z python3-pip is already the newest version (22.0.2+dfsg-1ubuntu0.6).
2025-08-09T10:54:27.9924915Z git is already the newest version (1:2.50.1-0ppa1~ubuntu22.04.1).
2025-08-09T10:54:27.9925303Z The following additional packages will be installed:
2025-08-09T10:54:27.9925753Z   cpu-checker gstreamer1.0-plugins-base gstreamer1.0-plugins-good
2025-08-09T10:54:27.9926264Z   gstreamer1.0-x ibverbs-providers ipxe-qemu ipxe-qemu-256k-compat-efi-roms
2025-08-09T10:54:27.9926726Z   libaa1 libasyncns0 libavc1394-0 libboost-iostreams1.74.0
2025-08-09T10:54:27.9927167Z   libboost-thread1.74.0 libbrlapi0.8 libcaca0 libcacard0 libcdparanoia0
2025-08-09T10:54:27.9927665Z   libdaxctl1 libdecor-0-0 libdecor-0-plugin-1-cairo libdv4 libfdt1 libflac8
2025-08-09T10:54:27.9928187Z   libgfapi0 libgfrpc0 libgfxdr0 libglusterfs0 libgstreamer-plugins-base1.0-0
2025-08-09T10:54:27.9928648Z   libgstreamer-plugins-good1.0-0 libibverbs1 libiec61883-0 libiscsi7
2025-08-09T10:54:27.9929090Z   libjack-jackd2-0 liblinear4 libmp3lame0 libmpg123-0 libndctl6
2025-08-09T10:54:27.9929814Z   libnl-route-3-200 libopus0 liborc-0.4-0 libpcsclite1 libpmem1 libpmemobj1
2025-08-09T10:54:27.9930555Z   libpulse0 librados2 libraw1394-11 librbd1 librdmacm1 libsamplerate0
2025-08-09T10:54:27.9931069Z   libsdl2-2.0-0 libshout3 libsndfile1 libspeex1 libspice-server1 libtag1v5
2025-08-09T10:54:27.9931628Z   libtag1v5-vanilla libtheora0 libtwolame0 liburing2 libusbredirparser1
2025-08-09T10:54:27.9932073Z   libv4l-0 libv4lconvert0 libvirglrenderer1 libvisual-0.4-0 libvorbisenc2
2025-08-09T10:54:27.9932503Z   libvpx7 libvte-2.91-0 libvte-2.91-common libwavpack1 libxv1 lua-lpeg
2025-08-09T10:54:27.9932900Z   msr-tools nmap-common ovmf qemu-block-extra qemu-system-common
2025-08-09T10:54:27.9933316Z   qemu-system-data qemu-system-gui qemu-utils seabios syslinux-common
2025-08-09T10:54:27.9933655Z Suggested packages:
2025-08-09T10:54:27.9934181Z   squid-deb-proxy-client debian-archive-keyring arch-test wodim cdrkit-doc
2025-08-09T10:54:27.9934636Z   gvfs libdv-bin oss-compat libvisual-0.4-plugins jackd2 liblinear-tools
2025-08-09T10:54:27.9935046Z   liblinear-dev opus-tools pcscd pulseaudio libraw1394-doc speex
2025-08-09T10:54:27.9935481Z   gstreamer1.0-libav gstreamer1.0-plugins-ugly memtest86+ | memtest86 syslinux
2025-08-09T10:54:27.9935933Z   | grub win32-loader gnu-fdisk floppyd ncat ndiff zenmap doc-base samba vde2
2025-08-09T10:54:27.9936292Z   libcrypt-passwdmd5-perl
2025-08-09T10:54:28.0237362Z The following NEW packages will be installed:
2025-08-09T10:54:28.0238166Z   cpu-checker debootstrap genisoimage gstreamer1.0-plugins-base
2025-08-09T10:54:28.0238982Z   gstreamer1.0-plugins-good gstreamer1.0-x ibverbs-providers ipxe-qemu
2025-08-09T10:54:28.0239871Z   ipxe-qemu-256k-compat-efi-roms isolinux libaa1 libasyncns0 libavc1394-0
2025-08-09T10:54:28.0240518Z   libboost-iostreams1.74.0 libboost-thread1.74.0 libbrlapi0.8 libcaca0
2025-08-09T10:54:28.0241419Z   libcacard0 libcdparanoia0 libdaxctl1 libdecor-0-0 libdecor-0-plugin-1-cairo
2025-08-09T10:54:28.0242205Z   libdv4 libelf-dev libfdt1 libflac8 libgfapi0 libgfrpc0 libgfxdr0
2025-08-09T10:54:28.0243033Z   libglusterfs0 libgstreamer-plugins-base1.0-0 libgstreamer-plugins-good1.0-0
2025-08-09T10:54:28.0243874Z   libibverbs1 libiec61883-0 libiscsi7 libjack-jackd2-0 liblinear4 libmp3lame0
2025-08-09T10:54:28.0244547Z   libmpg123-0 libndctl6 libnl-route-3-200 libopus0 liborc-0.4-0 libpcsclite1
2025-08-09T10:54:28.0245184Z   libpmem1 libpmemobj1 libpulse0 librados2 libraw1394-11 librbd1 librdmacm1
2025-08-09T10:54:28.0245773Z   libsamplerate0 libsdl2-2.0-0 libshout3 libsndfile1 libspeex1
2025-08-09T10:54:28.0246387Z   libspice-server1 libtag1v5 libtag1v5-vanilla libtheora0 libtwolame0
2025-08-09T10:54:28.0247117Z   liburing2 libusbredirparser1 libv4l-0 libv4lconvert0 libvirglrenderer1
2025-08-09T10:54:28.0247729Z   libvisual-0.4-0 libvorbisenc2 libvpx7 libvte-2.91-0 libvte-2.91-common
2025-08-09T10:54:28.0248556Z   libwavpack1 libxv1 live-build lua-lpeg msr-tools mtools nmap nmap-common
2025-08-09T10:54:28.0249098Z   ovmf pv qemu-block-extra qemu-system-common qemu-system-data qemu-system-gui
2025-08-09T10:54:28.0249603Z   qemu-system-x86 qemu-utils seabios syslinux-common syslinux-utils
2025-08-09T10:54:28.0421932Z 0 upgraded, 90 newly installed, 0 to remove and 16 not upgraded.
2025-08-09T10:54:28.0422424Z Need to get 53.2 MB of archives.
2025-08-09T10:54:28.0422764Z After this operation, 193 MB of additional disk space will be used.
2025-08-09T10:54:28.0423146Z Get:1 file:/etc/apt/apt-mirrors.txt Mirrorlist [144 B]
2025-08-09T10:54:28.1311357Z Get:2 http://azure.archive.ubuntu.com/ubuntu jammy/main amd64 msr-tools amd64 1.3-4 [10.3 kB]
2025-08-09T10:54:28.2010816Z Get:3 http://azure.archive.ubuntu.com/ubuntu jammy/main amd64 cpu-checker amd64 0.7-1.3build1 [6800 B]
2025-08-09T10:54:28.2789130Z Get:4 http://azure.archive.ubuntu.com/ubuntu jammy/main amd64 genisoimage amd64 9:1.1.11-3.2ubuntu1 [370 kB]
2025-08-09T10:54:28.3543948Z Get:5 http://azure.archive.ubuntu.com/ubuntu jammy/main amd64 libcdparanoia0 amd64 3.10.2+debian-14build2 [49.3 kB]
2025-08-09T10:54:28.4262164Z Get:6 http://azure.archive.ubuntu.com/ubuntu jammy-updates/main amd64 liborc-0.4-0 amd64 1:0.4.32-2ubuntu0.1 [228 kB]
2025-08-09T10:54:28.4969238Z Get:7 http://azure.archive.ubuntu.com/ubuntu jammy-updates/main amd64 libgstreamer-plugins-base1.0-0 amd64 1.20.1-1ubuntu0.4 [848 kB]
2025-08-09T10:54:28.6361655Z Get:8 http://azure.archive.ubuntu.com/ubuntu jammy/main amd64 libopus0 amd64 1.3.1-0.1build2 [203 kB]
2025-08-09T10:54:28.7073965Z Get:9 http://azure.archive.ubuntu.com/ubuntu jammy/main amd64 libtheora0 amd64 1.1.1+dfsg.1-15ubuntu4 [209 kB]
2025-08-09T10:54:28.7784321Z Get:10 http://azure.archive.ubuntu.com/ubuntu jammy/main amd64 libvisual-0.4-0 amd64 0.4.0-17build2 [108 kB]
2025-08-09T10:54:28.8493061Z Get:11 http://azure.archive.ubuntu.com/ubuntu jammy/main amd64 libvorbisenc2 amd64 1.3.7-1build2 [82.6 kB]
2025-08-09T10:54:28.9191770Z Get:12 http://azure.archive.ubuntu.com/ubuntu jammy-updates/main amd64 gstreamer1.0-plugins-base amd64 1.20.1-1ubuntu0.4 [712 kB]
2025-08-09T10:54:29.0570638Z Get:13 http://azure.archive.ubuntu.com/ubuntu jammy/main amd64 libaa1 amd64 1.4p5-50build1 [51.9 kB]
2025-08-09T10:54:29.1279150Z Get:14 http://azure.archive.ubuntu.com/ubuntu jammy/main amd64 libraw1394-11 amd64 2.1.2-2build2 [27.0 kB]
2025-08-09T10:54:29.1979696Z Get:15 http://azure.archive.ubuntu.com/ubuntu jammy/main amd64 libavc1394-0 amd64 0.5.4-5build2 [17.0 kB]
2025-08-09T10:54:29.2686420Z Get:16 http://azure.archive.ubuntu.com/ubuntu jammy/main amd64 libcaca0 amd64 0.99.beta19-2.2ubuntu4 [224 kB]
2025-08-09T10:54:29.3403561Z Get:17 http://azure.archive.ubuntu.com/ubuntu jammy/main amd64 libdv4 amd64 1.0.0-14build1 [61.9 kB]
2025-08-09T10:54:29.4101087Z Get:18 http://azure.archive.ubuntu.com/ubuntu jammy-updates/main amd64 libflac8 amd64 1.3.3-2ubuntu0.2 [111 kB]
2025-08-09T10:54:29.4818038Z Get:19 http://azure.archive.ubuntu.com/ubuntu jammy-updates/main amd64 libgstreamer-plugins-good1.0-0 amd64 1.20.3-0ubuntu1.3 [30.1 kB]
2025-08-09T10:54:29.5525049Z Get:20 http://azure.archive.ubuntu.com/ubuntu jammy/main amd64 libiec61883-0 amd64 1.2.0-4build3 [25.9 kB]
2025-08-09T10:54:29.6221709Z Get:21 http://azure.archive.ubuntu.com/ubuntu jammy/main amd64 libsamplerate0 amd64 0.2.2-1build1 [1359 kB]
2025-08-09T10:54:29.7635914Z Get:22 http://azure.archive.ubuntu.com/ubuntu jammy/main amd64 libjack-jackd2-0 amd64 1.9.20~dfsg-1 [293 kB]
2025-08-09T10:54:29.8349826Z Get:23 http://azure.archive.ubuntu.com/ubuntu jammy/main amd64 libmp3lame0 amd64 3.100-3build2 [141 kB]
2025-08-09T10:54:29.9050727Z Get:24 http://azure.archive.ubuntu.com/ubuntu jammy-updates/main amd64 libmpg123-0 amd64 1.29.3-1ubuntu0.1 [172 kB]
2025-08-09T10:54:29.9762031Z Get:25 http://azure.archive.ubuntu.com/ubuntu jammy/main amd64 libasyncns0 amd64 0.8-6build2 [12.8 kB]
2025-08-09T10:54:30.0515335Z Get:26 http://azure.archive.ubuntu.com/ubuntu jammy-updates/main amd64 libsndfile1 amd64 1.0.31-2ubuntu0.2 [196 kB]
2025-08-09T10:54:30.1236193Z Get:27 http://azure.archive.ubuntu.com/ubuntu jammy-updates/main amd64 libpulse0 amd64 1:15.99.1+dfsg1-1ubuntu2.2 [298 kB]
2025-08-09T10:54:30.1943428Z Get:28 http://azure.archive.ubuntu.com/ubuntu jammy/main amd64 libspeex1 amd64 1.2~rc1.2-1.1ubuntu3 [57.9 kB]
2025-08-09T10:54:30.2653281Z Get:29 http://azure.archive.ubuntu.com/ubuntu jammy/main amd64 libshout3 amd64 2.4.5-1build3 [54.5 kB]
2025-08-09T10:54:30.3350379Z Get:30 http://azure.archive.ubuntu.com/ubuntu jammy/main amd64 libtag1v5-vanilla amd64 1.11.1+dfsg.1-3ubuntu3 [304 kB]
2025-08-09T10:54:30.4069574Z Get:31 http://azure.archive.ubuntu.com/ubuntu jammy/main amd64 libtag1v5 amd64 1.11.1+dfsg.1-3ubuntu3 [11.5 kB]
2025-08-09T10:54:30.4788767Z Get:32 http://azure.archive.ubuntu.com/ubuntu jammy/main amd64 libtwolame0 amd64 0.4.0-2build2 [52.5 kB]
2025-08-09T10:54:30.5517455Z Get:33 http://azure.archive.ubuntu.com/ubuntu jammy/main amd64 libv4lconvert0 amd64 1.22.1-2build1 [82.4 kB]
2025-08-09T10:54:30.6333139Z Get:34 http://azure.archive.ubuntu.com/ubuntu jammy/main amd64 libv4l-0 amd64 1.22.1-2build1 [44.9 kB]
2025-08-09T10:54:30.7033300Z Get:35 http://azure.archive.ubuntu.com/ubuntu jammy-updates/main amd64 libvpx7 amd64 1.11.0-2ubuntu2.4 [1078 kB]
2025-08-09T10:54:30.9071491Z Get:36 http://azure.archive.ubuntu.com/ubuntu jammy/main amd64 libwavpack1 amd64 5.4.0-1build2 [83.7 kB]
2025-08-09T10:54:30.9771315Z Get:37 http://azure.archive.ubuntu.com/ubuntu jammy-updates/main amd64 gstreamer1.0-plugins-good amd64 1.20.3-0ubuntu1.3 [2010 kB]
2025-08-09T10:54:31.2472493Z Get:38 http://azure.archive.ubuntu.com/ubuntu jammy/main amd64 libxv1 amd64 2:1.0.11-1build2 [11.2 kB]
2025-08-09T10:54:31.4402468Z Get:39 http://azure.archive.ubuntu.com/ubuntu jammy-updates/main amd64 gstreamer1.0-x amd64 1.20.1-1ubuntu0.4 [85.1 kB]
2025-08-09T10:54:31.5098921Z Get:40 http://azure.archive.ubuntu.com/ubuntu jammy/main amd64 libnl-route-3-200 amd64 3.5.0-0.1 [180 kB]
2025-08-09T10:54:31.5804498Z Get:41 http://azure.archive.ubuntu.com/ubuntu jammy/main amd64 libibverbs1 amd64 39.0-1 [69.3 kB]
2025-08-09T10:54:31.6517125Z Get:42 http://azure.archive.ubuntu.com/ubuntu jammy/main amd64 ibverbs-providers amd64 39.0-1 [341 kB]
2025-08-09T10:54:31.7237028Z Get:43 http://azure.archive.ubuntu.com/ubuntu jammy/main amd64 ipxe-qemu all 1.21.1+git-20220113.fbbdc3926-0ubuntu1 [1569 kB]
2025-08-09T10:54:31.9330976Z Get:44 http://azure.archive.ubuntu.com/ubuntu jammy/main amd64 ipxe-qemu-256k-compat-efi-roms all 1.0.0+git-20150424.a25a16d-0ubuntu4 [552 kB]
2025-08-09T10:54:32.0679139Z Get:45 http://azure.archive.ubuntu.com/ubuntu jammy/universe amd64 isolinux all 3:6.04~git20190206.bf6db5b4+dfsg1-3ubuntu1 [60.1 kB]
2025-08-09T10:54:32.1385730Z Get:46 http://azure.archive.ubuntu.com/ubuntu jammy/main amd64 libboost-iostreams1.74.0 amd64 1.74.0-14ubuntu3 [245 kB]
2025-08-09T10:54:32.2096392Z Get:47 http://azure.archive.ubuntu.com/ubuntu jammy/main amd64 libboost-thread1.74.0 amd64 1.74.0-14ubuntu3 [262 kB]
2025-08-09T10:54:32.2807084Z Get:48 http://azure.archive.ubuntu.com/ubuntu jammy-updates/main amd64 libbrlapi0.8 amd64 6.4-4ubuntu3 [28.7 kB]
2025-08-09T10:54:32.3510409Z Get:49 http://azure.archive.ubuntu.com/ubuntu jammy-updates/main amd64 libpcsclite1 amd64 1.9.5-3ubuntu1 [19.8 kB]
2025-08-09T10:54:32.4208081Z Get:50 http://azure.archive.ubuntu.com/ubuntu jammy/main amd64 libcacard0 amd64 1:2.8.0-3build2 [38.0 kB]
2025-08-09T10:54:32.4906274Z Get:51 http://azure.archive.ubuntu.com/ubuntu jammy/main amd64 libdaxctl1 amd64 72.1-1 [19.8 kB]
2025-08-09T10:54:32.5603038Z Get:52 http://azure.archive.ubuntu.com/ubuntu jammy/main amd64 libdecor-0-0 amd64 0.1.0-3build1 [15.1 kB]
2025-08-09T10:54:32.6305477Z Get:53 http://azure.archive.ubuntu.com/ubuntu jammy/main amd64 libdecor-0-plugin-1-cairo amd64 0.1.0-3build1 [20.4 kB]
2025-08-09T10:54:32.7013105Z Get:54 http://azure.archive.ubuntu.com/ubuntu jammy-updates/main amd64 libelf-dev amd64 0.186-1ubuntu0.1 [64.4 kB]
2025-08-09T10:54:32.7713421Z Get:55 http://azure.archive.ubuntu.com/ubuntu jammy-updates/main amd64 libgfxdr0 amd64 10.1-1ubuntu0.2 [22.3 kB]
2025-08-09T10:54:32.8410821Z Get:56 http://azure.archive.ubuntu.com/ubuntu jammy-updates/main amd64 libglusterfs0 amd64 10.1-1ubuntu0.2 [287 kB]
2025-08-09T10:54:32.9205978Z Get:57 http://azure.archive.ubuntu.com/ubuntu jammy-updates/main amd64 libgfrpc0 amd64 10.1-1ubuntu0.2 [47.1 kB]
2025-08-09T10:54:32.9920273Z Get:58 http://azure.archive.ubuntu.com/ubuntu jammy-updates/main amd64 libgfapi0 amd64 10.1-1ubuntu0.2 [77.3 kB]
2025-08-09T10:54:33.0659336Z Get:59 http://azure.archive.ubuntu.com/ubuntu jammy/main amd64 librdmacm1 amd64 39.0-1 [71.2 kB]
2025-08-09T10:54:33.1364946Z Get:60 http://azure.archive.ubuntu.com/ubuntu jammy/main amd64 libiscsi7 amd64 1.19.0-3build2 [70.6 kB]
2025-08-09T10:54:33.2082887Z Get:61 http://azure.archive.ubuntu.com/ubuntu jammy/universe amd64 liblinear4 amd64 2.3.0+dfsg-5 [41.4 kB]
2025-08-09T10:54:33.2783642Z Get:62 http://azure.archive.ubuntu.com/ubuntu jammy/main amd64 libndctl6 amd64 72.1-1 [57.7 kB]
2025-08-09T10:54:33.3483400Z Get:63 http://azure.archive.ubuntu.com/ubuntu jammy/main amd64 libpmem1 amd64 1.11.1-3build1 [81.4 kB]
2025-08-09T10:54:33.4193126Z Get:64 http://azure.archive.ubuntu.com/ubuntu jammy/main amd64 libpmemobj1 amd64 1.11.1-3build1 [124 kB]
2025-08-09T10:54:33.5332798Z Get:65 http://azure.archive.ubuntu.com/ubuntu jammy-updates/main amd64 librados2 amd64 17.2.7-0ubuntu0.22.04.2 [3594 kB]
2025-08-09T10:54:33.8870150Z Get:66 http://azure.archive.ubuntu.com/ubuntu jammy-updates/main amd64 librbd1 amd64 17.2.7-0ubuntu0.22.04.2 [3548 kB]
2025-08-09T10:54:34.2308844Z Get:67 http://azure.archive.ubuntu.com/ubuntu jammy-updates/main amd64 libsdl2-2.0-0 amd64 2.0.20+dfsg-2ubuntu1.22.04.1 [582 kB]
2025-08-09T10:54:34.3681527Z Get:68 http://azure.archive.ubuntu.com/ubuntu jammy/main amd64 libspice-server1 amd64 0.15.0-2ubuntu4 [351 kB]
2025-08-09T10:54:34.4400463Z Get:69 http://azure.archive.ubuntu.com/ubuntu jammy/main amd64 liburing2 amd64 2.1-2build1 [10.3 kB]
2025-08-09T10:54:34.5094522Z Get:70 http://azure.archive.ubuntu.com/ubuntu jammy/main amd64 libusbredirparser1 amd64 0.11.0-2build1 [15.9 kB]
2025-08-09T10:54:34.5786706Z Get:71 http://azure.archive.ubuntu.com/ubuntu jammy/main amd64 libvirglrenderer1 amd64 0.9.1-1~exp1ubuntu2 [188 kB]
2025-08-09T10:54:34.6491025Z Get:72 http://azure.archive.ubuntu.com/ubuntu jammy-updates/main amd64 libvte-2.91-common amd64 0.68.0-1ubuntu0.1 [9408 B]
2025-08-09T10:54:34.7192188Z Get:73 http://azure.archive.ubuntu.com/ubuntu jammy-updates/main amd64 libvte-2.91-0 amd64 0.68.0-1ubuntu0.1 [214 kB]
2025-08-09T10:54:34.7910835Z Get:74 http://azure.archive.ubuntu.com/ubuntu jammy-updates/main amd64 debootstrap all 1.0.126+nmu1ubuntu0.8 [40.6 kB]
2025-08-09T10:54:34.8609908Z Get:75 http://azure.archive.ubuntu.com/ubuntu jammy-updates/main amd64 live-build all 3.0~a57-1ubuntu41.22.04.1 [132 kB]
2025-08-09T10:54:34.9331337Z Get:76 http://azure.archive.ubuntu.com/ubuntu jammy/universe amd64 lua-lpeg amd64 1.0.2-1 [31.4 kB]
2025-08-09T10:54:35.0028520Z Get:77 http://azure.archive.ubuntu.com/ubuntu jammy/main amd64 mtools amd64 4.0.33-1+really4.0.32-1build1 [201 kB]
2025-08-09T10:54:35.0733489Z Get:78 http://azure.archive.ubuntu.com/ubuntu jammy-updates/universe amd64 nmap-common all 7.91+dfsg1+really7.80+dfsg1-2ubuntu0.1 [3940 kB]
2025-08-09T10:54:35.4198614Z Get:79 http://azure.archive.ubuntu.com/ubuntu jammy/main amd64 pv amd64 1.6.6-1build2 [44.5 kB]
2025-08-09T10:54:35.4909358Z Get:80 http://azure.archive.ubuntu.com/ubuntu jammy/main amd64 libfdt1 amd64 1.6.1-1 [20.0 kB]
2025-08-09T10:54:35.5619792Z Get:81 http://azure.archive.ubuntu.com/ubuntu jammy-updates/main amd64 qemu-system-common amd64 1:6.2+dfsg-2ubuntu6.26 [2047 kB]
2025-08-09T10:54:35.8357346Z Get:82 http://azure.archive.ubuntu.com/ubuntu jammy-updates/main amd64 qemu-system-data all 1:6.2+dfsg-2ubuntu6.26 [1430 kB]
2025-08-09T10:54:36.0432228Z Get:83 http://azure.archive.ubuntu.com/ubuntu jammy/main amd64 seabios all 1.15.0-1 [174 kB]
2025-08-09T10:54:36.1146534Z Get:84 http://azure.archive.ubuntu.com/ubuntu jammy-updates/main amd64 qemu-system-x86 amd64 1:6.2+dfsg-2ubuntu6.26 [10.1 MB]
2025-08-09T10:54:36.6638051Z Get:85 http://azure.archive.ubuntu.com/ubuntu jammy-updates/main amd64 qemu-utils amd64 1:6.2+dfsg-2ubuntu6.26 [1527 kB]
2025-08-09T10:54:36.8694247Z Get:86 http://azure.archive.ubuntu.com/ubuntu jammy-updates/main amd64 qemu-block-extra amd64 1:6.2+dfsg-2ubuntu6.26 [68.2 kB]
2025-08-09T10:54:36.9395511Z Get:87 http://azure.archive.ubuntu.com/ubuntu jammy-updates/main amd64 qemu-system-gui amd64 1:6.2+dfsg-2ubuntu6.26 [220 kB]
2025-08-09T10:54:37.0115255Z Get:88 http://azure.archive.ubuntu.com/ubuntu jammy/main amd64 syslinux-common all 3:6.04~git20190206.bf6db5b4+dfsg1-3ubuntu1 [1271 kB]
2025-08-09T10:54:37.2208156Z Get:89 http://azure.archive.ubuntu.com/ubuntu jammy/universe amd64 syslinux-utils amd64 3:6.04~git20190206.bf6db5b4+dfsg1-3ubuntu1 [50.9 kB]
2025-08-09T10:54:37.2905998Z Get:90 http://azure.archive.ubuntu.com/ubuntu jammy-updates/universe amd64 nmap amd64 7.91+dfsg1+really7.80+dfsg1-2ubuntu0.1 [1731 kB]
2025-08-09T10:54:37.5068394Z Get:91 http://azure.archive.ubuntu.com/ubuntu jammy-updates/main amd64 ovmf all 2022.02-3ubuntu0.22.04.3 [7561 kB]
2025-08-09T10:54:38.3478933Z Fetched 53.2 MB in 10s (5376 kB/s)
2025-08-09T10:54:38.3973665Z Selecting previously unselected package msr-tools.
2025-08-09T10:54:38.4526009Z (Reading database ... 
2025-08-09T10:54:38.4526447Z (Reading database ... 5%
2025-08-09T10:54:38.4526734Z (Reading database ... 10%
2025-08-09T10:54:38.4527001Z (Reading database ... 15%
2025-08-09T10:54:38.4527255Z (Reading database ... 20%
2025-08-09T10:54:38.4527504Z (Reading database ... 25%
2025-08-09T10:54:38.4527745Z (Reading database ... 30%
2025-08-09T10:54:38.4527997Z (Reading database ... 35%
2025-08-09T10:54:38.4528236Z (Reading database ... 40%
2025-08-09T10:54:38.4528484Z (Reading database ... 45%
2025-08-09T10:54:38.4528721Z (Reading database ... 50%
2025-08-09T10:54:38.9598047Z (Reading database ... 55%
2025-08-09T10:54:39.2585693Z (Reading database ... 60%
2025-08-09T10:54:39.6309565Z (Reading database ... 65%
2025-08-09T10:54:40.1435985Z (Reading database ... 70%
2025-08-09T10:54:40.8177855Z (Reading database ... 75%
2025-08-09T10:54:41.4188575Z (Reading database ... 80%
2025-08-09T10:54:42.3462947Z (Reading database ... 85%
2025-08-09T10:54:43.0678429Z (Reading database ... 90%
2025-08-09T10:54:43.6828861Z (Reading database ... 95%
2025-08-09T10:54:43.6829213Z (Reading database ... 100%
2025-08-09T10:54:43.6829622Z (Reading database ... 267991 files and directories currently installed.)
2025-08-09T10:54:43.6887426Z Preparing to unpack .../00-msr-tools_1.3-4_amd64.deb ...
2025-08-09T10:54:43.6903223Z Unpacking msr-tools (1.3-4) ...
2025-08-09T10:54:43.7438971Z Selecting previously unselected package cpu-checker.
2025-08-09T10:54:43.7606799Z Preparing to unpack .../01-cpu-checker_0.7-1.3build1_amd64.deb ...
2025-08-09T10:54:43.7617314Z Unpacking cpu-checker (0.7-1.3build1) ...
2025-08-09T10:54:43.8086453Z Selecting previously unselected package genisoimage.
2025-08-09T10:54:43.8256618Z Preparing to unpack .../02-genisoimage_9%3a1.1.11-3.2ubuntu1_amd64.deb ...
2025-08-09T10:54:43.8270171Z Unpacking genisoimage (9:1.1.11-3.2ubuntu1) ...
2025-08-09T10:54:43.9308640Z Selecting previously unselected package libcdparanoia0:amd64.
2025-08-09T10:54:43.9475866Z Preparing to unpack .../03-libcdparanoia0_3.10.2+debian-14build2_amd64.deb ...
2025-08-09T10:54:43.9497854Z Unpacking libcdparanoia0:amd64 (3.10.2+debian-14build2) ...
2025-08-09T10:54:43.9813857Z Selecting previously unselected package liborc-0.4-0:amd64.
2025-08-09T10:54:43.9980525Z Preparing to unpack .../04-liborc-0.4-0_1%3a0.4.32-2ubuntu0.1_amd64.deb ...
2025-08-09T10:54:43.9990145Z Unpacking liborc-0.4-0:amd64 (1:0.4.32-2ubuntu0.1) ...
2025-08-09T10:54:44.0257381Z Selecting previously unselected package libgstreamer-plugins-base1.0-0:amd64.
2025-08-09T10:54:44.0425290Z Preparing to unpack .../05-libgstreamer-plugins-base1.0-0_1.20.1-1ubuntu0.4_amd64.deb ...
2025-08-09T10:54:44.0436930Z Unpacking libgstreamer-plugins-base1.0-0:amd64 (1.20.1-1ubuntu0.4) ...
2025-08-09T10:54:44.0839671Z Selecting previously unselected package libopus0:amd64.
2025-08-09T10:54:44.1006836Z Preparing to unpack .../06-libopus0_1.3.1-0.1build2_amd64.deb ...
2025-08-09T10:54:44.1017096Z Unpacking libopus0:amd64 (1.3.1-0.1build2) ...
2025-08-09T10:54:44.1274691Z Selecting previously unselected package libtheora0:amd64.
2025-08-09T10:54:44.1441089Z Preparing to unpack .../07-libtheora0_1.1.1+dfsg.1-15ubuntu4_amd64.deb ...
2025-08-09T10:54:44.1450251Z Unpacking libtheora0:amd64 (1.1.1+dfsg.1-15ubuntu4) ...
2025-08-09T10:54:44.1711323Z Selecting previously unselected package libvisual-0.4-0:amd64.
2025-08-09T10:54:44.1878187Z Preparing to unpack .../08-libvisual-0.4-0_0.4.0-17build2_amd64.deb ...
2025-08-09T10:54:44.1888376Z Unpacking libvisual-0.4-0:amd64 (0.4.0-17build2) ...
2025-08-09T10:54:44.2130340Z Selecting previously unselected package libvorbisenc2:amd64.
2025-08-09T10:54:44.2295699Z Preparing to unpack .../09-libvorbisenc2_1.3.7-1build2_amd64.deb ...
2025-08-09T10:54:44.2305200Z Unpacking libvorbisenc2:amd64 (1.3.7-1build2) ...
2025-08-09T10:54:44.2550726Z Selecting previously unselected package gstreamer1.0-plugins-base:amd64.
2025-08-09T10:54:44.2720665Z Preparing to unpack .../10-gstreamer1.0-plugins-base_1.20.1-1ubuntu0.4_amd64.deb ...
2025-08-09T10:54:44.2730356Z Unpacking gstreamer1.0-plugins-base:amd64 (1.20.1-1ubuntu0.4) ...
2025-08-09T10:54:44.3083644Z Selecting previously unselected package libaa1:amd64.
2025-08-09T10:54:44.3252890Z Preparing to unpack .../11-libaa1_1.4p5-50build1_amd64.deb ...
2025-08-09T10:54:44.3269171Z Unpacking libaa1:amd64 (1.4p5-50build1) ...
2025-08-09T10:54:44.3553462Z Selecting previously unselected package libraw1394-11:amd64.
2025-08-09T10:54:44.3722565Z Preparing to unpack .../12-libraw1394-11_2.1.2-2build2_amd64.deb ...
2025-08-09T10:54:44.3732948Z Unpacking libraw1394-11:amd64 (2.1.2-2build2) ...
2025-08-09T10:54:44.3963664Z Selecting previously unselected package libavc1394-0:amd64.
2025-08-09T10:54:44.4131714Z Preparing to unpack .../13-libavc1394-0_0.5.4-5build2_amd64.deb ...
2025-08-09T10:54:44.4151769Z Unpacking libavc1394-0:amd64 (0.5.4-5build2) ...
2025-08-09T10:54:44.4393428Z Selecting previously unselected package libcaca0:amd64.
2025-08-09T10:54:44.4563128Z Preparing to unpack .../14-libcaca0_0.99.beta19-2.2ubuntu4_amd64.deb ...
2025-08-09T10:54:44.4574565Z Unpacking libcaca0:amd64 (0.99.beta19-2.2ubuntu4) ...
2025-08-09T10:54:44.4863296Z Selecting previously unselected package libdv4:amd64.
2025-08-09T10:54:44.5041504Z Preparing to unpack .../15-libdv4_1.0.0-14build1_amd64.deb ...
2025-08-09T10:54:44.5053515Z Unpacking libdv4:amd64 (1.0.0-14build1) ...
2025-08-09T10:54:44.5331399Z Selecting previously unselected package libflac8:amd64.
2025-08-09T10:54:44.5502027Z Preparing to unpack .../16-libflac8_1.3.3-2ubuntu0.2_amd64.deb ...
2025-08-09T10:54:44.5517355Z Unpacking libflac8:amd64 (1.3.3-2ubuntu0.2) ...
2025-08-09T10:54:44.5794966Z Selecting previously unselected package libgstreamer-plugins-good1.0-0:amd64.
2025-08-09T10:54:44.5964912Z Preparing to unpack .../17-libgstreamer-plugins-good1.0-0_1.20.3-0ubuntu1.3_amd64.deb ...
2025-08-09T10:54:44.5980574Z Unpacking libgstreamer-plugins-good1.0-0:amd64 (1.20.3-0ubuntu1.3) ...
2025-08-09T10:54:44.6244929Z Selecting previously unselected package libiec61883-0:amd64.
2025-08-09T10:54:44.6418269Z Preparing to unpack .../18-libiec61883-0_1.2.0-4build3_amd64.deb ...
2025-08-09T10:54:44.6427873Z Unpacking libiec61883-0:amd64 (1.2.0-4build3) ...
2025-08-09T10:54:44.6715781Z Selecting previously unselected package libsamplerate0:amd64.
2025-08-09T10:54:44.6885409Z Preparing to unpack .../19-libsamplerate0_0.2.2-1build1_amd64.deb ...
2025-08-09T10:54:44.6899197Z Unpacking libsamplerate0:amd64 (0.2.2-1build1) ...
2025-08-09T10:54:44.7252211Z Selecting previously unselected package libjack-jackd2-0:amd64.
2025-08-09T10:54:44.7424375Z Preparing to unpack .../20-libjack-jackd2-0_1.9.20~dfsg-1_amd64.deb ...
2025-08-09T10:54:44.7444559Z Unpacking libjack-jackd2-0:amd64 (1.9.20~dfsg-1) ...
2025-08-09T10:54:44.7777470Z Selecting previously unselected package libmp3lame0:amd64.
2025-08-09T10:54:44.7945870Z Preparing to unpack .../21-libmp3lame0_3.100-3build2_amd64.deb ...
2025-08-09T10:54:44.7965423Z Unpacking libmp3lame0:amd64 (3.100-3build2) ...
2025-08-09T10:54:44.8234462Z Selecting previously unselected package libmpg123-0:amd64.
2025-08-09T10:54:44.8400758Z Preparing to unpack .../22-libmpg123-0_1.29.3-1ubuntu0.1_amd64.deb ...
2025-08-09T10:54:44.8413420Z Unpacking libmpg123-0:amd64 (1.29.3-1ubuntu0.1) ...
2025-08-09T10:54:44.8709904Z Selecting previously unselected package libasyncns0:amd64.
2025-08-09T10:54:44.8876342Z Preparing to unpack .../23-libasyncns0_0.8-6build2_amd64.deb ...
2025-08-09T10:54:44.8888914Z Unpacking libasyncns0:amd64 (0.8-6build2) ...
2025-08-09T10:54:44.9128161Z Selecting previously unselected package libsndfile1:amd64.
2025-08-09T10:54:44.9295085Z Preparing to unpack .../24-libsndfile1_1.0.31-2ubuntu0.2_amd64.deb ...
2025-08-09T10:54:44.9309899Z Unpacking libsndfile1:amd64 (1.0.31-2ubuntu0.2) ...
2025-08-09T10:54:44.9601667Z Selecting previously unselected package libpulse0:amd64.
2025-08-09T10:54:44.9767596Z Preparing to unpack .../25-libpulse0_1%3a15.99.1+dfsg1-1ubuntu2.2_amd64.deb ...
2025-08-09T10:54:44.9886088Z Unpacking libpulse0:amd64 (1:15.99.1+dfsg1-1ubuntu2.2) ...
2025-08-09T10:54:45.0184926Z Selecting previously unselected package libspeex1:amd64.
2025-08-09T10:54:45.0352505Z Preparing to unpack .../26-libspeex1_1.2~rc1.2-1.1ubuntu3_amd64.deb ...
2025-08-09T10:54:45.0365225Z Unpacking libspeex1:amd64 (1.2~rc1.2-1.1ubuntu3) ...
2025-08-09T10:54:45.0687388Z Selecting previously unselected package libshout3:amd64.
2025-08-09T10:54:45.0853284Z Preparing to unpack .../27-libshout3_2.4.5-1build3_amd64.deb ...
2025-08-09T10:54:45.0864921Z Unpacking libshout3:amd64 (2.4.5-1build3) ...
2025-08-09T10:54:45.1162039Z Selecting previously unselected package libtag1v5-vanilla:amd64.
2025-08-09T10:54:45.1327883Z Preparing to unpack .../28-libtag1v5-vanilla_1.11.1+dfsg.1-3ubuntu3_amd64.deb ...
2025-08-09T10:54:45.1340631Z Unpacking libtag1v5-vanilla:amd64 (1.11.1+dfsg.1-3ubuntu3) ...
2025-08-09T10:54:45.1617614Z Selecting previously unselected package libtag1v5:amd64.
2025-08-09T10:54:45.1785635Z Preparing to unpack .../29-libtag1v5_1.11.1+dfsg.1-3ubuntu3_amd64.deb ...
2025-08-09T10:54:45.1800334Z Unpacking libtag1v5:amd64 (1.11.1+dfsg.1-3ubuntu3) ...
2025-08-09T10:54:45.2067171Z Selecting previously unselected package libtwolame0:amd64.
2025-08-09T10:54:45.2233339Z Preparing to unpack .../30-libtwolame0_0.4.0-2build2_amd64.deb ...
2025-08-09T10:54:45.2255196Z Unpacking libtwolame0:amd64 (0.4.0-2build2) ...
2025-08-09T10:54:45.2525178Z Selecting previously unselected package libv4lconvert0:amd64.
2025-08-09T10:54:45.2693343Z Preparing to unpack .../31-libv4lconvert0_1.22.1-2build1_amd64.deb ...
2025-08-09T10:54:45.2713371Z Unpacking libv4lconvert0:amd64 (1.22.1-2build1) ...
2025-08-09T10:54:45.2994957Z Selecting previously unselected package libv4l-0:amd64.
2025-08-09T10:54:45.3164602Z Preparing to unpack .../32-libv4l-0_1.22.1-2build1_amd64.deb ...
2025-08-09T10:54:45.3182017Z Unpacking libv4l-0:amd64 (1.22.1-2build1) ...
2025-08-09T10:54:45.3478459Z Selecting previously unselected package libvpx7:amd64.
2025-08-09T10:54:45.3647684Z Preparing to unpack .../33-libvpx7_1.11.0-2ubuntu2.4_amd64.deb ...
2025-08-09T10:54:45.3658841Z Unpacking libvpx7:amd64 (1.11.0-2ubuntu2.4) ...
2025-08-09T10:54:45.4045680Z Selecting previously unselected package libwavpack1:amd64.
2025-08-09T10:54:45.4213279Z Preparing to unpack .../34-libwavpack1_5.4.0-1build2_amd64.deb ...
2025-08-09T10:54:45.4224683Z Unpacking libwavpack1:amd64 (5.4.0-1build2) ...
2025-08-09T10:54:45.4483785Z Selecting previously unselected package gstreamer1.0-plugins-good:amd64.
2025-08-09T10:54:45.4650911Z Preparing to unpack .../35-gstreamer1.0-plugins-good_1.20.3-0ubuntu1.3_amd64.deb ...
2025-08-09T10:54:45.4667197Z Unpacking gstreamer1.0-plugins-good:amd64 (1.20.3-0ubuntu1.3) ...
2025-08-09T10:54:45.5212306Z Selecting previously unselected package libxv1:amd64.
2025-08-09T10:54:45.5384865Z Preparing to unpack .../36-libxv1_2%3a1.0.11-1build2_amd64.deb ...
2025-08-09T10:54:45.5400256Z Unpacking libxv1:amd64 (2:1.0.11-1build2) ...
2025-08-09T10:54:45.5619590Z Selecting previously unselected package gstreamer1.0-x:amd64.
2025-08-09T10:54:45.5786162Z Preparing to unpack .../37-gstreamer1.0-x_1.20.1-1ubuntu0.4_amd64.deb ...
2025-08-09T10:54:45.5796272Z Unpacking gstreamer1.0-x:amd64 (1.20.1-1ubuntu0.4) ...
2025-08-09T10:54:45.6045128Z Selecting previously unselected package libnl-route-3-200:amd64.
2025-08-09T10:54:45.6211417Z Preparing to unpack .../38-libnl-route-3-200_3.5.0-0.1_amd64.deb ...
2025-08-09T10:54:45.6254627Z Unpacking libnl-route-3-200:amd64 (3.5.0-0.1) ...
2025-08-09T10:54:45.6544153Z Selecting previously unselected package libibverbs1:amd64.
2025-08-09T10:54:45.6710665Z Preparing to unpack .../39-libibverbs1_39.0-1_amd64.deb ...
2025-08-09T10:54:45.6723362Z Unpacking libibverbs1:amd64 (39.0-1) ...
2025-08-09T10:54:45.7010122Z Selecting previously unselected package ibverbs-providers:amd64.
2025-08-09T10:54:45.7178807Z Preparing to unpack .../40-ibverbs-providers_39.0-1_amd64.deb ...
2025-08-09T10:54:45.7313112Z Unpacking ibverbs-providers:amd64 (39.0-1) ...
2025-08-09T10:54:45.7647333Z Selecting previously unselected package ipxe-qemu.
2025-08-09T10:54:45.7815751Z Preparing to unpack .../41-ipxe-qemu_1.21.1+git-20220113.fbbdc3926-0ubuntu1_all.deb ...
2025-08-09T10:54:45.7827585Z Unpacking ipxe-qemu (1.21.1+git-20220113.fbbdc3926-0ubuntu1) ...
2025-08-09T10:54:45.8234982Z Selecting previously unselected package ipxe-qemu-256k-compat-efi-roms.
2025-08-09T10:54:45.8403771Z Preparing to unpack .../42-ipxe-qemu-256k-compat-efi-roms_1.0.0+git-20150424.a25a16d-0ubuntu4_all.deb ...
2025-08-09T10:54:45.8413350Z Unpacking ipxe-qemu-256k-compat-efi-roms (1.0.0+git-20150424.a25a16d-0ubuntu4) ...
2025-08-09T10:54:45.8947418Z Selecting previously unselected package isolinux.
2025-08-09T10:54:45.9116556Z Preparing to unpack .../43-isolinux_3%3a6.04~git20190206.bf6db5b4+dfsg1-3ubuntu1_all.deb ...
2025-08-09T10:54:45.9132577Z Unpacking isolinux (3:6.04~git20190206.bf6db5b4+dfsg1-3ubuntu1) ...
2025-08-09T10:54:45.9414649Z Selecting previously unselected package libboost-iostreams1.74.0:amd64.
2025-08-09T10:54:45.9584207Z Preparing to unpack .../44-libboost-iostreams1.74.0_1.74.0-14ubuntu3_amd64.deb ...
2025-08-09T10:54:45.9625682Z Unpacking libboost-iostreams1.74.0:amd64 (1.74.0-14ubuntu3) ...
2025-08-09T10:54:45.9958810Z Selecting previously unselected package libboost-thread1.74.0:amd64.
2025-08-09T10:54:46.0126767Z Preparing to unpack .../45-libboost-thread1.74.0_1.74.0-14ubuntu3_amd64.deb ...
2025-08-09T10:54:46.0156640Z Unpacking libboost-thread1.74.0:amd64 (1.74.0-14ubuntu3) ...
2025-08-09T10:54:46.0470460Z Selecting previously unselected package libbrlapi0.8:amd64.
2025-08-09T10:54:46.0636499Z Preparing to unpack .../46-libbrlapi0.8_6.4-4ubuntu3_amd64.deb ...
2025-08-09T10:54:46.0648575Z Unpacking libbrlapi0.8:amd64 (6.4-4ubuntu3) ...
2025-08-09T10:54:46.0894350Z Selecting previously unselected package libpcsclite1:amd64.
2025-08-09T10:54:46.1061386Z Preparing to unpack .../47-libpcsclite1_1.9.5-3ubuntu1_amd64.deb ...
2025-08-09T10:54:46.1073054Z Unpacking libpcsclite1:amd64 (1.9.5-3ubuntu1) ...
2025-08-09T10:54:46.1305081Z Selecting previously unselected package libcacard0:amd64.
2025-08-09T10:54:46.1472261Z Preparing to unpack .../48-libcacard0_1%3a2.8.0-3build2_amd64.deb ...
2025-08-09T10:54:46.1482197Z Unpacking libcacard0:amd64 (1:2.8.0-3build2) ...
2025-08-09T10:54:46.1719377Z Selecting previously unselected package libdaxctl1:amd64.
2025-08-09T10:54:46.1887896Z Preparing to unpack .../49-libdaxctl1_72.1-1_amd64.deb ...
2025-08-09T10:54:46.1900703Z Unpacking libdaxctl1:amd64 (72.1-1) ...
2025-08-09T10:54:46.2139675Z Selecting previously unselected package libdecor-0-0:amd64.
2025-08-09T10:54:46.2307370Z Preparing to unpack .../50-libdecor-0-0_0.1.0-3build1_amd64.deb ...
2025-08-09T10:54:46.2329730Z Unpacking libdecor-0-0:amd64 (0.1.0-3build1) ...
2025-08-09T10:54:46.2564194Z Selecting previously unselected package libdecor-0-plugin-1-cairo:amd64.
2025-08-09T10:54:46.2730965Z Preparing to unpack .../51-libdecor-0-plugin-1-cairo_0.1.0-3build1_amd64.deb ...
2025-08-09T10:54:46.2748396Z Unpacking libdecor-0-plugin-1-cairo:amd64 (0.1.0-3build1) ...
2025-08-09T10:54:46.3022078Z Selecting previously unselected package libelf-dev:amd64.
2025-08-09T10:54:46.3187928Z Preparing to unpack .../52-libelf-dev_0.186-1ubuntu0.1_amd64.deb ...
2025-08-09T10:54:46.3203505Z Unpacking libelf-dev:amd64 (0.186-1ubuntu0.1) ...
2025-08-09T10:54:46.3574153Z Selecting previously unselected package libgfxdr0:amd64.
2025-08-09T10:54:46.3751602Z Preparing to unpack .../53-libgfxdr0_10.1-1ubuntu0.2_amd64.deb ...
2025-08-09T10:54:46.3764172Z Unpacking libgfxdr0:amd64 (10.1-1ubuntu0.2) ...
2025-08-09T10:54:46.4021061Z Selecting previously unselected package libglusterfs0:amd64.
2025-08-09T10:54:46.4187955Z Preparing to unpack .../54-libglusterfs0_10.1-1ubuntu0.2_amd64.deb ...
2025-08-09T10:54:46.4206074Z Unpacking libglusterfs0:amd64 (10.1-1ubuntu0.2) ...
2025-08-09T10:54:46.4518098Z Selecting previously unselected package libgfrpc0:amd64.
2025-08-09T10:54:46.4683932Z Preparing to unpack .../55-libgfrpc0_10.1-1ubuntu0.2_amd64.deb ...
2025-08-09T10:54:46.4698572Z Unpacking libgfrpc0:amd64 (10.1-1ubuntu0.2) ...
2025-08-09T10:54:46.4962004Z Selecting previously unselected package libgfapi0:amd64.
2025-08-09T10:54:46.5129791Z Preparing to unpack .../56-libgfapi0_10.1-1ubuntu0.2_amd64.deb ...
2025-08-09T10:54:46.5143395Z Unpacking libgfapi0:amd64 (10.1-1ubuntu0.2) ...
2025-08-09T10:54:46.5416569Z Selecting previously unselected package librdmacm1:amd64.
2025-08-09T10:54:46.5585057Z Preparing to unpack .../57-librdmacm1_39.0-1_amd64.deb ...
2025-08-09T10:54:46.5604462Z Unpacking librdmacm1:amd64 (39.0-1) ...
2025-08-09T10:54:46.5862641Z Selecting previously unselected package libiscsi7:amd64.
2025-08-09T10:54:46.6029470Z Preparing to unpack .../58-libiscsi7_1.19.0-3build2_amd64.deb ...
2025-08-09T10:54:46.6043977Z Unpacking libiscsi7:amd64 (1.19.0-3build2) ...
2025-08-09T10:54:46.6306299Z Selecting previously unselected package liblinear4:amd64.
2025-08-09T10:54:46.6475669Z Preparing to unpack .../59-liblinear4_2.3.0+dfsg-5_amd64.deb ...
2025-08-09T10:54:46.6488602Z Unpacking liblinear4:amd64 (2.3.0+dfsg-5) ...
2025-08-09T10:54:46.6778182Z Selecting previously unselected package libndctl6:amd64.
2025-08-09T10:54:46.6946185Z Preparing to unpack .../60-libndctl6_72.1-1_amd64.deb ...
2025-08-09T10:54:46.6965601Z Unpacking libndctl6:amd64 (72.1-1) ...
2025-08-09T10:54:46.7234640Z Selecting previously unselected package libpmem1:amd64.
2025-08-09T10:54:46.7402142Z Preparing to unpack .../61-libpmem1_1.11.1-3build1_amd64.deb ...
2025-08-09T10:54:46.7417834Z Unpacking libpmem1:amd64 (1.11.1-3build1) ...
2025-08-09T10:54:46.7739632Z Selecting previously unselected package libpmemobj1:amd64.
2025-08-09T10:54:46.7907414Z Preparing to unpack .../62-libpmemobj1_1.11.1-3build1_amd64.deb ...
2025-08-09T10:54:46.7921404Z Unpacking libpmemobj1:amd64 (1.11.1-3build1) ...
2025-08-09T10:54:46.8227848Z Selecting previously unselected package librados2.
2025-08-09T10:54:46.8398114Z Preparing to unpack .../63-librados2_17.2.7-0ubuntu0.22.04.2_amd64.deb ...
2025-08-09T10:54:46.8409177Z Unpacking librados2 (17.2.7-0ubuntu0.22.04.2) ...
2025-08-09T10:54:46.9095028Z Selecting previously unselected package librbd1.
2025-08-09T10:54:46.9265565Z Preparing to unpack .../64-librbd1_17.2.7-0ubuntu0.22.04.2_amd64.deb ...
2025-08-09T10:54:46.9283235Z Unpacking librbd1 (17.2.7-0ubuntu0.22.04.2) ...
2025-08-09T10:54:47.0034813Z Selecting previously unselected package libsdl2-2.0-0:amd64.
2025-08-09T10:54:47.0202067Z Preparing to unpack .../65-libsdl2-2.0-0_2.0.20+dfsg-2ubuntu1.22.04.1_amd64.deb ...
2025-08-09T10:54:47.0216589Z Unpacking libsdl2-2.0-0:amd64 (2.0.20+dfsg-2ubuntu1.22.04.1) ...
2025-08-09T10:54:47.0547522Z Selecting previously unselected package libspice-server1:amd64.
2025-08-09T10:54:47.0714910Z Preparing to unpack .../66-libspice-server1_0.15.0-2ubuntu4_amd64.deb ...
2025-08-09T10:54:47.0726484Z Unpacking libspice-server1:amd64 (0.15.0-2ubuntu4) ...
2025-08-09T10:54:47.1039440Z Selecting previously unselected package liburing2:amd64.
2025-08-09T10:54:47.1205723Z Preparing to unpack .../67-liburing2_2.1-2build1_amd64.deb ...
2025-08-09T10:54:47.1231601Z Unpacking liburing2:amd64 (2.1-2build1) ...
2025-08-09T10:54:47.1480508Z Selecting previously unselected package libusbredirparser1:amd64.
2025-08-09T10:54:47.1646951Z Preparing to unpack .../68-libusbredirparser1_0.11.0-2build1_amd64.deb ...
2025-08-09T10:54:47.1664714Z Unpacking libusbredirparser1:amd64 (0.11.0-2build1) ...
2025-08-09T10:54:47.1933233Z Selecting previously unselected package libvirglrenderer1:amd64.
2025-08-09T10:54:47.2101834Z Preparing to unpack .../69-libvirglrenderer1_0.9.1-1~exp1ubuntu2_amd64.deb ...
2025-08-09T10:54:47.2121577Z Unpacking libvirglrenderer1:amd64 (0.9.1-1~exp1ubuntu2) ...
2025-08-09T10:54:47.2398384Z Selecting previously unselected package libvte-2.91-common.
2025-08-09T10:54:47.2563737Z Preparing to unpack .../70-libvte-2.91-common_0.68.0-1ubuntu0.1_amd64.deb ...
2025-08-09T10:54:47.2574328Z Unpacking libvte-2.91-common (0.68.0-1ubuntu0.1) ...
2025-08-09T10:54:47.2867418Z Selecting previously unselected package libvte-2.91-0:amd64.
2025-08-09T10:54:47.3032668Z Preparing to unpack .../71-libvte-2.91-0_0.68.0-1ubuntu0.1_amd64.deb ...
2025-08-09T10:54:47.3051435Z Unpacking libvte-2.91-0:amd64 (0.68.0-1ubuntu0.1) ...
2025-08-09T10:54:47.3327530Z Selecting previously unselected package debootstrap.
2025-08-09T10:54:47.3494793Z Preparing to unpack .../72-debootstrap_1.0.126+nmu1ubuntu0.8_all.deb ...
2025-08-09T10:54:47.3519378Z Unpacking debootstrap (1.0.126+nmu1ubuntu0.8) ...
2025-08-09T10:54:47.3944084Z Selecting previously unselected package live-build.
2025-08-09T10:54:47.4112761Z Preparing to unpack .../73-live-build_3.0~a57-1ubuntu41.22.04.1_all.deb ...
2025-08-09T10:54:47.4127790Z Unpacking live-build (3.0~a57-1ubuntu41.22.04.1) ...
2025-08-09T10:54:47.5237738Z Selecting previously unselected package lua-lpeg:amd64.
2025-08-09T10:54:47.5407297Z Preparing to unpack .../74-lua-lpeg_1.0.2-1_amd64.deb ...
2025-08-09T10:54:47.5419025Z Unpacking lua-lpeg:amd64 (1.0.2-1) ...
2025-08-09T10:54:47.5699216Z Selecting previously unselected package mtools.
2025-08-09T10:54:47.5867598Z Preparing to unpack .../75-mtools_4.0.33-1+really4.0.32-1build1_amd64.deb ...
2025-08-09T10:54:47.5888111Z Unpacking mtools (4.0.33-1+really4.0.32-1build1) ...
2025-08-09T10:54:47.7382060Z Selecting previously unselected package nmap-common.
2025-08-09T10:54:47.7550563Z Preparing to unpack .../76-nmap-common_7.91+dfsg1+really7.80+dfsg1-2ubuntu0.1_all.deb ...
2025-08-09T10:54:47.7564416Z Unpacking nmap-common (7.91+dfsg1+really7.80+dfsg1-2ubuntu0.1) ...
2025-08-09T10:54:47.9597280Z Selecting previously unselected package pv.
2025-08-09T10:54:47.9768494Z Preparing to unpack .../77-pv_1.6.6-1build2_amd64.deb ...
2025-08-09T10:54:47.9799467Z Unpacking pv (1.6.6-1build2) ...
2025-08-09T10:54:48.0138610Z Selecting previously unselected package libfdt1:amd64.
2025-08-09T10:54:48.0307122Z Preparing to unpack .../78-libfdt1_1.6.1-1_amd64.deb ...
2025-08-09T10:54:48.0332964Z Unpacking libfdt1:amd64 (1.6.1-1) ...
2025-08-09T10:54:48.0616369Z Selecting previously unselected package qemu-system-common.
2025-08-09T10:54:48.0788422Z Preparing to unpack .../79-qemu-system-common_1%3a6.2+dfsg-2ubuntu6.26_amd64.deb ...
2025-08-09T10:54:48.0818973Z Unpacking qemu-system-common (1:6.2+dfsg-2ubuntu6.26) ...
2025-08-09T10:54:48.1852988Z Selecting previously unselected package qemu-system-data.
2025-08-09T10:54:48.2025362Z Preparing to unpack .../80-qemu-system-data_1%3a6.2+dfsg-2ubuntu6.26_all.deb ...
2025-08-09T10:54:48.2036115Z Unpacking qemu-system-data (1:6.2+dfsg-2ubuntu6.26) ...
2025-08-09T10:54:48.2710751Z Selecting previously unselected package seabios.
2025-08-09T10:54:48.2882416Z Preparing to unpack .../81-seabios_1.15.0-1_all.deb ...
2025-08-09T10:54:48.2894263Z Unpacking seabios (1.15.0-1) ...
2025-08-09T10:54:48.3197297Z Selecting previously unselected package qemu-system-x86.
2025-08-09T10:54:48.3363604Z Preparing to unpack .../82-qemu-system-x86_1%3a6.2+dfsg-2ubuntu6.26_amd64.deb ...
2025-08-09T10:54:48.3510445Z Unpacking qemu-system-x86 (1:6.2+dfsg-2ubuntu6.26) ...
2025-08-09T10:54:48.5107260Z Selecting previously unselected package qemu-utils.
2025-08-09T10:54:48.5277412Z Preparing to unpack .../83-qemu-utils_1%3a6.2+dfsg-2ubuntu6.26_amd64.deb ...
2025-08-09T10:54:48.5288150Z Unpacking qemu-utils (1:6.2+dfsg-2ubuntu6.26) ...
2025-08-09T10:54:48.5916463Z Selecting previously unselected package qemu-block-extra.
2025-08-09T10:54:48.6084452Z Preparing to unpack .../84-qemu-block-extra_1%3a6.2+dfsg-2ubuntu6.26_amd64.deb ...
2025-08-09T10:54:48.6097754Z Unpacking qemu-block-extra (1:6.2+dfsg-2ubuntu6.26) ...
2025-08-09T10:54:48.6380472Z Selecting previously unselected package qemu-system-gui.
2025-08-09T10:54:48.6552547Z Preparing to unpack .../85-qemu-system-gui_1%3a6.2+dfsg-2ubuntu6.26_amd64.deb ...
2025-08-09T10:54:48.6565387Z Unpacking qemu-system-gui (1:6.2+dfsg-2ubuntu6.26) ...
2025-08-09T10:54:48.6839027Z Selecting previously unselected package syslinux-common.
2025-08-09T10:54:48.7008769Z Preparing to unpack .../86-syslinux-common_3%3a6.04~git20190206.bf6db5b4+dfsg1-3ubuntu1_all.deb ...
2025-08-09T10:54:48.7024431Z Unpacking syslinux-common (3:6.04~git20190206.bf6db5b4+dfsg1-3ubuntu1) ...
2025-08-09T10:54:48.7711029Z Selecting previously unselected package syslinux-utils.
2025-08-09T10:54:48.7881748Z Preparing to unpack .../87-syslinux-utils_3%3a6.04~git20190206.bf6db5b4+dfsg1-3ubuntu1_amd64.deb ...
2025-08-09T10:54:48.7897137Z Unpacking syslinux-utils (3:6.04~git20190206.bf6db5b4+dfsg1-3ubuntu1) ...
2025-08-09T10:54:48.8385635Z Selecting previously unselected package nmap.
2025-08-09T10:54:48.8554727Z Preparing to unpack .../88-nmap_7.91+dfsg1+really7.80+dfsg1-2ubuntu0.1_amd64.deb ...
2025-08-09T10:54:48.8569368Z Unpacking nmap (7.91+dfsg1+really7.80+dfsg1-2ubuntu0.1) ...
2025-08-09T10:54:48.9274818Z Selecting previously unselected package ovmf.
2025-08-09T10:54:48.9445544Z Preparing to unpack .../89-ovmf_2022.02-3ubuntu0.22.04.3_all.deb ...
2025-08-09T10:54:48.9454544Z Unpacking ovmf (2022.02-3ubuntu0.22.04.3) ...
2025-08-09T10:54:49.0404566Z Setting up genisoimage (9:1.1.11-3.2ubuntu1) ...
2025-08-09T10:54:49.0438005Z Setting up libcdparanoia0:amd64 (3.10.2+debian-14build2) ...
2025-08-09T10:54:49.0470364Z Setting up lua-lpeg:amd64 (1.0.2-1) ...
2025-08-09T10:54:49.0507447Z Setting up debootstrap (1.0.126+nmu1ubuntu0.8) ...
2025-08-09T10:54:49.0545417Z Setting up libraw1394-11:amd64 (2.1.2-2build2) ...
2025-08-09T10:54:49.0575173Z Setting up libtag1v5-vanilla:amd64 (1.11.1+dfsg.1-3ubuntu3) ...
2025-08-09T10:54:49.0611914Z Setting up libmpg123-0:amd64 (1.29.3-1ubuntu0.1) ...
2025-08-09T10:54:49.0666458Z Setting up isolinux (3:6.04~git20190206.bf6db5b4+dfsg1-3ubuntu1) ...
2025-08-09T10:54:49.0707903Z Setting up libspeex1:amd64 (1.2~rc1.2-1.1ubuntu3) ...
2025-08-09T10:54:49.0779790Z Setting up libcaca0:amd64 (0.99.beta19-2.2ubuntu4) ...
2025-08-09T10:54:49.0843264Z Setting up libtwolame0:amd64 (0.4.0-2build2) ...
2025-08-09T10:54:49.0886677Z Setting up libvte-2.91-common (0.68.0-1ubuntu0.1) ...
2025-08-09T10:54:49.0952209Z Setting up libvisual-0.4-0:amd64 (0.4.0-17build2) ...
2025-08-09T10:54:49.0998133Z Setting up mtools (4.0.33-1+really4.0.32-1build1) ...
2025-08-09T10:54:49.1065741Z Setting up libboost-iostreams1.74.0:amd64 (1.74.0-14ubuntu3) ...
2025-08-09T10:54:49.1123221Z Setting up msr-tools (1.3-4) ...
2025-08-09T10:54:49.1168235Z Setting up syslinux-common (3:6.04~git20190206.bf6db5b4+dfsg1-3ubuntu1) ...
2025-08-09T10:54:49.1204285Z Setting up live-build (3.0~a57-1ubuntu41.22.04.1) ...
2025-08-09T10:54:49.1245783Z Setting up libfdt1:amd64 (1.6.1-1) ...
2025-08-09T10:54:49.1278609Z Setting up libvte-2.91-0:amd64 (0.68.0-1ubuntu0.1) ...
2025-08-09T10:54:49.1324943Z Setting up libusbredirparser1:amd64 (0.11.0-2build1) ...
2025-08-09T10:54:49.1372545Z Setting up liblinear4:amd64 (2.3.0+dfsg-5) ...
2025-08-09T10:54:49.1409956Z Setting up libflac8:amd64 (1.3.3-2ubuntu0.2) ...
2025-08-09T10:54:49.1471449Z Setting up syslinux-utils (3:6.04~git20190206.bf6db5b4+dfsg1-3ubuntu1) ...
2025-08-09T10:54:49.1516475Z Setting up libnl-route-3-200:amd64 (3.5.0-0.1) ...
2025-08-09T10:54:49.1549911Z Setting up ovmf (2022.02-3ubuntu0.22.04.3) ...
2025-08-09T10:54:49.1589756Z Setting up libglusterfs0:amd64 (10.1-1ubuntu0.2) ...
2025-08-09T10:54:49.1652793Z Setting up libvirglrenderer1:amd64 (0.9.1-1~exp1ubuntu2) ...
2025-08-09T10:54:49.1703969Z Setting up libopus0:amd64 (1.3.1-0.1build2) ...
2025-08-09T10:54:49.1752738Z Setting up libxv1:amd64 (2:1.0.11-1build2) ...
2025-08-09T10:54:49.1804591Z Setting up liborc-0.4-0:amd64 (1:0.4.32-2ubuntu0.1) ...
2025-08-09T10:54:49.1850237Z Setting up libelf-dev:amd64 (0.186-1ubuntu0.1) ...
2025-08-09T10:54:49.1901343Z Setting up libpcsclite1:amd64 (1.9.5-3ubuntu1) ...
2025-08-09T10:54:49.1980641Z Setting up libdaxctl1:amd64 (72.1-1) ...
2025-08-09T10:54:49.2036695Z Setting up qemu-system-data (1:6.2+dfsg-2ubuntu6.26) ...
2025-08-09T10:54:49.2086057Z Setting up seabios (1.15.0-1) ...
2025-08-09T10:54:49.2138713Z Setting up nmap-common (7.91+dfsg1+really7.80+dfsg1-2ubuntu0.1) ...
2025-08-09T10:54:49.2438833Z Setting up libtag1v5:amd64 (1.11.1+dfsg.1-3ubuntu3) ...
2025-08-09T10:54:49.2483432Z Setting up cpu-checker (0.7-1.3build1) ...
2025-08-09T10:54:49.2515389Z Setting up libdv4:amd64 (1.0.0-14build1) ...
2025-08-09T10:54:49.2548337Z Setting up libasyncns0:amd64 (0.8-6build2) ...
2025-08-09T10:54:49.2581937Z Setting up pv (1.6.6-1build2) ...
2025-08-09T10:54:49.2623816Z Setting up libwavpack1:amd64 (5.4.0-1build2) ...
2025-08-09T10:54:49.2661751Z Setting up ipxe-qemu (1.21.1+git-20220113.fbbdc3926-0ubuntu1) ...
2025-08-09T10:54:49.2707066Z Setting up libtheora0:amd64 (1.1.1+dfsg.1-15ubuntu4) ...
2025-08-09T10:54:49.2755933Z Setting up libv4lconvert0:amd64 (1.22.1-2build1) ...
2025-08-09T10:54:49.2799028Z Setting up libdecor-0-0:amd64 (0.1.0-3build1) ...
2025-08-09T10:54:49.2853124Z Setting up libndctl6:amd64 (72.1-1) ...
2025-08-09T10:54:49.2893975Z Setting up ipxe-qemu-256k-compat-efi-roms (1.0.0+git-20150424.a25a16d-0ubuntu4) ...
2025-08-09T10:54:49.2928447Z Setting up libvpx7:amd64 (1.11.0-2ubuntu2.4) ...
2025-08-09T10:54:49.2974384Z Setting up libbrlapi0.8:amd64 (6.4-4ubuntu3) ...
2025-08-09T10:54:49.3049901Z Setting up liburing2:amd64 (2.1-2build1) ...
2025-08-09T10:54:49.3091800Z Setting up libsamplerate0:amd64 (0.2.2-1build1) ...
2025-08-09T10:54:49.3135464Z Setting up libpmem1:amd64 (1.11.1-3build1) ...
2025-08-09T10:54:49.3197049Z Setting up libmp3lame0:amd64 (3.100-3build2) ...
2025-08-09T10:54:49.3237213Z Setting up libvorbisenc2:amd64 (1.3.7-1build2) ...
2025-08-09T10:54:49.3285064Z Setting up libgfxdr0:amd64 (10.1-1ubuntu0.2) ...
2025-08-09T10:54:49.3338275Z Setting up libboost-thread1.74.0:amd64 (1.74.0-14ubuntu3) ...
2025-08-09T10:54:49.3397448Z Setting up libaa1:amd64 (1.4p5-50build1) ...
2025-08-09T10:54:49.3445507Z Setting up libiec61883-0:amd64 (1.2.0-4build3) ...
2025-08-09T10:54:49.3491853Z Setting up libavc1394-0:amd64 (0.5.4-5build2) ...
2025-08-09T10:54:49.3567116Z Setting up libibverbs1:amd64 (39.0-1) ...
2025-08-09T10:54:49.4230353Z Setting up ibverbs-providers:amd64 (39.0-1) ...
2025-08-09T10:54:49.4644749Z Setting up libgstreamer-plugins-base1.0-0:amd64 (1.20.1-1ubuntu0.4) ...
2025-08-09T10:54:49.4712789Z Setting up nmap (7.91+dfsg1+really7.80+dfsg1-2ubuntu0.1) ...
2025-08-09T10:54:49.4747123Z Setting up libcacard0:amd64 (1:2.8.0-3build2) ...
2025-08-09T10:54:49.4795297Z Setting up libv4l-0:amd64 (1.22.1-2build1) ...
2025-08-09T10:54:49.4830738Z Setting up libgstreamer-plugins-good1.0-0:amd64 (1.20.3-0ubuntu1.3) ...
2025-08-09T10:54:49.4876743Z Setting up gstreamer1.0-plugins-base:amd64 (1.20.1-1ubuntu0.4) ...
2025-08-09T10:54:49.4919638Z Setting up libshout3:amd64 (2.4.5-1build3) ...
2025-08-09T10:54:49.4965528Z Setting up libpmemobj1:amd64 (1.11.1-3build1) ...
2025-08-09T10:54:49.5013280Z Setting up libdecor-0-plugin-1-cairo:amd64 (0.1.0-3build1) ...
2025-08-09T10:54:49.5061691Z Setting up libjack-jackd2-0:amd64 (1.9.20~dfsg-1) ...
2025-08-09T10:54:49.5099517Z Setting up libsndfile1:amd64 (1.0.31-2ubuntu0.2) ...
2025-08-09T10:54:49.5151714Z Setting up qemu-utils (1:6.2+dfsg-2ubuntu6.26) ...
2025-08-09T10:54:49.5190471Z Setting up libgfrpc0:amd64 (10.1-1ubuntu0.2) ...
2025-08-09T10:54:49.5239606Z Setting up librdmacm1:amd64 (39.0-1) ...
2025-08-09T10:54:49.5331943Z Setting up librados2 (17.2.7-0ubuntu0.22.04.2) ...
2025-08-09T10:54:49.5515180Z Setting up gstreamer1.0-x:amd64 (1.20.1-1ubuntu0.4) ...
2025-08-09T10:54:49.5555602Z Setting up libpulse0:amd64 (1:15.99.1+dfsg1-1ubuntu2.2) ...
2025-08-09T10:54:49.5666123Z Setting up gstreamer1.0-plugins-good:amd64 (1.20.3-0ubuntu1.3) ...
2025-08-09T10:54:49.5715367Z Setting up libspice-server1:amd64 (0.15.0-2ubuntu4) ...
2025-08-09T10:54:49.5763194Z Setting up librbd1 (17.2.7-0ubuntu0.22.04.2) ...
2025-08-09T10:54:49.5811466Z Setting up libgfapi0:amd64 (10.1-1ubuntu0.2) ...
2025-08-09T10:54:49.5858867Z Setting up libiscsi7:amd64 (1.19.0-3build2) ...
2025-08-09T10:54:49.5911922Z Setting up libsdl2-2.0-0:amd64 (2.0.20+dfsg-2ubuntu1.22.04.1) ...
2025-08-09T10:54:49.5958671Z Setting up qemu-block-extra (1:6.2+dfsg-2ubuntu6.26) ...
2025-08-09T10:54:49.8936947Z Created symlink /etc/systemd/system/multi-user.target.wants/run-qemu.mount → /lib/systemd/system/run-qemu.mount.
2025-08-09T10:54:50.3360956Z Setting up qemu-system-common (1:6.2+dfsg-2ubuntu6.26) ...
2025-08-09T10:54:50.4459182Z Created symlink /etc/systemd/system/multi-user.target.wants/qemu-kvm.service → /lib/systemd/system/qemu-kvm.service.
2025-08-09T10:54:51.2974344Z Setting up qemu-system-x86 (1:6.2+dfsg-2ubuntu6.26) ...
2025-08-09T10:54:51.3010256Z Setting up qemu-system-gui (1:6.2+dfsg-2ubuntu6.26) ...
2025-08-09T10:54:51.3050816Z Processing triggers for man-db (2.10.2-1) ...
2025-08-09T10:54:52.7642287Z Processing triggers for install-info (6.8-4build1) ...
2025-08-09T10:54:52.9747912Z Processing triggers for hicolor-icon-theme (0.17-2) ...
2025-08-09T10:54:53.4057339Z Processing triggers for libc-bin (2.35-0ubuntu3.10) ...
2025-08-09T10:54:56.4745220Z NEEDRESTART-VER: 3.5
2025-08-09T10:54:57.0815436Z NEEDRESTART-KCUR: 6.8.0-1031-azure
2025-08-09T10:54:57.0815908Z NEEDRESTART-KEXP: 6.8.0-1031-azure
2025-08-09T10:54:57.0816293Z NEEDRESTART-KSTA: 1
2025-08-09T10:54:57.0816674Z NEEDRESTART-SVC: hosted-compute-agent.service
2025-08-09T10:54:58.4799139Z ##[group]Run echo "CLUSTER_MODE=sub" >> $GITHUB_ENV
2025-08-09T10:54:58.4799531Z [36;1mecho "CLUSTER_MODE=sub" >> $GITHUB_ENV[0m
2025-08-09T10:54:58.4799817Z [36;1mecho "ENABLE_GUI=false" >> $GITHUB_ENV[0m
2025-08-09T10:54:58.4800110Z [36;1mecho "SKIP_QEMU_TEST=true" >> $GITHUB_ENV[0m
2025-08-09T10:54:58.4800438Z [36;1mecho "BUILD_THREADS=2" >> $GITHUB_ENV  # Limit for CI[0m
2025-08-09T10:54:58.4800887Z [36;1mecho "SKIP_CONNECTIVITY_CHECK=true" >> $GITHUB_ENV  # Skip redundant check in CI[0m
2025-08-09T10:54:58.4828307Z shell: /usr/bin/bash -e {0}
2025-08-09T10:54:58.4828549Z ##[endgroup]
2025-08-09T10:54:58.4903923Z ##[group]Run chmod +x ainux-builder.sh
2025-08-09T10:54:58.4904241Z [36;1mchmod +x ainux-builder.sh[0m
2025-08-09T10:54:58.4904472Z [36;1m[0m
2025-08-09T10:54:58.4904641Z [36;1m# Add debug output[0m
2025-08-09T10:54:58.4904858Z [36;1mset -x[0m
2025-08-09T10:54:58.4905029Z [36;1m[0m
2025-08-09T10:54:58.4905226Z [36;1m# Run build with timeout (2 hours max)[0m
2025-08-09T10:54:58.4905516Z [36;1mtimeout 7200 ./ainux-builder.sh || {[0m
2025-08-09T10:54:58.4905786Z [36;1m  echo "Build timed out or failed"[0m
2025-08-09T10:54:58.4906089Z [36;1m  echo "=== Last 100 lines of any available logs ==="[0m
2025-08-09T10:54:58.4906550Z [36;1m  find ~/ainux-build/logs -name "*.log" -exec tail -50 {} \; 2>/dev/null || echo "No log files found"[0m
2025-08-09T10:54:58.4906957Z [36;1m  [0m
2025-08-09T10:54:58.4907161Z [36;1m  echo "=== Environment Variables ==="[0m
2025-08-09T10:54:58.4907493Z [36;1m  env | grep -E "(CLUSTER_MODE|ENABLE_GUI|SKIP_|BUILD_)" || true[0m
2025-08-09T10:54:58.4907835Z [36;1m  [0m
2025-08-09T10:54:58.4908012Z [36;1m  echo "=== Disk Usage ==="[0m
2025-08-09T10:54:58.4908244Z [36;1m  df -h || true[0m
2025-08-09T10:54:58.4908429Z [36;1m  [0m
2025-08-09T10:54:58.4908638Z [36;1m  echo "=== Memory Usage ==="[0m
2025-08-09T10:54:58.4908867Z [36;1m  free -h || true[0m
2025-08-09T10:54:58.4909066Z [36;1m  [0m
2025-08-09T10:54:58.4909220Z [36;1m  exit 1[0m
2025-08-09T10:54:58.4909390Z [36;1m}[0m
2025-08-09T10:54:58.4934662Z shell: /usr/bin/bash -e {0}
2025-08-09T10:54:58.4934894Z env:
2025-08-09T10:54:58.4935063Z   CLUSTER_MODE: sub
2025-08-09T10:54:58.4935254Z   ENABLE_GUI: false
2025-08-09T10:54:58.4935435Z   SKIP_QEMU_TEST: true
2025-08-09T10:54:58.4935620Z   BUILD_THREADS: 2
2025-08-09T10:54:58.4935810Z   SKIP_CONNECTIVITY_CHECK: true
2025-08-09T10:54:58.4936023Z ##[endgroup]
2025-08-09T10:54:58.4987479Z + timeout 7200 ./ainux-builder.sh
2025-08-09T10:54:58.5083153Z 
2025-08-09T10:54:58.5083709Z [0;35m[PHASE][0m Starting Ainux OS AI Cluster Builder Process
2025-08-09T10:54:58.5083981Z 
2025-08-09T10:54:58.5083996Z 
2025-08-09T10:54:58.5084239Z [0;35m[PHASE][0m Checking Prerequisites
2025-08-09T10:54:58.5084544Z 
2025-08-09T10:54:58.5132297Z [0;34m[INFO][0m Detected Ubuntu 22.04 LTS - supported
2025-08-09T10:54:58.5162068Z [0;34m[INFO][0m Disk space check passed: 36GB available
2025-08-09T10:54:58.5162725Z [0;34m[INFO][0m Checking internet connectivity...
2025-08-09T10:54:58.5163488Z [1;33m[WARNING][0m Skipping connectivity check (SKIP_CONNECTIVITY_CHECK=true)
2025-08-09T10:54:58.5164207Z [0;32m[SUCCESS][0m Prerequisites check passed
2025-08-09T10:54:58.5164535Z 
2025-08-09T10:54:58.5164882Z [0;35m[PHASE][0m Initializing Ainux OS AI Cluster Build Environment
2025-08-09T10:54:58.5165161Z 
2025-08-09T10:54:58.5165300Z [0;34m[INFO][0m Build Configuration:
2025-08-09T10:54:58.5165603Z [0;34m[INFO][0m   Kernel Version: 6.6.58
2025-08-09T10:54:58.5165894Z [0;34m[INFO][0m   Cluster Mode: sub
2025-08-09T10:54:58.5166175Z [0;34m[INFO][0m   Build Threads: 2
2025-08-09T10:54:58.5166725Z [0;34m[INFO][0m   GUI Enabled: false
2025-08-09T10:54:58.5167067Z [0;34m[INFO][0m   Build Directory: /home/runner/ainux-build
2025-08-09T10:54:58.5167443Z [0;34m[INFO][0m Installing build dependencies...
2025-08-09T10:54:58.5167835Z [0;34m[INFO][0m Detected CI environment - applying optimizations...
2025-08-09T10:55:00.1127444Z 
2025-08-09T10:55:00.1128027Z WARNING: apt does not have a stable CLI interface. Use with caution in scripts.
2025-08-09T10:55:00.1128534Z 
2025-08-09T10:55:00.1518521Z Reading package lists...
2025-08-09T10:55:00.3478302Z Building dependency tree...
2025-08-09T10:55:00.3490453Z Reading state information...
2025-08-09T10:55:00.5061711Z bc is already the newest version (1.07.1-3build1).
2025-08-09T10:55:00.5062310Z bison is already the newest version (2:3.8.2+dfsg-1build1).
2025-08-09T10:55:00.5062804Z build-essential is already the newest version (12.9ubuntu3).
2025-08-09T10:55:00.5063764Z dosfstools is already the newest version (4.2-1build3).
2025-08-09T10:55:00.5064201Z flex is already the newest version (2.6.4-8build2).
2025-08-09T10:55:00.5064535Z gcc is already the newest version (4:11.2.0-1ubuntu1).
2025-08-09T10:55:00.5064920Z genisoimage is already the newest version (9:1.1.11-3.2ubuntu1).
2025-08-09T10:55:00.5065295Z make is already the newest version (4.3-4.1build1).
2025-08-09T10:55:00.5065682Z mtools is already the newest version (4.0.33-1+really4.0.32-1build1).
2025-08-09T10:55:00.5066067Z pv is already the newest version (1.6.6-1build2).
2025-08-09T10:55:00.5066438Z squashfs-tools is already the newest version (1:4.5-3build1).
2025-08-09T10:55:00.5066921Z isolinux is already the newest version (3:6.04~git20190206.bf6db5b4+dfsg1-3ubuntu1).
2025-08-09T10:55:00.5067491Z syslinux-utils is already the newest version (3:6.04~git20190206.bf6db5b4+dfsg1-3ubuntu1).
2025-08-09T10:55:00.5067957Z xorriso is already the newest version (1.5.4-2).
2025-08-09T10:55:00.5068310Z curl is already the newest version (7.81.0-1ubuntu1.20).
2025-08-09T10:55:00.5068719Z debootstrap is already the newest version (1.0.126+nmu1ubuntu0.8).
2025-08-09T10:55:00.5069162Z grub-efi-amd64-bin is already the newest version (2.06-2ubuntu14.8).
2025-08-09T10:55:00.5069589Z grub-pc-bin is already the newest version (2.06-2ubuntu7.2).
2025-08-09T10:55:00.5069976Z libelf-dev is already the newest version (0.186-1ubuntu0.1).
2025-08-09T10:55:00.5070375Z libncurses-dev is already the newest version (6.3-2ubuntu0.1).
2025-08-09T10:55:00.5070780Z libssl-dev is already the newest version (3.0.2-0ubuntu1.19).
2025-08-09T10:55:00.5071395Z live-build is already the newest version (3.0~a57-1ubuntu41.22.04.1).
2025-08-09T10:55:00.5071862Z qemu-system-x86 is already the newest version (1:6.2+dfsg-2ubuntu6.26).
2025-08-09T10:55:00.5072286Z rsync is already the newest version (3.2.7-0ubuntu0.22.04.4).
2025-08-09T10:55:00.5072664Z wget is already the newest version (1.21.2-2ubuntu1.1).
2025-08-09T10:55:00.5073094Z nmap is already the newest version (7.91+dfsg1+really7.80+dfsg1-2ubuntu0.1).
2025-08-09T10:55:00.5073568Z python3-pip is already the newest version (22.0.2+dfsg-1ubuntu0.6).
2025-08-09T10:55:00.5073993Z git is already the newest version (1:2.50.1-0ppa1~ubuntu22.04.1).
2025-08-09T10:55:00.5444916Z The following NEW packages will be installed:
2025-08-09T10:55:00.5450585Z   dialog
2025-08-09T10:55:00.5737861Z 0 upgraded, 1 newly installed, 0 to remove and 16 not upgraded.
2025-08-09T10:55:00.6077731Z Need to get 303 kB of archives.
2025-08-09T10:55:00.6078291Z After this operation, 1258 kB of additional disk space will be used.
2025-08-09T10:55:00.6078697Z Get:1 file:/etc/apt/apt-mirrors.txt Mirrorlist [144 B]
2025-08-09T10:55:00.8409946Z Get:2 http://azure.archive.ubuntu.com/ubuntu jammy/universe amd64 dialog amd64 1.3-20211214-1 [303 kB]
2025-08-09T10:55:01.4490611Z Fetched 303 kB in 1s (551 kB/s)
2025-08-09T10:55:01.4714510Z Selecting previously unselected package dialog.
2025-08-09T10:55:01.4784236Z (Reading database ... 
2025-08-09T10:55:01.4784657Z (Reading database ... 5%
2025-08-09T10:55:01.4785442Z (Reading database ... 10%
2025-08-09T10:55:01.4785799Z (Reading database ... 15%
2025-08-09T10:55:01.4786136Z (Reading database ... 20%
2025-08-09T10:55:01.4786472Z (Reading database ... 25%
2025-08-09T10:55:01.4786818Z (Reading database ... 30%
2025-08-09T10:55:01.4787162Z (Reading database ... 35%
2025-08-09T10:55:01.4787501Z (Reading database ... 40%
2025-08-09T10:55:01.4787836Z (Reading database ... 45%
2025-08-09T10:55:01.4788862Z (Reading database ... 50%
2025-08-09T10:55:01.4839777Z (Reading database ... 55%
2025-08-09T10:55:01.4874312Z (Reading database ... 60%
2025-08-09T10:55:01.4893255Z (Reading database ... 65%
2025-08-09T10:55:01.4980384Z (Reading database ... 70%
2025-08-09T10:55:01.5156328Z (Reading database ... 75%
2025-08-09T10:55:01.5190455Z (Reading database ... 80%
2025-08-09T10:55:01.5480952Z (Reading database ... 85%
2025-08-09T10:55:01.5559886Z (Reading database ... 90%
2025-08-09T10:55:01.5725288Z (Reading database ... 95%
2025-08-09T10:55:01.5726181Z (Reading database ... 100%
2025-08-09T10:55:01.5726625Z (Reading database ... 270634 files and directories currently installed.)
2025-08-09T10:55:01.5782873Z Preparing to unpack .../dialog_1.3-20211214-1_amd64.deb ...
2025-08-09T10:55:01.5793385Z Unpacking dialog (1.3-20211214-1) ...
2025-08-09T10:55:01.7671896Z Setting up dialog (1.3-20211214-1) ...
2025-08-09T10:55:01.7742682Z Processing triggers for man-db (2.10.2-1) ...
2025-08-09T10:55:02.3355903Z NEEDRESTART-VER: 3.5
2025-08-09T10:55:02.5702724Z NEEDRESTART-KCUR: 6.8.0-1031-azure
2025-08-09T10:55:02.5703204Z NEEDRESTART-KEXP: 6.8.0-1031-azure
2025-08-09T10:55:02.5703592Z NEEDRESTART-KSTA: 1
2025-08-09T10:55:02.5703989Z NEEDRESTART-SVC: hosted-compute-agent.service
2025-08-09T10:55:03.9838865Z [0;34m[INFO][0m Applying CI space optimizations...
2025-08-09T10:55:04.9300707Z Reading package lists...
2025-08-09T10:55:05.1461355Z Building dependency tree...
2025-08-09T10:55:05.1473899Z Reading state information...
2025-08-09T10:55:05.2973581Z The following packages will be REMOVED:
2025-08-09T10:55:05.2974746Z   apport-symptoms landscape-common libintl-perl libintl-xs-perl libisns0
2025-08-09T10:55:05.2975483Z   liblldb-13 liblldb-15 libmodule-find-perl libmodule-scandeps-perl libmspack0
2025-08-09T10:55:05.2976296Z   libopeniscsiusr libproc-processtable-perl libsort-naturally-perl
2025-08-09T10:55:05.2978358Z   libterm-readkey-perl libxmlsec1 libxmlsec1-openssl lxd-agent-loader
2025-08-09T10:55:05.2979289Z   needrestart open-iscsi open-vm-tools python3-apport python3-automat
2025-08-09T10:55:05.3004966Z   python3-bcrypt python3-click python3-colorama python3-constantly
2025-08-09T10:55:05.3005795Z   python3-hamcrest python3-hyperlink python3-incremental
2025-08-09T10:55:05.3006612Z   python3-problem-report python3-pyasn1 python3-pyasn1-modules
2025-08-09T10:55:05.3007312Z   python3-service-identity python3-systemd python3-twisted
2025-08-09T10:55:05.3007851Z   python3-zope.interface zerofree
2025-08-09T10:55:05.5755956Z 0 upgraded, 0 newly installed, 37 to remove and 14 not upgraded.
2025-08-09T10:55:05.5756559Z After this operation, 62.7 MB disk space will be freed.
2025-08-09T10:55:05.5983031Z (Reading database ... 
2025-08-09T10:55:05.5983529Z (Reading database ... 5%
2025-08-09T10:55:05.5983970Z (Reading database ... 10%
2025-08-09T10:55:05.5984285Z (Reading database ... 15%
2025-08-09T10:55:05.5984544Z (Reading database ... 20%
2025-08-09T10:55:05.5984800Z (Reading database ... 25%
2025-08-09T10:55:05.5985037Z (Reading database ... 30%
2025-08-09T10:55:05.5985282Z (Reading database ... 35%
2025-08-09T10:55:05.5985525Z (Reading database ... 40%
2025-08-09T10:55:05.5985780Z (Reading database ... 45%
2025-08-09T10:55:05.5986038Z (Reading database ... 50%
2025-08-09T10:55:05.6037397Z (Reading database ... 55%
2025-08-09T10:55:05.6070216Z (Reading database ... 60%
2025-08-09T10:55:05.6087888Z (Reading database ... 65%
2025-08-09T10:55:05.6169845Z (Reading database ... 70%
2025-08-09T10:55:05.6333065Z (Reading database ... 75%
2025-08-09T10:55:05.6365822Z (Reading database ... 80%
2025-08-09T10:55:05.6642353Z (Reading database ... 85%
2025-08-09T10:55:05.6715784Z (Reading database ... 90%
2025-08-09T10:55:05.6869757Z (Reading database ... 95%
2025-08-09T10:55:05.6870207Z (Reading database ... 100%
2025-08-09T10:55:05.6870842Z (Reading database ... 270787 files and directories currently installed.)
2025-08-09T10:55:05.6924522Z Removing apport-symptoms (0.24) ...
2025-08-09T10:55:05.7224471Z Removing landscape-common (23.02-0ubuntu1~22.04.4) ...
2025-08-09T10:55:05.8495671Z Removing libintl-xs-perl (1.26-3build2) ...
2025-08-09T10:55:05.8788411Z Removing needrestart (3.5-5ubuntu2.4) ...
2025-08-09T10:55:05.9294405Z Removing libintl-perl (1.26-3build2) ...
2025-08-09T10:55:05.9675177Z Removing open-iscsi (2.1.5-1ubuntu1.1) ...
2025-08-09T10:55:06.1164769Z Warning: Stopping iscsid.service, but it can still be activated by:
2025-08-09T10:55:06.1165413Z   iscsid.socket
2025-08-09T10:55:07.5329085Z Removing libisns0:amd64 (0.101-0ubuntu2) ...
2025-08-09T10:55:07.5565084Z Removing liblldb-13 (1:13.0.1-2ubuntu2.2) ...
2025-08-09T10:55:07.5895271Z Removing liblldb-15 (1:15.0.7-0ubuntu0.22.04.3) ...
2025-08-09T10:55:07.6268015Z Removing libmodule-find-perl (0.15-1) ...
2025-08-09T10:55:07.6513439Z Removing libmodule-scandeps-perl (1.31-1ubuntu0.1) ...
2025-08-09T10:55:07.6735063Z Removing open-vm-tools (2:12.3.5-3~ubuntu0.22.04.2) ...
2025-08-09T10:55:08.6567970Z Removing libmspack0:amd64 (0.10.1-2build2) ...
2025-08-09T10:55:08.6768314Z Removing libopeniscsiusr (2.1.5-1ubuntu1.1) ...
2025-08-09T10:55:08.7034735Z Removing libproc-processtable-perl:amd64 (0.634-1build1) ...
2025-08-09T10:55:08.7256123Z Removing libsort-naturally-perl (1.03-2) ...
2025-08-09T10:55:08.7484538Z Removing libterm-readkey-perl (2.38-1build4) ...
2025-08-09T10:55:08.7717075Z Removing libxmlsec1-openssl:amd64 (1.2.33-1build2) ...
2025-08-09T10:55:08.7959487Z Removing libxmlsec1:amd64 (1.2.33-1build2) ...
2025-08-09T10:55:08.8261844Z Removing lxd-agent-loader (0.5) ...
2025-08-09T10:55:09.3056607Z Removing python3-apport (2.20.11-0ubuntu82.9) ...
2025-08-09T10:55:09.4119421Z Removing python3-twisted (22.1.0-2ubuntu2.6) ...
2025-08-09T10:55:09.7417621Z Removing python3-automat (20.2.0-1) ...
2025-08-09T10:55:09.8415021Z Removing python3-bcrypt (3.2.0-1build1) ...
2025-08-09T10:55:09.9350368Z Removing python3-click (8.0.3-1) ...
2025-08-09T10:55:10.0306123Z Removing python3-colorama (0.4.4-1) ...
2025-08-09T10:55:10.1256780Z Removing python3-constantly (15.1.0-2) ...
2025-08-09T10:55:10.2173070Z Removing python3-hamcrest (2.0.2-2) ...
2025-08-09T10:55:10.3249869Z Removing python3-hyperlink (21.0.0-3) ...
2025-08-09T10:55:10.4224793Z Removing python3-incremental (21.3.0-1) ...
2025-08-09T10:55:10.5197165Z Removing python3-problem-report (2.20.11-0ubuntu82.9) ...
2025-08-09T10:55:10.6149438Z Removing python3-service-identity (18.1.0-6) ...
2025-08-09T10:55:10.7072923Z Removing python3-pyasn1-modules (0.2.1-1) ...
2025-08-09T10:55:10.8006310Z Removing python3-pyasn1 (0.4.8-1) ...
2025-08-09T10:55:10.9027108Z Removing python3-systemd (234-3ubuntu2) ...
2025-08-09T10:55:11.0068253Z Removing python3-zope.interface (5.4.0-1build1) ...
2025-08-09T10:55:11.1173015Z Removing zerofree (1.1.1-1build3) ...
2025-08-09T10:55:11.1738226Z Processing triggers for libc-bin (2.35-0ubuntu3.10) ...
2025-08-09T10:55:11.1904170Z Processing triggers for man-db (2.10.2-1) ...
2025-08-09T10:55:11.5268664Z Processing triggers for initramfs-tools (0.140ubuntu13.5) ...
2025-08-09T10:55:11.5685037Z update-initramfs: Generating /boot/initrd.img-6.8.0-1031-azure
2025-08-09T10:55:21.7597849Z [0;32m[SUCCESS][0m Build environment initialized
2025-08-09T10:55:21.7599705Z 
2025-08-09T10:55:21.7600261Z [0;35m[PHASE][0m Building Custom Kernel 6.6.58 with AI Optimizations
2025-08-09T10:55:21.7600746Z 
2025-08-09T10:55:21.7601041Z [0;34m[INFO][0m Downloading Linux kernel 6.6.58...
2025-08-09T10:55:21.7602013Z [0;34m[INFO][0m CI environment detected - using optimized download strategy
2025-08-09T10:55:21.7602894Z [0;34m[INFO][0m Downloading kernel tarball (faster than git clone)...
2025-08-09T10:55:21.7823377Z --2025-08-09 10:55:21--  https://www.kernel.org/pub/linux/kernel/v6.x/linux-6.6.58.tar.xz
2025-08-09T10:55:21.8124068Z Resolving www.kernel.org (www.kernel.org)... 146.75.93.55, 2a04:4e42:87::311
2025-08-09T10:55:21.8203303Z Connecting to www.kernel.org (www.kernel.org)|146.75.93.55|:443... connected.
2025-08-09T10:55:21.8485053Z HTTP request sent, awaiting response... 200 OK
2025-08-09T10:55:21.8485677Z Length: 140387240 (134M) [application/x-xz]
2025-08-09T10:55:21.8486448Z Saving to: ‘linux-6.6.58.tar.xz’
2025-08-09T10:55:21.8573310Z 
2025-08-09T10:55:21.9006524Z      0K ........ ........ ........ ........ ........ ........  2% 57.8M 2s
2025-08-09T10:55:21.9102702Z   3072K ........ ........ ........ ........ ........ ........  4%  315M 1s
2025-08-09T10:55:21.9185319Z   6144K ........ ........ ........ ........ ........ ........  6%  363M 1s
2025-08-09T10:55:21.9270517Z   9216K ........ ........ ........ ........ ........ ........  8%  347M 1s
2025-08-09T10:55:21.9354225Z  12288K ........ ........ ........ ........ ........ ........ 11%  364M 1s
2025-08-09T10:55:21.9436434Z  15360K ........ ........ ........ ........ ........ ........ 13%  358M 1s
2025-08-09T10:55:21.9519249Z  18432K ........ ........ ........ ........ ........ ........ 15%  366M 1s
2025-08-09T10:55:21.9600156Z  21504K ........ ........ ........ ........ ........ ........ 17%  371M 1s
2025-08-09T10:55:21.9682450Z  24576K ........ ........ ........ ........ ........ ........ 20%  360M 0s
2025-08-09T10:55:21.9764572Z  27648K ........ ........ ........ ........ ........ ........ 22%  364M 0s
2025-08-09T10:55:21.9846305Z  30720K ........ ........ ........ ........ ........ ........ 24%  368M 0s
2025-08-09T10:55:21.9928770Z  33792K ........ ........ ........ ........ ........ ........ 26%  363M 0s
2025-08-09T10:55:22.0009054Z  36864K ........ ........ ........ ........ ........ ........ 29%  373M 0s
2025-08-09T10:55:22.0103184Z  39936K ........ ........ ........ ........ ........ ........ 31%  325M 0s
2025-08-09T10:55:22.0190194Z  43008K ........ ........ ........ ........ ........ ........ 33%  342M 0s
2025-08-09T10:55:22.0270842Z  46080K ........ ........ ........ ........ ........ ........ 35%  367M 0s
2025-08-09T10:55:22.0352266Z  49152K ........ ........ ........ ........ ........ ........ 38%  375M 0s
2025-08-09T10:55:22.0433329Z  52224K ........ ........ ........ ........ ........ ........ 40%  363M 0s
2025-08-09T10:55:22.0516456Z  55296K ........ ........ ........ ........ ........ ........ 42%  361M 0s
2025-08-09T10:55:22.0607506Z  58368K ........ ........ ........ ........ ........ ........ 44%  329M 0s
2025-08-09T10:55:22.0713325Z  61440K ........ ........ ........ ........ ........ ........ 47%  311M 0s
2025-08-09T10:55:22.0790896Z  64512K ........ ........ ........ ........ ........ ........ 49%  346M 0s
2025-08-09T10:55:22.0873513Z  67584K ........ ........ ........ ........ ........ ........ 51%  363M 0s
2025-08-09T10:55:22.0956645Z  70656K ........ ........ ........ ........ ........ ........ 53%  361M 0s
2025-08-09T10:55:22.1045024Z  73728K ........ ........ ........ ........ ........ ........ 56%  351M 0s
2025-08-09T10:55:22.1158070Z  76800K ........ ........ ........ ........ ........ ........ 58%  259M 0s
2025-08-09T10:55:22.1248237Z  79872K ........ ........ ........ ........ ........ ........ 60%  337M 0s
2025-08-09T10:55:22.1330551Z  82944K ........ ........ ........ ........ ........ ........ 62%  359M 0s
2025-08-09T10:55:22.1410571Z  86016K ........ ........ ........ ........ ........ ........ 64%  385M 0s
2025-08-09T10:55:22.1490003Z  89088K ........ ........ ........ ........ ........ ........ 67%  378M 0s
2025-08-09T10:55:22.1569807Z  92160K ........ ........ ........ ........ ........ ........ 69%  366M 0s
2025-08-09T10:55:22.1655580Z  95232K ........ ........ ........ ........ ........ ........ 71%  350M 0s
2025-08-09T10:55:22.1728290Z  98304K ........ ........ ........ ........ ........ ........ 73%  413M 0s
2025-08-09T10:55:22.1806482Z 101376K ........ ........ ........ ........ ........ ........ 76%  390M 0s
2025-08-09T10:55:22.1886534Z 104448K ........ ........ ........ ........ ........ ........ 78%  375M 0s
2025-08-09T10:55:22.1970744Z 107520K ........ ........ ........ ........ ........ ........ 80%  356M 0s
2025-08-09T10:55:22.2046522Z 110592K ........ ........ ........ ........ ........ ........ 82%  390M 0s
2025-08-09T10:55:22.2127501Z 113664K ........ ........ ........ ........ ........ ........ 85%  370M 0s
2025-08-09T10:55:22.2204659Z 116736K ........ ........ ........ ........ ........ ........ 87%  389M 0s
2025-08-09T10:55:22.2307149Z 119808K ........ ........ ........ ........ ........ ........ 89%  293M 0s
2025-08-09T10:55:22.2397862Z 122880K ........ ........ ........ ........ ........ ........ 91%  335M 0s
2025-08-09T10:55:22.2480038Z 125952K ........ ........ ........ ........ ........ ........ 94%  380M 0s
2025-08-09T10:55:22.2556195Z 129024K ........ ........ ........ ........ ........ ........ 96%  373M 0s
2025-08-09T10:55:22.2635754Z 132096K ........ ........ ........ ........ ........ ........ 98%  378M 0s
2025-08-09T10:55:22.2685817Z 135168K ........ ........ ........ ......                    100%  367M=0.4s
2025-08-09T10:55:22.2686169Z 
2025-08-09T10:55:22.2687616Z 2025-08-09 10:55:22 (319 MB/s) - ‘linux-6.6.58.tar.xz’ saved [140387240/140387240]
2025-08-09T10:55:22.2688047Z 
2025-08-09T10:55:22.2699920Z [0;34m[INFO][0m ✓ Kernel tarball downloaded successfully from kernel.org
2025-08-09T10:55:22.2700596Z [0;34m[INFO][0m Extracting kernel source...
2025-08-09T10:55:31.6320762Z [0;32m[SUCCESS][0m Kernel source extracted successfully
2025-08-09T10:55:31.6322146Z [0;34m[INFO][0m Applying AI/NPU optimization patches...
2025-08-09T10:55:31.6372126Z [0;34m[INFO][0m Script directory: /home/runner/ainux-build/kernel/linux
2025-08-09T10:55:31.6373508Z [0;34m[INFO][0m Initial patch directory: /home/runner/ainux-build/kernel/linux/patches
2025-08-09T10:55:31.6377913Z [0;34m[INFO][0m Current working directory: /home/runner/ainux-build/kernel/linux
2025-08-09T10:55:31.6379002Z [0;34m[INFO][0m Script location: ./ainux-builder.sh
2025-08-09T10:55:31.6379949Z [0;34m[INFO][0m Primary patch directory not found, trying alternatives...
2025-08-09T10:55:31.6405012Z [0;34m[INFO][0m Found patches at CI path: /home/runner/work/ainux/ainux/patches
2025-08-09T10:55:31.6406053Z [0;34m[INFO][0m Using local patches from repository: /home/runner/work/ainux/ainux/patches
2025-08-09T10:55:31.6446112Z [0;34m[INFO][0m Available patches: 6.6-cluster-networking-simple 6.6-cluster-networking 6.6-npu-core-fix 6.6-npu-kconfig-fix 6.6-npu-support 6.6-rocm-optimizations-simple 6.6-rocm-optimizations 6.6-tpu-support tpu-integration 
2025-08-09T10:55:31.6448188Z [0;34m[INFO][0m Applying NPU support patch...
2025-08-09T10:55:31.6563645Z patching file drivers/Kconfig
2025-08-09T10:55:31.6566958Z Hunk #1 succeeded at 243 with fuzz 2 (offset 3 lines).
2025-08-09T10:55:31.6567637Z patching file drivers/Makefile
2025-08-09T10:55:31.6568230Z patching file drivers/npu/Kconfig
2025-08-09T10:55:31.6568943Z patch: **** malformed patch at line 114: diff --git a/drivers/npu/Makefile b/drivers/npu/Makefile
2025-08-09T10:55:31.6569629Z 
2025-08-09T10:55:31.6572714Z [1;33m[WARNING][0m NPU patch failed, continuing with build...
2025-08-09T10:55:31.6574183Z [0;34m[INFO][0m Applying simplified ROCm optimization patch...
2025-08-09T10:55:31.6595089Z patching file drivers/gpu/drm/amd/amdgpu/amdgpu_cs.c
2025-08-09T10:55:31.6596694Z Hunk #1 succeeded at 1274 with fuzz 3.
2025-08-09T10:55:31.6598784Z [0;34m[INFO][0m Applying simplified cluster networking patch...
2025-08-09T10:55:31.6617459Z patching file net/core/dev.c
2025-08-09T10:55:31.6625773Z Hunk #1 succeeded at 5354 with fuzz 2 (offset -166 lines).
2025-08-09T10:55:31.6634721Z [0;34m[INFO][0m Configuring kernel for AI workloads...
2025-08-09T10:55:31.7095939Z [0;34m[INFO][0m Applying AI hardware optimizations to kernel config...
2025-08-09T10:55:31.7096759Z [0;34m[INFO][0m Enabling mandatory NPU support for AI cluster...
2025-08-09T10:55:31.8029935Z [0;34m[INFO][0m Enabling mandatory AMD ROCm support...
2025-08-09T10:55:32.4286121Z   HOSTCC  scripts/basic/fixdep
2025-08-09T10:55:32.9321297Z   HOSTCC  scripts/kconfig/conf.o
2025-08-09T10:55:33.1318540Z   HOSTCC  scripts/kconfig/confdata.o
2025-08-09T10:55:33.3813901Z   HOSTCC  scripts/kconfig/expr.o
2025-08-09T10:55:33.5688387Z   LEX     scripts/kconfig/lexer.lex.c
2025-08-09T10:55:33.6053878Z   YACC    scripts/kconfig/parser.tab.[ch]
2025-08-09T10:55:33.7782140Z   HOSTCC  scripts/kconfig/lexer.lex.o
2025-08-09T10:55:34.0165558Z   HOSTCC  scripts/kconfig/menu.o
2025-08-09T10:55:34.1764900Z   HOSTCC  scripts/kconfig/parser.tab.o
2025-08-09T10:55:34.3809898Z   HOSTCC  scripts/kconfig/preprocess.o
2025-08-09T10:55:34.4805363Z   HOSTCC  scripts/kconfig/symbol.o
2025-08-09T10:55:34.7355987Z   HOSTCC  scripts/kconfig/util.o
2025-08-09T10:55:34.7824531Z   HOSTLD  scripts/kconfig/conf
2025-08-09T10:55:41.3256563Z ##[error]The operation was canceled.
2025-08-09T10:55:41.3342577Z Post job cleanup.
2025-08-09T10:55:41.4253029Z [command]/usr/bin/git version
2025-08-09T10:55:41.4288834Z git version 2.50.1
2025-08-09T10:55:41.4330751Z Temporarily overriding HOME='/home/runner/work/_temp/31ad44c6-bf09-46c5-b05a-4cba52b3c648' before making global git config changes
2025-08-09T10:55:41.4331880Z Adding repository directory to the temporary git global config as a safe directory
2025-08-09T10:55:41.4343501Z [command]/usr/bin/git config --global --add safe.directory /home/runner/work/ainux/ainux
2025-08-09T10:55:41.4376420Z [command]/usr/bin/git config --local --name-only --get-regexp core\.sshCommand
2025-08-09T10:55:41.4407437Z [command]/usr/bin/git submodule foreach --recursive sh -c "git config --local --name-only --get-regexp 'core\.sshCommand' && git config --local --unset-all 'core.sshCommand' || :"
2025-08-09T10:55:41.4634184Z [command]/usr/bin/git config --local --name-only --get-regexp http\.https\:\/\/github\.com\/\.extraheader
2025-08-09T10:55:41.4654970Z http.https://github.com/.extraheader
2025-08-09T10:55:41.4667514Z [command]/usr/bin/git config --local --unset-all http.https://github.com/.extraheader
2025-08-09T10:55:41.4698346Z [command]/usr/bin/git submodule foreach --recursive sh -c "git config --local --name-only --get-regexp 'http\.https\:\/\/github\.com\/\.extraheader' && git config --local --unset-all 'http.https://github.com/.extraheader' || :"
2025-08-09T10:55:41.5027027Z Cleaning up orphan processes
2025-08-09T10:55:41.5246304Z Terminate orphan process: pid (3894) (timeout)
2025-08-09T10:55:41.5262983Z Terminate orphan process: pid (3895) (ainux-builder.sh)
2025-08-09T10:55:41.5440264Z Terminate orphan process: pid (9577) (make)
2025-08-09T10:55:41.5665360Z Terminate orphan process: pid (9578) (make)
2025-08-09T10:55:41.5862618Z Terminate orphan process: pid (9670) (make)
2025-08-09T10:55:41.6048271Z Terminate orphan process: pid (9739) (conf)
2025-08-09T10:55:41.6235742Z Terminate orphan process: pid (9789) (sh)
2025-08-09T10:55:41.6270370Z Terminate orphan process: pid (9790) (rust_is_available.sh)
2025-08-09T10:55:41.6304987Z Terminate orphan process: pid (9812) (bindgen)
2025-08-09T10:55:41.6351605Z Terminate orphan process: pid (9816) (clang)
