2025-08-09T10:52:19.9268876Z Current runner version: '2.327.1'
2025-08-09T10:52:19.9294854Z ##[group]Runner Image Provisioner
2025-08-09T10:52:19.9295720Z Hosted Compute Agent
2025-08-09T10:52:19.9296326Z Version: 20250711.363
2025-08-09T10:52:19.9296935Z Commit: 6785254374ce925a23743850c1cb91912ce5c14c
2025-08-09T10:52:19.9297575Z Build Date: 2025-07-11T20:04:25Z
2025-08-09T10:52:19.9298218Z ##[endgroup]
2025-08-09T10:52:19.9298716Z ##[group]Operating System
2025-08-09T10:52:19.9299268Z Ubuntu
2025-08-09T10:52:19.9300127Z 22.04.5
2025-08-09T10:52:19.9300651Z LTS
2025-08-09T10:52:19.9301145Z ##[endgroup]
2025-08-09T10:52:19.9301673Z ##[group]Runner Image
2025-08-09T10:52:19.9302244Z Image: ubuntu-22.04
2025-08-09T10:52:19.9302707Z Version: 20250804.2.0
2025-08-09T10:52:19.9303729Z Included Software: https://github.com/actions/runner-images/blob/ubuntu22/20250804.2/images/ubuntu/Ubuntu2204-Readme.md
2025-08-09T10:52:19.9305240Z Image Release: https://github.com/actions/runner-images/releases/tag/ubuntu22%2F20250804.2
2025-08-09T10:52:19.9306271Z ##[endgroup]
2025-08-09T10:52:19.9308589Z ##[group]GITHUB_TOKEN Permissions
2025-08-09T10:52:19.9311484Z Actions: write
2025-08-09T10:52:19.9312061Z Attestations: write
2025-08-09T10:52:19.9312551Z Checks: write
2025-08-09T10:52:19.9313093Z Contents: write
2025-08-09T10:52:19.9313571Z Deployments: write
2025-08-09T10:52:19.9314095Z Discussions: write
2025-08-09T10:52:19.9314540Z Issues: write
2025-08-09T10:52:19.9315096Z Metadata: read
2025-08-09T10:52:19.9315586Z Models: read
2025-08-09T10:52:19.9316019Z Packages: write
2025-08-09T10:52:19.9316561Z Pages: write
2025-08-09T10:52:19.9317014Z PullRequests: write
2025-08-09T10:52:19.9317589Z RepositoryProjects: write
2025-08-09T10:52:19.9318124Z SecurityEvents: write
2025-08-09T10:52:19.9318753Z Statuses: write
2025-08-09T10:52:19.9319286Z ##[endgroup]
2025-08-09T10:52:19.9321760Z Secret source: Actions
2025-08-09T10:52:19.9322786Z Prepare workflow directory
2025-08-09T10:52:19.9639019Z Prepare all required actions
2025-08-09T10:52:19.9677054Z Getting action download info
2025-08-09T10:52:20.2722484Z ##[group]Download immutable action package 'actions/checkout@v4'
2025-08-09T10:52:20.2723995Z Version: 4.2.2
2025-08-09T10:52:20.2724965Z Digest: sha256:ccb2698953eaebd21c7bf6268a94f9c26518a7e38e27e0b83c1fe1ad049819b1
2025-08-09T10:52:20.2726085Z Source commit SHA: 11bd71901bbe5b1630ceea73d27597364c9af683
2025-08-09T10:52:20.2726865Z ##[endgroup]
2025-08-09T10:52:20.3607489Z ##[group]Download immutable action package 'actions/upload-artifact@v4'
2025-08-09T10:52:20.3608367Z Version: 4.6.2
2025-08-09T10:52:20.3609127Z Digest: sha256:290722aa3281d5caf23d0acdc3dbeb3424786a1a01a9cc97e72f147225e37c38
2025-08-09T10:52:20.3610361Z Source commit SHA: ea165f8d65b6e75b540449e92b4886f43607fa02
2025-08-09T10:52:20.3611000Z ##[endgroup]
2025-08-09T10:52:20.6154954Z Complete job name: build-test (main, false)
2025-08-09T10:52:20.6834886Z ##[group]Run actions/checkout@v4
2025-08-09T10:52:20.6835691Z with:
2025-08-09T10:52:20.6836077Z   lfs: true
2025-08-09T10:52:20.6836463Z   repository: yaotagroep/ainux
2025-08-09T10:52:20.6837121Z   token: ***
2025-08-09T10:52:20.6837501Z   ssh-strict: true
2025-08-09T10:52:20.6837890Z   ssh-user: git
2025-08-09T10:52:20.6838288Z   persist-credentials: true
2025-08-09T10:52:20.6838721Z   clean: true
2025-08-09T10:52:20.6839120Z   sparse-checkout-cone-mode: true
2025-08-09T10:52:20.6839906Z   fetch-depth: 1
2025-08-09T10:52:20.6840301Z   fetch-tags: false
2025-08-09T10:52:20.6840692Z   show-progress: true
2025-08-09T10:52:20.6841112Z   submodules: false
2025-08-09T10:52:20.6841506Z   set-safe-directory: true
2025-08-09T10:52:20.6842214Z ##[endgroup]
2025-08-09T10:52:20.7913754Z Syncing repository: yaotagroep/ainux
2025-08-09T10:52:20.7915571Z ##[group]Getting Git version info
2025-08-09T10:52:20.7916295Z Working directory is '/home/runner/work/ainux/ainux'
2025-08-09T10:52:20.7917363Z [command]/usr/bin/git version
2025-08-09T10:52:20.7951559Z git version 2.50.1
2025-08-09T10:52:20.8002215Z [command]/usr/bin/git lfs version
2025-08-09T10:52:21.3381988Z git-lfs/3.7.0 (GitHub; linux amd64; go 1.24.4)
2025-08-09T10:52:21.3398346Z ##[endgroup]
2025-08-09T10:52:21.3418259Z Temporarily overriding HOME='/home/runner/work/_temp/0e0150dc-0b58-4d79-bae2-60b4b459eda9' before making global git config changes
2025-08-09T10:52:21.3420314Z Adding repository directory to the temporary git global config as a safe directory
2025-08-09T10:52:21.3426436Z [command]/usr/bin/git config --global --add safe.directory /home/runner/work/ainux/ainux
2025-08-09T10:52:21.3464868Z Deleting the contents of '/home/runner/work/ainux/ainux'
2025-08-09T10:52:21.3468867Z ##[group]Initializing the repository
2025-08-09T10:52:21.3473894Z [command]/usr/bin/git init /home/runner/work/ainux/ainux
2025-08-09T10:52:21.3539193Z hint: Using 'master' as the name for the initial branch. This default branch name
2025-08-09T10:52:21.3541164Z hint: is subject to change. To configure the initial branch name to use in all
2025-08-09T10:52:21.3543079Z hint: of your new repositories, which will suppress this warning, call:
2025-08-09T10:52:21.3544587Z hint:
2025-08-09T10:52:21.3545509Z hint: 	git config --global init.defaultBranch <name>
2025-08-09T10:52:21.3546712Z hint:
2025-08-09T10:52:21.3547903Z hint: Names commonly chosen instead of 'master' are 'main', 'trunk' and
2025-08-09T10:52:21.3550188Z hint: 'development'. The just-created branch can be renamed via this command:
2025-08-09T10:52:21.3551664Z hint:
2025-08-09T10:52:21.3552379Z hint: 	git branch -m <name>
2025-08-09T10:52:21.3553324Z hint:
2025-08-09T10:52:21.3554572Z hint: Disable this message with "git config set advice.defaultBranchName false"
2025-08-09T10:52:21.3556648Z Initialized empty Git repository in /home/runner/work/ainux/ainux/.git/
2025-08-09T10:52:21.3559923Z [command]/usr/bin/git remote add origin https://github.com/yaotagroep/ainux
2025-08-09T10:52:21.3587682Z ##[endgroup]
2025-08-09T10:52:21.3588991Z ##[group]Disabling automatic garbage collection
2025-08-09T10:52:21.3592681Z [command]/usr/bin/git config --local gc.auto 0
2025-08-09T10:52:21.3618104Z ##[endgroup]
2025-08-09T10:52:21.3621299Z ##[group]Setting up auth
2025-08-09T10:52:21.3625852Z [command]/usr/bin/git config --local --name-only --get-regexp core\.sshCommand
2025-08-09T10:52:21.3654489Z [command]/usr/bin/git submodule foreach --recursive sh -c "git config --local --name-only --get-regexp 'core\.sshCommand' && git config --local --unset-all 'core.sshCommand' || :"
2025-08-09T10:52:21.3880431Z [command]/usr/bin/git config --local --name-only --get-regexp http\.https\:\/\/github\.com\/\.extraheader
2025-08-09T10:52:21.3908619Z [command]/usr/bin/git submodule foreach --recursive sh -c "git config --local --name-only --get-regexp 'http\.https\:\/\/github\.com\/\.extraheader' && git config --local --unset-all 'http.https://github.com/.extraheader' || :"
2025-08-09T10:52:21.4127300Z [command]/usr/bin/git config --local http.https://github.com/.extraheader AUTHORIZATION: basic ***
2025-08-09T10:52:21.4161357Z ##[endgroup]
2025-08-09T10:52:21.4164567Z [command]/usr/bin/git lfs install --local
2025-08-09T10:52:21.4546097Z Updated Git hooks.
2025-08-09T10:52:21.4546954Z Git LFS initialized.
2025-08-09T10:52:21.4564796Z ##[group]Fetching the repository
2025-08-09T10:52:21.4577218Z [command]/usr/bin/git -c protocol.version=2 fetch --no-tags --prune --no-recurse-submodules --depth=1 origin +788bf531574074c9db61edfe556101dcd521f224:refs/remotes/origin/main
2025-08-09T10:52:22.1842240Z From https://github.com/yaotagroep/ainux
2025-08-09T10:52:22.1843133Z  * [new ref]         788bf531574074c9db61edfe556101dcd521f224 -> origin/main
2025-08-09T10:52:22.1867408Z ##[endgroup]
2025-08-09T10:52:22.1868208Z ##[group]Determining the checkout info
2025-08-09T10:52:22.1869915Z ##[endgroup]
2025-08-09T10:52:22.1870772Z ##[group]Fetching LFS objects
2025-08-09T10:52:22.1875687Z [command]/usr/bin/git lfs fetch origin refs/remotes/origin/main
2025-08-09T10:52:22.2087775Z Fetching reference refs/remotes/origin/main
2025-08-09T10:52:22.2824386Z ##[endgroup]
2025-08-09T10:52:22.2828551Z [command]/usr/bin/git sparse-checkout disable
2025-08-09T10:52:22.2867144Z [command]/usr/bin/git config --local --unset-all extensions.worktreeConfig
2025-08-09T10:52:22.2893320Z ##[group]Checking out the ref
2025-08-09T10:52:22.2896763Z [command]/usr/bin/git checkout --progress --force -B main refs/remotes/origin/main
2025-08-09T10:52:22.3588090Z Switched to a new branch 'main'
2025-08-09T10:52:22.3589005Z branch 'main' set up to track 'origin/main'.
2025-08-09T10:52:22.3833707Z ##[endgroup]
2025-08-09T10:52:22.3868472Z [command]/usr/bin/git log -1 --format=%H
2025-08-09T10:52:22.3891808Z 788bf531574074c9db61edfe556101dcd521f224
2025-08-09T10:52:22.4067593Z ##[group]Run echo "⏳ Reclaiming space..."
2025-08-09T10:52:22.4068064Z [36;1mecho "⏳ Reclaiming space..."[0m
2025-08-09T10:52:22.4068451Z [36;1msudo rm -rf /usr/local/lib/android[0m
2025-08-09T10:52:22.4068829Z [36;1msudo rm -rf /usr/local/share/boost[0m
2025-08-09T10:52:22.4069177Z [36;1msudo rm -rf /usr/share/dotnet[0m
2025-08-09T10:52:22.4069664Z [36;1msudo rm -rf /opt/ghc[0m
2025-08-09T10:52:22.4070039Z [36;1msudo rm -rf /opt/hostedtoolcache[0m
2025-08-09T10:52:22.4070386Z [36;1msudo apt-get clean[0m
2025-08-09T10:52:22.4070719Z [36;1msudo rm -rf "$AGENT_TOOLSDIRECTORY"[0m
2025-08-09T10:52:22.4071093Z [36;1mdf -h[0m
2025-08-09T10:52:22.4071335Z [36;1m [0m
2025-08-09T10:52:22.4102416Z shell: /usr/bin/bash -e {0}
2025-08-09T10:52:22.4102786Z ##[endgroup]
2025-08-09T10:52:22.4167796Z ⏳ Reclaiming space...
2025-08-09T10:54:06.4471093Z Filesystem      Size  Used Avail Use% Mounted on
2025-08-09T10:54:06.4471592Z /dev/root        73G   36G   37G  50% /
2025-08-09T10:54:06.4472118Z tmpfs           7.9G  172K  7.9G   1% /dev/shm
2025-08-09T10:54:06.4472728Z tmpfs           3.2G  1.1M  3.2G   1% /run
2025-08-09T10:54:06.4473120Z tmpfs           5.0M     0  5.0M   0% /run/lock
2025-08-09T10:54:06.4473510Z /dev/sdb15      105M  6.1M   99M   6% /boot/efi
2025-08-09T10:54:06.4473928Z /dev/sda1        74G  4.1G   66G   6% /mnt
2025-08-09T10:54:06.4474388Z tmpfs           1.6G   12K  1.6G   1% /run/user/1001
2025-08-09T10:54:06.4507358Z ##[group]Run sudo apt-get update
2025-08-09T10:54:06.4507644Z [36;1msudo apt-get update[0m
2025-08-09T10:54:06.4507878Z [36;1msudo apt-get install -y \[0m
2025-08-09T10:54:06.4508242Z [36;1m  git build-essential libncurses-dev bison flex libssl-dev \[0m
2025-08-09T10:54:06.4508658Z [36;1m  libelf-dev bc gcc make debootstrap live-build squashfs-tools \[0m
2025-08-09T10:54:06.4509054Z [36;1m  dosfstools xorriso isolinux syslinux-utils genisoimage \[0m
2025-08-09T10:54:06.4509660Z [36;1m  qemu-system-x86 python3-pip nmap curl wget rsync pv \[0m
2025-08-09T10:54:06.4509999Z [36;1m  grub-pc-bin grub-efi-amd64-bin mtools[0m
2025-08-09T10:54:06.4510244Z [36;1m  [0m
2025-08-09T10:54:06.4537919Z shell: /usr/bin/bash -e {0}
2025-08-09T10:54:06.4538143Z ##[endgroup]
2025-08-09T10:54:06.6172175Z Get:1 file:/etc/apt/apt-mirrors.txt Mirrorlist [144 B]
2025-08-09T10:54:06.6539383Z Hit:2 http://azure.archive.ubuntu.com/ubuntu jammy InRelease
2025-08-09T10:54:06.6546007Z Get:6 https://packages.microsoft.com/repos/azure-cli jammy InRelease [3596 B]
2025-08-09T10:54:06.6614133Z Get:7 https://packages.microsoft.com/ubuntu/22.04/prod jammy InRelease [3632 B]
2025-08-09T10:54:06.6663650Z Get:3 http://azure.archive.ubuntu.com/ubuntu jammy-updates InRelease [128 kB]
2025-08-09T10:54:06.6682375Z Get:4 http://azure.archive.ubuntu.com/ubuntu jammy-backports InRelease [127 kB]
2025-08-09T10:54:06.6705321Z Get:5 http://azure.archive.ubuntu.com/ubuntu jammy-security InRelease [129 kB]
2025-08-09T10:54:06.8598024Z Get:8 https://packages.microsoft.com/repos/azure-cli jammy/main amd64 Packages [2575 B]
2025-08-09T10:54:06.9052767Z Get:9 https://packages.microsoft.com/ubuntu/22.04/prod jammy/main arm64 Packages [75.0 kB]
2025-08-09T10:54:06.9183471Z Get:10 https://packages.microsoft.com/ubuntu/22.04/prod jammy/main amd64 Packages [239 kB]
2025-08-09T10:54:07.1434644Z Get:11 http://azure.archive.ubuntu.com/ubuntu jammy-security/main Translation-en [379 kB]
2025-08-09T10:54:19.1102689Z Fetched 1087 kB in 1s (1722 kB/s)
2025-08-09T10:54:19.9342511Z Reading package lists...
2025-08-09T10:54:19.9924937Z Reading package lists...
2025-08-09T10:54:20.1786946Z Building dependency tree...
2025-08-09T10:54:20.1798556Z Reading state information...
2025-08-09T10:54:20.3243149Z bc is already the newest version (1.07.1-3build1).
2025-08-09T10:54:20.3243682Z bc set to manually installed.
2025-08-09T10:54:20.3244132Z bison is already the newest version (2:3.8.2+dfsg-1build1).
2025-08-09T10:54:20.3244736Z build-essential is already the newest version (12.9ubuntu3).
2025-08-09T10:54:20.3245307Z build-essential set to manually installed.
2025-08-09T10:54:20.3245818Z dosfstools is already the newest version (4.2-1build3).
2025-08-09T10:54:20.3247199Z dosfstools set to manually installed.
2025-08-09T10:54:20.3247729Z flex is already the newest version (2.6.4-8build2).
2025-08-09T10:54:20.3248243Z gcc is already the newest version (4:11.2.0-1ubuntu1).
2025-08-09T10:54:20.3248774Z make is already the newest version (4.3-4.1build1).
2025-08-09T10:54:20.3249335Z squashfs-tools is already the newest version (1:4.5-3build1).
2025-08-09T10:54:20.3250069Z squashfs-tools set to manually installed.
2025-08-09T10:54:20.3250531Z xorriso is already the newest version (1.5.4-2).
2025-08-09T10:54:20.3251041Z curl is already the newest version (7.81.0-1ubuntu1.20).
2025-08-09T10:54:20.3251640Z grub-efi-amd64-bin is already the newest version (2.06-2ubuntu14.8).
2025-08-09T10:54:20.3252208Z grub-efi-amd64-bin set to manually installed.
2025-08-09T10:54:20.3252717Z grub-pc-bin is already the newest version (2.06-2ubuntu7.2).
2025-08-09T10:54:20.3253218Z grub-pc-bin set to manually installed.
2025-08-09T10:54:20.3253815Z libncurses-dev is already the newest version (6.3-2ubuntu0.1).
2025-08-09T10:54:20.3254380Z libncurses-dev set to manually installed.
2025-08-09T10:54:20.3255004Z libssl-dev is already the newest version (3.0.2-0ubuntu1.19).
2025-08-09T10:54:20.3255690Z rsync is already the newest version (3.2.7-0ubuntu0.22.04.4).
2025-08-09T10:54:20.3256725Z wget is already the newest version (1.21.2-2ubuntu1.1).
2025-08-09T10:54:20.3257315Z python3-pip is already the newest version (22.0.2+dfsg-1ubuntu0.6).
2025-08-09T10:54:20.3257943Z git is already the newest version (1:2.50.1-0ppa1~ubuntu22.04.1).
2025-08-09T10:54:20.3258530Z The following additional packages will be installed:
2025-08-09T10:54:20.3259177Z   cpu-checker gstreamer1.0-plugins-base gstreamer1.0-plugins-good
2025-08-09T10:54:20.3260130Z   gstreamer1.0-x ibverbs-providers ipxe-qemu ipxe-qemu-256k-compat-efi-roms
2025-08-09T10:54:20.3260853Z   libaa1 libasyncns0 libavc1394-0 libboost-iostreams1.74.0
2025-08-09T10:54:20.3261529Z   libboost-thread1.74.0 libbrlapi0.8 libcaca0 libcacard0 libcdparanoia0
2025-08-09T10:54:20.3262308Z   libdaxctl1 libdecor-0-0 libdecor-0-plugin-1-cairo libdv4 libfdt1 libflac8
2025-08-09T10:54:20.3263134Z   libgfapi0 libgfrpc0 libgfxdr0 libglusterfs0 libgstreamer-plugins-base1.0-0
2025-08-09T10:54:20.3264023Z   libgstreamer-plugins-good1.0-0 libibverbs1 libiec61883-0 libiscsi7
2025-08-09T10:54:20.3264782Z   libjack-jackd2-0 liblinear4 libmp3lame0 libmpg123-0 libndctl6
2025-08-09T10:54:20.3265512Z   libnl-route-3-200 libopus0 liborc-0.4-0 libpcsclite1 libpmem1 libpmemobj1
2025-08-09T10:54:20.3266284Z   libpulse0 librados2 libraw1394-11 librbd1 librdmacm1 libsamplerate0
2025-08-09T10:54:20.3267026Z   libsdl2-2.0-0 libshout3 libsndfile1 libspeex1 libspice-server1 libtag1v5
2025-08-09T10:54:20.3267791Z   libtag1v5-vanilla libtheora0 libtwolame0 liburing2 libusbredirparser1
2025-08-09T10:54:20.3268566Z   libv4l-0 libv4lconvert0 libvirglrenderer1 libvisual-0.4-0 libvorbisenc2
2025-08-09T10:54:20.3269308Z   libvpx7 libvte-2.91-0 libvte-2.91-common libwavpack1 libxv1 lua-lpeg
2025-08-09T10:54:20.3270192Z   msr-tools nmap-common ovmf qemu-block-extra qemu-system-common
2025-08-09T10:54:20.3270896Z   qemu-system-data qemu-system-gui qemu-utils seabios syslinux-common
2025-08-09T10:54:20.3271468Z Suggested packages:
2025-08-09T10:54:20.3272250Z   squid-deb-proxy-client debian-archive-keyring arch-test wodim cdrkit-doc
2025-08-09T10:54:20.3273026Z   gvfs libdv-bin oss-compat libvisual-0.4-plugins jackd2 liblinear-tools
2025-08-09T10:54:20.3273717Z   liblinear-dev opus-tools pcscd pulseaudio libraw1394-doc speex
2025-08-09T10:54:20.3274460Z   gstreamer1.0-libav gstreamer1.0-plugins-ugly memtest86+ | memtest86 syslinux
2025-08-09T10:54:20.3275258Z   | grub win32-loader gnu-fdisk floppyd ncat ndiff zenmap doc-base samba vde2
2025-08-09T10:54:20.3275850Z   libcrypt-passwdmd5-perl
2025-08-09T10:54:20.3592807Z The following NEW packages will be installed:
2025-08-09T10:54:20.3593467Z   cpu-checker debootstrap genisoimage gstreamer1.0-plugins-base
2025-08-09T10:54:20.3594212Z   gstreamer1.0-plugins-good gstreamer1.0-x ibverbs-providers ipxe-qemu
2025-08-09T10:54:20.3595069Z   ipxe-qemu-256k-compat-efi-roms isolinux libaa1 libasyncns0 libavc1394-0
2025-08-09T10:54:20.3595867Z   libboost-iostreams1.74.0 libboost-thread1.74.0 libbrlapi0.8 libcaca0
2025-08-09T10:54:20.3596733Z   libcacard0 libcdparanoia0 libdaxctl1 libdecor-0-0 libdecor-0-plugin-1-cairo
2025-08-09T10:54:20.3597604Z   libdv4 libelf-dev libfdt1 libflac8 libgfapi0 libgfrpc0 libgfxdr0
2025-08-09T10:54:20.3598568Z   libglusterfs0 libgstreamer-plugins-base1.0-0 libgstreamer-plugins-good1.0-0
2025-08-09T10:54:20.3599588Z   libibverbs1 libiec61883-0 libiscsi7 libjack-jackd2-0 liblinear4 libmp3lame0
2025-08-09T10:54:20.3600468Z   libmpg123-0 libndctl6 libnl-route-3-200 libopus0 liborc-0.4-0 libpcsclite1
2025-08-09T10:54:20.3601240Z   libpmem1 libpmemobj1 libpulse0 librados2 libraw1394-11 librbd1 librdmacm1
2025-08-09T10:54:20.3601945Z   libsamplerate0 libsdl2-2.0-0 libshout3 libsndfile1 libspeex1
2025-08-09T10:54:20.3602665Z   libspice-server1 libtag1v5 libtag1v5-vanilla libtheora0 libtwolame0
2025-08-09T10:54:20.3603507Z   liburing2 libusbredirparser1 libv4l-0 libv4lconvert0 libvirglrenderer1
2025-08-09T10:54:20.3604446Z   libvisual-0.4-0 libvorbisenc2 libvpx7 libvte-2.91-0 libvte-2.91-common
2025-08-09T10:54:20.3605642Z   libwavpack1 libxv1 live-build lua-lpeg msr-tools mtools nmap nmap-common
2025-08-09T10:54:20.3606451Z   ovmf pv qemu-block-extra qemu-system-common qemu-system-data qemu-system-gui
2025-08-09T10:54:20.3607219Z   qemu-system-x86 qemu-utils seabios syslinux-common syslinux-utils
2025-08-09T10:54:20.3781526Z 0 upgraded, 90 newly installed, 0 to remove and 16 not upgraded.
2025-08-09T10:54:20.3782194Z Need to get 53.2 MB of archives.
2025-08-09T10:54:20.3782726Z After this operation, 193 MB of additional disk space will be used.
2025-08-09T10:54:20.3783345Z Get:1 file:/etc/apt/apt-mirrors.txt Mirrorlist [144 B]
2025-08-09T10:54:20.4130389Z Get:2 http://azure.archive.ubuntu.com/ubuntu jammy/main amd64 msr-tools amd64 1.3-4 [10.3 kB]
2025-08-09T10:54:20.4280950Z Get:3 http://azure.archive.ubuntu.com/ubuntu jammy/main amd64 cpu-checker amd64 0.7-1.3build1 [6800 B]
2025-08-09T10:54:20.4426750Z Get:4 http://azure.archive.ubuntu.com/ubuntu jammy/main amd64 genisoimage amd64 9:1.1.11-3.2ubuntu1 [370 kB]
2025-08-09T10:54:20.4660694Z Get:5 http://azure.archive.ubuntu.com/ubuntu jammy/main amd64 libcdparanoia0 amd64 3.10.2+debian-14build2 [49.3 kB]
2025-08-09T10:54:20.4813251Z Get:6 http://azure.archive.ubuntu.com/ubuntu jammy-updates/main amd64 liborc-0.4-0 amd64 1:0.4.32-2ubuntu0.1 [228 kB]
2025-08-09T10:54:20.4980924Z Get:7 http://azure.archive.ubuntu.com/ubuntu jammy-updates/main amd64 libgstreamer-plugins-base1.0-0 amd64 1.20.1-1ubuntu0.4 [848 kB]
2025-08-09T10:54:20.5190053Z Get:8 http://azure.archive.ubuntu.com/ubuntu jammy/main amd64 libopus0 amd64 1.3.1-0.1build2 [203 kB]
2025-08-09T10:54:20.5348275Z Get:9 http://azure.archive.ubuntu.com/ubuntu jammy/main amd64 libtheora0 amd64 1.1.1+dfsg.1-15ubuntu4 [209 kB]
2025-08-09T10:54:20.5513038Z Get:10 http://azure.archive.ubuntu.com/ubuntu jammy/main amd64 libvisual-0.4-0 amd64 0.4.0-17build2 [108 kB]
2025-08-09T10:54:20.5669333Z Get:11 http://azure.archive.ubuntu.com/ubuntu jammy/main amd64 libvorbisenc2 amd64 1.3.7-1build2 [82.6 kB]
2025-08-09T10:54:20.5821557Z Get:12 http://azure.archive.ubuntu.com/ubuntu jammy-updates/main amd64 gstreamer1.0-plugins-base amd64 1.20.1-1ubuntu0.4 [712 kB]
2025-08-09T10:54:20.6021735Z Get:13 http://azure.archive.ubuntu.com/ubuntu jammy/main amd64 libaa1 amd64 1.4p5-50build1 [51.9 kB]
2025-08-09T10:54:20.6166180Z Get:14 http://azure.archive.ubuntu.com/ubuntu jammy/main amd64 libraw1394-11 amd64 2.1.2-2build2 [27.0 kB]
2025-08-09T10:54:20.6311877Z Get:15 http://azure.archive.ubuntu.com/ubuntu jammy/main amd64 libavc1394-0 amd64 0.5.4-5build2 [17.0 kB]
2025-08-09T10:54:20.6457767Z Get:16 http://azure.archive.ubuntu.com/ubuntu jammy/main amd64 libcaca0 amd64 0.99.beta19-2.2ubuntu4 [224 kB]
2025-08-09T10:54:20.6649685Z Get:17 http://azure.archive.ubuntu.com/ubuntu jammy/main amd64 libdv4 amd64 1.0.0-14build1 [61.9 kB]
2025-08-09T10:54:20.6859613Z Get:18 http://azure.archive.ubuntu.com/ubuntu jammy-updates/main amd64 libflac8 amd64 1.3.3-2ubuntu0.2 [111 kB]
2025-08-09T10:54:20.7005220Z Get:19 http://azure.archive.ubuntu.com/ubuntu jammy-updates/main amd64 libgstreamer-plugins-good1.0-0 amd64 1.20.3-0ubuntu1.3 [30.1 kB]
2025-08-09T10:54:20.7606491Z Get:20 http://azure.archive.ubuntu.com/ubuntu jammy/main amd64 libiec61883-0 amd64 1.2.0-4build3 [25.9 kB]
2025-08-09T10:54:20.7753587Z Get:21 http://azure.archive.ubuntu.com/ubuntu jammy/main amd64 libsamplerate0 amd64 0.2.2-1build1 [1359 kB]
2025-08-09T10:54:20.8107759Z Get:22 http://azure.archive.ubuntu.com/ubuntu jammy/main amd64 libjack-jackd2-0 amd64 1.9.20~dfsg-1 [293 kB]
2025-08-09T10:54:20.8275753Z Get:23 http://azure.archive.ubuntu.com/ubuntu jammy/main amd64 libmp3lame0 amd64 3.100-3build2 [141 kB]
2025-08-09T10:54:20.8432827Z Get:24 http://azure.archive.ubuntu.com/ubuntu jammy-updates/main amd64 libmpg123-0 amd64 1.29.3-1ubuntu0.1 [172 kB]
2025-08-09T10:54:20.8584669Z Get:25 http://azure.archive.ubuntu.com/ubuntu jammy/main amd64 libasyncns0 amd64 0.8-6build2 [12.8 kB]
2025-08-09T10:54:20.8724455Z Get:26 http://azure.archive.ubuntu.com/ubuntu jammy-updates/main amd64 libsndfile1 amd64 1.0.31-2ubuntu0.2 [196 kB]
2025-08-09T10:54:20.8880320Z Get:27 http://azure.archive.ubuntu.com/ubuntu jammy-updates/main amd64 libpulse0 amd64 1:15.99.1+dfsg1-1ubuntu2.2 [298 kB]
2025-08-09T10:54:20.9046679Z Get:28 http://azure.archive.ubuntu.com/ubuntu jammy/main amd64 libspeex1 amd64 1.2~rc1.2-1.1ubuntu3 [57.9 kB]
2025-08-09T10:54:20.9194024Z Get:29 http://azure.archive.ubuntu.com/ubuntu jammy/main amd64 libshout3 amd64 2.4.5-1build3 [54.5 kB]
2025-08-09T10:54:20.9346288Z Get:30 http://azure.archive.ubuntu.com/ubuntu jammy/main amd64 libtag1v5-vanilla amd64 1.11.1+dfsg.1-3ubuntu3 [304 kB]
2025-08-09T10:54:20.9506626Z Get:31 http://azure.archive.ubuntu.com/ubuntu jammy/main amd64 libtag1v5 amd64 1.11.1+dfsg.1-3ubuntu3 [11.5 kB]
2025-08-09T10:54:20.9648736Z Get:32 http://azure.archive.ubuntu.com/ubuntu jammy/main amd64 libtwolame0 amd64 0.4.0-2build2 [52.5 kB]
2025-08-09T10:54:20.9808352Z Get:33 http://azure.archive.ubuntu.com/ubuntu jammy/main amd64 libv4lconvert0 amd64 1.22.1-2build1 [82.4 kB]
2025-08-09T10:54:21.0393570Z Get:34 http://azure.archive.ubuntu.com/ubuntu jammy/main amd64 libv4l-0 amd64 1.22.1-2build1 [44.9 kB]
2025-08-09T10:54:21.0542637Z Get:35 http://azure.archive.ubuntu.com/ubuntu jammy-updates/main amd64 libvpx7 amd64 1.11.0-2ubuntu2.4 [1078 kB]
2025-08-09T10:54:21.0754489Z Get:36 http://azure.archive.ubuntu.com/ubuntu jammy/main amd64 libwavpack1 amd64 5.4.0-1build2 [83.7 kB]
2025-08-09T10:54:21.0911315Z Get:37 http://azure.archive.ubuntu.com/ubuntu jammy-updates/main amd64 gstreamer1.0-plugins-good amd64 1.20.3-0ubuntu1.3 [2010 kB]
2025-08-09T10:54:21.1199284Z Get:38 http://azure.archive.ubuntu.com/ubuntu jammy/main amd64 libxv1 amd64 2:1.0.11-1build2 [11.2 kB]
2025-08-09T10:54:21.1806309Z Get:39 http://azure.archive.ubuntu.com/ubuntu jammy-updates/main amd64 gstreamer1.0-x amd64 1.20.1-1ubuntu0.4 [85.1 kB]
2025-08-09T10:54:21.2013145Z Get:40 http://azure.archive.ubuntu.com/ubuntu jammy/main amd64 libnl-route-3-200 amd64 3.5.0-0.1 [180 kB]
2025-08-09T10:54:21.2198788Z Get:41 http://azure.archive.ubuntu.com/ubuntu jammy/main amd64 libibverbs1 amd64 39.0-1 [69.3 kB]
2025-08-09T10:54:21.2347366Z Get:42 http://azure.archive.ubuntu.com/ubuntu jammy/main amd64 ibverbs-providers amd64 39.0-1 [341 kB]
2025-08-09T10:54:21.2563445Z Get:43 http://azure.archive.ubuntu.com/ubuntu jammy/main amd64 ipxe-qemu all 1.21.1+git-20220113.fbbdc3926-0ubuntu1 [1569 kB]
2025-08-09T10:54:21.2911592Z Get:44 http://azure.archive.ubuntu.com/ubuntu jammy/main amd64 ipxe-qemu-256k-compat-efi-roms all 1.0.0+git-20150424.a25a16d-0ubuntu4 [552 kB]
2025-08-09T10:54:21.3188200Z Get:45 http://azure.archive.ubuntu.com/ubuntu jammy/universe amd64 isolinux all 3:6.04~git20190206.bf6db5b4+dfsg1-3ubuntu1 [60.1 kB]
2025-08-09T10:54:21.3337003Z Get:46 http://azure.archive.ubuntu.com/ubuntu jammy/main amd64 libboost-iostreams1.74.0 amd64 1.74.0-14ubuntu3 [245 kB]
2025-08-09T10:54:21.3519846Z Get:47 http://azure.archive.ubuntu.com/ubuntu jammy/main amd64 libboost-thread1.74.0 amd64 1.74.0-14ubuntu3 [262 kB]
2025-08-09T10:54:21.3681745Z Get:48 http://azure.archive.ubuntu.com/ubuntu jammy-updates/main amd64 libbrlapi0.8 amd64 6.4-4ubuntu3 [28.7 kB]
2025-08-09T10:54:21.3823004Z Get:49 http://azure.archive.ubuntu.com/ubuntu jammy-updates/main amd64 libpcsclite1 amd64 1.9.5-3ubuntu1 [19.8 kB]
2025-08-09T10:54:21.3967294Z Get:50 http://azure.archive.ubuntu.com/ubuntu jammy/main amd64 libcacard0 amd64 1:2.8.0-3build2 [38.0 kB]
2025-08-09T10:54:21.4117108Z Get:51 http://azure.archive.ubuntu.com/ubuntu jammy/main amd64 libdaxctl1 amd64 72.1-1 [19.8 kB]
2025-08-09T10:54:21.4261162Z Get:52 http://azure.archive.ubuntu.com/ubuntu jammy/main amd64 libdecor-0-0 amd64 0.1.0-3build1 [15.1 kB]
2025-08-09T10:54:21.4410627Z Get:53 http://azure.archive.ubuntu.com/ubuntu jammy/main amd64 libdecor-0-plugin-1-cairo amd64 0.1.0-3build1 [20.4 kB]
2025-08-09T10:54:21.4562098Z Get:54 http://azure.archive.ubuntu.com/ubuntu jammy-updates/main amd64 libelf-dev amd64 0.186-1ubuntu0.1 [64.4 kB]
2025-08-09T10:54:21.4708134Z Get:55 http://azure.archive.ubuntu.com/ubuntu jammy-updates/main amd64 libgfxdr0 amd64 10.1-1ubuntu0.2 [22.3 kB]
2025-08-09T10:54:21.4855371Z Get:56 http://azure.archive.ubuntu.com/ubuntu jammy-updates/main amd64 libglusterfs0 amd64 10.1-1ubuntu0.2 [287 kB]
2025-08-09T10:54:21.5464123Z Get:57 http://azure.archive.ubuntu.com/ubuntu jammy-updates/main amd64 libgfrpc0 amd64 10.1-1ubuntu0.2 [47.1 kB]
2025-08-09T10:54:21.5608092Z Get:58 http://azure.archive.ubuntu.com/ubuntu jammy-updates/main amd64 libgfapi0 amd64 10.1-1ubuntu0.2 [77.3 kB]
2025-08-09T10:54:21.5751199Z Get:59 http://azure.archive.ubuntu.com/ubuntu jammy/main amd64 librdmacm1 amd64 39.0-1 [71.2 kB]
2025-08-09T10:54:21.5901762Z Get:60 http://azure.archive.ubuntu.com/ubuntu jammy/main amd64 libiscsi7 amd64 1.19.0-3build2 [70.6 kB]
2025-08-09T10:54:21.6048264Z Get:61 http://azure.archive.ubuntu.com/ubuntu jammy/universe amd64 liblinear4 amd64 2.3.0+dfsg-5 [41.4 kB]
2025-08-09T10:54:21.6211749Z Get:62 http://azure.archive.ubuntu.com/ubuntu jammy/main amd64 libndctl6 amd64 72.1-1 [57.7 kB]
2025-08-09T10:54:21.6358168Z Get:63 http://azure.archive.ubuntu.com/ubuntu jammy/main amd64 libpmem1 amd64 1.11.1-3build1 [81.4 kB]
2025-08-09T10:54:21.6640298Z Get:64 http://azure.archive.ubuntu.com/ubuntu jammy/main amd64 libpmemobj1 amd64 1.11.1-3build1 [124 kB]
2025-08-09T10:54:21.6791309Z Get:65 http://azure.archive.ubuntu.com/ubuntu jammy-updates/main amd64 librados2 amd64 17.2.7-0ubuntu0.22.04.2 [3594 kB]
2025-08-09T10:54:21.7264374Z Get:66 http://azure.archive.ubuntu.com/ubuntu jammy-updates/main amd64 librbd1 amd64 17.2.7-0ubuntu0.22.04.2 [3548 kB]
2025-08-09T10:54:21.7787520Z Get:67 http://azure.archive.ubuntu.com/ubuntu jammy-updates/main amd64 libsdl2-2.0-0 amd64 2.0.20+dfsg-2ubuntu1.22.04.1 [582 kB]
2025-08-09T10:54:21.8079289Z Get:68 http://azure.archive.ubuntu.com/ubuntu jammy/main amd64 libspice-server1 amd64 0.15.0-2ubuntu4 [351 kB]
2025-08-09T10:54:21.8288907Z Get:69 http://azure.archive.ubuntu.com/ubuntu jammy/main amd64 liburing2 amd64 2.1-2build1 [10.3 kB]
2025-08-09T10:54:21.8579108Z Get:70 http://azure.archive.ubuntu.com/ubuntu jammy/main amd64 libusbredirparser1 amd64 0.11.0-2build1 [15.9 kB]
2025-08-09T10:54:21.8730829Z Get:71 http://azure.archive.ubuntu.com/ubuntu jammy/main amd64 libvirglrenderer1 amd64 0.9.1-1~exp1ubuntu2 [188 kB]
2025-08-09T10:54:21.8891773Z Get:72 http://azure.archive.ubuntu.com/ubuntu jammy-updates/main amd64 libvte-2.91-common amd64 0.68.0-1ubuntu0.1 [9408 B]
2025-08-09T10:54:21.9046584Z Get:73 http://azure.archive.ubuntu.com/ubuntu jammy-updates/main amd64 libvte-2.91-0 amd64 0.68.0-1ubuntu0.1 [214 kB]
2025-08-09T10:54:21.9207920Z Get:74 http://azure.archive.ubuntu.com/ubuntu jammy-updates/main amd64 debootstrap all 1.0.126+nmu1ubuntu0.8 [40.6 kB]
2025-08-09T10:54:21.9373667Z Get:75 http://azure.archive.ubuntu.com/ubuntu jammy-updates/main amd64 live-build all 3.0~a57-1ubuntu41.22.04.1 [132 kB]
2025-08-09T10:54:21.9990654Z Get:76 http://azure.archive.ubuntu.com/ubuntu jammy/universe amd64 lua-lpeg amd64 1.0.2-1 [31.4 kB]
2025-08-09T10:54:22.0138995Z Get:77 http://azure.archive.ubuntu.com/ubuntu jammy/main amd64 mtools amd64 4.0.33-1+really4.0.32-1build1 [201 kB]
2025-08-09T10:54:22.0326125Z Get:78 http://azure.archive.ubuntu.com/ubuntu jammy-updates/universe amd64 nmap-common all 7.91+dfsg1+really7.80+dfsg1-2ubuntu0.1 [3940 kB]
2025-08-09T10:54:22.1048475Z Get:79 http://azure.archive.ubuntu.com/ubuntu jammy/main amd64 pv amd64 1.6.6-1build2 [44.5 kB]
2025-08-09T10:54:22.1193164Z Get:80 http://azure.archive.ubuntu.com/ubuntu jammy/main amd64 libfdt1 amd64 1.6.1-1 [20.0 kB]
2025-08-09T10:54:22.1340660Z Get:81 http://azure.archive.ubuntu.com/ubuntu jammy-updates/main amd64 qemu-system-common amd64 1:6.2+dfsg-2ubuntu6.26 [2047 kB]
2025-08-09T10:54:22.1967214Z Get:82 http://azure.archive.ubuntu.com/ubuntu jammy-updates/main amd64 qemu-system-data all 1:6.2+dfsg-2ubuntu6.26 [1430 kB]
2025-08-09T10:54:22.2287223Z Get:83 http://azure.archive.ubuntu.com/ubuntu jammy/main amd64 seabios all 1.15.0-1 [174 kB]
2025-08-09T10:54:22.2439776Z Get:84 http://azure.archive.ubuntu.com/ubuntu jammy-updates/main amd64 qemu-system-x86 amd64 1:6.2+dfsg-2ubuntu6.26 [10.1 MB]
2025-08-09T10:54:22.3823572Z Get:85 http://azure.archive.ubuntu.com/ubuntu jammy-updates/main amd64 qemu-utils amd64 1:6.2+dfsg-2ubuntu6.26 [1527 kB]
2025-08-09T10:54:22.4244937Z Get:86 http://azure.archive.ubuntu.com/ubuntu jammy-updates/main amd64 qemu-block-extra amd64 1:6.2+dfsg-2ubuntu6.26 [68.2 kB]
2025-08-09T10:54:22.4388396Z Get:87 http://azure.archive.ubuntu.com/ubuntu jammy-updates/main amd64 qemu-system-gui amd64 1:6.2+dfsg-2ubuntu6.26 [220 kB]
2025-08-09T10:54:22.4588870Z Get:88 http://azure.archive.ubuntu.com/ubuntu jammy/main amd64 syslinux-common all 3:6.04~git20190206.bf6db5b4+dfsg1-3ubuntu1 [1271 kB]
2025-08-09T10:54:22.4996584Z Get:89 http://azure.archive.ubuntu.com/ubuntu jammy/universe amd64 syslinux-utils amd64 3:6.04~git20190206.bf6db5b4+dfsg1-3ubuntu1 [50.9 kB]
2025-08-09T10:54:22.5329845Z Get:90 http://azure.archive.ubuntu.com/ubuntu jammy-updates/universe amd64 nmap amd64 7.91+dfsg1+really7.80+dfsg1-2ubuntu0.1 [1731 kB]
2025-08-09T10:54:22.5900337Z Get:91 http://azure.archive.ubuntu.com/ubuntu jammy-updates/main amd64 ovmf all 2022.02-3ubuntu0.22.04.3 [7561 kB]
2025-08-09T10:54:23.0672080Z Fetched 53.2 MB in 2s (23.2 MB/s)
2025-08-09T10:54:23.1137292Z Selecting previously unselected package msr-tools.
2025-08-09T10:54:23.1764000Z (Reading database ... 
2025-08-09T10:54:23.1764271Z (Reading database ... 5%
2025-08-09T10:54:23.1764482Z (Reading database ... 10%
2025-08-09T10:54:23.1764687Z (Reading database ... 15%
2025-08-09T10:54:23.1764875Z (Reading database ... 20%
2025-08-09T10:54:23.1765066Z (Reading database ... 25%
2025-08-09T10:54:23.1765249Z (Reading database ... 30%
2025-08-09T10:54:23.1765439Z (Reading database ... 35%
2025-08-09T10:54:23.1765620Z (Reading database ... 40%
2025-08-09T10:54:23.1765821Z (Reading database ... 45%
2025-08-09T10:54:23.1766158Z (Reading database ... 50%
2025-08-09T10:54:23.6750065Z (Reading database ... 55%
2025-08-09T10:54:23.9885278Z (Reading database ... 60%
2025-08-09T10:54:24.3714405Z (Reading database ... 65%
2025-08-09T10:54:24.9045963Z (Reading database ... 70%
2025-08-09T10:54:25.4644850Z (Reading database ... 75%
2025-08-09T10:54:26.1594033Z (Reading database ... 80%
2025-08-09T10:54:27.0487143Z (Reading database ... 85%
2025-08-09T10:54:27.7238167Z (Reading database ... 90%
2025-08-09T10:54:28.4377830Z (Reading database ... 95%
2025-08-09T10:54:28.4378183Z (Reading database ... 100%
2025-08-09T10:54:28.4378567Z (Reading database ... 267991 files and directories currently installed.)
2025-08-09T10:54:28.4435677Z Preparing to unpack .../00-msr-tools_1.3-4_amd64.deb ...
2025-08-09T10:54:28.4450497Z Unpacking msr-tools (1.3-4) ...
2025-08-09T10:54:28.5393543Z Selecting previously unselected package cpu-checker.
2025-08-09T10:54:28.5558121Z Preparing to unpack .../01-cpu-checker_0.7-1.3build1_amd64.deb ...
2025-08-09T10:54:28.5570586Z Unpacking cpu-checker (0.7-1.3build1) ...
2025-08-09T10:54:28.6031747Z Selecting previously unselected package genisoimage.
2025-08-09T10:54:28.6194720Z Preparing to unpack .../02-genisoimage_9%3a1.1.11-3.2ubuntu1_amd64.deb ...
2025-08-09T10:54:28.6203821Z Unpacking genisoimage (9:1.1.11-3.2ubuntu1) ...
2025-08-09T10:54:28.7496455Z Selecting previously unselected package libcdparanoia0:amd64.
2025-08-09T10:54:28.7661032Z Preparing to unpack .../03-libcdparanoia0_3.10.2+debian-14build2_amd64.deb ...
2025-08-09T10:54:28.7681332Z Unpacking libcdparanoia0:amd64 (3.10.2+debian-14build2) ...
2025-08-09T10:54:28.8006930Z Selecting previously unselected package liborc-0.4-0:amd64.
2025-08-09T10:54:28.8170288Z Preparing to unpack .../04-liborc-0.4-0_1%3a0.4.32-2ubuntu0.1_amd64.deb ...
2025-08-09T10:54:28.8179157Z Unpacking liborc-0.4-0:amd64 (1:0.4.32-2ubuntu0.1) ...
2025-08-09T10:54:28.8435088Z Selecting previously unselected package libgstreamer-plugins-base1.0-0:amd64.
2025-08-09T10:54:28.8599591Z Preparing to unpack .../05-libgstreamer-plugins-base1.0-0_1.20.1-1ubuntu0.4_amd64.deb ...
2025-08-09T10:54:28.8607869Z Unpacking libgstreamer-plugins-base1.0-0:amd64 (1.20.1-1ubuntu0.4) ...
2025-08-09T10:54:28.8930728Z Selecting previously unselected package libopus0:amd64.
2025-08-09T10:54:28.9092817Z Preparing to unpack .../06-libopus0_1.3.1-0.1build2_amd64.deb ...
2025-08-09T10:54:28.9101838Z Unpacking libopus0:amd64 (1.3.1-0.1build2) ...
2025-08-09T10:54:28.9345406Z Selecting previously unselected package libtheora0:amd64.
2025-08-09T10:54:28.9511921Z Preparing to unpack .../07-libtheora0_1.1.1+dfsg.1-15ubuntu4_amd64.deb ...
2025-08-09T10:54:28.9522490Z Unpacking libtheora0:amd64 (1.1.1+dfsg.1-15ubuntu4) ...
2025-08-09T10:54:28.9770047Z Selecting previously unselected package libvisual-0.4-0:amd64.
2025-08-09T10:54:28.9934876Z Preparing to unpack .../08-libvisual-0.4-0_0.4.0-17build2_amd64.deb ...
2025-08-09T10:54:28.9945659Z Unpacking libvisual-0.4-0:amd64 (0.4.0-17build2) ...
2025-08-09T10:54:29.0180447Z Selecting previously unselected package libvorbisenc2:amd64.
2025-08-09T10:54:29.0344436Z Preparing to unpack .../09-libvorbisenc2_1.3.7-1build2_amd64.deb ...
2025-08-09T10:54:29.0352972Z Unpacking libvorbisenc2:amd64 (1.3.7-1build2) ...
2025-08-09T10:54:29.0606162Z Selecting previously unselected package gstreamer1.0-plugins-base:amd64.
2025-08-09T10:54:29.0772122Z Preparing to unpack .../10-gstreamer1.0-plugins-base_1.20.1-1ubuntu0.4_amd64.deb ...
2025-08-09T10:54:29.0781467Z Unpacking gstreamer1.0-plugins-base:amd64 (1.20.1-1ubuntu0.4) ...
2025-08-09T10:54:29.1121408Z Selecting previously unselected package libaa1:amd64.
2025-08-09T10:54:29.1285081Z Preparing to unpack .../11-libaa1_1.4p5-50build1_amd64.deb ...
2025-08-09T10:54:29.1295435Z Unpacking libaa1:amd64 (1.4p5-50build1) ...
2025-08-09T10:54:29.1518360Z Selecting previously unselected package libraw1394-11:amd64.
2025-08-09T10:54:29.1681914Z Preparing to unpack .../12-libraw1394-11_2.1.2-2build2_amd64.deb ...
2025-08-09T10:54:29.1691208Z Unpacking libraw1394-11:amd64 (2.1.2-2build2) ...
2025-08-09T10:54:29.1916987Z Selecting previously unselected package libavc1394-0:amd64.
2025-08-09T10:54:29.2080290Z Preparing to unpack .../13-libavc1394-0_0.5.4-5build2_amd64.deb ...
2025-08-09T10:54:29.2090694Z Unpacking libavc1394-0:amd64 (0.5.4-5build2) ...
2025-08-09T10:54:29.2314950Z Selecting previously unselected package libcaca0:amd64.
2025-08-09T10:54:29.2478090Z Preparing to unpack .../14-libcaca0_0.99.beta19-2.2ubuntu4_amd64.deb ...
2025-08-09T10:54:29.2488222Z Unpacking libcaca0:amd64 (0.99.beta19-2.2ubuntu4) ...
2025-08-09T10:54:29.2762045Z Selecting previously unselected package libdv4:amd64.
2025-08-09T10:54:29.2925658Z Preparing to unpack .../15-libdv4_1.0.0-14build1_amd64.deb ...
2025-08-09T10:54:29.2934010Z Unpacking libdv4:amd64 (1.0.0-14build1) ...
2025-08-09T10:54:29.3162041Z Selecting previously unselected package libflac8:amd64.
2025-08-09T10:54:29.3326519Z Preparing to unpack .../16-libflac8_1.3.3-2ubuntu0.2_amd64.deb ...
2025-08-09T10:54:29.3337293Z Unpacking libflac8:amd64 (1.3.3-2ubuntu0.2) ...
2025-08-09T10:54:29.3575200Z Selecting previously unselected package libgstreamer-plugins-good1.0-0:amd64.
2025-08-09T10:54:29.3738731Z Preparing to unpack .../17-libgstreamer-plugins-good1.0-0_1.20.3-0ubuntu1.3_amd64.deb ...
2025-08-09T10:54:29.3749911Z Unpacking libgstreamer-plugins-good1.0-0:amd64 (1.20.3-0ubuntu1.3) ...
2025-08-09T10:54:29.3985616Z Selecting previously unselected package libiec61883-0:amd64.
2025-08-09T10:54:29.4148705Z Preparing to unpack .../18-libiec61883-0_1.2.0-4build3_amd64.deb ...
2025-08-09T10:54:29.4157819Z Unpacking libiec61883-0:amd64 (1.2.0-4build3) ...
2025-08-09T10:54:29.4382788Z Selecting previously unselected package libsamplerate0:amd64.
2025-08-09T10:54:29.4544278Z Preparing to unpack .../19-libsamplerate0_0.2.2-1build1_amd64.deb ...
2025-08-09T10:54:29.4553136Z Unpacking libsamplerate0:amd64 (0.2.2-1build1) ...
2025-08-09T10:54:29.4828899Z Selecting previously unselected package libjack-jackd2-0:amd64.
2025-08-09T10:54:29.4992852Z Preparing to unpack .../20-libjack-jackd2-0_1.9.20~dfsg-1_amd64.deb ...
2025-08-09T10:54:29.5005665Z Unpacking libjack-jackd2-0:amd64 (1.9.20~dfsg-1) ...
2025-08-09T10:54:29.5271364Z Selecting previously unselected package libmp3lame0:amd64.
2025-08-09T10:54:29.5432675Z Preparing to unpack .../21-libmp3lame0_3.100-3build2_amd64.deb ...
2025-08-09T10:54:29.5442987Z Unpacking libmp3lame0:amd64 (3.100-3build2) ...
2025-08-09T10:54:29.5680568Z Selecting previously unselected package libmpg123-0:amd64.
2025-08-09T10:54:29.5841840Z Preparing to unpack .../22-libmpg123-0_1.29.3-1ubuntu0.1_amd64.deb ...
2025-08-09T10:54:29.5851310Z Unpacking libmpg123-0:amd64 (1.29.3-1ubuntu0.1) ...
2025-08-09T10:54:29.6091107Z Selecting previously unselected package libasyncns0:amd64.
2025-08-09T10:54:29.6248234Z Preparing to unpack .../23-libasyncns0_0.8-6build2_amd64.deb ...
2025-08-09T10:54:29.6261482Z Unpacking libasyncns0:amd64 (0.8-6build2) ...
2025-08-09T10:54:29.6473757Z Selecting previously unselected package libsndfile1:amd64.
2025-08-09T10:54:29.6635042Z Preparing to unpack .../24-libsndfile1_1.0.31-2ubuntu0.2_amd64.deb ...
2025-08-09T10:54:29.6643843Z Unpacking libsndfile1:amd64 (1.0.31-2ubuntu0.2) ...
2025-08-09T10:54:29.6896994Z Selecting previously unselected package libpulse0:amd64.
2025-08-09T10:54:29.7056028Z Preparing to unpack .../25-libpulse0_1%3a15.99.1+dfsg1-1ubuntu2.2_amd64.deb ...
2025-08-09T10:54:29.7172733Z Unpacking libpulse0:amd64 (1:15.99.1+dfsg1-1ubuntu2.2) ...
2025-08-09T10:54:29.7441414Z Selecting previously unselected package libspeex1:amd64.
2025-08-09T10:54:29.7607456Z Preparing to unpack .../26-libspeex1_1.2~rc1.2-1.1ubuntu3_amd64.deb ...
2025-08-09T10:54:29.7617231Z Unpacking libspeex1:amd64 (1.2~rc1.2-1.1ubuntu3) ...
2025-08-09T10:54:29.7837299Z Selecting previously unselected package libshout3:amd64.
2025-08-09T10:54:29.7999045Z Preparing to unpack .../27-libshout3_2.4.5-1build3_amd64.deb ...
2025-08-09T10:54:29.8010615Z Unpacking libshout3:amd64 (2.4.5-1build3) ...
2025-08-09T10:54:29.8238533Z Selecting previously unselected package libtag1v5-vanilla:amd64.
2025-08-09T10:54:29.8400171Z Preparing to unpack .../28-libtag1v5-vanilla_1.11.1+dfsg.1-3ubuntu3_amd64.deb ...
2025-08-09T10:54:29.8410936Z Unpacking libtag1v5-vanilla:amd64 (1.11.1+dfsg.1-3ubuntu3) ...
2025-08-09T10:54:29.8650360Z Selecting previously unselected package libtag1v5:amd64.
2025-08-09T10:54:29.8811010Z Preparing to unpack .../29-libtag1v5_1.11.1+dfsg.1-3ubuntu3_amd64.deb ...
2025-08-09T10:54:29.8820223Z Unpacking libtag1v5:amd64 (1.11.1+dfsg.1-3ubuntu3) ...
2025-08-09T10:54:29.9034659Z Selecting previously unselected package libtwolame0:amd64.
2025-08-09T10:54:29.9193037Z Preparing to unpack .../30-libtwolame0_0.4.0-2build2_amd64.deb ...
2025-08-09T10:54:29.9204311Z Unpacking libtwolame0:amd64 (0.4.0-2build2) ...
2025-08-09T10:54:29.9422891Z Selecting previously unselected package libv4lconvert0:amd64.
2025-08-09T10:54:29.9582090Z Preparing to unpack .../31-libv4lconvert0_1.22.1-2build1_amd64.deb ...
2025-08-09T10:54:29.9591886Z Unpacking libv4lconvert0:amd64 (1.22.1-2build1) ...
2025-08-09T10:54:29.9835194Z Selecting previously unselected package libv4l-0:amd64.
2025-08-09T10:54:29.9996856Z Preparing to unpack .../32-libv4l-0_1.22.1-2build1_amd64.deb ...
2025-08-09T10:54:30.0008217Z Unpacking libv4l-0:amd64 (1.22.1-2build1) ...
2025-08-09T10:54:30.0252230Z Selecting previously unselected package libvpx7:amd64.
2025-08-09T10:54:30.0415739Z Preparing to unpack .../33-libvpx7_1.11.0-2ubuntu2.4_amd64.deb ...
2025-08-09T10:54:30.0426202Z Unpacking libvpx7:amd64 (1.11.0-2ubuntu2.4) ...
2025-08-09T10:54:30.0809247Z Selecting previously unselected package libwavpack1:amd64.
2025-08-09T10:54:30.0973957Z Preparing to unpack .../34-libwavpack1_5.4.0-1build2_amd64.deb ...
2025-08-09T10:54:30.0983831Z Unpacking libwavpack1:amd64 (5.4.0-1build2) ...
2025-08-09T10:54:30.1195802Z Selecting previously unselected package gstreamer1.0-plugins-good:amd64.
2025-08-09T10:54:30.1357118Z Preparing to unpack .../35-gstreamer1.0-plugins-good_1.20.3-0ubuntu1.3_amd64.deb ...
2025-08-09T10:54:30.1365431Z Unpacking gstreamer1.0-plugins-good:amd64 (1.20.3-0ubuntu1.3) ...
2025-08-09T10:54:30.1911471Z Selecting previously unselected package libxv1:amd64.
2025-08-09T10:54:30.2076661Z Preparing to unpack .../36-libxv1_2%3a1.0.11-1build2_amd64.deb ...
2025-08-09T10:54:30.2089225Z Unpacking libxv1:amd64 (2:1.0.11-1build2) ...
2025-08-09T10:54:30.2292461Z Selecting previously unselected package gstreamer1.0-x:amd64.
2025-08-09T10:54:30.2453521Z Preparing to unpack .../37-gstreamer1.0-x_1.20.1-1ubuntu0.4_amd64.deb ...
2025-08-09T10:54:30.2463706Z Unpacking gstreamer1.0-x:amd64 (1.20.1-1ubuntu0.4) ...
2025-08-09T10:54:30.2696931Z Selecting previously unselected package libnl-route-3-200:amd64.
2025-08-09T10:54:30.2862285Z Preparing to unpack .../38-libnl-route-3-200_3.5.0-0.1_amd64.deb ...
2025-08-09T10:54:30.2874625Z Unpacking libnl-route-3-200:amd64 (3.5.0-0.1) ...
2025-08-09T10:54:30.3121833Z Selecting previously unselected package libibverbs1:amd64.
2025-08-09T10:54:30.3283210Z Preparing to unpack .../39-libibverbs1_39.0-1_amd64.deb ...
2025-08-09T10:54:30.3297134Z Unpacking libibverbs1:amd64 (39.0-1) ...
2025-08-09T10:54:30.3537667Z Selecting previously unselected package ibverbs-providers:amd64.
2025-08-09T10:54:30.3698692Z Preparing to unpack .../40-ibverbs-providers_39.0-1_amd64.deb ...
2025-08-09T10:54:30.3820488Z Unpacking ibverbs-providers:amd64 (39.0-1) ...
2025-08-09T10:54:30.4113511Z Selecting previously unselected package ipxe-qemu.
2025-08-09T10:54:30.4274610Z Preparing to unpack .../41-ipxe-qemu_1.21.1+git-20220113.fbbdc3926-0ubuntu1_all.deb ...
2025-08-09T10:54:30.4290231Z Unpacking ipxe-qemu (1.21.1+git-20220113.fbbdc3926-0ubuntu1) ...
2025-08-09T10:54:30.4651638Z Selecting previously unselected package ipxe-qemu-256k-compat-efi-roms.
2025-08-09T10:54:30.4814499Z Preparing to unpack .../42-ipxe-qemu-256k-compat-efi-roms_1.0.0+git-20150424.a25a16d-0ubuntu4_all.deb ...
2025-08-09T10:54:30.4822448Z Unpacking ipxe-qemu-256k-compat-efi-roms (1.0.0+git-20150424.a25a16d-0ubuntu4) ...
2025-08-09T10:54:30.5303862Z Selecting previously unselected package isolinux.
2025-08-09T10:54:30.5467609Z Preparing to unpack .../43-isolinux_3%3a6.04~git20190206.bf6db5b4+dfsg1-3ubuntu1_all.deb ...
2025-08-09T10:54:30.5479072Z Unpacking isolinux (3:6.04~git20190206.bf6db5b4+dfsg1-3ubuntu1) ...
2025-08-09T10:54:30.5702334Z Selecting previously unselected package libboost-iostreams1.74.0:amd64.
2025-08-09T10:54:30.5865245Z Preparing to unpack .../44-libboost-iostreams1.74.0_1.74.0-14ubuntu3_amd64.deb ...
2025-08-09T10:54:30.5876301Z Unpacking libboost-iostreams1.74.0:amd64 (1.74.0-14ubuntu3) ...
2025-08-09T10:54:30.6161691Z Selecting previously unselected package libboost-thread1.74.0:amd64.
2025-08-09T10:54:30.6336878Z Preparing to unpack .../45-libboost-thread1.74.0_1.74.0-14ubuntu3_amd64.deb ...
2025-08-09T10:54:30.6345462Z Unpacking libboost-thread1.74.0:amd64 (1.74.0-14ubuntu3) ...
2025-08-09T10:54:30.6641244Z Selecting previously unselected package libbrlapi0.8:amd64.
2025-08-09T10:54:30.6802297Z Preparing to unpack .../46-libbrlapi0.8_6.4-4ubuntu3_amd64.deb ...
2025-08-09T10:54:30.6812040Z Unpacking libbrlapi0.8:amd64 (6.4-4ubuntu3) ...
2025-08-09T10:54:30.7039070Z Selecting previously unselected package libpcsclite1:amd64.
2025-08-09T10:54:30.7200570Z Preparing to unpack .../47-libpcsclite1_1.9.5-3ubuntu1_amd64.deb ...
2025-08-09T10:54:30.7211768Z Unpacking libpcsclite1:amd64 (1.9.5-3ubuntu1) ...
2025-08-09T10:54:30.7471608Z Selecting previously unselected package libcacard0:amd64.
2025-08-09T10:54:30.7631196Z Preparing to unpack .../48-libcacard0_1%3a2.8.0-3build2_amd64.deb ...
2025-08-09T10:54:30.7644910Z Unpacking libcacard0:amd64 (1:2.8.0-3build2) ...
2025-08-09T10:54:30.7872989Z Selecting previously unselected package libdaxctl1:amd64.
2025-08-09T10:54:30.8032863Z Preparing to unpack .../49-libdaxctl1_72.1-1_amd64.deb ...
2025-08-09T10:54:30.8042862Z Unpacking libdaxctl1:amd64 (72.1-1) ...
2025-08-09T10:54:30.8287591Z Selecting previously unselected package libdecor-0-0:amd64.
2025-08-09T10:54:30.8448990Z Preparing to unpack .../50-libdecor-0-0_0.1.0-3build1_amd64.deb ...
2025-08-09T10:54:30.8459554Z Unpacking libdecor-0-0:amd64 (0.1.0-3build1) ...
2025-08-09T10:54:30.8675384Z Selecting previously unselected package libdecor-0-plugin-1-cairo:amd64.
2025-08-09T10:54:30.8834830Z Preparing to unpack .../51-libdecor-0-plugin-1-cairo_0.1.0-3build1_amd64.deb ...
2025-08-09T10:54:30.8842863Z Unpacking libdecor-0-plugin-1-cairo:amd64 (0.1.0-3build1) ...
2025-08-09T10:54:30.9047733Z Selecting previously unselected package libelf-dev:amd64.
2025-08-09T10:54:30.9206378Z Preparing to unpack .../52-libelf-dev_0.186-1ubuntu0.1_amd64.deb ...
2025-08-09T10:54:30.9215701Z Unpacking libelf-dev:amd64 (0.186-1ubuntu0.1) ...
2025-08-09T10:54:30.9524422Z Selecting previously unselected package libgfxdr0:amd64.
2025-08-09T10:54:30.9683396Z Preparing to unpack .../53-libgfxdr0_10.1-1ubuntu0.2_amd64.deb ...
2025-08-09T10:54:30.9697264Z Unpacking libgfxdr0:amd64 (10.1-1ubuntu0.2) ...
2025-08-09T10:54:30.9915182Z Selecting previously unselected package libglusterfs0:amd64.
2025-08-09T10:54:31.0074560Z Preparing to unpack .../54-libglusterfs0_10.1-1ubuntu0.2_amd64.deb ...
2025-08-09T10:54:31.0084173Z Unpacking libglusterfs0:amd64 (10.1-1ubuntu0.2) ...
2025-08-09T10:54:31.0347226Z Selecting previously unselected package libgfrpc0:amd64.
2025-08-09T10:54:31.0506856Z Preparing to unpack .../55-libgfrpc0_10.1-1ubuntu0.2_amd64.deb ...
2025-08-09T10:54:31.0520129Z Unpacking libgfrpc0:amd64 (10.1-1ubuntu0.2) ...
2025-08-09T10:54:31.0741031Z Selecting previously unselected package libgfapi0:amd64.
2025-08-09T10:54:31.0899614Z Preparing to unpack .../56-libgfapi0_10.1-1ubuntu0.2_amd64.deb ...
2025-08-09T10:54:31.0913499Z Unpacking libgfapi0:amd64 (10.1-1ubuntu0.2) ...
2025-08-09T10:54:31.1146868Z Selecting previously unselected package librdmacm1:amd64.
2025-08-09T10:54:31.1306965Z Preparing to unpack .../57-librdmacm1_39.0-1_amd64.deb ...
2025-08-09T10:54:31.1318895Z Unpacking librdmacm1:amd64 (39.0-1) ...
2025-08-09T10:54:31.1544229Z Selecting previously unselected package libiscsi7:amd64.
2025-08-09T10:54:31.1702819Z Preparing to unpack .../58-libiscsi7_1.19.0-3build2_amd64.deb ...
2025-08-09T10:54:31.1720686Z Unpacking libiscsi7:amd64 (1.19.0-3build2) ...
2025-08-09T10:54:31.1951899Z Selecting previously unselected package liblinear4:amd64.
2025-08-09T10:54:31.2111306Z Preparing to unpack .../59-liblinear4_2.3.0+dfsg-5_amd64.deb ...
2025-08-09T10:54:31.2122135Z Unpacking liblinear4:amd64 (2.3.0+dfsg-5) ...
2025-08-09T10:54:31.2365776Z Selecting previously unselected package libndctl6:amd64.
2025-08-09T10:54:31.2525061Z Preparing to unpack .../60-libndctl6_72.1-1_amd64.deb ...
2025-08-09T10:54:31.2537131Z Unpacking libndctl6:amd64 (72.1-1) ...
2025-08-09T10:54:31.2755007Z Selecting previously unselected package libpmem1:amd64.
2025-08-09T10:54:31.2914197Z Preparing to unpack .../61-libpmem1_1.11.1-3build1_amd64.deb ...
2025-08-09T10:54:31.2944311Z Unpacking libpmem1:amd64 (1.11.1-3build1) ...
2025-08-09T10:54:31.3188433Z Selecting previously unselected package libpmemobj1:amd64.
2025-08-09T10:54:31.3354740Z Preparing to unpack .../62-libpmemobj1_1.11.1-3build1_amd64.deb ...
2025-08-09T10:54:31.3366289Z Unpacking libpmemobj1:amd64 (1.11.1-3build1) ...
2025-08-09T10:54:31.3642717Z Selecting previously unselected package librados2.
2025-08-09T10:54:31.3806588Z Preparing to unpack .../63-librados2_17.2.7-0ubuntu0.22.04.2_amd64.deb ...
2025-08-09T10:54:31.3815193Z Unpacking librados2 (17.2.7-0ubuntu0.22.04.2) ...
2025-08-09T10:54:31.4495858Z Selecting previously unselected package librbd1.
2025-08-09T10:54:31.4661023Z Preparing to unpack .../64-librbd1_17.2.7-0ubuntu0.22.04.2_amd64.deb ...
2025-08-09T10:54:31.4671384Z Unpacking librbd1 (17.2.7-0ubuntu0.22.04.2) ...
2025-08-09T10:54:31.5357976Z Selecting previously unselected package libsdl2-2.0-0:amd64.
2025-08-09T10:54:31.5520769Z Preparing to unpack .../65-libsdl2-2.0-0_2.0.20+dfsg-2ubuntu1.22.04.1_amd64.deb ...
2025-08-09T10:54:31.5533745Z Unpacking libsdl2-2.0-0:amd64 (2.0.20+dfsg-2ubuntu1.22.04.1) ...
2025-08-09T10:54:31.5820517Z Selecting previously unselected package libspice-server1:amd64.
2025-08-09T10:54:31.5983691Z Preparing to unpack .../66-libspice-server1_0.15.0-2ubuntu4_amd64.deb ...
2025-08-09T10:54:31.5992923Z Unpacking libspice-server1:amd64 (0.15.0-2ubuntu4) ...
2025-08-09T10:54:31.6266166Z Selecting previously unselected package liburing2:amd64.
2025-08-09T10:54:31.6425551Z Preparing to unpack .../67-liburing2_2.1-2build1_amd64.deb ...
2025-08-09T10:54:31.6434292Z Unpacking liburing2:amd64 (2.1-2build1) ...
2025-08-09T10:54:31.6645518Z Selecting previously unselected package libusbredirparser1:amd64.
2025-08-09T10:54:31.6804489Z Preparing to unpack .../68-libusbredirparser1_0.11.0-2build1_amd64.deb ...
2025-08-09T10:54:31.6813682Z Unpacking libusbredirparser1:amd64 (0.11.0-2build1) ...
2025-08-09T10:54:31.7032515Z Selecting previously unselected package libvirglrenderer1:amd64.
2025-08-09T10:54:31.7190292Z Preparing to unpack .../69-libvirglrenderer1_0.9.1-1~exp1ubuntu2_amd64.deb ...
2025-08-09T10:54:31.7201383Z Unpacking libvirglrenderer1:amd64 (0.9.1-1~exp1ubuntu2) ...
2025-08-09T10:54:31.7457234Z Selecting previously unselected package libvte-2.91-common.
2025-08-09T10:54:31.7615533Z Preparing to unpack .../70-libvte-2.91-common_0.68.0-1ubuntu0.1_amd64.deb ...
2025-08-09T10:54:31.7624633Z Unpacking libvte-2.91-common (0.68.0-1ubuntu0.1) ...
2025-08-09T10:54:31.7846316Z Selecting previously unselected package libvte-2.91-0:amd64.
2025-08-09T10:54:31.8006078Z Preparing to unpack .../71-libvte-2.91-0_0.68.0-1ubuntu0.1_amd64.deb ...
2025-08-09T10:54:31.8015549Z Unpacking libvte-2.91-0:amd64 (0.68.0-1ubuntu0.1) ...
2025-08-09T10:54:31.8247339Z Selecting previously unselected package debootstrap.
2025-08-09T10:54:31.8407119Z Preparing to unpack .../72-debootstrap_1.0.126+nmu1ubuntu0.8_all.deb ...
2025-08-09T10:54:31.8417270Z Unpacking debootstrap (1.0.126+nmu1ubuntu0.8) ...
2025-08-09T10:54:31.8783031Z Selecting previously unselected package live-build.
2025-08-09T10:54:31.8945484Z Preparing to unpack .../73-live-build_3.0~a57-1ubuntu41.22.04.1_all.deb ...
2025-08-09T10:54:31.8953753Z Unpacking live-build (3.0~a57-1ubuntu41.22.04.1) ...
2025-08-09T10:54:31.9991106Z Selecting previously unselected package lua-lpeg:amd64.
2025-08-09T10:54:32.0155173Z Preparing to unpack .../74-lua-lpeg_1.0.2-1_amd64.deb ...
2025-08-09T10:54:32.0170871Z Unpacking lua-lpeg:amd64 (1.0.2-1) ...
2025-08-09T10:54:32.0438961Z Selecting previously unselected package mtools.
2025-08-09T10:54:32.0603233Z Preparing to unpack .../75-mtools_4.0.33-1+really4.0.32-1build1_amd64.deb ...
2025-08-09T10:54:32.0613962Z Unpacking mtools (4.0.33-1+really4.0.32-1build1) ...
2025-08-09T10:54:32.2384479Z Selecting previously unselected package nmap-common.
2025-08-09T10:54:32.2546704Z Preparing to unpack .../76-nmap-common_7.91+dfsg1+really7.80+dfsg1-2ubuntu0.1_all.deb ...
2025-08-09T10:54:32.2557409Z Unpacking nmap-common (7.91+dfsg1+really7.80+dfsg1-2ubuntu0.1) ...
2025-08-09T10:54:32.4442740Z Selecting previously unselected package pv.
2025-08-09T10:54:32.4610588Z Preparing to unpack .../77-pv_1.6.6-1build2_amd64.deb ...
2025-08-09T10:54:32.4622949Z Unpacking pv (1.6.6-1build2) ...
2025-08-09T10:54:32.4942117Z Selecting previously unselected package libfdt1:amd64.
2025-08-09T10:54:32.5107203Z Preparing to unpack .../78-libfdt1_1.6.1-1_amd64.deb ...
2025-08-09T10:54:32.5162904Z Unpacking libfdt1:amd64 (1.6.1-1) ...
2025-08-09T10:54:32.5404110Z Selecting previously unselected package qemu-system-common.
2025-08-09T10:54:32.5567175Z Preparing to unpack .../79-qemu-system-common_1%3a6.2+dfsg-2ubuntu6.26_amd64.deb ...
2025-08-09T10:54:32.5577056Z Unpacking qemu-system-common (1:6.2+dfsg-2ubuntu6.26) ...
2025-08-09T10:54:32.6553138Z Selecting previously unselected package qemu-system-data.
2025-08-09T10:54:32.6717424Z Preparing to unpack .../80-qemu-system-data_1%3a6.2+dfsg-2ubuntu6.26_all.deb ...
2025-08-09T10:54:32.6757719Z Unpacking qemu-system-data (1:6.2+dfsg-2ubuntu6.26) ...
2025-08-09T10:54:32.7409869Z Selecting previously unselected package seabios.
2025-08-09T10:54:32.7573351Z Preparing to unpack .../81-seabios_1.15.0-1_all.deb ...
2025-08-09T10:54:32.7583750Z Unpacking seabios (1.15.0-1) ...
2025-08-09T10:54:32.7845963Z Selecting previously unselected package qemu-system-x86.
2025-08-09T10:54:32.8007615Z Preparing to unpack .../82-qemu-system-x86_1%3a6.2+dfsg-2ubuntu6.26_amd64.deb ...
2025-08-09T10:54:32.8145142Z Unpacking qemu-system-x86 (1:6.2+dfsg-2ubuntu6.26) ...
2025-08-09T10:54:32.9688849Z Selecting previously unselected package qemu-utils.
2025-08-09T10:54:32.9857085Z Preparing to unpack .../83-qemu-utils_1%3a6.2+dfsg-2ubuntu6.26_amd64.deb ...
2025-08-09T10:54:32.9865594Z Unpacking qemu-utils (1:6.2+dfsg-2ubuntu6.26) ...
2025-08-09T10:54:33.0405425Z Selecting previously unselected package qemu-block-extra.
2025-08-09T10:54:33.0572423Z Preparing to unpack .../84-qemu-block-extra_1%3a6.2+dfsg-2ubuntu6.26_amd64.deb ...
2025-08-09T10:54:33.0587982Z Unpacking qemu-block-extra (1:6.2+dfsg-2ubuntu6.26) ...
2025-08-09T10:54:33.0832404Z Selecting previously unselected package qemu-system-gui.
2025-08-09T10:54:33.0998050Z Preparing to unpack .../85-qemu-system-gui_1%3a6.2+dfsg-2ubuntu6.26_amd64.deb ...
2025-08-09T10:54:33.1008724Z Unpacking qemu-system-gui (1:6.2+dfsg-2ubuntu6.26) ...
2025-08-09T10:54:33.1256218Z Selecting previously unselected package syslinux-common.
2025-08-09T10:54:33.1418753Z Preparing to unpack .../86-syslinux-common_3%3a6.04~git20190206.bf6db5b4+dfsg1-3ubuntu1_all.deb ...
2025-08-09T10:54:33.1427114Z Unpacking syslinux-common (3:6.04~git20190206.bf6db5b4+dfsg1-3ubuntu1) ...
2025-08-09T10:54:33.2046164Z Selecting previously unselected package syslinux-utils.
2025-08-09T10:54:33.2214309Z Preparing to unpack .../87-syslinux-utils_3%3a6.04~git20190206.bf6db5b4+dfsg1-3ubuntu1_amd64.deb ...
2025-08-09T10:54:33.2224696Z Unpacking syslinux-utils (3:6.04~git20190206.bf6db5b4+dfsg1-3ubuntu1) ...
2025-08-09T10:54:33.2751133Z Selecting previously unselected package nmap.
2025-08-09T10:54:33.2915141Z Preparing to unpack .../88-nmap_7.91+dfsg1+really7.80+dfsg1-2ubuntu0.1_amd64.deb ...
2025-08-09T10:54:33.2930396Z Unpacking nmap (7.91+dfsg1+really7.80+dfsg1-2ubuntu0.1) ...
2025-08-09T10:54:33.3778901Z Selecting previously unselected package ovmf.
2025-08-09T10:54:33.3943828Z Preparing to unpack .../89-ovmf_2022.02-3ubuntu0.22.04.3_all.deb ...
2025-08-09T10:54:33.3958237Z Unpacking ovmf (2022.02-3ubuntu0.22.04.3) ...
2025-08-09T10:54:33.4853587Z Setting up genisoimage (9:1.1.11-3.2ubuntu1) ...
2025-08-09T10:54:33.4883188Z Setting up libcdparanoia0:amd64 (3.10.2+debian-14build2) ...
2025-08-09T10:54:33.4921496Z Setting up lua-lpeg:amd64 (1.0.2-1) ...
2025-08-09T10:54:33.4957405Z Setting up debootstrap (1.0.126+nmu1ubuntu0.8) ...
2025-08-09T10:54:33.4984568Z Setting up libraw1394-11:amd64 (2.1.2-2build2) ...
2025-08-09T10:54:33.5019026Z Setting up libtag1v5-vanilla:amd64 (1.11.1+dfsg.1-3ubuntu3) ...
2025-08-09T10:54:33.5043372Z Setting up libmpg123-0:amd64 (1.29.3-1ubuntu0.1) ...
2025-08-09T10:54:33.5071014Z Setting up isolinux (3:6.04~git20190206.bf6db5b4+dfsg1-3ubuntu1) ...
2025-08-09T10:54:33.5095142Z Setting up libspeex1:amd64 (1.2~rc1.2-1.1ubuntu3) ...
2025-08-09T10:54:33.5121056Z Setting up libcaca0:amd64 (0.99.beta19-2.2ubuntu4) ...
2025-08-09T10:54:33.5151247Z Setting up libtwolame0:amd64 (0.4.0-2build2) ...
2025-08-09T10:54:33.5199888Z Setting up libvte-2.91-common (0.68.0-1ubuntu0.1) ...
2025-08-09T10:54:33.5252074Z Setting up libvisual-0.4-0:amd64 (0.4.0-17build2) ...
2025-08-09T10:54:33.5295255Z Setting up mtools (4.0.33-1+really4.0.32-1build1) ...
2025-08-09T10:54:33.5335920Z Setting up libboost-iostreams1.74.0:amd64 (1.74.0-14ubuntu3) ...
2025-08-09T10:54:33.5365850Z Setting up msr-tools (1.3-4) ...
2025-08-09T10:54:33.5451818Z Setting up syslinux-common (3:6.04~git20190206.bf6db5b4+dfsg1-3ubuntu1) ...
2025-08-09T10:54:33.5498672Z Setting up live-build (3.0~a57-1ubuntu41.22.04.1) ...
2025-08-09T10:54:33.5522649Z Setting up libfdt1:amd64 (1.6.1-1) ...
2025-08-09T10:54:33.5550093Z Setting up libvte-2.91-0:amd64 (0.68.0-1ubuntu0.1) ...
2025-08-09T10:54:33.5581189Z Setting up libusbredirparser1:amd64 (0.11.0-2build1) ...
2025-08-09T10:54:33.5612906Z Setting up liblinear4:amd64 (2.3.0+dfsg-5) ...
2025-08-09T10:54:33.5640681Z Setting up libflac8:amd64 (1.3.3-2ubuntu0.2) ...
2025-08-09T10:54:33.5669695Z Setting up syslinux-utils (3:6.04~git20190206.bf6db5b4+dfsg1-3ubuntu1) ...
2025-08-09T10:54:33.5695986Z Setting up libnl-route-3-200:amd64 (3.5.0-0.1) ...
2025-08-09T10:54:33.5726405Z Setting up ovmf (2022.02-3ubuntu0.22.04.3) ...
2025-08-09T10:54:33.5754185Z Setting up libglusterfs0:amd64 (10.1-1ubuntu0.2) ...
2025-08-09T10:54:33.5778722Z Setting up libvirglrenderer1:amd64 (0.9.1-1~exp1ubuntu2) ...
2025-08-09T10:54:33.5804498Z Setting up libopus0:amd64 (1.3.1-0.1build2) ...
2025-08-09T10:54:33.5833409Z Setting up libxv1:amd64 (2:1.0.11-1build2) ...
2025-08-09T10:54:33.5859268Z Setting up liborc-0.4-0:amd64 (1:0.4.32-2ubuntu0.1) ...
2025-08-09T10:54:33.5899852Z Setting up libelf-dev:amd64 (0.186-1ubuntu0.1) ...
2025-08-09T10:54:33.5932145Z Setting up libpcsclite1:amd64 (1.9.5-3ubuntu1) ...
2025-08-09T10:54:33.5963551Z Setting up libdaxctl1:amd64 (72.1-1) ...
2025-08-09T10:54:33.5996337Z Setting up qemu-system-data (1:6.2+dfsg-2ubuntu6.26) ...
2025-08-09T10:54:33.6021227Z Setting up seabios (1.15.0-1) ...
2025-08-09T10:54:33.6051628Z Setting up nmap-common (7.91+dfsg1+really7.80+dfsg1-2ubuntu0.1) ...
2025-08-09T10:54:33.6407275Z Setting up libtag1v5:amd64 (1.11.1+dfsg.1-3ubuntu3) ...
2025-08-09T10:54:33.6433894Z Setting up cpu-checker (0.7-1.3build1) ...
2025-08-09T10:54:33.6461959Z Setting up libdv4:amd64 (1.0.0-14build1) ...
2025-08-09T10:54:33.6486449Z Setting up libasyncns0:amd64 (0.8-6build2) ...
2025-08-09T10:54:33.6512723Z Setting up pv (1.6.6-1build2) ...
2025-08-09T10:54:33.6540755Z Setting up libwavpack1:amd64 (5.4.0-1build2) ...
2025-08-09T10:54:33.6568348Z Setting up ipxe-qemu (1.21.1+git-20220113.fbbdc3926-0ubuntu1) ...
2025-08-09T10:54:33.6592378Z Setting up libtheora0:amd64 (1.1.1+dfsg.1-15ubuntu4) ...
2025-08-09T10:54:33.6615873Z Setting up libv4lconvert0:amd64 (1.22.1-2build1) ...
2025-08-09T10:54:33.6664711Z Setting up libdecor-0-0:amd64 (0.1.0-3build1) ...
2025-08-09T10:54:33.6691051Z Setting up libndctl6:amd64 (72.1-1) ...
2025-08-09T10:54:33.6721388Z Setting up ipxe-qemu-256k-compat-efi-roms (1.0.0+git-20150424.a25a16d-0ubuntu4) ...
2025-08-09T10:54:33.6745445Z Setting up libvpx7:amd64 (1.11.0-2ubuntu2.4) ...
2025-08-09T10:54:33.6771419Z Setting up libbrlapi0.8:amd64 (6.4-4ubuntu3) ...
2025-08-09T10:54:33.6798392Z Setting up liburing2:amd64 (2.1-2build1) ...
2025-08-09T10:54:33.6821482Z Setting up libsamplerate0:amd64 (0.2.2-1build1) ...
2025-08-09T10:54:33.6843675Z Setting up libpmem1:amd64 (1.11.1-3build1) ...
2025-08-09T10:54:33.6874572Z Setting up libmp3lame0:amd64 (3.100-3build2) ...
2025-08-09T10:54:33.6898724Z Setting up libvorbisenc2:amd64 (1.3.7-1build2) ...
2025-08-09T10:54:33.6925258Z Setting up libgfxdr0:amd64 (10.1-1ubuntu0.2) ...
2025-08-09T10:54:33.6963816Z Setting up libboost-thread1.74.0:amd64 (1.74.0-14ubuntu3) ...
2025-08-09T10:54:33.6991273Z Setting up libaa1:amd64 (1.4p5-50build1) ...
2025-08-09T10:54:33.7018503Z Setting up libiec61883-0:amd64 (1.2.0-4build3) ...
2025-08-09T10:54:33.7048823Z Setting up libavc1394-0:amd64 (0.5.4-5build2) ...
2025-08-09T10:54:33.7074080Z Setting up libibverbs1:amd64 (39.0-1) ...
2025-08-09T10:54:33.7718772Z Setting up ibverbs-providers:amd64 (39.0-1) ...
2025-08-09T10:54:33.7987618Z Setting up libgstreamer-plugins-base1.0-0:amd64 (1.20.1-1ubuntu0.4) ...
2025-08-09T10:54:33.8020491Z Setting up nmap (7.91+dfsg1+really7.80+dfsg1-2ubuntu0.1) ...
2025-08-09T10:54:33.8054716Z Setting up libcacard0:amd64 (1:2.8.0-3build2) ...
2025-08-09T10:54:33.8080159Z Setting up libv4l-0:amd64 (1.22.1-2build1) ...
2025-08-09T10:54:33.8109050Z Setting up libgstreamer-plugins-good1.0-0:amd64 (1.20.3-0ubuntu1.3) ...
2025-08-09T10:54:33.8132235Z Setting up gstreamer1.0-plugins-base:amd64 (1.20.1-1ubuntu0.4) ...
2025-08-09T10:54:33.8165395Z Setting up libshout3:amd64 (2.4.5-1build3) ...
2025-08-09T10:54:33.8195880Z Setting up libpmemobj1:amd64 (1.11.1-3build1) ...
2025-08-09T10:54:33.8229641Z Setting up libdecor-0-plugin-1-cairo:amd64 (0.1.0-3build1) ...
2025-08-09T10:54:33.8255923Z Setting up libjack-jackd2-0:amd64 (1.9.20~dfsg-1) ...
2025-08-09T10:54:33.8292293Z Setting up libsndfile1:amd64 (1.0.31-2ubuntu0.2) ...
2025-08-09T10:54:33.8321338Z Setting up qemu-utils (1:6.2+dfsg-2ubuntu6.26) ...
2025-08-09T10:54:33.8350472Z Setting up libgfrpc0:amd64 (10.1-1ubuntu0.2) ...
2025-08-09T10:54:33.8391475Z Setting up librdmacm1:amd64 (39.0-1) ...
2025-08-09T10:54:33.8420275Z Setting up librados2 (17.2.7-0ubuntu0.22.04.2) ...
2025-08-09T10:54:33.8575475Z Setting up gstreamer1.0-x:amd64 (1.20.1-1ubuntu0.4) ...
2025-08-09T10:54:33.8603006Z Setting up libpulse0:amd64 (1:15.99.1+dfsg1-1ubuntu2.2) ...
2025-08-09T10:54:33.8686293Z Setting up gstreamer1.0-plugins-good:amd64 (1.20.3-0ubuntu1.3) ...
2025-08-09T10:54:33.8721808Z Setting up libspice-server1:amd64 (0.15.0-2ubuntu4) ...
2025-08-09T10:54:33.8747215Z Setting up librbd1 (17.2.7-0ubuntu0.22.04.2) ...
2025-08-09T10:54:33.8772878Z Setting up libgfapi0:amd64 (10.1-1ubuntu0.2) ...
2025-08-09T10:54:33.8802206Z Setting up libiscsi7:amd64 (1.19.0-3build2) ...
2025-08-09T10:54:33.8832734Z Setting up libsdl2-2.0-0:amd64 (2.0.20+dfsg-2ubuntu1.22.04.1) ...
2025-08-09T10:54:33.8854471Z Setting up qemu-block-extra (1:6.2+dfsg-2ubuntu6.26) ...
2025-08-09T10:54:34.1647808Z Created symlink /etc/systemd/system/multi-user.target.wants/run-qemu.mount → /lib/systemd/system/run-qemu.mount.
2025-08-09T10:54:34.5771669Z Setting up qemu-system-common (1:6.2+dfsg-2ubuntu6.26) ...
2025-08-09T10:54:34.6817255Z Created symlink /etc/systemd/system/multi-user.target.wants/qemu-kvm.service → /lib/systemd/system/qemu-kvm.service.
2025-08-09T10:54:35.4800369Z Setting up qemu-system-x86 (1:6.2+dfsg-2ubuntu6.26) ...
2025-08-09T10:54:35.4829393Z Setting up qemu-system-gui (1:6.2+dfsg-2ubuntu6.26) ...
2025-08-09T10:54:35.4866627Z Processing triggers for man-db (2.10.2-1) ...
2025-08-09T10:54:36.9100485Z Processing triggers for install-info (6.8-4build1) ...
2025-08-09T10:54:37.1892079Z Processing triggers for hicolor-icon-theme (0.17-2) ...
2025-08-09T10:54:37.6579386Z Processing triggers for libc-bin (2.35-0ubuntu3.10) ...
2025-08-09T10:54:40.8695263Z NEEDRESTART-VER: 3.5
2025-08-09T10:54:41.4535085Z NEEDRESTART-KCUR: 6.8.0-1031-azure
2025-08-09T10:54:41.4535552Z NEEDRESTART-KEXP: 6.8.0-1031-azure
2025-08-09T10:54:41.4535946Z NEEDRESTART-KSTA: 1
2025-08-09T10:54:41.4536328Z NEEDRESTART-SVC: hosted-compute-agent.service
2025-08-09T10:54:42.7564519Z ##[group]Run echo "CLUSTER_MODE=main" >> $GITHUB_ENV
2025-08-09T10:54:42.7564904Z [36;1mecho "CLUSTER_MODE=main" >> $GITHUB_ENV[0m
2025-08-09T10:54:42.7565199Z [36;1mecho "ENABLE_GUI=false" >> $GITHUB_ENV[0m
2025-08-09T10:54:42.7565483Z [36;1mecho "SKIP_QEMU_TEST=true" >> $GITHUB_ENV[0m
2025-08-09T10:54:42.7565794Z [36;1mecho "BUILD_THREADS=2" >> $GITHUB_ENV  # Limit for CI[0m
2025-08-09T10:54:42.7566237Z [36;1mecho "SKIP_CONNECTIVITY_CHECK=true" >> $GITHUB_ENV  # Skip redundant check in CI[0m
2025-08-09T10:54:42.7593699Z shell: /usr/bin/bash -e {0}
2025-08-09T10:54:42.7593930Z ##[endgroup]
2025-08-09T10:54:42.7667051Z ##[group]Run chmod +x ainux-builder.sh
2025-08-09T10:54:42.7667358Z [36;1mchmod +x ainux-builder.sh[0m
2025-08-09T10:54:42.7667580Z [36;1m[0m
2025-08-09T10:54:42.7667744Z [36;1m# Add debug output[0m
2025-08-09T10:54:42.7667965Z [36;1mset -x[0m
2025-08-09T10:54:42.7668135Z [36;1m[0m
2025-08-09T10:54:42.7668321Z [36;1m# Run build with timeout (2 hours max)[0m
2025-08-09T10:54:42.7668603Z [36;1mtimeout 7200 ./ainux-builder.sh || {[0m
2025-08-09T10:54:42.7668866Z [36;1m  echo "Build timed out or failed"[0m
2025-08-09T10:54:42.7669152Z [36;1m  echo "=== Last 100 lines of any available logs ==="[0m
2025-08-09T10:54:42.7669827Z [36;1m  find ~/ainux-build/logs -name "*.log" -exec tail -50 {} \; 2>/dev/null || echo "No log files found"[0m
2025-08-09T10:54:42.7670238Z [36;1m  [0m
2025-08-09T10:54:42.7670431Z [36;1m  echo "=== Environment Variables ==="[0m
2025-08-09T10:54:42.7670752Z [36;1m  env | grep -E "(CLUSTER_MODE|ENABLE_GUI|SKIP_|BUILD_)" || true[0m
2025-08-09T10:54:42.7671075Z [36;1m  [0m
2025-08-09T10:54:42.7671249Z [36;1m  echo "=== Disk Usage ==="[0m
2025-08-09T10:54:42.7671480Z [36;1m  df -h || true[0m
2025-08-09T10:54:42.7671661Z [36;1m  [0m
2025-08-09T10:54:42.7671835Z [36;1m  echo "=== Memory Usage ==="[0m
2025-08-09T10:54:42.7672058Z [36;1m  free -h || true[0m
2025-08-09T10:54:42.7672244Z [36;1m  [0m
2025-08-09T10:54:42.7672393Z [36;1m  exit 1[0m
2025-08-09T10:54:42.7672553Z [36;1m}[0m
2025-08-09T10:54:42.7697121Z shell: /usr/bin/bash -e {0}
2025-08-09T10:54:42.7697331Z env:
2025-08-09T10:54:42.7697493Z   CLUSTER_MODE: main
2025-08-09T10:54:42.7697670Z   ENABLE_GUI: false
2025-08-09T10:54:42.7697849Z   SKIP_QEMU_TEST: true
2025-08-09T10:54:42.7698025Z   BUILD_THREADS: 2
2025-08-09T10:54:42.7698207Z   SKIP_CONNECTIVITY_CHECK: true
2025-08-09T10:54:42.7698410Z ##[endgroup]
2025-08-09T10:54:42.7750084Z + timeout 7200 ./ainux-builder.sh
2025-08-09T10:54:42.7843662Z 
2025-08-09T10:54:42.7844267Z [0;35m[PHASE][0m Starting Ainux OS AI Cluster Builder Process
2025-08-09T10:54:42.7844681Z 
2025-08-09T10:54:42.7844687Z 
2025-08-09T10:54:42.7844876Z [0;35m[PHASE][0m Checking Prerequisites
2025-08-09T10:54:42.7845076Z 
2025-08-09T10:54:42.7890838Z [0;34m[INFO][0m Detected Ubuntu 22.04 LTS - supported
2025-08-09T10:54:42.7918744Z [0;34m[INFO][0m Disk space check passed: 36GB available
2025-08-09T10:54:42.7919158Z [0;34m[INFO][0m Checking internet connectivity...
2025-08-09T10:54:42.7919979Z [1;33m[WARNING][0m Skipping connectivity check (SKIP_CONNECTIVITY_CHECK=true)
2025-08-09T10:54:42.7920680Z [0;32m[SUCCESS][0m Prerequisites check passed
2025-08-09T10:54:42.7920957Z 
2025-08-09T10:54:42.7921235Z [0;35m[PHASE][0m Initializing Ainux OS AI Cluster Build Environment
2025-08-09T10:54:42.7921552Z 
2025-08-09T10:54:42.7921690Z [0;34m[INFO][0m Build Configuration:
2025-08-09T10:54:42.7921971Z [0;34m[INFO][0m   Kernel Version: 6.6.58
2025-08-09T10:54:42.7922240Z [0;34m[INFO][0m   Cluster Mode: main
2025-08-09T10:54:42.7922502Z [0;34m[INFO][0m   Build Threads: 2
2025-08-09T10:54:42.7922985Z [0;34m[INFO][0m   GUI Enabled: false
2025-08-09T10:54:42.7923301Z [0;34m[INFO][0m   Build Directory: /home/runner/ainux-build
2025-08-09T10:54:42.7923662Z [0;34m[INFO][0m Installing build dependencies...
2025-08-09T10:54:42.7924039Z [0;34m[INFO][0m Detected CI environment - applying optimizations...
2025-08-09T10:54:44.3280507Z 
2025-08-09T10:54:44.3281188Z WARNING: apt does not have a stable CLI interface. Use with caution in scripts.
2025-08-09T10:54:44.3281559Z 
2025-08-09T10:54:44.3667987Z Reading package lists...
2025-08-09T10:54:44.5427339Z Building dependency tree...
2025-08-09T10:54:44.5440037Z Reading state information...
2025-08-09T10:54:44.6868949Z bc is already the newest version (1.07.1-3build1).
2025-08-09T10:54:44.6869710Z bison is already the newest version (2:3.8.2+dfsg-1build1).
2025-08-09T10:54:44.6870489Z build-essential is already the newest version (12.9ubuntu3).
2025-08-09T10:54:44.6871810Z dosfstools is already the newest version (4.2-1build3).
2025-08-09T10:54:44.6872574Z flex is already the newest version (2.6.4-8build2).
2025-08-09T10:54:44.6873120Z gcc is already the newest version (4:11.2.0-1ubuntu1).
2025-08-09T10:54:44.6873748Z genisoimage is already the newest version (9:1.1.11-3.2ubuntu1).
2025-08-09T10:54:44.6874369Z make is already the newest version (4.3-4.1build1).
2025-08-09T10:54:44.6874999Z mtools is already the newest version (4.0.33-1+really4.0.32-1build1).
2025-08-09T10:54:44.6875590Z pv is already the newest version (1.6.6-1build2).
2025-08-09T10:54:44.6875992Z squashfs-tools is already the newest version (1:4.5-3build1).
2025-08-09T10:54:44.6876500Z isolinux is already the newest version (3:6.04~git20190206.bf6db5b4+dfsg1-3ubuntu1).
2025-08-09T10:54:44.6877107Z syslinux-utils is already the newest version (3:6.04~git20190206.bf6db5b4+dfsg1-3ubuntu1).
2025-08-09T10:54:44.6877593Z xorriso is already the newest version (1.5.4-2).
2025-08-09T10:54:44.6877965Z curl is already the newest version (7.81.0-1ubuntu1.20).
2025-08-09T10:54:44.6878405Z debootstrap is already the newest version (1.0.126+nmu1ubuntu0.8).
2025-08-09T10:54:44.6878915Z grub-efi-amd64-bin is already the newest version (2.06-2ubuntu14.8).
2025-08-09T10:54:44.6879364Z grub-pc-bin is already the newest version (2.06-2ubuntu7.2).
2025-08-09T10:54:44.6879968Z libelf-dev is already the newest version (0.186-1ubuntu0.1).
2025-08-09T10:54:44.6880395Z libncurses-dev is already the newest version (6.3-2ubuntu0.1).
2025-08-09T10:54:44.6880821Z libssl-dev is already the newest version (3.0.2-0ubuntu1.19).
2025-08-09T10:54:44.6881272Z live-build is already the newest version (3.0~a57-1ubuntu41.22.04.1).
2025-08-09T10:54:44.6881758Z qemu-system-x86 is already the newest version (1:6.2+dfsg-2ubuntu6.26).
2025-08-09T10:54:44.6882206Z rsync is already the newest version (3.2.7-0ubuntu0.22.04.4).
2025-08-09T10:54:44.6882601Z wget is already the newest version (1.21.2-2ubuntu1.1).
2025-08-09T10:54:44.6882996Z nmap is already the newest version (7.91+dfsg1+really7.80+dfsg1-2ubuntu0.1).
2025-08-09T10:54:44.6883415Z python3-pip is already the newest version (22.0.2+dfsg-1ubuntu0.6).
2025-08-09T10:54:44.6883780Z git is already the newest version (1:2.50.1-0ppa1~ubuntu22.04.1).
2025-08-09T10:54:44.7231505Z The following NEW packages will be installed:
2025-08-09T10:54:44.7235615Z   dialog
2025-08-09T10:54:44.7522536Z 0 upgraded, 1 newly installed, 0 to remove and 16 not upgraded.
2025-08-09T10:54:44.7849080Z Need to get 303 kB of archives.
2025-08-09T10:54:44.7849917Z After this operation, 1258 kB of additional disk space will be used.
2025-08-09T10:54:44.7850492Z Get:1 file:/etc/apt/apt-mirrors.txt Mirrorlist [144 B]
2025-08-09T10:54:44.8176147Z Get:2 http://azure.archive.ubuntu.com/ubuntu jammy/universe amd64 dialog amd64 1.3-20211214-1 [303 kB]
2025-08-09T10:54:45.1331672Z Fetched 303 kB in 0s (5502 kB/s)
2025-08-09T10:54:45.1541081Z Selecting previously unselected package dialog.
2025-08-09T10:54:45.1617347Z (Reading database ... 
2025-08-09T10:54:45.1617850Z (Reading database ... 5%
2025-08-09T10:54:45.1618513Z (Reading database ... 10%
2025-08-09T10:54:45.1618859Z (Reading database ... 15%
2025-08-09T10:54:45.1619180Z (Reading database ... 20%
2025-08-09T10:54:45.1619686Z (Reading database ... 25%
2025-08-09T10:54:45.1620008Z (Reading database ... 30%
2025-08-09T10:54:45.1620335Z (Reading database ... 35%
2025-08-09T10:54:45.1620654Z (Reading database ... 40%
2025-08-09T10:54:45.1620986Z (Reading database ... 45%
2025-08-09T10:54:45.1621321Z (Reading database ... 50%
2025-08-09T10:54:45.1671312Z (Reading database ... 55%
2025-08-09T10:54:45.1702406Z (Reading database ... 60%
2025-08-09T10:54:45.1721921Z (Reading database ... 65%
2025-08-09T10:54:45.1800312Z (Reading database ... 70%
2025-08-09T10:54:45.1962855Z (Reading database ... 75%
2025-08-09T10:54:45.1989731Z (Reading database ... 80%
2025-08-09T10:54:45.2251337Z (Reading database ... 85%
2025-08-09T10:54:45.2326640Z (Reading database ... 90%
2025-08-09T10:54:45.2474906Z (Reading database ... 95%
2025-08-09T10:54:45.2475865Z (Reading database ... 100%
2025-08-09T10:54:45.2476475Z (Reading database ... 270634 files and directories currently installed.)
2025-08-09T10:54:45.2527206Z Preparing to unpack .../dialog_1.3-20211214-1_amd64.deb ...
2025-08-09T10:54:45.2543786Z Unpacking dialog (1.3-20211214-1) ...
2025-08-09T10:54:45.4154671Z Setting up dialog (1.3-20211214-1) ...
2025-08-09T10:54:45.4184434Z Processing triggers for man-db (2.10.2-1) ...
2025-08-09T10:54:45.9629225Z NEEDRESTART-VER: 3.5
2025-08-09T10:54:46.1937897Z NEEDRESTART-KCUR: 6.8.0-1031-azure
2025-08-09T10:54:46.1938389Z NEEDRESTART-KEXP: 6.8.0-1031-azure
2025-08-09T10:54:46.1938767Z NEEDRESTART-KSTA: 1
2025-08-09T10:54:46.1939152Z NEEDRESTART-SVC: hosted-compute-agent.service
2025-08-09T10:54:47.4982089Z [0;34m[INFO][0m Applying CI space optimizations...
2025-08-09T10:54:48.4071501Z Reading package lists...
2025-08-09T10:54:48.5815537Z Building dependency tree...
2025-08-09T10:54:48.5827846Z Reading state information...
2025-08-09T10:54:48.7158255Z The following packages will be REMOVED:
2025-08-09T10:54:48.7159016Z   apport-symptoms landscape-common libintl-perl libintl-xs-perl libisns0
2025-08-09T10:54:48.7160091Z   liblldb-13 liblldb-15 libmodule-find-perl libmodule-scandeps-perl libmspack0
2025-08-09T10:54:48.7161074Z   libopeniscsiusr libproc-processtable-perl libsort-naturally-perl
2025-08-09T10:54:48.7162356Z   libterm-readkey-perl libxmlsec1 libxmlsec1-openssl lxd-agent-loader
2025-08-09T10:54:48.7163123Z   needrestart open-iscsi open-vm-tools python3-apport python3-automat
2025-08-09T10:54:48.7163868Z   python3-bcrypt python3-click python3-colorama python3-constantly
2025-08-09T10:54:48.7164568Z   python3-hamcrest python3-hyperlink python3-incremental
2025-08-09T10:54:48.7165263Z   python3-problem-report python3-pyasn1 python3-pyasn1-modules
2025-08-09T10:54:48.7165941Z   python3-service-identity python3-systemd python3-twisted
2025-08-09T10:54:48.7166549Z   python3-zope.interface zerofree
2025-08-09T10:54:48.9782027Z 0 upgraded, 0 newly installed, 37 to remove and 14 not upgraded.
2025-08-09T10:54:48.9782616Z After this operation, 62.7 MB disk space will be freed.
2025-08-09T10:54:49.0004050Z (Reading database ... 
2025-08-09T10:54:49.0004453Z (Reading database ... 5%
2025-08-09T10:54:49.0022192Z (Reading database ... 10%
2025-08-09T10:54:49.0022617Z (Reading database ... 15%
2025-08-09T10:54:49.0022946Z (Reading database ... 20%
2025-08-09T10:54:49.0023272Z (Reading database ... 25%
2025-08-09T10:54:49.0023570Z (Reading database ... 30%
2025-08-09T10:54:49.0023800Z (Reading database ... 35%
2025-08-09T10:54:49.0024019Z (Reading database ... 40%
2025-08-09T10:54:49.0024220Z (Reading database ... 45%
2025-08-09T10:54:49.0024413Z (Reading database ... 50%
2025-08-09T10:54:49.0064722Z (Reading database ... 55%
2025-08-09T10:54:49.0096956Z (Reading database ... 60%
2025-08-09T10:54:49.0117070Z (Reading database ... 65%
2025-08-09T10:54:49.0196561Z (Reading database ... 70%
2025-08-09T10:54:49.0358601Z (Reading database ... 75%
2025-08-09T10:54:49.0386166Z (Reading database ... 80%
2025-08-09T10:54:49.0656287Z (Reading database ... 85%
2025-08-09T10:54:49.0734721Z (Reading database ... 90%
2025-08-09T10:54:49.0884876Z (Reading database ... 95%
2025-08-09T10:54:49.0885252Z (Reading database ... 100%
2025-08-09T10:54:49.0885730Z (Reading database ... 270787 files and directories currently installed.)
2025-08-09T10:54:49.0937877Z Removing apport-symptoms (0.24) ...
2025-08-09T10:54:49.1162734Z Removing landscape-common (23.02-0ubuntu1~22.04.4) ...
2025-08-09T10:54:49.2346648Z Removing libintl-xs-perl (1.26-3build2) ...
2025-08-09T10:54:49.2557454Z Removing needrestart (3.5-5ubuntu2.4) ...
2025-08-09T10:54:49.2986245Z Removing libintl-perl (1.26-3build2) ...
2025-08-09T10:54:49.3285210Z Removing open-iscsi (2.1.5-1ubuntu1.1) ...
2025-08-09T10:54:49.4833878Z Warning: Stopping iscsid.service, but it can still be activated by:
2025-08-09T10:54:49.4834504Z   iscsid.socket
2025-08-09T10:54:50.8449306Z Removing libisns0:amd64 (0.101-0ubuntu2) ...
2025-08-09T10:54:50.8696739Z Removing liblldb-13 (1:13.0.1-2ubuntu2.2) ...
2025-08-09T10:54:50.8971277Z Removing liblldb-15 (1:15.0.7-0ubuntu0.22.04.3) ...
2025-08-09T10:54:50.9282972Z Removing libmodule-find-perl (0.15-1) ...
2025-08-09T10:54:50.9479637Z Removing libmodule-scandeps-perl (1.31-1ubuntu0.1) ...
2025-08-09T10:54:50.9645007Z Removing open-vm-tools (2:12.3.5-3~ubuntu0.22.04.2) ...
2025-08-09T10:54:51.9034608Z Removing libmspack0:amd64 (0.10.1-2build2) ...
2025-08-09T10:54:51.9207583Z Removing libopeniscsiusr (2.1.5-1ubuntu1.1) ...
2025-08-09T10:54:51.9379185Z Removing libproc-processtable-perl:amd64 (0.634-1build1) ...
2025-08-09T10:54:51.9550594Z Removing libsort-naturally-perl (1.03-2) ...
2025-08-09T10:54:51.9730436Z Removing libterm-readkey-perl (2.38-1build4) ...
2025-08-09T10:54:51.9889075Z Removing libxmlsec1-openssl:amd64 (1.2.33-1build2) ...
2025-08-09T10:54:52.0066278Z Removing libxmlsec1:amd64 (1.2.33-1build2) ...
2025-08-09T10:54:52.0225652Z Removing lxd-agent-loader (0.5) ...
2025-08-09T10:54:52.4893122Z Removing python3-apport (2.20.11-0ubuntu82.9) ...
2025-08-09T10:54:52.5852730Z Removing python3-twisted (22.1.0-2ubuntu2.6) ...
2025-08-09T10:54:52.9242101Z Removing python3-automat (20.2.0-1) ...
2025-08-09T10:54:53.0150349Z Removing python3-bcrypt (3.2.0-1build1) ...
2025-08-09T10:54:53.0998708Z Removing python3-click (8.0.3-1) ...
2025-08-09T10:54:53.1922997Z Removing python3-colorama (0.4.4-1) ...
2025-08-09T10:54:53.2795707Z Removing python3-constantly (15.1.0-2) ...
2025-08-09T10:54:53.3657539Z Removing python3-hamcrest (2.0.2-2) ...
2025-08-09T10:54:53.4912317Z Removing python3-hyperlink (21.0.0-3) ...
2025-08-09T10:54:53.5840073Z Removing python3-incremental (21.3.0-1) ...
2025-08-09T10:54:53.6763330Z Removing python3-problem-report (2.20.11-0ubuntu82.9) ...
2025-08-09T10:54:53.7640373Z Removing python3-service-identity (18.1.0-6) ...
2025-08-09T10:54:53.8508376Z Removing python3-pyasn1-modules (0.2.1-1) ...
2025-08-09T10:54:53.9431105Z Removing python3-pyasn1 (0.4.8-1) ...
2025-08-09T10:54:54.0368338Z Removing python3-systemd (234-3ubuntu2) ...
2025-08-09T10:54:54.1365515Z Removing python3-zope.interface (5.4.0-1build1) ...
2025-08-09T10:54:54.2391476Z Removing zerofree (1.1.1-1build3) ...
2025-08-09T10:54:54.2901184Z Processing triggers for libc-bin (2.35-0ubuntu3.10) ...
2025-08-09T10:54:54.3064933Z Processing triggers for man-db (2.10.2-1) ...
2025-08-09T10:54:54.6388600Z Processing triggers for initramfs-tools (0.140ubuntu13.5) ...
2025-08-09T10:54:54.6764089Z update-initramfs: Generating /boot/initrd.img-6.8.0-1031-azure
2025-08-09T10:55:04.2550286Z [0;32m[SUCCESS][0m Build environment initialized
2025-08-09T10:55:04.2552114Z 
2025-08-09T10:55:04.2552612Z [0;35m[PHASE][0m Building Custom Kernel 6.6.58 with AI Optimizations
2025-08-09T10:55:04.2552981Z 
2025-08-09T10:55:04.2553228Z [0;34m[INFO][0m Downloading Linux kernel 6.6.58...
2025-08-09T10:55:04.2553690Z [0;34m[INFO][0m CI environment detected - using optimized download strategy
2025-08-09T10:55:04.2554183Z [0;34m[INFO][0m Downloading kernel tarball (faster than git clone)...
2025-08-09T10:55:04.2778020Z --2025-08-09 10:55:04--  https://www.kernel.org/pub/linux/kernel/v6.x/linux-6.6.58.tar.xz
2025-08-09T10:55:04.4601971Z Resolving www.kernel.org (www.kernel.org)... 146.75.29.55, 2a04:4e42:77::311
2025-08-09T10:55:04.4611082Z Connecting to www.kernel.org (www.kernel.org)|146.75.29.55|:443... connected.
2025-08-09T10:55:04.4713752Z HTTP request sent, awaiting response... 200 OK
2025-08-09T10:55:04.4714308Z Length: 140387240 (134M) [application/x-xz]
2025-08-09T10:55:04.4714950Z Saving to: ‘linux-6.6.58.tar.xz’
2025-08-09T10:55:04.4729876Z 
2025-08-09T10:55:04.4870150Z      0K ........ ........ ........ ........ ........ ........  2%  199M 1s
2025-08-09T10:55:04.4993696Z   3072K ........ ........ ........ ........ ........ ........  4%  236M 1s
2025-08-09T10:55:04.5111045Z   6144K ........ ........ ........ ........ ........ ........  6%  256M 1s
2025-08-09T10:55:04.5225016Z   9216K ........ ........ ........ ........ ........ ........  8%  270M 1s
2025-08-09T10:55:04.5334804Z  12288K ........ ........ ........ ........ ........ ........ 11%  266M 0s
2025-08-09T10:55:04.5445118Z  15360K ........ ........ ........ ........ ........ ........ 13%  271M 0s
2025-08-09T10:55:04.5557296Z  18432K ........ ........ ........ ........ ........ ........ 15%  267M 0s
2025-08-09T10:55:04.5670693Z  21504K ........ ........ ........ ........ ........ ........ 17%  273M 0s
2025-08-09T10:55:04.5796689Z  24576K ........ ........ ........ ........ ........ ........ 20%  232M 0s
2025-08-09T10:55:04.5914105Z  27648K ........ ........ ........ ........ ........ ........ 22%  255M 0s
2025-08-09T10:55:04.6042837Z  30720K ........ ........ ........ ........ ........ ........ 24%  233M 0s
2025-08-09T10:55:04.6159639Z  33792K ........ ........ ........ ........ ........ ........ 26%  267M 0s
2025-08-09T10:55:04.6271784Z  36864K ........ ........ ........ ........ ........ ........ 29%  264M 0s
2025-08-09T10:55:04.6384058Z  39936K ........ ........ ........ ........ ........ ........ 31%  262M 0s
2025-08-09T10:55:04.6502248Z  43008K ........ ........ ........ ........ ........ ........ 33%  255M 0s
2025-08-09T10:55:04.6612129Z  46080K ........ ........ ........ ........ ........ ........ 35%  277M 0s
2025-08-09T10:55:04.6724453Z  49152K ........ ........ ........ ........ ........ ........ 38%  265M 0s
2025-08-09T10:55:04.6851826Z  52224K ........ ........ ........ ........ ........ ........ 40%  233M 0s
2025-08-09T10:55:04.7058681Z  55296K ........ ........ ........ ........ ........ ........ 42%  145M 0s
2025-08-09T10:55:04.7118980Z  58368K ........ ........ ........ ........ ........ ........ 44%  499M 0s
2025-08-09T10:55:04.7197126Z  61440K ........ ........ ........ ........ ........ ........ 47%  399M 0s
2025-08-09T10:55:04.7321197Z  64512K ........ ........ ........ ........ ........ ........ 49%  236M 0s
2025-08-09T10:55:04.7432408Z  67584K ........ ........ ........ ........ ........ ........ 51%  269M 0s
2025-08-09T10:55:04.7551725Z  70656K ........ ........ ........ ........ ........ ........ 53%  258M 0s
2025-08-09T10:55:04.7666931Z  73728K ........ ........ ........ ........ ........ ........ 56%  262M 0s
2025-08-09T10:55:04.7779897Z  76800K ........ ........ ........ ........ ........ ........ 58%  258M 0s
2025-08-09T10:55:04.7890998Z  79872K ........ ........ ........ ........ ........ ........ 60%  270M 0s
2025-08-09T10:55:04.8050098Z  82944K ........ ........ ........ ........ ........ ........ 62%  193M 0s
2025-08-09T10:55:04.8171107Z  86016K ........ ........ ........ ........ ........ ........ 64%  244M 0s
2025-08-09T10:55:04.8292063Z  89088K ........ ........ ........ ........ ........ ........ 67%  245M 0s
2025-08-09T10:55:04.8420155Z  92160K ........ ........ ........ ........ ........ ........ 69%  234M 0s
2025-08-09T10:55:04.8547497Z  95232K ........ ........ ........ ........ ........ ........ 71%  243M 0s
2025-08-09T10:55:04.8686932Z  98304K ........ ........ ........ ........ ........ ........ 73%  210M 0s
2025-08-09T10:55:04.8814183Z 101376K ........ ........ ........ ........ ........ ........ 76%  235M 0s
2025-08-09T10:55:04.8950562Z 104448K ........ ........ ........ ........ ........ ........ 78%  229M 0s
2025-08-09T10:55:04.9082642Z 107520K ........ ........ ........ ........ ........ ........ 80%  217M 0s
2025-08-09T10:55:04.9220866Z 110592K ........ ........ ........ ........ ........ ........ 82%  218M 0s
2025-08-09T10:55:04.9340182Z 113664K ........ ........ ........ ........ ........ ........ 85%  250M 0s
2025-08-09T10:55:04.9459537Z 116736K ........ ........ ........ ........ ........ ........ 87%  251M 0s
2025-08-09T10:55:04.9580605Z 119808K ........ ........ ........ ........ ........ ........ 89%  255M 0s
2025-08-09T10:55:04.9697251Z 122880K ........ ........ ........ ........ ........ ........ 91%  250M 0s
2025-08-09T10:55:04.9811546Z 125952K ........ ........ ........ ........ ........ ........ 94%  263M 0s
2025-08-09T10:55:04.9930752Z 129024K ........ ........ ........ ........ ........ ........ 96%  251M 0s
2025-08-09T10:55:05.0052824Z 132096K ........ ........ ........ ........ ........ ........ 98%  253M 0s
2025-08-09T10:55:05.0116619Z 135168K ........ ........ ........ ......                    100%  275M=0.5s
2025-08-09T10:55:05.0116981Z 
2025-08-09T10:55:05.0117745Z 2025-08-09 10:55:05 (248 MB/s) - ‘linux-6.6.58.tar.xz’ saved [140387240/140387240]
2025-08-09T10:55:05.0118170Z 
2025-08-09T10:55:05.0129886Z [0;34m[INFO][0m ✓ Kernel tarball downloaded successfully from kernel.org
2025-08-09T10:55:05.0130665Z [0;34m[INFO][0m Extracting kernel source...
2025-08-09T10:55:14.3635947Z [0;32m[SUCCESS][0m Kernel source extracted successfully
2025-08-09T10:55:14.3636394Z [0;34m[INFO][0m Applying AI/NPU optimization patches...
2025-08-09T10:55:14.3679979Z [0;34m[INFO][0m Script directory: /home/runner/ainux-build/kernel/linux
2025-08-09T10:55:14.3680660Z [0;34m[INFO][0m Initial patch directory: /home/runner/ainux-build/kernel/linux/patches
2025-08-09T10:55:14.3685149Z [0;34m[INFO][0m Current working directory: /home/runner/ainux-build/kernel/linux
2025-08-09T10:55:14.3685638Z [0;34m[INFO][0m Script location: ./ainux-builder.sh
2025-08-09T10:55:14.3686065Z [0;34m[INFO][0m Primary patch directory not found, trying alternatives...
2025-08-09T10:55:14.3708660Z [0;34m[INFO][0m Found patches at CI path: /home/runner/work/ainux/ainux/patches
2025-08-09T10:55:14.3709237Z [0;34m[INFO][0m Using local patches from repository: /home/runner/work/ainux/ainux/patches
2025-08-09T10:55:14.3744502Z [0;34m[INFO][0m Available patches: 6.6-cluster-networking-simple 6.6-cluster-networking 6.6-npu-core-fix 6.6-npu-kconfig-fix 6.6-npu-support 6.6-rocm-optimizations-simple 6.6-rocm-optimizations 6.6-tpu-support tpu-integration 
2025-08-09T10:55:14.3745807Z [0;34m[INFO][0m Applying NPU support patch...
2025-08-09T10:55:14.3841379Z patching file drivers/Kconfig
2025-08-09T10:55:14.3841862Z Hunk #1 succeeded at 243 with fuzz 2 (offset 3 lines).
2025-08-09T10:55:14.3842345Z patching file drivers/Makefile
2025-08-09T10:55:14.3843498Z patching file drivers/npu/Kconfig
2025-08-09T10:55:14.3844193Z patch: **** malformed patch at line 114: diff --git a/drivers/npu/Makefile b/drivers/npu/Makefile
2025-08-09T10:55:14.3844644Z 
2025-08-09T10:55:14.3849268Z [1;33m[WARNING][0m NPU patch failed, continuing with build...
2025-08-09T10:55:14.3850187Z [0;34m[INFO][0m Applying simplified ROCm optimization patch...
2025-08-09T10:55:14.3863577Z patching file drivers/gpu/drm/amd/amdgpu/amdgpu_cs.c
2025-08-09T10:55:14.3863910Z Hunk #1 succeeded at 1274 with fuzz 3.
2025-08-09T10:55:14.3870441Z [0;34m[INFO][0m Applying simplified cluster networking patch...
2025-08-09T10:55:14.3886731Z patching file net/core/dev.c
2025-08-09T10:55:14.3892642Z Hunk #1 succeeded at 5354 with fuzz 2 (offset -166 lines).
2025-08-09T10:55:14.3899667Z [0;34m[INFO][0m Configuring kernel for AI workloads...
2025-08-09T10:55:14.4735144Z [0;34m[INFO][0m Applying AI hardware optimizations to kernel config...
2025-08-09T10:55:14.4735973Z [0;34m[INFO][0m Enabling mandatory NPU support for AI cluster...
2025-08-09T10:55:14.5668617Z [0;34m[INFO][0m Enabling mandatory AMD ROCm support...
2025-08-09T10:55:14.9766422Z   HOSTCC  scripts/basic/fixdep
2025-08-09T10:55:15.1330232Z   HOSTCC  scripts/kconfig/conf.o
2025-08-09T10:55:15.3003147Z   HOSTCC  scripts/kconfig/confdata.o
2025-08-09T10:55:15.5242305Z   HOSTCC  scripts/kconfig/expr.o
2025-08-09T10:55:15.7076830Z   LEX     scripts/kconfig/lexer.lex.c
2025-08-09T10:55:15.7702980Z   YACC    scripts/kconfig/parser.tab.[ch]
2025-08-09T10:55:15.9048704Z   HOSTCC  scripts/kconfig/lexer.lex.o
2025-08-09T10:55:16.1388838Z   HOSTCC  scripts/kconfig/menu.o
2025-08-09T10:55:16.2955034Z   HOSTCC  scripts/kconfig/parser.tab.o
2025-08-09T10:55:16.4868700Z   HOSTCC  scripts/kconfig/preprocess.o
2025-08-09T10:55:16.5863754Z   HOSTCC  scripts/kconfig/symbol.o
2025-08-09T10:55:16.8432907Z   HOSTCC  scripts/kconfig/util.o
2025-08-09T10:55:16.8894637Z   HOSTLD  scripts/kconfig/conf
2025-08-09T10:55:26.6266804Z drivers/Kconfig:246: can't open file "drivers/npu/Kconfig"
2025-08-09T10:55:26.6277413Z make[2]: *** [scripts/kconfig/Makefile:77: oldconfig] Error 1
2025-08-09T10:55:26.6280105Z make[1]: *** [/home/runner/ainux-build/kernel/linux/Makefile:697: oldconfig] Error 2
2025-08-09T10:55:26.6282360Z make: *** [Makefile:234: __sub-make] Error 2
2025-08-09T10:55:26.6290130Z + echo 'Build timed out or failed'
2025-08-09T10:55:26.6290531Z Build timed out or failed
2025-08-09T10:55:26.6290934Z + echo '=== Last 100 lines of any available logs ==='
2025-08-09T10:55:26.6291431Z === Last 100 lines of any available logs ===
2025-08-09T10:55:26.6295562Z + find /home/runner/ainux-build/logs -name '*.log' -exec tail -50 '{}' ';'
2025-08-09T10:55:26.6316577Z patching file net/core/dev.c
2025-08-09T10:55:26.6316896Z Hunk #1 succeeded at 5354 with fuzz 2 (offset -166 lines).
2025-08-09T10:55:26.6327165Z patching file drivers/Kconfig
2025-08-09T10:55:26.6327648Z Hunk #1 succeeded at 243 with fuzz 2 (offset 3 lines).
2025-08-09T10:55:26.6328044Z patching file drivers/Makefile
2025-08-09T10:55:26.6328303Z patching file drivers/npu/Kconfig
2025-08-09T10:55:26.6328713Z patch: **** malformed patch at line 114: diff --git a/drivers/npu/Makefile b/drivers/npu/Makefile
2025-08-09T10:55:26.6329043Z 
2025-08-09T10:55:26.6336845Z patching file drivers/gpu/drm/amd/amdgpu/amdgpu_cs.c
2025-08-09T10:55:26.6337160Z Hunk #1 succeeded at 1274 with fuzz 3.
2025-08-09T10:55:26.6340802Z + echo '=== Environment Variables ==='
2025-08-09T10:55:26.6341246Z === Environment Variables ===
2025-08-09T10:55:26.6342793Z + env
2025-08-09T10:55:26.6344781Z + grep -E '(CLUSTER_MODE|ENABLE_GUI|SKIP_|BUILD_)'
2025-08-09T10:55:26.6356878Z BUILD_THREADS=2
2025-08-09T10:55:26.6357239Z DOTNET_SKIP_FIRST_TIME_EXPERIENCE=1
2025-08-09T10:55:26.6357641Z SKIP_QEMU_TEST=true
2025-08-09T10:55:26.6357952Z CLUSTER_MODE=main
2025-08-09T10:55:26.6358144Z SKIP_CONNECTIVITY_CHECK=true
2025-08-09T10:55:26.6358359Z ENABLE_GUI=false
2025-08-09T10:55:26.6358776Z + echo '=== Disk Usage ==='
2025-08-09T10:55:26.6359156Z === Disk Usage ===
2025-08-09T10:55:26.6360284Z + df -h
2025-08-09T10:55:26.6371222Z Filesystem      Size  Used Avail Use% Mounted on
2025-08-09T10:55:26.6371709Z /dev/root        73G   38G   36G  52% /
2025-08-09T10:55:26.6372147Z tmpfs           7.9G  172K  7.9G   1% /dev/shm
2025-08-09T10:55:26.6372606Z tmpfs           3.2G  1.1M  3.2G   1% /run
2025-08-09T10:55:26.6373039Z tmpfs           5.0M     0  5.0M   0% /run/lock
2025-08-09T10:55:26.6373478Z + echo '=== Memory Usage ==='
2025-08-09T10:55:26.6373820Z + free -h
2025-08-09T10:55:26.6374118Z /dev/sdb15      105M  6.1M   99M   6% /boot/efi
2025-08-09T10:55:26.6374547Z /dev/sda1        74G  4.1G   66G   6% /mnt
2025-08-09T10:55:26.6374999Z tmpfs           1.6G   12K  1.6G   1% /run/user/1001
2025-08-09T10:55:26.6375436Z tmpfs           7.9G     0  7.9G   0% /run/qemu
2025-08-09T10:55:26.6375835Z === Memory Usage ===
2025-08-09T10:55:26.6389305Z                total        used        free      shared  buff/cache   available
2025-08-09T10:55:26.6389901Z Mem:            15Gi       596Mi        10Gi        44Mi       4.8Gi        14Gi
2025-08-09T10:55:26.6390425Z Swap:          4.0Gi          0B       4.0Gi
2025-08-09T10:55:26.6392141Z + exit 1
2025-08-09T10:55:26.6407293Z ##[error]Process completed with exit code 1.
2025-08-09T10:55:26.6497873Z Post job cleanup.
2025-08-09T10:55:26.7425541Z [command]/usr/bin/git version
2025-08-09T10:55:26.7460501Z git version 2.50.1
2025-08-09T10:55:26.7503223Z Temporarily overriding HOME='/home/runner/work/_temp/f90ba202-a646-4f6b-8f14-e9228f87e184' before making global git config changes
2025-08-09T10:55:26.7504131Z Adding repository directory to the temporary git global config as a safe directory
2025-08-09T10:55:26.7508669Z [command]/usr/bin/git config --global --add safe.directory /home/runner/work/ainux/ainux
2025-08-09T10:55:26.7543016Z [command]/usr/bin/git config --local --name-only --get-regexp core\.sshCommand
2025-08-09T10:55:26.7574544Z [command]/usr/bin/git submodule foreach --recursive sh -c "git config --local --name-only --get-regexp 'core\.sshCommand' && git config --local --unset-all 'core.sshCommand' || :"
2025-08-09T10:55:26.7794655Z [command]/usr/bin/git config --local --name-only --get-regexp http\.https\:\/\/github\.com\/\.extraheader
2025-08-09T10:55:26.7814513Z http.https://github.com/.extraheader
2025-08-09T10:55:26.7826327Z [command]/usr/bin/git config --local --unset-all http.https://github.com/.extraheader
2025-08-09T10:55:26.7855854Z [command]/usr/bin/git submodule foreach --recursive sh -c "git config --local --name-only --get-regexp 'http\.https\:\/\/github\.com\/\.extraheader' && git config --local --unset-all 'http.https://github.com/.extraheader' || :"
2025-08-09T10:55:26.8178131Z Cleaning up orphan processes
