2025-08-09T00:28:40.2600510Z Current runner version: '2.327.1'
2025-08-09T00:28:40.2625282Z ##[group]Runner Image Provisioner
2025-08-09T00:28:40.2626060Z Hosted Compute Agent
2025-08-09T00:28:40.2626665Z Version: 20250711.363
2025-08-09T00:28:40.2627250Z Commit: 6785254374ce925a23743850c1cb91912ce5c14c
2025-08-09T00:28:40.2627920Z Build Date: 2025-07-11T20:04:25Z
2025-08-09T00:28:40.2628563Z ##[endgroup]
2025-08-09T00:28:40.2629055Z ##[group]Operating System
2025-08-09T00:28:40.2629638Z Ubuntu
2025-08-09T00:28:40.2630157Z 22.04.5
2025-08-09T00:28:40.2630592Z LTS
2025-08-09T00:28:40.2631063Z ##[endgroup]
2025-08-09T00:28:40.2631700Z ##[group]Runner Image
2025-08-09T00:28:40.2632275Z Image: ubuntu-22.04
2025-08-09T00:28:40.2632757Z Version: 20250804.2.0
2025-08-09T00:28:40.2633791Z Included Software: https://github.com/actions/runner-images/blob/ubuntu22/20250804.2/images/ubuntu/Ubuntu2204-Readme.md
2025-08-09T00:28:40.2635334Z Image Release: https://github.com/actions/runner-images/releases/tag/ubuntu22%2F20250804.2
2025-08-09T00:28:40.2636357Z ##[endgroup]
2025-08-09T00:28:40.2638735Z ##[group]GITHUB_TOKEN Permissions
2025-08-09T00:28:40.2641387Z Actions: write
2025-08-09T00:28:40.2642215Z Attestations: write
2025-08-09T00:28:40.2642749Z Checks: write
2025-08-09T00:28:40.2643254Z Contents: write
2025-08-09T00:28:40.2643774Z Deployments: write
2025-08-09T00:28:40.2644296Z Discussions: write
2025-08-09T00:28:40.2644786Z Issues: write
2025-08-09T00:28:40.2645279Z Metadata: read
2025-08-09T00:28:40.2645732Z Models: read
2025-08-09T00:28:40.2646255Z Packages: write
2025-08-09T00:28:40.2646713Z Pages: write
2025-08-09T00:28:40.2647218Z PullRequests: write
2025-08-09T00:28:40.2647731Z RepositoryProjects: write
2025-08-09T00:28:40.2648309Z SecurityEvents: write
2025-08-09T00:28:40.2648947Z Statuses: write
2025-08-09T00:28:40.2649437Z ##[endgroup]
2025-08-09T00:28:40.2652092Z Secret source: Actions
2025-08-09T00:28:40.2653163Z Prepare workflow directory
2025-08-09T00:28:40.2969950Z Prepare all required actions
2025-08-09T00:28:40.3007763Z Getting action download info
2025-08-09T00:28:40.5952456Z ##[group]Download immutable action package 'actions/checkout@v4'
2025-08-09T00:28:40.5953813Z Version: 4.2.2
2025-08-09T00:28:40.5954948Z Digest: sha256:ccb2698953eaebd21c7bf6268a94f9c26518a7e38e27e0b83c1fe1ad049819b1
2025-08-09T00:28:40.5956075Z Source commit SHA: 11bd71901bbe5b1630ceea73d27597364c9af683
2025-08-09T00:28:40.5956873Z ##[endgroup]
2025-08-09T00:28:40.6795811Z ##[group]Download immutable action package 'actions/upload-artifact@v4'
2025-08-09T00:28:40.6796643Z Version: 4.6.2
2025-08-09T00:28:40.6797380Z Digest: sha256:290722aa3281d5caf23d0acdc3dbeb3424786a1a01a9cc97e72f147225e37c38
2025-08-09T00:28:40.6798361Z Source commit SHA: ea165f8d65b6e75b540449e92b4886f43607fa02
2025-08-09T00:28:40.6799003Z ##[endgroup]
2025-08-09T00:28:40.8685952Z Complete job name: build-test (main, false)
2025-08-09T00:28:40.9383889Z ##[group]Run actions/checkout@v4
2025-08-09T00:28:40.9385222Z with:
2025-08-09T00:28:40.9385796Z   lfs: true
2025-08-09T00:28:40.9386340Z   repository: yaotagroep/ainux
2025-08-09T00:28:40.9387006Z   token: ***
2025-08-09T00:28:40.9387376Z   ssh-strict: true
2025-08-09T00:28:40.9387769Z   ssh-user: git
2025-08-09T00:28:40.9388158Z   persist-credentials: true
2025-08-09T00:28:40.9388597Z   clean: true
2025-08-09T00:28:40.9388989Z   sparse-checkout-cone-mode: true
2025-08-09T00:28:40.9389460Z   fetch-depth: 1
2025-08-09T00:28:40.9389835Z   fetch-tags: false
2025-08-09T00:28:40.9390233Z   show-progress: true
2025-08-09T00:28:40.9390653Z   submodules: false
2025-08-09T00:28:40.9391043Z   set-safe-directory: true
2025-08-09T00:28:40.9392089Z ##[endgroup]
2025-08-09T00:28:41.0519428Z Syncing repository: yaotagroep/ainux
2025-08-09T00:28:41.0522337Z ##[group]Getting Git version info
2025-08-09T00:28:41.0523442Z Working directory is '/home/runner/work/ainux/ainux'
2025-08-09T00:28:41.0525114Z [command]/usr/bin/git version
2025-08-09T00:28:41.0553152Z git version 2.50.1
2025-08-09T00:28:41.0600953Z [command]/usr/bin/git lfs version
2025-08-09T00:28:42.0107202Z git-lfs/3.7.0 (GitHub; linux amd64; go 1.24.4)
2025-08-09T00:28:42.0122683Z ##[endgroup]
2025-08-09T00:28:42.0137163Z Temporarily overriding HOME='/home/runner/work/_temp/a1b555c2-9713-4a4d-8401-0d7712493dc0' before making global git config changes
2025-08-09T00:28:42.0139918Z Adding repository directory to the temporary git global config as a safe directory
2025-08-09T00:28:42.0142261Z [command]/usr/bin/git config --global --add safe.directory /home/runner/work/ainux/ainux
2025-08-09T00:28:42.0175546Z Deleting the contents of '/home/runner/work/ainux/ainux'
2025-08-09T00:28:42.0179222Z ##[group]Initializing the repository
2025-08-09T00:28:42.0182896Z [command]/usr/bin/git init /home/runner/work/ainux/ainux
2025-08-09T00:28:42.0238622Z hint: Using 'master' as the name for the initial branch. This default branch name
2025-08-09T00:28:42.0241599Z hint: is subject to change. To configure the initial branch name to use in all
2025-08-09T00:28:42.0243459Z hint: of your new repositories, which will suppress this warning, call:
2025-08-09T00:28:42.0244778Z hint:
2025-08-09T00:28:42.0245622Z hint: 	git config --global init.defaultBranch <name>
2025-08-09T00:28:42.0247200Z hint:
2025-08-09T00:28:42.0248302Z hint: Names commonly chosen instead of 'master' are 'main', 'trunk' and
2025-08-09T00:28:42.0250060Z hint: 'development'. The just-created branch can be renamed via this command:
2025-08-09T00:28:42.0251648Z hint:
2025-08-09T00:28:42.0252726Z hint: 	git branch -m <name>
2025-08-09T00:28:42.0253643Z hint:
2025-08-09T00:28:42.0254800Z hint: Disable this message with "git config set advice.defaultBranchName false"
2025-08-09T00:28:42.0256664Z Initialized empty Git repository in /home/runner/work/ainux/ainux/.git/
2025-08-09T00:28:42.0260189Z [command]/usr/bin/git remote add origin https://github.com/yaotagroep/ainux
2025-08-09T00:28:42.0288479Z ##[endgroup]
2025-08-09T00:28:42.0290772Z ##[group]Disabling automatic garbage collection
2025-08-09T00:28:42.0293195Z [command]/usr/bin/git config --local gc.auto 0
2025-08-09T00:28:42.0318516Z ##[endgroup]
2025-08-09T00:28:42.0320162Z ##[group]Setting up auth
2025-08-09T00:28:42.0324554Z [command]/usr/bin/git config --local --name-only --get-regexp core\.sshCommand
2025-08-09T00:28:42.0354635Z [command]/usr/bin/git submodule foreach --recursive sh -c "git config --local --name-only --get-regexp 'core\.sshCommand' && git config --local --unset-all 'core.sshCommand' || :"
2025-08-09T00:28:42.0591052Z [command]/usr/bin/git config --local --name-only --get-regexp http\.https\:\/\/github\.com\/\.extraheader
2025-08-09T00:28:42.0621241Z [command]/usr/bin/git submodule foreach --recursive sh -c "git config --local --name-only --get-regexp 'http\.https\:\/\/github\.com\/\.extraheader' && git config --local --unset-all 'http.https://github.com/.extraheader' || :"
2025-08-09T00:28:42.0842574Z [command]/usr/bin/git config --local http.https://github.com/.extraheader AUTHORIZATION: basic ***
2025-08-09T00:28:42.0876849Z ##[endgroup]
2025-08-09T00:28:42.0880088Z [command]/usr/bin/git lfs install --local
2025-08-09T00:28:42.1220333Z Updated Git hooks.
2025-08-09T00:28:42.1221725Z Git LFS initialized.
2025-08-09T00:28:42.1312322Z ##[group]Fetching the repository
2025-08-09T00:28:42.1323771Z [command]/usr/bin/git -c protocol.version=2 fetch --no-tags --prune --no-recurse-submodules --depth=1 origin +8dec13dca98b287848bf8f5eec222f018b6eb31f:refs/remotes/origin/main
2025-08-09T00:28:42.2859563Z From https://github.com/yaotagroep/ainux
2025-08-09T00:28:42.2861001Z  * [new ref]         8dec13dca98b287848bf8f5eec222f018b6eb31f -> origin/main
2025-08-09T00:28:42.2883279Z ##[endgroup]
2025-08-09T00:28:42.2886351Z ##[group]Determining the checkout info
2025-08-09T00:28:42.2887184Z ##[endgroup]
2025-08-09T00:28:42.2887971Z ##[group]Fetching LFS objects
2025-08-09T00:28:42.2892604Z [command]/usr/bin/git lfs fetch origin refs/remotes/origin/main
2025-08-09T00:28:42.3112396Z Fetching reference refs/remotes/origin/main
2025-08-09T00:28:42.3336054Z ##[endgroup]
2025-08-09T00:28:42.3340718Z [command]/usr/bin/git sparse-checkout disable
2025-08-09T00:28:42.3378785Z [command]/usr/bin/git config --local --unset-all extensions.worktreeConfig
2025-08-09T00:28:42.3404709Z ##[group]Checking out the ref
2025-08-09T00:28:42.3408883Z [command]/usr/bin/git checkout --progress --force -B main refs/remotes/origin/main
2025-08-09T00:28:42.3468603Z Switched to a new branch 'main'
2025-08-09T00:28:42.3471575Z branch 'main' set up to track 'origin/main'.
2025-08-09T00:28:42.3696950Z ##[endgroup]
2025-08-09T00:28:42.3730804Z [command]/usr/bin/git log -1 --format=%H
2025-08-09T00:28:42.3753728Z 8dec13dca98b287848bf8f5eec222f018b6eb31f
2025-08-09T00:28:42.3927072Z ##[group]Run echo "⏳ Reclaiming space..."
2025-08-09T00:28:42.3927486Z [36;1mecho "⏳ Reclaiming space..."[0m
2025-08-09T00:28:42.3927836Z [36;1msudo rm -rf /usr/local/lib/android[0m
2025-08-09T00:28:42.3928179Z [36;1msudo rm -rf /usr/local/share/boost[0m
2025-08-09T00:28:42.3928476Z [36;1msudo rm -rf /usr/share/dotnet[0m
2025-08-09T00:28:42.3928748Z [36;1msudo rm -rf /opt/ghc[0m
2025-08-09T00:28:42.3929060Z [36;1msudo rm -rf /opt/hostedtoolcache[0m
2025-08-09T00:28:42.3929357Z [36;1msudo apt-get clean[0m
2025-08-09T00:28:42.3929632Z [36;1msudo rm -rf "$AGENT_TOOLSDIRECTORY"[0m
2025-08-09T00:28:42.3929919Z [36;1mdf -h[0m
2025-08-09T00:28:42.3930118Z [36;1m [0m
2025-08-09T00:28:42.3961253Z shell: /usr/bin/bash -e {0}
2025-08-09T00:28:42.3961810Z ##[endgroup]
2025-08-09T00:28:42.4025087Z ⏳ Reclaiming space...
2025-08-09T00:31:31.1785814Z Filesystem      Size  Used Avail Use% Mounted on
2025-08-09T00:31:31.1786378Z /dev/root        73G   36G   37G  50% /
2025-08-09T00:31:31.1786917Z tmpfs           7.9G  172K  7.9G   1% /dev/shm
2025-08-09T00:31:31.1787341Z tmpfs           3.2G  1.1M  3.2G   1% /run
2025-08-09T00:31:31.1787766Z tmpfs           5.0M     0  5.0M   0% /run/lock
2025-08-09T00:31:31.1788208Z /dev/sdb15      105M  6.1M   99M   6% /boot/efi
2025-08-09T00:31:31.1788620Z /dev/sda1        74G  4.1G   66G   6% /mnt
2025-08-09T00:31:31.1789027Z tmpfs           1.6G   12K  1.6G   1% /run/user/1001
2025-08-09T00:31:31.1824414Z ##[group]Run sudo apt-get update
2025-08-09T00:31:31.1824718Z [36;1msudo apt-get update[0m
2025-08-09T00:31:31.1824941Z [36;1msudo apt-get install -y \[0m
2025-08-09T00:31:31.1825297Z [36;1m  git build-essential libncurses-dev bison flex libssl-dev \[0m
2025-08-09T00:31:31.1825705Z [36;1m  libelf-dev bc gcc make debootstrap live-build squashfs-tools \[0m
2025-08-09T00:31:31.1826105Z [36;1m  dosfstools xorriso isolinux syslinux-utils genisoimage \[0m
2025-08-09T00:31:31.1826479Z [36;1m  qemu-system-x86 python3-pip nmap curl wget rsync pv \[0m
2025-08-09T00:31:31.1826807Z [36;1m  grub-pc-bin grub-efi-amd64-bin mtools[0m
2025-08-09T00:31:31.1827044Z [36;1m  [0m
2025-08-09T00:31:31.1855202Z shell: /usr/bin/bash -e {0}
2025-08-09T00:31:31.1855431Z ##[endgroup]
2025-08-09T00:31:31.3375978Z Get:1 file:/etc/apt/apt-mirrors.txt Mirrorlist [144 B]
2025-08-09T00:31:31.3875369Z Hit:2 http://azure.archive.ubuntu.com/ubuntu jammy InRelease
2025-08-09T00:31:31.3876865Z Get:6 https://packages.microsoft.com/repos/azure-cli jammy InRelease [3596 B]
2025-08-09T00:31:31.3888500Z Get:7 https://packages.microsoft.com/ubuntu/22.04/prod jammy InRelease [3632 B]
2025-08-09T00:31:31.3901888Z Get:3 http://azure.archive.ubuntu.com/ubuntu jammy-updates InRelease [128 kB]
2025-08-09T00:31:31.3964445Z Get:4 http://azure.archive.ubuntu.com/ubuntu jammy-backports InRelease [127 kB]
2025-08-09T00:31:31.3976160Z Get:5 http://azure.archive.ubuntu.com/ubuntu jammy-security InRelease [129 kB]
2025-08-09T00:31:31.6127516Z Get:8 https://packages.microsoft.com/repos/azure-cli jammy/main amd64 Packages [2575 B]
2025-08-09T00:31:31.6729424Z Get:9 https://packages.microsoft.com/ubuntu/22.04/prod jammy/main amd64 Packages [239 kB]
2025-08-09T00:31:31.7279482Z Get:10 https://packages.microsoft.com/ubuntu/22.04/prod jammy/main arm64 Packages [75.0 kB]
2025-08-09T00:31:31.8864554Z Get:11 http://azure.archive.ubuntu.com/ubuntu jammy-security/main Translation-en [379 kB]
2025-08-09T00:31:39.1156960Z Fetched 1087 kB in 1s (1698 kB/s)
2025-08-09T00:31:39.9543205Z Reading package lists...
2025-08-09T00:31:40.0275490Z Reading package lists...
2025-08-09T00:31:40.2143124Z Building dependency tree...
2025-08-09T00:31:40.2154156Z Reading state information...
2025-08-09T00:31:40.3632738Z bc is already the newest version (1.07.1-3build1).
2025-08-09T00:31:40.3633299Z bc set to manually installed.
2025-08-09T00:31:40.3633766Z bison is already the newest version (2:3.8.2+dfsg-1build1).
2025-08-09T00:31:40.3634366Z build-essential is already the newest version (12.9ubuntu3).
2025-08-09T00:31:40.3634926Z build-essential set to manually installed.
2025-08-09T00:31:40.3635474Z dosfstools is already the newest version (4.2-1build3).
2025-08-09T00:31:40.3635977Z dosfstools set to manually installed.
2025-08-09T00:31:40.3636455Z flex is already the newest version (2.6.4-8build2).
2025-08-09T00:31:40.3637092Z gcc is already the newest version (4:11.2.0-1ubuntu1).
2025-08-09T00:31:40.3637781Z make is already the newest version (4.3-4.1build1).
2025-08-09T00:31:40.3638419Z squashfs-tools is already the newest version (1:4.5-3build1).
2025-08-09T00:31:40.3638959Z squashfs-tools set to manually installed.
2025-08-09T00:31:40.3639487Z xorriso is already the newest version (1.5.4-2).
2025-08-09T00:31:40.3640009Z curl is already the newest version (7.81.0-1ubuntu1.20).
2025-08-09T00:31:40.3640612Z grub-efi-amd64-bin is already the newest version (2.06-2ubuntu14.8).
2025-08-09T00:31:40.3641185Z grub-efi-amd64-bin set to manually installed.
2025-08-09T00:31:40.3641908Z grub-pc-bin is already the newest version (2.06-2ubuntu7.2).
2025-08-09T00:31:40.3642410Z grub-pc-bin set to manually installed.
2025-08-09T00:31:40.3642947Z libncurses-dev is already the newest version (6.3-2ubuntu0.1).
2025-08-09T00:31:40.3643474Z libncurses-dev set to manually installed.
2025-08-09T00:31:40.3644001Z libssl-dev is already the newest version (3.0.2-0ubuntu1.19).
2025-08-09T00:31:40.3644603Z rsync is already the newest version (3.2.7-0ubuntu0.22.04.4).
2025-08-09T00:31:40.3645961Z wget is already the newest version (1.21.2-2ubuntu1.1).
2025-08-09T00:31:40.3646628Z python3-pip is already the newest version (22.0.2+dfsg-1ubuntu0.6).
2025-08-09T00:31:40.3647286Z git is already the newest version (1:2.50.1-0ppa1~ubuntu22.04.1).
2025-08-09T00:31:40.3647867Z The following additional packages will be installed:
2025-08-09T00:31:40.3648516Z   cpu-checker gstreamer1.0-plugins-base gstreamer1.0-plugins-good
2025-08-09T00:31:40.3649385Z   gstreamer1.0-x ibverbs-providers ipxe-qemu ipxe-qemu-256k-compat-efi-roms
2025-08-09T00:31:40.3650063Z   libaa1 libasyncns0 libavc1394-0 libboost-iostreams1.74.0
2025-08-09T00:31:40.3650725Z   libboost-thread1.74.0 libbrlapi0.8 libcaca0 libcacard0 libcdparanoia0
2025-08-09T00:31:40.3651650Z   libdaxctl1 libdecor-0-0 libdecor-0-plugin-1-cairo libdv4 libfdt1 libflac8
2025-08-09T00:31:40.3652461Z   libgfapi0 libgfrpc0 libgfxdr0 libglusterfs0 libgstreamer-plugins-base1.0-0
2025-08-09T00:31:40.3653329Z   libgstreamer-plugins-good1.0-0 libibverbs1 libiec61883-0 libiscsi7
2025-08-09T00:31:40.3654039Z   libjack-jackd2-0 liblinear4 libmp3lame0 libmpg123-0 libndctl6
2025-08-09T00:31:40.3654748Z   libnl-route-3-200 libopus0 liborc-0.4-0 libpcsclite1 libpmem1 libpmemobj1
2025-08-09T00:31:40.3655523Z   libpulse0 librados2 libraw1394-11 librbd1 librdmacm1 libsamplerate0
2025-08-09T00:31:40.3656271Z   libsdl2-2.0-0 libshout3 libsndfile1 libspeex1 libspice-server1 libtag1v5
2025-08-09T00:31:40.3657051Z   libtag1v5-vanilla libtheora0 libtwolame0 liburing2 libusbredirparser1
2025-08-09T00:31:40.3657847Z   libv4l-0 libv4lconvert0 libvirglrenderer1 libvisual-0.4-0 libvorbisenc2
2025-08-09T00:31:40.3658583Z   libvpx7 libvte-2.91-0 libvte-2.91-common libwavpack1 libxv1 lua-lpeg
2025-08-09T00:31:40.3659273Z   msr-tools nmap-common ovmf qemu-block-extra qemu-system-common
2025-08-09T00:31:40.3659960Z   qemu-system-data qemu-system-gui qemu-utils seabios syslinux-common
2025-08-09T00:31:40.3660521Z Suggested packages:
2025-08-09T00:31:40.3661309Z   squid-deb-proxy-client debian-archive-keyring arch-test wodim cdrkit-doc
2025-08-09T00:31:40.3662273Z   gvfs libdv-bin oss-compat libvisual-0.4-plugins jackd2 liblinear-tools
2025-08-09T00:31:40.3662981Z   liblinear-dev opus-tools pcscd pulseaudio libraw1394-doc speex
2025-08-09T00:31:40.3663728Z   gstreamer1.0-libav gstreamer1.0-plugins-ugly memtest86+ | memtest86 syslinux
2025-08-09T00:31:40.3664525Z   | grub win32-loader gnu-fdisk floppyd ncat ndiff zenmap doc-base samba vde2
2025-08-09T00:31:40.3665120Z   libcrypt-passwdmd5-perl
2025-08-09T00:31:40.3974835Z The following NEW packages will be installed:
2025-08-09T00:31:40.3975532Z   cpu-checker debootstrap genisoimage gstreamer1.0-plugins-base
2025-08-09T00:31:40.3976269Z   gstreamer1.0-plugins-good gstreamer1.0-x ibverbs-providers ipxe-qemu
2025-08-09T00:31:40.3977062Z   ipxe-qemu-256k-compat-efi-roms isolinux libaa1 libasyncns0 libavc1394-0
2025-08-09T00:31:40.3977855Z   libboost-iostreams1.74.0 libboost-thread1.74.0 libbrlapi0.8 libcaca0
2025-08-09T00:31:40.3978798Z   libcacard0 libcdparanoia0 libdaxctl1 libdecor-0-0 libdecor-0-plugin-1-cairo
2025-08-09T00:31:40.3981309Z   libdv4 libelf-dev libfdt1 libflac8 libgfapi0 libgfrpc0 libgfxdr0
2025-08-09T00:31:40.3982570Z   libglusterfs0 libgstreamer-plugins-base1.0-0 libgstreamer-plugins-good1.0-0
2025-08-09T00:31:40.3983647Z   libibverbs1 libiec61883-0 libiscsi7 libjack-jackd2-0 liblinear4 libmp3lame0
2025-08-09T00:31:40.3984775Z   libmpg123-0 libndctl6 libnl-route-3-200 libopus0 liborc-0.4-0 libpcsclite1
2025-08-09T00:31:40.3985676Z   libpmem1 libpmemobj1 libpulse0 librados2 libraw1394-11 librbd1 librdmacm1
2025-08-09T00:31:40.3986463Z   libsamplerate0 libsdl2-2.0-0 libshout3 libsndfile1 libspeex1
2025-08-09T00:31:40.3987219Z   libspice-server1 libtag1v5 libtag1v5-vanilla libtheora0 libtwolame0
2025-08-09T00:31:40.3988057Z   liburing2 libusbredirparser1 libv4l-0 libv4lconvert0 libvirglrenderer1
2025-08-09T00:31:40.3988864Z   libvisual-0.4-0 libvorbisenc2 libvpx7 libvte-2.91-0 libvte-2.91-common
2025-08-09T00:31:40.3990130Z   libwavpack1 libxv1 live-build lua-lpeg msr-tools mtools nmap nmap-common
2025-08-09T00:31:40.3990999Z   ovmf pv qemu-block-extra qemu-system-common qemu-system-data qemu-system-gui
2025-08-09T00:31:40.3992052Z   qemu-system-x86 qemu-utils seabios syslinux-common syslinux-utils
2025-08-09T00:31:40.4163278Z 0 upgraded, 90 newly installed, 0 to remove and 16 not upgraded.
2025-08-09T00:31:40.4163980Z Need to get 53.2 MB of archives.
2025-08-09T00:31:40.4164525Z After this operation, 193 MB of additional disk space will be used.
2025-08-09T00:31:40.4165171Z Get:1 file:/etc/apt/apt-mirrors.txt Mirrorlist [144 B]
2025-08-09T00:31:40.4535384Z Get:2 http://azure.archive.ubuntu.com/ubuntu jammy/main amd64 msr-tools amd64 1.3-4 [10.3 kB]
2025-08-09T00:31:40.4730067Z Get:3 http://azure.archive.ubuntu.com/ubuntu jammy/main amd64 cpu-checker amd64 0.7-1.3build1 [6800 B]
2025-08-09T00:31:40.4883485Z Get:4 http://azure.archive.ubuntu.com/ubuntu jammy/main amd64 genisoimage amd64 9:1.1.11-3.2ubuntu1 [370 kB]
2025-08-09T00:31:40.5081387Z Get:5 http://azure.archive.ubuntu.com/ubuntu jammy/main amd64 libcdparanoia0 amd64 3.10.2+debian-14build2 [49.3 kB]
2025-08-09T00:31:40.5232008Z Get:6 http://azure.archive.ubuntu.com/ubuntu jammy-updates/main amd64 liborc-0.4-0 amd64 1:0.4.32-2ubuntu0.1 [228 kB]
2025-08-09T00:31:40.5392827Z Get:7 http://azure.archive.ubuntu.com/ubuntu jammy-updates/main amd64 libgstreamer-plugins-base1.0-0 amd64 1.20.1-1ubuntu0.4 [848 kB]
2025-08-09T00:31:40.5696558Z Get:8 http://azure.archive.ubuntu.com/ubuntu jammy/main amd64 libopus0 amd64 1.3.1-0.1build2 [203 kB]
2025-08-09T00:31:40.5858279Z Get:9 http://azure.archive.ubuntu.com/ubuntu jammy/main amd64 libtheora0 amd64 1.1.1+dfsg.1-15ubuntu4 [209 kB]
2025-08-09T00:31:40.6014882Z Get:10 http://azure.archive.ubuntu.com/ubuntu jammy/main amd64 libvisual-0.4-0 amd64 0.4.0-17build2 [108 kB]
2025-08-09T00:31:40.6167305Z Get:11 http://azure.archive.ubuntu.com/ubuntu jammy/main amd64 libvorbisenc2 amd64 1.3.7-1build2 [82.6 kB]
2025-08-09T00:31:40.6316288Z Get:12 http://azure.archive.ubuntu.com/ubuntu jammy-updates/main amd64 gstreamer1.0-plugins-base amd64 1.20.1-1ubuntu0.4 [712 kB]
2025-08-09T00:31:40.6602287Z Get:13 http://azure.archive.ubuntu.com/ubuntu jammy/main amd64 libaa1 amd64 1.4p5-50build1 [51.9 kB]
2025-08-09T00:31:40.6851057Z Get:14 http://azure.archive.ubuntu.com/ubuntu jammy/main amd64 libraw1394-11 amd64 2.1.2-2build2 [27.0 kB]
2025-08-09T00:31:40.7016723Z Get:15 http://azure.archive.ubuntu.com/ubuntu jammy/main amd64 libavc1394-0 amd64 0.5.4-5build2 [17.0 kB]
2025-08-09T00:31:40.7158468Z Get:16 http://azure.archive.ubuntu.com/ubuntu jammy/main amd64 libcaca0 amd64 0.99.beta19-2.2ubuntu4 [224 kB]
2025-08-09T00:31:40.7322523Z Get:17 http://azure.archive.ubuntu.com/ubuntu jammy/main amd64 libdv4 amd64 1.0.0-14build1 [61.9 kB]
2025-08-09T00:31:40.7464527Z Get:18 http://azure.archive.ubuntu.com/ubuntu jammy-updates/main amd64 libflac8 amd64 1.3.3-2ubuntu0.2 [111 kB]
2025-08-09T00:31:40.7617241Z Get:19 http://azure.archive.ubuntu.com/ubuntu jammy-updates/main amd64 libgstreamer-plugins-good1.0-0 amd64 1.20.3-0ubuntu1.3 [30.1 kB]
2025-08-09T00:31:40.8204404Z Get:20 http://azure.archive.ubuntu.com/ubuntu jammy/main amd64 libiec61883-0 amd64 1.2.0-4build3 [25.9 kB]
2025-08-09T00:31:40.8362783Z Get:21 http://azure.archive.ubuntu.com/ubuntu jammy/main amd64 libsamplerate0 amd64 0.2.2-1build1 [1359 kB]
2025-08-09T00:31:40.8834141Z Get:22 http://azure.archive.ubuntu.com/ubuntu jammy/main amd64 libjack-jackd2-0 amd64 1.9.20~dfsg-1 [293 kB]
2025-08-09T00:31:40.9002616Z Get:23 http://azure.archive.ubuntu.com/ubuntu jammy/main amd64 libmp3lame0 amd64 3.100-3build2 [141 kB]
2025-08-09T00:31:40.9158067Z Get:24 http://azure.archive.ubuntu.com/ubuntu jammy-updates/main amd64 libmpg123-0 amd64 1.29.3-1ubuntu0.1 [172 kB]
2025-08-09T00:31:40.9318748Z Get:25 http://azure.archive.ubuntu.com/ubuntu jammy/main amd64 libasyncns0 amd64 0.8-6build2 [12.8 kB]
2025-08-09T00:31:40.9470835Z Get:26 http://azure.archive.ubuntu.com/ubuntu jammy-updates/main amd64 libsndfile1 amd64 1.0.31-2ubuntu0.2 [196 kB]
2025-08-09T00:31:40.9627683Z Get:27 http://azure.archive.ubuntu.com/ubuntu jammy-updates/main amd64 libpulse0 amd64 1:15.99.1+dfsg1-1ubuntu2.2 [298 kB]
2025-08-09T00:31:40.9817481Z Get:28 http://azure.archive.ubuntu.com/ubuntu jammy/main amd64 libspeex1 amd64 1.2~rc1.2-1.1ubuntu3 [57.9 kB]
2025-08-09T00:31:40.9969221Z Get:29 http://azure.archive.ubuntu.com/ubuntu jammy/main amd64 libshout3 amd64 2.4.5-1build3 [54.5 kB]
2025-08-09T00:31:41.0148045Z Get:30 http://azure.archive.ubuntu.com/ubuntu jammy/main amd64 libtag1v5-vanilla amd64 1.11.1+dfsg.1-3ubuntu3 [304 kB]
2025-08-09T00:31:41.0314466Z Get:31 http://azure.archive.ubuntu.com/ubuntu jammy/main amd64 libtag1v5 amd64 1.11.1+dfsg.1-3ubuntu3 [11.5 kB]
2025-08-09T00:31:41.0455841Z Get:32 http://azure.archive.ubuntu.com/ubuntu jammy/main amd64 libtwolame0 amd64 0.4.0-2build2 [52.5 kB]
2025-08-09T00:31:41.0609193Z Get:33 http://azure.archive.ubuntu.com/ubuntu jammy/main amd64 libv4lconvert0 amd64 1.22.1-2build1 [82.4 kB]
2025-08-09T00:31:41.0759981Z Get:34 http://azure.archive.ubuntu.com/ubuntu jammy/main amd64 libv4l-0 amd64 1.22.1-2build1 [44.9 kB]
2025-08-09T00:31:41.0908456Z Get:35 http://azure.archive.ubuntu.com/ubuntu jammy-updates/main amd64 libvpx7 amd64 1.11.0-2ubuntu2.4 [1078 kB]
2025-08-09T00:31:41.1179285Z Get:36 http://azure.archive.ubuntu.com/ubuntu jammy/main amd64 libwavpack1 amd64 5.4.0-1build2 [83.7 kB]
2025-08-09T00:31:41.1335110Z Get:37 http://azure.archive.ubuntu.com/ubuntu jammy-updates/main amd64 gstreamer1.0-plugins-good amd64 1.20.3-0ubuntu1.3 [2010 kB]
2025-08-09T00:31:41.1694979Z Get:38 http://azure.archive.ubuntu.com/ubuntu jammy/main amd64 libxv1 amd64 2:1.0.11-1build2 [11.2 kB]
2025-08-09T00:31:41.2292065Z Get:39 http://azure.archive.ubuntu.com/ubuntu jammy-updates/main amd64 gstreamer1.0-x amd64 1.20.1-1ubuntu0.4 [85.1 kB]
2025-08-09T00:31:41.2444399Z Get:40 http://azure.archive.ubuntu.com/ubuntu jammy/main amd64 libnl-route-3-200 amd64 3.5.0-0.1 [180 kB]
2025-08-09T00:31:41.2677872Z Get:41 http://azure.archive.ubuntu.com/ubuntu jammy/main amd64 libibverbs1 amd64 39.0-1 [69.3 kB]
2025-08-09T00:31:41.2834691Z Get:42 http://azure.archive.ubuntu.com/ubuntu jammy/main amd64 ibverbs-providers amd64 39.0-1 [341 kB]
2025-08-09T00:31:41.3019438Z Get:43 http://azure.archive.ubuntu.com/ubuntu jammy/main amd64 ipxe-qemu all 1.21.1+git-20220113.fbbdc3926-0ubuntu1 [1569 kB]
2025-08-09T00:31:41.3344131Z Get:44 http://azure.archive.ubuntu.com/ubuntu jammy/main amd64 ipxe-qemu-256k-compat-efi-roms all 1.0.0+git-20150424.a25a16d-0ubuntu4 [552 kB]
2025-08-09T00:31:41.3519371Z Get:45 http://azure.archive.ubuntu.com/ubuntu jammy/universe amd64 isolinux all 3:6.04~git20190206.bf6db5b4+dfsg1-3ubuntu1 [60.1 kB]
2025-08-09T00:31:41.3668860Z Get:46 http://azure.archive.ubuntu.com/ubuntu jammy/main amd64 libboost-iostreams1.74.0 amd64 1.74.0-14ubuntu3 [245 kB]
2025-08-09T00:31:41.3840667Z Get:47 http://azure.archive.ubuntu.com/ubuntu jammy/main amd64 libboost-thread1.74.0 amd64 1.74.0-14ubuntu3 [262 kB]
2025-08-09T00:31:41.4004018Z Get:48 http://azure.archive.ubuntu.com/ubuntu jammy-updates/main amd64 libbrlapi0.8 amd64 6.4-4ubuntu3 [28.7 kB]
2025-08-09T00:31:41.4152272Z Get:49 http://azure.archive.ubuntu.com/ubuntu jammy-updates/main amd64 libpcsclite1 amd64 1.9.5-3ubuntu1 [19.8 kB]
2025-08-09T00:31:41.4302170Z Get:50 http://azure.archive.ubuntu.com/ubuntu jammy/main amd64 libcacard0 amd64 1:2.8.0-3build2 [38.0 kB]
2025-08-09T00:31:41.4451150Z Get:51 http://azure.archive.ubuntu.com/ubuntu jammy/main amd64 libdaxctl1 amd64 72.1-1 [19.8 kB]
2025-08-09T00:31:41.4597852Z Get:52 http://azure.archive.ubuntu.com/ubuntu jammy/main amd64 libdecor-0-0 amd64 0.1.0-3build1 [15.1 kB]
2025-08-09T00:31:41.4740614Z Get:53 http://azure.archive.ubuntu.com/ubuntu jammy/main amd64 libdecor-0-plugin-1-cairo amd64 0.1.0-3build1 [20.4 kB]
2025-08-09T00:31:41.4887764Z Get:54 http://azure.archive.ubuntu.com/ubuntu jammy-updates/main amd64 libelf-dev amd64 0.186-1ubuntu0.1 [64.4 kB]
2025-08-09T00:31:41.5033664Z Get:55 http://azure.archive.ubuntu.com/ubuntu jammy-updates/main amd64 libgfxdr0 amd64 10.1-1ubuntu0.2 [22.3 kB]
2025-08-09T00:31:41.5179746Z Get:56 http://azure.archive.ubuntu.com/ubuntu jammy-updates/main amd64 libglusterfs0 amd64 10.1-1ubuntu0.2 [287 kB]
2025-08-09T00:31:41.5769877Z Get:57 http://azure.archive.ubuntu.com/ubuntu jammy-updates/main amd64 libgfrpc0 amd64 10.1-1ubuntu0.2 [47.1 kB]
2025-08-09T00:31:41.5922604Z Get:58 http://azure.archive.ubuntu.com/ubuntu jammy-updates/main amd64 libgfapi0 amd64 10.1-1ubuntu0.2 [77.3 kB]
2025-08-09T00:31:41.6077117Z Get:59 http://azure.archive.ubuntu.com/ubuntu jammy/main amd64 librdmacm1 amd64 39.0-1 [71.2 kB]
2025-08-09T00:31:41.6252761Z Get:60 http://azure.archive.ubuntu.com/ubuntu jammy/main amd64 libiscsi7 amd64 1.19.0-3build2 [70.6 kB]
2025-08-09T00:31:41.6469095Z Get:61 http://azure.archive.ubuntu.com/ubuntu jammy/universe amd64 liblinear4 amd64 2.3.0+dfsg-5 [41.4 kB]
2025-08-09T00:31:41.6615427Z Get:62 http://azure.archive.ubuntu.com/ubuntu jammy/main amd64 libndctl6 amd64 72.1-1 [57.7 kB]
2025-08-09T00:31:41.6780746Z Get:63 http://azure.archive.ubuntu.com/ubuntu jammy/main amd64 libpmem1 amd64 1.11.1-3build1 [81.4 kB]
2025-08-09T00:31:41.6969552Z Get:64 http://azure.archive.ubuntu.com/ubuntu jammy/main amd64 libpmemobj1 amd64 1.11.1-3build1 [124 kB]
2025-08-09T00:31:41.7125248Z Get:65 http://azure.archive.ubuntu.com/ubuntu jammy-updates/main amd64 librados2 amd64 17.2.7-0ubuntu0.22.04.2 [3594 kB]
2025-08-09T00:31:41.7602098Z Get:66 http://azure.archive.ubuntu.com/ubuntu jammy-updates/main amd64 librbd1 amd64 17.2.7-0ubuntu0.22.04.2 [3548 kB]
2025-08-09T00:31:41.8124543Z Get:67 http://azure.archive.ubuntu.com/ubuntu jammy-updates/main amd64 libsdl2-2.0-0 amd64 2.0.20+dfsg-2ubuntu1.22.04.1 [582 kB]
2025-08-09T00:31:41.8303871Z Get:68 http://azure.archive.ubuntu.com/ubuntu jammy/main amd64 libspice-server1 amd64 0.15.0-2ubuntu4 [351 kB]
2025-08-09T00:31:41.8470928Z Get:69 http://azure.archive.ubuntu.com/ubuntu jammy/main amd64 liburing2 amd64 2.1-2build1 [10.3 kB]
2025-08-09T00:31:41.8622360Z Get:70 http://azure.archive.ubuntu.com/ubuntu jammy/main amd64 libusbredirparser1 amd64 0.11.0-2build1 [15.9 kB]
2025-08-09T00:31:41.8778027Z Get:71 http://azure.archive.ubuntu.com/ubuntu jammy/main amd64 libvirglrenderer1 amd64 0.9.1-1~exp1ubuntu2 [188 kB]
2025-08-09T00:31:41.8938749Z Get:72 http://azure.archive.ubuntu.com/ubuntu jammy-updates/main amd64 libvte-2.91-common amd64 0.68.0-1ubuntu0.1 [9408 B]
2025-08-09T00:31:41.9091251Z Get:73 http://azure.archive.ubuntu.com/ubuntu jammy-updates/main amd64 libvte-2.91-0 amd64 0.68.0-1ubuntu0.1 [214 kB]
2025-08-09T00:31:41.9248022Z Get:74 http://azure.archive.ubuntu.com/ubuntu jammy-updates/main amd64 debootstrap all 1.0.126+nmu1ubuntu0.8 [40.6 kB]
2025-08-09T00:31:41.9392265Z Get:75 http://azure.archive.ubuntu.com/ubuntu jammy-updates/main amd64 live-build all 3.0~a57-1ubuntu41.22.04.1 [132 kB]
2025-08-09T00:31:41.9999907Z Get:76 http://azure.archive.ubuntu.com/ubuntu jammy/universe amd64 lua-lpeg amd64 1.0.2-1 [31.4 kB]
2025-08-09T00:31:42.0151005Z Get:77 http://azure.archive.ubuntu.com/ubuntu jammy/main amd64 mtools amd64 4.0.33-1+really4.0.32-1build1 [201 kB]
2025-08-09T00:31:42.0316716Z Get:78 http://azure.archive.ubuntu.com/ubuntu jammy-updates/universe amd64 nmap-common all 7.91+dfsg1+really7.80+dfsg1-2ubuntu0.1 [3940 kB]
2025-08-09T00:31:42.0828965Z Get:79 http://azure.archive.ubuntu.com/ubuntu jammy/main amd64 pv amd64 1.6.6-1build2 [44.5 kB]
2025-08-09T00:31:42.1013429Z Get:80 http://azure.archive.ubuntu.com/ubuntu jammy/main amd64 libfdt1 amd64 1.6.1-1 [20.0 kB]
2025-08-09T00:31:42.1173267Z Get:81 http://azure.archive.ubuntu.com/ubuntu jammy-updates/main amd64 qemu-system-common amd64 1:6.2+dfsg-2ubuntu6.26 [2047 kB]
2025-08-09T00:31:42.1572844Z Get:82 http://azure.archive.ubuntu.com/ubuntu jammy-updates/main amd64 qemu-system-data all 1:6.2+dfsg-2ubuntu6.26 [1430 kB]
2025-08-09T00:31:42.1891133Z Get:83 http://azure.archive.ubuntu.com/ubuntu jammy/main amd64 seabios all 1.15.0-1 [174 kB]
2025-08-09T00:31:42.2046604Z Get:84 http://azure.archive.ubuntu.com/ubuntu jammy-updates/main amd64 qemu-system-x86 amd64 1:6.2+dfsg-2ubuntu6.26 [10.1 MB]
2025-08-09T00:31:42.2921921Z Get:85 http://azure.archive.ubuntu.com/ubuntu jammy-updates/main amd64 qemu-utils amd64 1:6.2+dfsg-2ubuntu6.26 [1527 kB]
2025-08-09T00:31:42.3236652Z Get:86 http://azure.archive.ubuntu.com/ubuntu jammy-updates/main amd64 qemu-block-extra amd64 1:6.2+dfsg-2ubuntu6.26 [68.2 kB]
2025-08-09T00:31:42.3387312Z Get:87 http://azure.archive.ubuntu.com/ubuntu jammy-updates/main amd64 qemu-system-gui amd64 1:6.2+dfsg-2ubuntu6.26 [220 kB]
2025-08-09T00:31:42.3549945Z Get:88 http://azure.archive.ubuntu.com/ubuntu jammy/main amd64 syslinux-common all 3:6.04~git20190206.bf6db5b4+dfsg1-3ubuntu1 [1271 kB]
2025-08-09T00:31:42.3855692Z Get:89 http://azure.archive.ubuntu.com/ubuntu jammy/universe amd64 syslinux-utils amd64 3:6.04~git20190206.bf6db5b4+dfsg1-3ubuntu1 [50.9 kB]
2025-08-09T00:31:42.4022196Z Get:90 http://azure.archive.ubuntu.com/ubuntu jammy-updates/universe amd64 nmap amd64 7.91+dfsg1+really7.80+dfsg1-2ubuntu0.1 [1731 kB]
2025-08-09T00:31:42.4364963Z Get:91 http://azure.archive.ubuntu.com/ubuntu jammy-updates/main amd64 ovmf all 2022.02-3ubuntu0.22.04.3 [7561 kB]
2025-08-09T00:31:42.9179986Z Fetched 53.2 MB in 2s (25.4 MB/s)
2025-08-09T00:31:42.9417624Z Selecting previously unselected package msr-tools.
2025-08-09T00:31:42.9636106Z (Reading database ... 
2025-08-09T00:31:42.9636574Z (Reading database ... 5%
2025-08-09T00:31:42.9636981Z (Reading database ... 10%
2025-08-09T00:31:42.9637317Z (Reading database ... 15%
2025-08-09T00:31:42.9637566Z (Reading database ... 20%
2025-08-09T00:31:42.9637812Z (Reading database ... 25%
2025-08-09T00:31:42.9638050Z (Reading database ... 30%
2025-08-09T00:31:42.9638297Z (Reading database ... 35%
2025-08-09T00:31:42.9638542Z (Reading database ... 40%
2025-08-09T00:31:42.9638792Z (Reading database ... 45%
2025-08-09T00:31:42.9639035Z (Reading database ... 50%
2025-08-09T00:31:42.9825732Z (Reading database ... 55%
2025-08-09T00:31:43.0002318Z (Reading database ... 60%
2025-08-09T00:31:43.0153716Z (Reading database ... 65%
2025-08-09T00:31:43.0380163Z (Reading database ... 70%
2025-08-09T00:31:43.0721935Z (Reading database ... 75%
2025-08-09T00:31:43.0867783Z (Reading database ... 80%
2025-08-09T00:31:43.1341175Z (Reading database ... 85%
2025-08-09T00:31:43.1552766Z (Reading database ... 90%
2025-08-09T00:31:43.1846370Z (Reading database ... 95%
2025-08-09T00:31:43.1846879Z (Reading database ... 100%
2025-08-09T00:31:43.1847525Z (Reading database ... 267991 files and directories currently installed.)
2025-08-09T00:31:43.1902260Z Preparing to unpack .../00-msr-tools_1.3-4_amd64.deb ...
2025-08-09T00:31:43.1929649Z Unpacking msr-tools (1.3-4) ...
2025-08-09T00:31:43.2247997Z Selecting previously unselected package cpu-checker.
2025-08-09T00:31:43.2414518Z Preparing to unpack .../01-cpu-checker_0.7-1.3build1_amd64.deb ...
2025-08-09T00:31:43.2422704Z Unpacking cpu-checker (0.7-1.3build1) ...
2025-08-09T00:31:43.2632052Z Selecting previously unselected package genisoimage.
2025-08-09T00:31:43.2796741Z Preparing to unpack .../02-genisoimage_9%3a1.1.11-3.2ubuntu1_amd64.deb ...
2025-08-09T00:31:43.2804403Z Unpacking genisoimage (9:1.1.11-3.2ubuntu1) ...
2025-08-09T00:31:43.3125366Z Selecting previously unselected package libcdparanoia0:amd64.
2025-08-09T00:31:43.3292280Z Preparing to unpack .../03-libcdparanoia0_3.10.2+debian-14build2_amd64.deb ...
2025-08-09T00:31:43.3314749Z Unpacking libcdparanoia0:amd64 (3.10.2+debian-14build2) ...
2025-08-09T00:31:43.3635827Z Selecting previously unselected package liborc-0.4-0:amd64.
2025-08-09T00:31:43.3799854Z Preparing to unpack .../04-liborc-0.4-0_1%3a0.4.32-2ubuntu0.1_amd64.deb ...
2025-08-09T00:31:43.3808525Z Unpacking liborc-0.4-0:amd64 (1:0.4.32-2ubuntu0.1) ...
2025-08-09T00:31:43.4080937Z Selecting previously unselected package libgstreamer-plugins-base1.0-0:amd64.
2025-08-09T00:31:43.4246657Z Preparing to unpack .../05-libgstreamer-plugins-base1.0-0_1.20.1-1ubuntu0.4_amd64.deb ...
2025-08-09T00:31:43.4256364Z Unpacking libgstreamer-plugins-base1.0-0:amd64 (1.20.1-1ubuntu0.4) ...
2025-08-09T00:31:43.4603083Z Selecting previously unselected package libopus0:amd64.
2025-08-09T00:31:43.4772365Z Preparing to unpack .../06-libopus0_1.3.1-0.1build2_amd64.deb ...
2025-08-09T00:31:43.4783583Z Unpacking libopus0:amd64 (1.3.1-0.1build2) ...
2025-08-09T00:31:43.5040818Z Selecting previously unselected package libtheora0:amd64.
2025-08-09T00:31:43.5207158Z Preparing to unpack .../07-libtheora0_1.1.1+dfsg.1-15ubuntu4_amd64.deb ...
2025-08-09T00:31:43.5218269Z Unpacking libtheora0:amd64 (1.1.1+dfsg.1-15ubuntu4) ...
2025-08-09T00:31:43.5475301Z Selecting previously unselected package libvisual-0.4-0:amd64.
2025-08-09T00:31:43.5641628Z Preparing to unpack .../08-libvisual-0.4-0_0.4.0-17build2_amd64.deb ...
2025-08-09T00:31:43.5651360Z Unpacking libvisual-0.4-0:amd64 (0.4.0-17build2) ...
2025-08-09T00:31:43.5898204Z Selecting previously unselected package libvorbisenc2:amd64.
2025-08-09T00:31:43.6062902Z Preparing to unpack .../09-libvorbisenc2_1.3.7-1build2_amd64.deb ...
2025-08-09T00:31:43.6073539Z Unpacking libvorbisenc2:amd64 (1.3.7-1build2) ...
2025-08-09T00:31:43.6300544Z Selecting previously unselected package gstreamer1.0-plugins-base:amd64.
2025-08-09T00:31:43.6465861Z Preparing to unpack .../10-gstreamer1.0-plugins-base_1.20.1-1ubuntu0.4_amd64.deb ...
2025-08-09T00:31:43.6474520Z Unpacking gstreamer1.0-plugins-base:amd64 (1.20.1-1ubuntu0.4) ...
2025-08-09T00:31:43.6791682Z Selecting previously unselected package libaa1:amd64.
2025-08-09T00:31:43.6958265Z Preparing to unpack .../11-libaa1_1.4p5-50build1_amd64.deb ...
2025-08-09T00:31:43.6968064Z Unpacking libaa1:amd64 (1.4p5-50build1) ...
2025-08-09T00:31:43.7191092Z Selecting previously unselected package libraw1394-11:amd64.
2025-08-09T00:31:43.7355627Z Preparing to unpack .../12-libraw1394-11_2.1.2-2build2_amd64.deb ...
2025-08-09T00:31:43.7364340Z Unpacking libraw1394-11:amd64 (2.1.2-2build2) ...
2025-08-09T00:31:43.7582538Z Selecting previously unselected package libavc1394-0:amd64.
2025-08-09T00:31:43.7747170Z Preparing to unpack .../13-libavc1394-0_0.5.4-5build2_amd64.deb ...
2025-08-09T00:31:43.7756826Z Unpacking libavc1394-0:amd64 (0.5.4-5build2) ...
2025-08-09T00:31:43.7976826Z Selecting previously unselected package libcaca0:amd64.
2025-08-09T00:31:43.8145273Z Preparing to unpack .../14-libcaca0_0.99.beta19-2.2ubuntu4_amd64.deb ...
2025-08-09T00:31:43.8156080Z Unpacking libcaca0:amd64 (0.99.beta19-2.2ubuntu4) ...
2025-08-09T00:31:43.8428415Z Selecting previously unselected package libdv4:amd64.
2025-08-09T00:31:43.8594784Z Preparing to unpack .../15-libdv4_1.0.0-14build1_amd64.deb ...
2025-08-09T00:31:43.8604701Z Unpacking libdv4:amd64 (1.0.0-14build1) ...
2025-08-09T00:31:43.8838811Z Selecting previously unselected package libflac8:amd64.
2025-08-09T00:31:43.9004609Z Preparing to unpack .../16-libflac8_1.3.3-2ubuntu0.2_amd64.deb ...
2025-08-09T00:31:43.9014712Z Unpacking libflac8:amd64 (1.3.3-2ubuntu0.2) ...
2025-08-09T00:31:43.9251906Z Selecting previously unselected package libgstreamer-plugins-good1.0-0:amd64.
2025-08-09T00:31:43.9417712Z Preparing to unpack .../17-libgstreamer-plugins-good1.0-0_1.20.3-0ubuntu1.3_amd64.deb ...
2025-08-09T00:31:43.9436559Z Unpacking libgstreamer-plugins-good1.0-0:amd64 (1.20.3-0ubuntu1.3) ...
2025-08-09T00:31:43.9669176Z Selecting previously unselected package libiec61883-0:amd64.
2025-08-09T00:31:43.9834396Z Preparing to unpack .../18-libiec61883-0_1.2.0-4build3_amd64.deb ...
2025-08-09T00:31:43.9843147Z Unpacking libiec61883-0:amd64 (1.2.0-4build3) ...
2025-08-09T00:31:44.0063511Z Selecting previously unselected package libsamplerate0:amd64.
2025-08-09T00:31:44.0230004Z Preparing to unpack .../19-libsamplerate0_0.2.2-1build1_amd64.deb ...
2025-08-09T00:31:44.0239423Z Unpacking libsamplerate0:amd64 (0.2.2-1build1) ...
2025-08-09T00:31:44.0515511Z Selecting previously unselected package libjack-jackd2-0:amd64.
2025-08-09T00:31:44.0698087Z Preparing to unpack .../20-libjack-jackd2-0_1.9.20~dfsg-1_amd64.deb ...
2025-08-09T00:31:44.0707985Z Unpacking libjack-jackd2-0:amd64 (1.9.20~dfsg-1) ...
2025-08-09T00:31:44.0978759Z Selecting previously unselected package libmp3lame0:amd64.
2025-08-09T00:31:44.1143839Z Preparing to unpack .../21-libmp3lame0_3.100-3build2_amd64.deb ...
2025-08-09T00:31:44.1156266Z Unpacking libmp3lame0:amd64 (3.100-3build2) ...
2025-08-09T00:31:44.1393491Z Selecting previously unselected package libmpg123-0:amd64.
2025-08-09T00:31:44.1559748Z Preparing to unpack .../22-libmpg123-0_1.29.3-1ubuntu0.1_amd64.deb ...
2025-08-09T00:31:44.1569807Z Unpacking libmpg123-0:amd64 (1.29.3-1ubuntu0.1) ...
2025-08-09T00:31:44.1808578Z Selecting previously unselected package libasyncns0:amd64.
2025-08-09T00:31:44.1975065Z Preparing to unpack .../23-libasyncns0_0.8-6build2_amd64.deb ...
2025-08-09T00:31:44.1983862Z Unpacking libasyncns0:amd64 (0.8-6build2) ...
2025-08-09T00:31:44.2200658Z Selecting previously unselected package libsndfile1:amd64.
2025-08-09T00:31:44.2367657Z Preparing to unpack .../24-libsndfile1_1.0.31-2ubuntu0.2_amd64.deb ...
2025-08-09T00:31:44.2377985Z Unpacking libsndfile1:amd64 (1.0.31-2ubuntu0.2) ...
2025-08-09T00:31:44.2645934Z Selecting previously unselected package libpulse0:amd64.
2025-08-09T00:31:44.2811918Z Preparing to unpack .../25-libpulse0_1%3a15.99.1+dfsg1-1ubuntu2.2_amd64.deb ...
2025-08-09T00:31:44.2964055Z Unpacking libpulse0:amd64 (1:15.99.1+dfsg1-1ubuntu2.2) ...
2025-08-09T00:31:44.3229740Z Selecting previously unselected package libspeex1:amd64.
2025-08-09T00:31:44.3401015Z Preparing to unpack .../26-libspeex1_1.2~rc1.2-1.1ubuntu3_amd64.deb ...
2025-08-09T00:31:44.3411901Z Unpacking libspeex1:amd64 (1.2~rc1.2-1.1ubuntu3) ...
2025-08-09T00:31:44.3645384Z Selecting previously unselected package libshout3:amd64.
2025-08-09T00:31:44.3849745Z Preparing to unpack .../27-libshout3_2.4.5-1build3_amd64.deb ...
2025-08-09T00:31:44.3859258Z Unpacking libshout3:amd64 (2.4.5-1build3) ...
2025-08-09T00:31:44.4092996Z Selecting previously unselected package libtag1v5-vanilla:amd64.
2025-08-09T00:31:44.4257722Z Preparing to unpack .../28-libtag1v5-vanilla_1.11.1+dfsg.1-3ubuntu3_amd64.deb ...
2025-08-09T00:31:44.4267488Z Unpacking libtag1v5-vanilla:amd64 (1.11.1+dfsg.1-3ubuntu3) ...
2025-08-09T00:31:44.4513530Z Selecting previously unselected package libtag1v5:amd64.
2025-08-09T00:31:44.4679432Z Preparing to unpack .../29-libtag1v5_1.11.1+dfsg.1-3ubuntu3_amd64.deb ...
2025-08-09T00:31:44.4687515Z Unpacking libtag1v5:amd64 (1.11.1+dfsg.1-3ubuntu3) ...
2025-08-09T00:31:44.5008566Z Selecting previously unselected package libtwolame0:amd64.
2025-08-09T00:31:44.5173761Z Preparing to unpack .../30-libtwolame0_0.4.0-2build2_amd64.deb ...
2025-08-09T00:31:44.5184564Z Unpacking libtwolame0:amd64 (0.4.0-2build2) ...
2025-08-09T00:31:44.5415022Z Selecting previously unselected package libv4lconvert0:amd64.
2025-08-09T00:31:44.5579489Z Preparing to unpack .../31-libv4lconvert0_1.22.1-2build1_amd64.deb ...
2025-08-09T00:31:44.5588740Z Unpacking libv4lconvert0:amd64 (1.22.1-2build1) ...
2025-08-09T00:31:44.5823711Z Selecting previously unselected package libv4l-0:amd64.
2025-08-09T00:31:44.5987704Z Preparing to unpack .../32-libv4l-0_1.22.1-2build1_amd64.deb ...
2025-08-09T00:31:44.5996409Z Unpacking libv4l-0:amd64 (1.22.1-2build1) ...
2025-08-09T00:31:44.6230727Z Selecting previously unselected package libvpx7:amd64.
2025-08-09T00:31:44.6394009Z Preparing to unpack .../33-libvpx7_1.11.0-2ubuntu2.4_amd64.deb ...
2025-08-09T00:31:44.6402865Z Unpacking libvpx7:amd64 (1.11.0-2ubuntu2.4) ...
2025-08-09T00:31:44.6750562Z Selecting previously unselected package libwavpack1:amd64.
2025-08-09T00:31:44.6918120Z Preparing to unpack .../34-libwavpack1_5.4.0-1build2_amd64.deb ...
2025-08-09T00:31:44.6927802Z Unpacking libwavpack1:amd64 (5.4.0-1build2) ...
2025-08-09T00:31:44.7156328Z Selecting previously unselected package gstreamer1.0-plugins-good:amd64.
2025-08-09T00:31:44.7322355Z Preparing to unpack .../35-gstreamer1.0-plugins-good_1.20.3-0ubuntu1.3_amd64.deb ...
2025-08-09T00:31:44.7330490Z Unpacking gstreamer1.0-plugins-good:amd64 (1.20.3-0ubuntu1.3) ...
2025-08-09T00:31:44.7859163Z Selecting previously unselected package libxv1:amd64.
2025-08-09T00:31:44.8025682Z Preparing to unpack .../36-libxv1_2%3a1.0.11-1build2_amd64.deb ...
2025-08-09T00:31:44.8034306Z Unpacking libxv1:amd64 (2:1.0.11-1build2) ...
2025-08-09T00:31:44.8242233Z Selecting previously unselected package gstreamer1.0-x:amd64.
2025-08-09T00:31:44.8410035Z Preparing to unpack .../37-gstreamer1.0-x_1.20.1-1ubuntu0.4_amd64.deb ...
2025-08-09T00:31:44.8419627Z Unpacking gstreamer1.0-x:amd64 (1.20.1-1ubuntu0.4) ...
2025-08-09T00:31:44.8657466Z Selecting previously unselected package libnl-route-3-200:amd64.
2025-08-09T00:31:44.8823540Z Preparing to unpack .../38-libnl-route-3-200_3.5.0-0.1_amd64.deb ...
2025-08-09T00:31:44.8832463Z Unpacking libnl-route-3-200:amd64 (3.5.0-0.1) ...
2025-08-09T00:31:44.9073682Z Selecting previously unselected package libibverbs1:amd64.
2025-08-09T00:31:44.9238561Z Preparing to unpack .../39-libibverbs1_39.0-1_amd64.deb ...
2025-08-09T00:31:44.9248359Z Unpacking libibverbs1:amd64 (39.0-1) ...
2025-08-09T00:31:44.9485448Z Selecting previously unselected package ibverbs-providers:amd64.
2025-08-09T00:31:44.9650187Z Preparing to unpack .../40-ibverbs-providers_39.0-1_amd64.deb ...
2025-08-09T00:31:44.9785533Z Unpacking ibverbs-providers:amd64 (39.0-1) ...
2025-08-09T00:31:45.0074407Z Selecting previously unselected package ipxe-qemu.
2025-08-09T00:31:45.0240210Z Preparing to unpack .../41-ipxe-qemu_1.21.1+git-20220113.fbbdc3926-0ubuntu1_all.deb ...
2025-08-09T00:31:45.0247939Z Unpacking ipxe-qemu (1.21.1+git-20220113.fbbdc3926-0ubuntu1) ...
2025-08-09T00:31:45.0613790Z Selecting previously unselected package ipxe-qemu-256k-compat-efi-roms.
2025-08-09T00:31:45.0781101Z Preparing to unpack .../42-ipxe-qemu-256k-compat-efi-roms_1.0.0+git-20150424.a25a16d-0ubuntu4_all.deb ...
2025-08-09T00:31:45.0789106Z Unpacking ipxe-qemu-256k-compat-efi-roms (1.0.0+git-20150424.a25a16d-0ubuntu4) ...
2025-08-09T00:31:45.1256875Z Selecting previously unselected package isolinux.
2025-08-09T00:31:45.1423373Z Preparing to unpack .../43-isolinux_3%3a6.04~git20190206.bf6db5b4+dfsg1-3ubuntu1_all.deb ...
2025-08-09T00:31:45.1431900Z Unpacking isolinux (3:6.04~git20190206.bf6db5b4+dfsg1-3ubuntu1) ...
2025-08-09T00:31:45.1660406Z Selecting previously unselected package libboost-iostreams1.74.0:amd64.
2025-08-09T00:31:45.1826766Z Preparing to unpack .../44-libboost-iostreams1.74.0_1.74.0-14ubuntu3_amd64.deb ...
2025-08-09T00:31:45.1837551Z Unpacking libboost-iostreams1.74.0:amd64 (1.74.0-14ubuntu3) ...
2025-08-09T00:31:45.2127799Z Selecting previously unselected package libboost-thread1.74.0:amd64.
2025-08-09T00:31:45.2292056Z Preparing to unpack .../45-libboost-thread1.74.0_1.74.0-14ubuntu3_amd64.deb ...
2025-08-09T00:31:45.2303523Z Unpacking libboost-thread1.74.0:amd64 (1.74.0-14ubuntu3) ...
2025-08-09T00:31:45.2683446Z Selecting previously unselected package libbrlapi0.8:amd64.
2025-08-09T00:31:45.2847888Z Preparing to unpack .../46-libbrlapi0.8_6.4-4ubuntu3_amd64.deb ...
2025-08-09T00:31:45.2858225Z Unpacking libbrlapi0.8:amd64 (6.4-4ubuntu3) ...
2025-08-09T00:31:45.3086836Z Selecting previously unselected package libpcsclite1:amd64.
2025-08-09T00:31:45.3252326Z Preparing to unpack .../47-libpcsclite1_1.9.5-3ubuntu1_amd64.deb ...
2025-08-09T00:31:45.3261855Z Unpacking libpcsclite1:amd64 (1.9.5-3ubuntu1) ...
2025-08-09T00:31:45.3478157Z Selecting previously unselected package libcacard0:amd64.
2025-08-09T00:31:45.3643460Z Preparing to unpack .../48-libcacard0_1%3a2.8.0-3build2_amd64.deb ...
2025-08-09T00:31:45.3653609Z Unpacking libcacard0:amd64 (1:2.8.0-3build2) ...
2025-08-09T00:31:45.3886792Z Selecting previously unselected package libdaxctl1:amd64.
2025-08-09T00:31:45.4053005Z Preparing to unpack .../49-libdaxctl1_72.1-1_amd64.deb ...
2025-08-09T00:31:45.4063536Z Unpacking libdaxctl1:amd64 (72.1-1) ...
2025-08-09T00:31:45.4282119Z Selecting previously unselected package libdecor-0-0:amd64.
2025-08-09T00:31:45.4446822Z Preparing to unpack .../50-libdecor-0-0_0.1.0-3build1_amd64.deb ...
2025-08-09T00:31:45.4457355Z Unpacking libdecor-0-0:amd64 (0.1.0-3build1) ...
2025-08-09T00:31:45.4666036Z Selecting previously unselected package libdecor-0-plugin-1-cairo:amd64.
2025-08-09T00:31:45.4833014Z Preparing to unpack .../51-libdecor-0-plugin-1-cairo_0.1.0-3build1_amd64.deb ...
2025-08-09T00:31:45.4841030Z Unpacking libdecor-0-plugin-1-cairo:amd64 (0.1.0-3build1) ...
2025-08-09T00:31:45.5047015Z Selecting previously unselected package libelf-dev:amd64.
2025-08-09T00:31:45.5212265Z Preparing to unpack .../52-libelf-dev_0.186-1ubuntu0.1_amd64.deb ...
2025-08-09T00:31:45.5223410Z Unpacking libelf-dev:amd64 (0.186-1ubuntu0.1) ...
2025-08-09T00:31:45.5693809Z Selecting previously unselected package libgfxdr0:amd64.
2025-08-09T00:31:45.5860995Z Preparing to unpack .../53-libgfxdr0_10.1-1ubuntu0.2_amd64.deb ...
2025-08-09T00:31:45.5872216Z Unpacking libgfxdr0:amd64 (10.1-1ubuntu0.2) ...
2025-08-09T00:31:45.6095673Z Selecting previously unselected package libglusterfs0:amd64.
2025-08-09T00:31:45.6259737Z Preparing to unpack .../54-libglusterfs0_10.1-1ubuntu0.2_amd64.deb ...
2025-08-09T00:31:45.6269602Z Unpacking libglusterfs0:amd64 (10.1-1ubuntu0.2) ...
2025-08-09T00:31:45.6509525Z Selecting previously unselected package libgfrpc0:amd64.
2025-08-09T00:31:45.6674434Z Preparing to unpack .../55-libgfrpc0_10.1-1ubuntu0.2_amd64.deb ...
2025-08-09T00:31:45.6683977Z Unpacking libgfrpc0:amd64 (10.1-1ubuntu0.2) ...
2025-08-09T00:31:45.6916166Z Selecting previously unselected package libgfapi0:amd64.
2025-08-09T00:31:45.7082569Z Preparing to unpack .../56-libgfapi0_10.1-1ubuntu0.2_amd64.deb ...
2025-08-09T00:31:45.7093156Z Unpacking libgfapi0:amd64 (10.1-1ubuntu0.2) ...
2025-08-09T00:31:45.7318671Z Selecting previously unselected package librdmacm1:amd64.
2025-08-09T00:31:45.7482584Z Preparing to unpack .../57-librdmacm1_39.0-1_amd64.deb ...
2025-08-09T00:31:45.7490967Z Unpacking librdmacm1:amd64 (39.0-1) ...
2025-08-09T00:31:45.7722692Z Selecting previously unselected package libiscsi7:amd64.
2025-08-09T00:31:45.7887431Z Preparing to unpack .../58-libiscsi7_1.19.0-3build2_amd64.deb ...
2025-08-09T00:31:45.7897308Z Unpacking libiscsi7:amd64 (1.19.0-3build2) ...
2025-08-09T00:31:45.8116626Z Selecting previously unselected package liblinear4:amd64.
2025-08-09T00:31:45.8281333Z Preparing to unpack .../59-liblinear4_2.3.0+dfsg-5_amd64.deb ...
2025-08-09T00:31:45.8292518Z Unpacking liblinear4:amd64 (2.3.0+dfsg-5) ...
2025-08-09T00:31:45.8541711Z Selecting previously unselected package libndctl6:amd64.
2025-08-09T00:31:45.8708294Z Preparing to unpack .../60-libndctl6_72.1-1_amd64.deb ...
2025-08-09T00:31:45.8718082Z Unpacking libndctl6:amd64 (72.1-1) ...
2025-08-09T00:31:45.8951955Z Selecting previously unselected package libpmem1:amd64.
2025-08-09T00:31:45.9118556Z Preparing to unpack .../61-libpmem1_1.11.1-3build1_amd64.deb ...
2025-08-09T00:31:45.9127882Z Unpacking libpmem1:amd64 (1.11.1-3build1) ...
2025-08-09T00:31:45.9369064Z Selecting previously unselected package libpmemobj1:amd64.
2025-08-09T00:31:45.9535863Z Preparing to unpack .../62-libpmemobj1_1.11.1-3build1_amd64.deb ...
2025-08-09T00:31:45.9544800Z Unpacking libpmemobj1:amd64 (1.11.1-3build1) ...
2025-08-09T00:31:45.9821692Z Selecting previously unselected package librados2.
2025-08-09T00:31:45.9991002Z Preparing to unpack .../63-librados2_17.2.7-0ubuntu0.22.04.2_amd64.deb ...
2025-08-09T00:31:46.0000499Z Unpacking librados2 (17.2.7-0ubuntu0.22.04.2) ...
2025-08-09T00:31:46.0656940Z Selecting previously unselected package librbd1.
2025-08-09T00:31:46.0821880Z Preparing to unpack .../64-librbd1_17.2.7-0ubuntu0.22.04.2_amd64.deb ...
2025-08-09T00:31:46.0830310Z Unpacking librbd1 (17.2.7-0ubuntu0.22.04.2) ...
2025-08-09T00:31:46.1573092Z Selecting previously unselected package libsdl2-2.0-0:amd64.
2025-08-09T00:31:46.1738417Z Preparing to unpack .../65-libsdl2-2.0-0_2.0.20+dfsg-2ubuntu1.22.04.1_amd64.deb ...
2025-08-09T00:31:46.1749671Z Unpacking libsdl2-2.0-0:amd64 (2.0.20+dfsg-2ubuntu1.22.04.1) ...
2025-08-09T00:31:46.2037327Z Selecting previously unselected package libspice-server1:amd64.
2025-08-09T00:31:46.2204794Z Preparing to unpack .../66-libspice-server1_0.15.0-2ubuntu4_amd64.deb ...
2025-08-09T00:31:46.2213380Z Unpacking libspice-server1:amd64 (0.15.0-2ubuntu4) ...
2025-08-09T00:31:46.2486678Z Selecting previously unselected package liburing2:amd64.
2025-08-09T00:31:46.2653596Z Preparing to unpack .../67-liburing2_2.1-2build1_amd64.deb ...
2025-08-09T00:31:46.2663740Z Unpacking liburing2:amd64 (2.1-2build1) ...
2025-08-09T00:31:46.2886180Z Selecting previously unselected package libusbredirparser1:amd64.
2025-08-09T00:31:46.3051217Z Preparing to unpack .../68-libusbredirparser1_0.11.0-2build1_amd64.deb ...
2025-08-09T00:31:46.3060365Z Unpacking libusbredirparser1:amd64 (0.11.0-2build1) ...
2025-08-09T00:31:46.3274791Z Selecting previously unselected package libvirglrenderer1:amd64.
2025-08-09T00:31:46.3440082Z Preparing to unpack .../69-libvirglrenderer1_0.9.1-1~exp1ubuntu2_amd64.deb ...
2025-08-09T00:31:46.3448752Z Unpacking libvirglrenderer1:amd64 (0.9.1-1~exp1ubuntu2) ...
2025-08-09T00:31:46.3671184Z Selecting previously unselected package libvte-2.91-common.
2025-08-09T00:31:46.3841616Z Preparing to unpack .../70-libvte-2.91-common_0.68.0-1ubuntu0.1_amd64.deb ...
2025-08-09T00:31:46.3850493Z Unpacking libvte-2.91-common (0.68.0-1ubuntu0.1) ...
2025-08-09T00:31:46.4086199Z Selecting previously unselected package libvte-2.91-0:amd64.
2025-08-09T00:31:46.4251653Z Preparing to unpack .../71-libvte-2.91-0_0.68.0-1ubuntu0.1_amd64.deb ...
2025-08-09T00:31:46.4261247Z Unpacking libvte-2.91-0:amd64 (0.68.0-1ubuntu0.1) ...
2025-08-09T00:31:46.4492960Z Selecting previously unselected package debootstrap.
2025-08-09T00:31:46.4657035Z Preparing to unpack .../72-debootstrap_1.0.126+nmu1ubuntu0.8_all.deb ...
2025-08-09T00:31:46.4666041Z Unpacking debootstrap (1.0.126+nmu1ubuntu0.8) ...
2025-08-09T00:31:46.5236557Z Selecting previously unselected package live-build.
2025-08-09T00:31:46.5404673Z Preparing to unpack .../73-live-build_3.0~a57-1ubuntu41.22.04.1_all.deb ...
2025-08-09T00:31:46.5414790Z Unpacking live-build (3.0~a57-1ubuntu41.22.04.1) ...
2025-08-09T00:31:46.6185828Z Selecting previously unselected package lua-lpeg:amd64.
2025-08-09T00:31:46.6355132Z Preparing to unpack .../74-lua-lpeg_1.0.2-1_amd64.deb ...
2025-08-09T00:31:46.6364853Z Unpacking lua-lpeg:amd64 (1.0.2-1) ...
2025-08-09T00:31:46.6622045Z Selecting previously unselected package mtools.
2025-08-09T00:31:46.6789339Z Preparing to unpack .../75-mtools_4.0.33-1+really4.0.32-1build1_amd64.deb ...
2025-08-09T00:31:46.6798546Z Unpacking mtools (4.0.33-1+really4.0.32-1build1) ...
2025-08-09T00:31:46.7190084Z Selecting previously unselected package nmap-common.
2025-08-09T00:31:46.7357348Z Preparing to unpack .../76-nmap-common_7.91+dfsg1+really7.80+dfsg1-2ubuntu0.1_all.deb ...
2025-08-09T00:31:46.7365981Z Unpacking nmap-common (7.91+dfsg1+really7.80+dfsg1-2ubuntu0.1) ...
2025-08-09T00:31:46.9370235Z Selecting previously unselected package pv.
2025-08-09T00:31:46.9540447Z Preparing to unpack .../77-pv_1.6.6-1build2_amd64.deb ...
2025-08-09T00:31:46.9549240Z Unpacking pv (1.6.6-1build2) ...
2025-08-09T00:31:46.9775050Z Selecting previously unselected package libfdt1:amd64.
2025-08-09T00:31:46.9941983Z Preparing to unpack .../78-libfdt1_1.6.1-1_amd64.deb ...
2025-08-09T00:31:46.9951903Z Unpacking libfdt1:amd64 (1.6.1-1) ...
2025-08-09T00:31:47.0179934Z Selecting previously unselected package qemu-system-common.
2025-08-09T00:31:47.0347156Z Preparing to unpack .../79-qemu-system-common_1%3a6.2+dfsg-2ubuntu6.26_amd64.deb ...
2025-08-09T00:31:47.0369622Z Unpacking qemu-system-common (1:6.2+dfsg-2ubuntu6.26) ...
2025-08-09T00:31:47.1274598Z Selecting previously unselected package qemu-system-data.
2025-08-09T00:31:47.1442759Z Preparing to unpack .../80-qemu-system-data_1%3a6.2+dfsg-2ubuntu6.26_all.deb ...
2025-08-09T00:31:47.1451147Z Unpacking qemu-system-data (1:6.2+dfsg-2ubuntu6.26) ...
2025-08-09T00:31:47.2177065Z Selecting previously unselected package seabios.
2025-08-09T00:31:47.2344458Z Preparing to unpack .../81-seabios_1.15.0-1_all.deb ...
2025-08-09T00:31:47.2355122Z Unpacking seabios (1.15.0-1) ...
2025-08-09T00:31:47.2618156Z Selecting previously unselected package qemu-system-x86.
2025-08-09T00:31:47.2787017Z Preparing to unpack .../82-qemu-system-x86_1%3a6.2+dfsg-2ubuntu6.26_amd64.deb ...
2025-08-09T00:31:47.2921713Z Unpacking qemu-system-x86 (1:6.2+dfsg-2ubuntu6.26) ...
2025-08-09T00:31:47.4362411Z Selecting previously unselected package qemu-utils.
2025-08-09T00:31:47.4533969Z Preparing to unpack .../83-qemu-utils_1%3a6.2+dfsg-2ubuntu6.26_amd64.deb ...
2025-08-09T00:31:47.4542949Z Unpacking qemu-utils (1:6.2+dfsg-2ubuntu6.26) ...
2025-08-09T00:31:47.5261147Z Selecting previously unselected package qemu-block-extra.
2025-08-09T00:31:47.5427065Z Preparing to unpack .../84-qemu-block-extra_1%3a6.2+dfsg-2ubuntu6.26_amd64.deb ...
2025-08-09T00:31:47.5447882Z Unpacking qemu-block-extra (1:6.2+dfsg-2ubuntu6.26) ...
2025-08-09T00:31:47.5663886Z Selecting previously unselected package qemu-system-gui.
2025-08-09T00:31:47.5829510Z Preparing to unpack .../85-qemu-system-gui_1%3a6.2+dfsg-2ubuntu6.26_amd64.deb ...
2025-08-09T00:31:47.5837463Z Unpacking qemu-system-gui (1:6.2+dfsg-2ubuntu6.26) ...
2025-08-09T00:31:47.6095820Z Selecting previously unselected package syslinux-common.
2025-08-09T00:31:47.6262555Z Preparing to unpack .../86-syslinux-common_3%3a6.04~git20190206.bf6db5b4+dfsg1-3ubuntu1_all.deb ...
2025-08-09T00:31:47.6276737Z Unpacking syslinux-common (3:6.04~git20190206.bf6db5b4+dfsg1-3ubuntu1) ...
2025-08-09T00:31:47.6868596Z Selecting previously unselected package syslinux-utils.
2025-08-09T00:31:47.7037122Z Preparing to unpack .../87-syslinux-utils_3%3a6.04~git20190206.bf6db5b4+dfsg1-3ubuntu1_amd64.deb ...
2025-08-09T00:31:47.7046775Z Unpacking syslinux-utils (3:6.04~git20190206.bf6db5b4+dfsg1-3ubuntu1) ...
2025-08-09T00:31:47.7338609Z Selecting previously unselected package nmap.
2025-08-09T00:31:47.7506193Z Preparing to unpack .../88-nmap_7.91+dfsg1+really7.80+dfsg1-2ubuntu0.1_amd64.deb ...
2025-08-09T00:31:47.7514735Z Unpacking nmap (7.91+dfsg1+really7.80+dfsg1-2ubuntu0.1) ...
2025-08-09T00:31:47.8391843Z Selecting previously unselected package ovmf.
2025-08-09T00:31:47.8558596Z Preparing to unpack .../89-ovmf_2022.02-3ubuntu0.22.04.3_all.deb ...
2025-08-09T00:31:47.8571856Z Unpacking ovmf (2022.02-3ubuntu0.22.04.3) ...
2025-08-09T00:31:47.9487897Z Setting up genisoimage (9:1.1.11-3.2ubuntu1) ...
2025-08-09T00:31:47.9616418Z Setting up libcdparanoia0:amd64 (3.10.2+debian-14build2) ...
2025-08-09T00:31:47.9643284Z Setting up lua-lpeg:amd64 (1.0.2-1) ...
2025-08-09T00:31:47.9669930Z Setting up debootstrap (1.0.126+nmu1ubuntu0.8) ...
2025-08-09T00:31:47.9695491Z Setting up libraw1394-11:amd64 (2.1.2-2build2) ...
2025-08-09T00:31:47.9722157Z Setting up libtag1v5-vanilla:amd64 (1.11.1+dfsg.1-3ubuntu3) ...
2025-08-09T00:31:47.9753413Z Setting up libmpg123-0:amd64 (1.29.3-1ubuntu0.1) ...
2025-08-09T00:31:47.9778451Z Setting up isolinux (3:6.04~git20190206.bf6db5b4+dfsg1-3ubuntu1) ...
2025-08-09T00:31:47.9811180Z Setting up libspeex1:amd64 (1.2~rc1.2-1.1ubuntu3) ...
2025-08-09T00:31:47.9837739Z Setting up libcaca0:amd64 (0.99.beta19-2.2ubuntu4) ...
2025-08-09T00:31:47.9864418Z Setting up libtwolame0:amd64 (0.4.0-2build2) ...
2025-08-09T00:31:47.9896336Z Setting up libvte-2.91-common (0.68.0-1ubuntu0.1) ...
2025-08-09T00:31:47.9946070Z Setting up libvisual-0.4-0:amd64 (0.4.0-17build2) ...
2025-08-09T00:31:47.9970419Z Setting up mtools (4.0.33-1+really4.0.32-1build1) ...
2025-08-09T00:31:48.0004174Z Setting up libboost-iostreams1.74.0:amd64 (1.74.0-14ubuntu3) ...
2025-08-09T00:31:48.0029943Z Setting up msr-tools (1.3-4) ...
2025-08-09T00:31:48.0053005Z Setting up syslinux-common (3:6.04~git20190206.bf6db5b4+dfsg1-3ubuntu1) ...
2025-08-09T00:31:48.0076966Z Setting up live-build (3.0~a57-1ubuntu41.22.04.1) ...
2025-08-09T00:31:48.0102129Z Setting up libfdt1:amd64 (1.6.1-1) ...
2025-08-09T00:31:48.0127774Z Setting up libvte-2.91-0:amd64 (0.68.0-1ubuntu0.1) ...
2025-08-09T00:31:48.0151852Z Setting up libusbredirparser1:amd64 (0.11.0-2build1) ...
2025-08-09T00:31:48.0179555Z Setting up liblinear4:amd64 (2.3.0+dfsg-5) ...
2025-08-09T00:31:48.0203755Z Setting up libflac8:amd64 (1.3.3-2ubuntu0.2) ...
2025-08-09T00:31:48.0230654Z Setting up syslinux-utils (3:6.04~git20190206.bf6db5b4+dfsg1-3ubuntu1) ...
2025-08-09T00:31:48.0254936Z Setting up libnl-route-3-200:amd64 (3.5.0-0.1) ...
2025-08-09T00:31:48.0281982Z Setting up ovmf (2022.02-3ubuntu0.22.04.3) ...
2025-08-09T00:31:48.0309044Z Setting up libglusterfs0:amd64 (10.1-1ubuntu0.2) ...
2025-08-09T00:31:48.0331347Z Setting up libvirglrenderer1:amd64 (0.9.1-1~exp1ubuntu2) ...
2025-08-09T00:31:48.0352696Z Setting up libopus0:amd64 (1.3.1-0.1build2) ...
2025-08-09T00:31:48.0377121Z Setting up libxv1:amd64 (2:1.0.11-1build2) ...
2025-08-09T00:31:48.0402008Z Setting up liborc-0.4-0:amd64 (1:0.4.32-2ubuntu0.1) ...
2025-08-09T00:31:48.0432865Z Setting up libelf-dev:amd64 (0.186-1ubuntu0.1) ...
2025-08-09T00:31:48.0458976Z Setting up libpcsclite1:amd64 (1.9.5-3ubuntu1) ...
2025-08-09T00:31:48.0489063Z Setting up libdaxctl1:amd64 (72.1-1) ...
2025-08-09T00:31:48.0515993Z Setting up qemu-system-data (1:6.2+dfsg-2ubuntu6.26) ...
2025-08-09T00:31:48.0541203Z Setting up seabios (1.15.0-1) ...
2025-08-09T00:31:48.0563006Z Setting up nmap-common (7.91+dfsg1+really7.80+dfsg1-2ubuntu0.1) ...
2025-08-09T00:31:48.0805587Z Setting up libtag1v5:amd64 (1.11.1+dfsg.1-3ubuntu3) ...
2025-08-09T00:31:48.0826646Z Setting up cpu-checker (0.7-1.3build1) ...
2025-08-09T00:31:48.0849573Z Setting up libdv4:amd64 (1.0.0-14build1) ...
2025-08-09T00:31:48.0874209Z Setting up libasyncns0:amd64 (0.8-6build2) ...
2025-08-09T00:31:48.0899711Z Setting up pv (1.6.6-1build2) ...
2025-08-09T00:31:48.0923836Z Setting up libwavpack1:amd64 (5.4.0-1build2) ...
2025-08-09T00:31:48.0951109Z Setting up ipxe-qemu (1.21.1+git-20220113.fbbdc3926-0ubuntu1) ...
2025-08-09T00:31:48.0977013Z Setting up libtheora0:amd64 (1.1.1+dfsg.1-15ubuntu4) ...
2025-08-09T00:31:48.1001160Z Setting up libv4lconvert0:amd64 (1.22.1-2build1) ...
2025-08-09T00:31:48.1024592Z Setting up libdecor-0-0:amd64 (0.1.0-3build1) ...
2025-08-09T00:31:48.1048527Z Setting up libndctl6:amd64 (72.1-1) ...
2025-08-09T00:31:48.1080474Z Setting up ipxe-qemu-256k-compat-efi-roms (1.0.0+git-20150424.a25a16d-0ubuntu4) ...
2025-08-09T00:31:48.1106192Z Setting up libvpx7:amd64 (1.11.0-2ubuntu2.4) ...
2025-08-09T00:31:48.1132523Z Setting up libbrlapi0.8:amd64 (6.4-4ubuntu3) ...
2025-08-09T00:31:48.1157855Z Setting up liburing2:amd64 (2.1-2build1) ...
2025-08-09T00:31:48.1185433Z Setting up libsamplerate0:amd64 (0.2.2-1build1) ...
2025-08-09T00:31:48.1210169Z Setting up libpmem1:amd64 (1.11.1-3build1) ...
2025-08-09T00:31:48.1239317Z Setting up libmp3lame0:amd64 (3.100-3build2) ...
2025-08-09T00:31:48.1267627Z Setting up libvorbisenc2:amd64 (1.3.7-1build2) ...
2025-08-09T00:31:48.1292585Z Setting up libgfxdr0:amd64 (10.1-1ubuntu0.2) ...
2025-08-09T00:31:48.1317929Z Setting up libboost-thread1.74.0:amd64 (1.74.0-14ubuntu3) ...
2025-08-09T00:31:48.1344637Z Setting up libaa1:amd64 (1.4p5-50build1) ...
2025-08-09T00:31:48.1367424Z Setting up libiec61883-0:amd64 (1.2.0-4build3) ...
2025-08-09T00:31:48.1399206Z Setting up libavc1394-0:amd64 (0.5.4-5build2) ...
2025-08-09T00:31:48.1421414Z Setting up libibverbs1:amd64 (39.0-1) ...
2025-08-09T00:31:48.2116440Z Setting up ibverbs-providers:amd64 (39.0-1) ...
2025-08-09T00:31:48.2382919Z Setting up libgstreamer-plugins-base1.0-0:amd64 (1.20.1-1ubuntu0.4) ...
2025-08-09T00:31:48.2413161Z Setting up nmap (7.91+dfsg1+really7.80+dfsg1-2ubuntu0.1) ...
2025-08-09T00:31:48.2442510Z Setting up libcacard0:amd64 (1:2.8.0-3build2) ...
2025-08-09T00:31:48.2465811Z Setting up libv4l-0:amd64 (1.22.1-2build1) ...
2025-08-09T00:31:48.2490389Z Setting up libgstreamer-plugins-good1.0-0:amd64 (1.20.3-0ubuntu1.3) ...
2025-08-09T00:31:48.2513695Z Setting up gstreamer1.0-plugins-base:amd64 (1.20.1-1ubuntu0.4) ...
2025-08-09T00:31:48.2535677Z Setting up libshout3:amd64 (2.4.5-1build3) ...
2025-08-09T00:31:48.2562039Z Setting up libpmemobj1:amd64 (1.11.1-3build1) ...
2025-08-09T00:31:48.2587229Z Setting up libdecor-0-plugin-1-cairo:amd64 (0.1.0-3build1) ...
2025-08-09T00:31:48.2609625Z Setting up libjack-jackd2-0:amd64 (1.9.20~dfsg-1) ...
2025-08-09T00:31:48.2634704Z Setting up libsndfile1:amd64 (1.0.31-2ubuntu0.2) ...
2025-08-09T00:31:48.2658654Z Setting up qemu-utils (1:6.2+dfsg-2ubuntu6.26) ...
2025-08-09T00:31:48.2685358Z Setting up libgfrpc0:amd64 (10.1-1ubuntu0.2) ...
2025-08-09T00:31:48.2716425Z Setting up librdmacm1:amd64 (39.0-1) ...
2025-08-09T00:31:48.2743265Z Setting up librados2 (17.2.7-0ubuntu0.22.04.2) ...
2025-08-09T00:31:48.2897630Z Setting up gstreamer1.0-x:amd64 (1.20.1-1ubuntu0.4) ...
2025-08-09T00:31:48.2923923Z Setting up libpulse0:amd64 (1:15.99.1+dfsg1-1ubuntu2.2) ...
2025-08-09T00:31:48.3002431Z Setting up gstreamer1.0-plugins-good:amd64 (1.20.3-0ubuntu1.3) ...
2025-08-09T00:31:48.3027566Z Setting up libspice-server1:amd64 (0.15.0-2ubuntu4) ...
2025-08-09T00:31:48.3055322Z Setting up librbd1 (17.2.7-0ubuntu0.22.04.2) ...
2025-08-09T00:31:48.3087645Z Setting up libgfapi0:amd64 (10.1-1ubuntu0.2) ...
2025-08-09T00:31:48.3118811Z Setting up libiscsi7:amd64 (1.19.0-3build2) ...
2025-08-09T00:31:48.3146460Z Setting up libsdl2-2.0-0:amd64 (2.0.20+dfsg-2ubuntu1.22.04.1) ...
2025-08-09T00:31:48.3173020Z Setting up qemu-block-extra (1:6.2+dfsg-2ubuntu6.26) ...
2025-08-09T00:31:48.6190978Z Created symlink /etc/systemd/system/multi-user.target.wants/run-qemu.mount → /lib/systemd/system/run-qemu.mount.
2025-08-09T00:31:49.0757285Z Setting up qemu-system-common (1:6.2+dfsg-2ubuntu6.26) ...
2025-08-09T00:31:49.1882633Z Created symlink /etc/systemd/system/multi-user.target.wants/qemu-kvm.service → /lib/systemd/system/qemu-kvm.service.
2025-08-09T00:31:50.0287660Z Setting up qemu-system-x86 (1:6.2+dfsg-2ubuntu6.26) ...
2025-08-09T00:31:50.0310739Z Setting up qemu-system-gui (1:6.2+dfsg-2ubuntu6.26) ...
2025-08-09T00:31:50.0340459Z Processing triggers for man-db (2.10.2-1) ...
2025-08-09T00:31:50.8243787Z Processing triggers for install-info (6.8-4build1) ...
2025-08-09T00:31:51.1176470Z Processing triggers for hicolor-icon-theme (0.17-2) ...
2025-08-09T00:31:52.9395795Z ##[error]The operation was canceled.
2025-08-09T00:31:52.9486765Z Post job cleanup.
2025-08-09T00:31:53.0433263Z [command]/usr/bin/git version
2025-08-09T00:31:53.0468304Z git version 2.50.1
2025-08-09T00:31:53.0513432Z Temporarily overriding HOME='/home/runner/work/_temp/554fb9a5-1777-408e-b980-277446653e2a' before making global git config changes
2025-08-09T00:31:53.0514679Z Adding repository directory to the temporary git global config as a safe directory
2025-08-09T00:31:53.0519574Z [command]/usr/bin/git config --global --add safe.directory /home/runner/work/ainux/ainux
2025-08-09T00:31:53.0559607Z [command]/usr/bin/git config --local --name-only --get-regexp core\.sshCommand
2025-08-09T00:31:53.0592134Z [command]/usr/bin/git submodule foreach --recursive sh -c "git config --local --name-only --get-regexp 'core\.sshCommand' && git config --local --unset-all 'core.sshCommand' || :"
2025-08-09T00:31:53.0816283Z [command]/usr/bin/git config --local --name-only --get-regexp http\.https\:\/\/github\.com\/\.extraheader
2025-08-09T00:31:53.0837310Z http.https://github.com/.extraheader
2025-08-09T00:31:53.0849808Z [command]/usr/bin/git config --local --unset-all http.https://github.com/.extraheader
2025-08-09T00:31:53.0880045Z [command]/usr/bin/git submodule foreach --recursive sh -c "git config --local --name-only --get-regexp 'http\.https\:\/\/github\.com\/\.extraheader' && git config --local --unset-all 'http.https://github.com/.extraheader' || :"
2025-08-09T00:31:53.1201133Z Cleaning up orphan processes
