2025-08-09T00:28:41.2274799Z Current runner version: '2.327.1'
2025-08-09T00:28:41.2298963Z ##[group]Runner Image Provisioner
2025-08-09T00:28:41.2299925Z Hosted Compute Agent
2025-08-09T00:28:41.2300670Z Version: 20250711.363
2025-08-09T00:28:41.2301260Z Commit: 6785254374ce925a23743850c1cb91912ce5c14c
2025-08-09T00:28:41.2302003Z Build Date: 2025-07-11T20:04:25Z
2025-08-09T00:28:41.2302575Z ##[endgroup]
2025-08-09T00:28:41.2303103Z ##[group]Operating System
2025-08-09T00:28:41.2303991Z Ubuntu
2025-08-09T00:28:41.2304453Z 22.04.5
2025-08-09T00:28:41.2304925Z LTS
2025-08-09T00:28:41.2305373Z ##[endgroup]
2025-08-09T00:28:41.2305890Z ##[group]Runner Image
2025-08-09T00:28:41.2306382Z Image: ubuntu-22.04
2025-08-09T00:28:41.2306919Z Version: 20250804.2.0
2025-08-09T00:28:41.2307887Z Included Software: https://github.com/actions/runner-images/blob/ubuntu22/20250804.2/images/ubuntu/Ubuntu2204-Readme.md
2025-08-09T00:28:41.2309409Z Image Release: https://github.com/actions/runner-images/releases/tag/ubuntu22%2F20250804.2
2025-08-09T00:28:41.2310705Z ##[endgroup]
2025-08-09T00:28:41.2313122Z ##[group]GITHUB_TOKEN Permissions
2025-08-09T00:28:41.2315742Z Actions: write
2025-08-09T00:28:41.2316274Z Attestations: write
2025-08-09T00:28:41.2317195Z Checks: write
2025-08-09T00:28:41.2317656Z Contents: write
2025-08-09T00:28:41.2318174Z Deployments: write
2025-08-09T00:28:41.2318730Z Discussions: write
2025-08-09T00:28:41.2319194Z Issues: write
2025-08-09T00:28:41.2319703Z Metadata: read
2025-08-09T00:28:41.2320180Z Models: read
2025-08-09T00:28:41.2320862Z Packages: write
2025-08-09T00:28:41.2321340Z Pages: write
2025-08-09T00:28:41.2321866Z PullRequests: write
2025-08-09T00:28:41.2322363Z RepositoryProjects: write
2025-08-09T00:28:41.2322928Z SecurityEvents: write
2025-08-09T00:28:41.2323579Z Statuses: write
2025-08-09T00:28:41.2324059Z ##[endgroup]
2025-08-09T00:28:41.2326104Z Secret source: Actions
2025-08-09T00:28:41.2327133Z Prepare workflow directory
2025-08-09T00:28:41.2661847Z Prepare all required actions
2025-08-09T00:28:41.2700689Z Getting action download info
2025-08-09T00:28:41.5553002Z ##[group]Download immutable action package 'actions/checkout@v4'
2025-08-09T00:28:41.5554017Z Version: 4.2.2
2025-08-09T00:28:41.5555286Z Digest: sha256:ccb2698953eaebd21c7bf6268a94f9c26518a7e38e27e0b83c1fe1ad049819b1
2025-08-09T00:28:41.5556665Z Source commit SHA: 11bd71901bbe5b1630ceea73d27597364c9af683
2025-08-09T00:28:41.5557352Z ##[endgroup]
2025-08-09T00:28:41.6400809Z ##[group]Download immutable action package 'actions/upload-artifact@v4'
2025-08-09T00:28:41.6401610Z Version: 4.6.2
2025-08-09T00:28:41.6402328Z Digest: sha256:290722aa3281d5caf23d0acdc3dbeb3424786a1a01a9cc97e72f147225e37c38
2025-08-09T00:28:41.6403303Z Source commit SHA: ea165f8d65b6e75b540449e92b4886f43607fa02
2025-08-09T00:28:41.6404010Z ##[endgroup]
2025-08-09T00:28:41.8349632Z Complete job name: build-test (main, true)
2025-08-09T00:28:41.9021395Z ##[group]Run actions/checkout@v4
2025-08-09T00:28:41.9022227Z with:
2025-08-09T00:28:41.9022592Z   lfs: true
2025-08-09T00:28:41.9022978Z   repository: yaotagroep/ainux
2025-08-09T00:28:41.9023603Z   token: ***
2025-08-09T00:28:41.9023966Z   ssh-strict: true
2025-08-09T00:28:41.9024344Z   ssh-user: git
2025-08-09T00:28:41.9024723Z   persist-credentials: true
2025-08-09T00:28:41.9025153Z   clean: true
2025-08-09T00:28:41.9025538Z   sparse-checkout-cone-mode: true
2025-08-09T00:28:41.9026001Z   fetch-depth: 1
2025-08-09T00:28:41.9026374Z   fetch-tags: false
2025-08-09T00:28:41.9026760Z   show-progress: true
2025-08-09T00:28:41.9027157Z   submodules: false
2025-08-09T00:28:41.9027543Z   set-safe-directory: true
2025-08-09T00:28:41.9028169Z ##[endgroup]
2025-08-09T00:28:42.0089057Z Syncing repository: yaotagroep/ainux
2025-08-09T00:28:42.0091032Z ##[group]Getting Git version info
2025-08-09T00:28:42.0091663Z Working directory is '/home/runner/work/ainux/ainux'
2025-08-09T00:28:42.0092607Z [command]/usr/bin/git version
2025-08-09T00:28:42.0128023Z git version 2.50.1
2025-08-09T00:28:42.0180153Z [command]/usr/bin/git lfs version
2025-08-09T00:28:42.6481933Z git-lfs/3.7.0 (GitHub; linux amd64; go 1.24.4)
2025-08-09T00:28:42.6495709Z ##[endgroup]
2025-08-09T00:28:42.6513903Z Temporarily overriding HOME='/home/runner/work/_temp/26fce0f0-fe95-4761-ae1a-82c81c03b88b' before making global git config changes
2025-08-09T00:28:42.6516547Z Adding repository directory to the temporary git global config as a safe directory
2025-08-09T00:28:42.6521062Z [command]/usr/bin/git config --global --add safe.directory /home/runner/work/ainux/ainux
2025-08-09T00:28:42.6554525Z Deleting the contents of '/home/runner/work/ainux/ainux'
2025-08-09T00:28:42.6558646Z ##[group]Initializing the repository
2025-08-09T00:28:42.6563577Z [command]/usr/bin/git init /home/runner/work/ainux/ainux
2025-08-09T00:28:42.6615770Z hint: Using 'master' as the name for the initial branch. This default branch name
2025-08-09T00:28:42.6617419Z hint: is subject to change. To configure the initial branch name to use in all
2025-08-09T00:28:42.6619104Z hint: of your new repositories, which will suppress this warning, call:
2025-08-09T00:28:42.6620763Z hint:
2025-08-09T00:28:42.6621791Z hint: 	git config --global init.defaultBranch <name>
2025-08-09T00:28:42.6622985Z hint:
2025-08-09T00:28:42.6624165Z hint: Names commonly chosen instead of 'master' are 'main', 'trunk' and
2025-08-09T00:28:42.6626053Z hint: 'development'. The just-created branch can be renamed via this command:
2025-08-09T00:28:42.6627405Z hint:
2025-08-09T00:28:42.6628179Z hint: 	git branch -m <name>
2025-08-09T00:28:42.6629089Z hint:
2025-08-09T00:28:42.6630518Z hint: Disable this message with "git config set advice.defaultBranchName false"
2025-08-09T00:28:42.6632549Z Initialized empty Git repository in /home/runner/work/ainux/ainux/.git/
2025-08-09T00:28:42.6635426Z [command]/usr/bin/git remote add origin https://github.com/yaotagroep/ainux
2025-08-09T00:28:42.6667241Z ##[endgroup]
2025-08-09T00:28:42.6668634Z ##[group]Disabling automatic garbage collection
2025-08-09T00:28:42.6672171Z [command]/usr/bin/git config --local gc.auto 0
2025-08-09T00:28:42.6697963Z ##[endgroup]
2025-08-09T00:28:42.6699366Z ##[group]Setting up auth
2025-08-09T00:28:42.6705658Z [command]/usr/bin/git config --local --name-only --get-regexp core\.sshCommand
2025-08-09T00:28:42.6736053Z [command]/usr/bin/git submodule foreach --recursive sh -c "git config --local --name-only --get-regexp 'core\.sshCommand' && git config --local --unset-all 'core.sshCommand' || :"
2025-08-09T00:28:42.6962955Z [command]/usr/bin/git config --local --name-only --get-regexp http\.https\:\/\/github\.com\/\.extraheader
2025-08-09T00:28:42.6991469Z [command]/usr/bin/git submodule foreach --recursive sh -c "git config --local --name-only --get-regexp 'http\.https\:\/\/github\.com\/\.extraheader' && git config --local --unset-all 'http.https://github.com/.extraheader' || :"
2025-08-09T00:28:42.7216782Z [command]/usr/bin/git config --local http.https://github.com/.extraheader AUTHORIZATION: basic ***
2025-08-09T00:28:42.7250859Z ##[endgroup]
2025-08-09T00:28:42.7254956Z [command]/usr/bin/git lfs install --local
2025-08-09T00:28:42.7591275Z Updated Git hooks.
2025-08-09T00:28:42.7591910Z Git LFS initialized.
2025-08-09T00:28:42.7694305Z ##[group]Fetching the repository
2025-08-09T00:28:42.7704104Z [command]/usr/bin/git -c protocol.version=2 fetch --no-tags --prune --no-recurse-submodules --depth=1 origin +8dec13dca98b287848bf8f5eec222f018b6eb31f:refs/remotes/origin/main
2025-08-09T00:28:42.9917044Z From https://github.com/yaotagroep/ainux
2025-08-09T00:28:42.9919048Z  * [new ref]         8dec13dca98b287848bf8f5eec222f018b6eb31f -> origin/main
2025-08-09T00:28:42.9942860Z ##[endgroup]
2025-08-09T00:28:42.9944439Z ##[group]Determining the checkout info
2025-08-09T00:28:42.9946260Z ##[endgroup]
2025-08-09T00:28:42.9947579Z ##[group]Fetching LFS objects
2025-08-09T00:28:42.9950221Z [command]/usr/bin/git lfs fetch origin refs/remotes/origin/main
2025-08-09T00:28:43.0164078Z Fetching reference refs/remotes/origin/main
2025-08-09T00:28:43.0341053Z ##[endgroup]
2025-08-09T00:28:43.0345066Z [command]/usr/bin/git sparse-checkout disable
2025-08-09T00:28:43.0382478Z [command]/usr/bin/git config --local --unset-all extensions.worktreeConfig
2025-08-09T00:28:43.0408260Z ##[group]Checking out the ref
2025-08-09T00:28:43.0411576Z [command]/usr/bin/git checkout --progress --force -B main refs/remotes/origin/main
2025-08-09T00:28:43.0471948Z Switched to a new branch 'main'
2025-08-09T00:28:43.0474603Z branch 'main' set up to track 'origin/main'.
2025-08-09T00:28:43.0705296Z ##[endgroup]
2025-08-09T00:28:43.0739868Z [command]/usr/bin/git log -1 --format=%H
2025-08-09T00:28:43.0763596Z 8dec13dca98b287848bf8f5eec222f018b6eb31f
2025-08-09T00:28:43.0969343Z ##[group]Run echo "⏳ Reclaiming space..."
2025-08-09T00:28:43.0971049Z [36;1mecho "⏳ Reclaiming space..."[0m
2025-08-09T00:28:43.0972380Z [36;1msudo rm -rf /usr/local/lib/android[0m
2025-08-09T00:28:43.0973725Z [36;1msudo rm -rf /usr/local/share/boost[0m
2025-08-09T00:28:43.0974994Z [36;1msudo rm -rf /usr/share/dotnet[0m
2025-08-09T00:28:43.0976170Z [36;1msudo rm -rf /opt/ghc[0m
2025-08-09T00:28:43.0977314Z [36;1msudo rm -rf /opt/hostedtoolcache[0m
2025-08-09T00:28:43.0978530Z [36;1msudo apt-get clean[0m
2025-08-09T00:28:43.0979653Z [36;1msudo rm -rf "$AGENT_TOOLSDIRECTORY"[0m
2025-08-09T00:28:43.0981123Z [36;1mdf -h[0m
2025-08-09T00:28:43.0981949Z [36;1m [0m
2025-08-09T00:28:43.1014236Z shell: /usr/bin/bash -e {0}
2025-08-09T00:28:43.1015292Z ##[endgroup]
2025-08-09T00:28:43.1091038Z ⏳ Reclaiming space...
2025-08-09T00:30:57.8736636Z Filesystem      Size  Used Avail Use% Mounted on
2025-08-09T00:30:57.8739528Z /dev/root        73G   36G   37G  50% /
2025-08-09T00:30:57.8740608Z tmpfs           7.9G  172K  7.9G   1% /dev/shm
2025-08-09T00:30:57.8741091Z tmpfs           3.2G  1.1M  3.2G   1% /run
2025-08-09T00:30:57.8741608Z tmpfs           5.0M     0  5.0M   0% /run/lock
2025-08-09T00:30:57.8742137Z /dev/sda15      105M  6.1M   99M   6% /boot/efi
2025-08-09T00:30:57.8742663Z /dev/sdb1        74G  4.1G   66G   6% /mnt
2025-08-09T00:30:57.8743175Z tmpfs           1.6G   12K  1.6G   1% /run/user/1001
2025-08-09T00:30:57.8775101Z ##[group]Run sudo apt-get update
2025-08-09T00:30:57.8775420Z [36;1msudo apt-get update[0m
2025-08-09T00:30:57.8775659Z [36;1msudo apt-get install -y \[0m
2025-08-09T00:30:57.8776016Z [36;1m  git build-essential libncurses-dev bison flex libssl-dev \[0m
2025-08-09T00:30:57.8776422Z [36;1m  libelf-dev bc gcc make debootstrap live-build squashfs-tools \[0m
2025-08-09T00:30:57.8776834Z [36;1m  dosfstools xorriso isolinux syslinux-utils genisoimage \[0m
2025-08-09T00:30:57.8777220Z [36;1m  qemu-system-x86 python3-pip nmap curl wget rsync pv \[0m
2025-08-09T00:30:57.8777578Z [36;1m  grub-pc-bin grub-efi-amd64-bin mtools[0m
2025-08-09T00:30:57.8777822Z [36;1m  [0m
2025-08-09T00:30:57.8806094Z shell: /usr/bin/bash -e {0}
2025-08-09T00:30:57.8806327Z ##[endgroup]
2025-08-09T00:30:57.9757532Z Get:1 file:/etc/apt/apt-mirrors.txt Mirrorlist [144 B]
2025-08-09T00:30:58.0119971Z Hit:2 http://azure.archive.ubuntu.com/ubuntu jammy InRelease
2025-08-09T00:30:58.0133067Z Get:3 http://azure.archive.ubuntu.com/ubuntu jammy-updates InRelease [128 kB]
2025-08-09T00:30:58.0165860Z Get:6 https://packages.microsoft.com/repos/azure-cli jammy InRelease [3596 B]
2025-08-09T00:30:58.0182001Z Get:4 http://azure.archive.ubuntu.com/ubuntu jammy-backports InRelease [127 kB]
2025-08-09T00:30:58.0218085Z Get:5 http://azure.archive.ubuntu.com/ubuntu jammy-security InRelease [129 kB]
2025-08-09T00:30:58.0230785Z Get:7 https://packages.microsoft.com/ubuntu/22.04/prod jammy InRelease [3632 B]
2025-08-09T00:30:58.2629922Z Get:8 https://packages.microsoft.com/repos/azure-cli jammy/main amd64 Packages [2575 B]
2025-08-09T00:30:58.4077139Z Get:9 http://azure.archive.ubuntu.com/ubuntu jammy-security/main Translation-en [379 kB]
2025-08-09T00:30:58.4572599Z Get:10 https://packages.microsoft.com/ubuntu/22.04/prod jammy/main arm64 Packages [75.0 kB]
2025-08-09T00:30:58.4654413Z Get:11 https://packages.microsoft.com/ubuntu/22.04/prod jammy/main amd64 Packages [239 kB]
2025-08-09T00:31:01.1140059Z Fetched 1087 kB in 1s (2008 kB/s)
2025-08-09T00:31:01.9524512Z Reading package lists...
2025-08-09T00:31:02.0112154Z Reading package lists...
2025-08-09T00:31:02.2009635Z Building dependency tree...
2025-08-09T00:31:02.2020730Z Reading state information...
2025-08-09T00:31:02.3587404Z bc is already the newest version (1.07.1-3build1).
2025-08-09T00:31:02.3587989Z bc set to manually installed.
2025-08-09T00:31:02.3588474Z bison is already the newest version (2:3.8.2+dfsg-1build1).
2025-08-09T00:31:02.3589200Z build-essential is already the newest version (12.9ubuntu3).
2025-08-09T00:31:02.3589782Z build-essential set to manually installed.
2025-08-09T00:31:02.3590692Z dosfstools is already the newest version (4.2-1build3).
2025-08-09T00:31:02.3591245Z dosfstools set to manually installed.
2025-08-09T00:31:02.3591843Z flex is already the newest version (2.6.4-8build2).
2025-08-09T00:31:02.3592592Z gcc is already the newest version (4:11.2.0-1ubuntu1).
2025-08-09T00:31:02.3593146Z make is already the newest version (4.3-4.1build1).
2025-08-09T00:31:02.3593730Z squashfs-tools is already the newest version (1:4.5-3build1).
2025-08-09T00:31:02.3594295Z squashfs-tools set to manually installed.
2025-08-09T00:31:02.3594776Z xorriso is already the newest version (1.5.4-2).
2025-08-09T00:31:02.3595322Z curl is already the newest version (7.81.0-1ubuntu1.20).
2025-08-09T00:31:02.3595925Z grub-efi-amd64-bin is already the newest version (2.06-2ubuntu14.8).
2025-08-09T00:31:02.3596500Z grub-efi-amd64-bin set to manually installed.
2025-08-09T00:31:02.3597015Z grub-pc-bin is already the newest version (2.06-2ubuntu7.2).
2025-08-09T00:31:02.3597526Z grub-pc-bin set to manually installed.
2025-08-09T00:31:02.3598034Z libncurses-dev is already the newest version (6.3-2ubuntu0.1).
2025-08-09T00:31:02.3598689Z libncurses-dev set to manually installed.
2025-08-09T00:31:02.3599234Z libssl-dev is already the newest version (3.0.2-0ubuntu1.19).
2025-08-09T00:31:02.3599891Z rsync is already the newest version (3.2.7-0ubuntu0.22.04.4).
2025-08-09T00:31:02.3601495Z wget is already the newest version (1.21.2-2ubuntu1.1).
2025-08-09T00:31:02.3602115Z python3-pip is already the newest version (22.0.2+dfsg-1ubuntu0.6).
2025-08-09T00:31:02.3602777Z git is already the newest version (1:2.50.1-0ppa1~ubuntu22.04.1).
2025-08-09T00:31:02.3603354Z The following additional packages will be installed:
2025-08-09T00:31:02.3603927Z   cpu-checker gstreamer1.0-plugins-base gstreamer1.0-plugins-good
2025-08-09T00:31:02.3604656Z   gstreamer1.0-x ibverbs-providers ipxe-qemu ipxe-qemu-256k-compat-efi-roms
2025-08-09T00:31:02.3605359Z   libaa1 libasyncns0 libavc1394-0 libboost-iostreams1.74.0
2025-08-09T00:31:02.3606008Z   libboost-thread1.74.0 libbrlapi0.8 libcaca0 libcacard0 libcdparanoia0
2025-08-09T00:31:02.3606761Z   libdaxctl1 libdecor-0-0 libdecor-0-plugin-1-cairo libdv4 libfdt1 libflac8
2025-08-09T00:31:02.3607592Z   libgfapi0 libgfrpc0 libgfxdr0 libglusterfs0 libgstreamer-plugins-base1.0-0
2025-08-09T00:31:02.3608371Z   libgstreamer-plugins-good1.0-0 libibverbs1 libiec61883-0 libiscsi7
2025-08-09T00:31:02.3609169Z   libjack-jackd2-0 liblinear4 libmp3lame0 libmpg123-0 libndctl6
2025-08-09T00:31:02.3609957Z   libnl-route-3-200 libopus0 liborc-0.4-0 libpcsclite1 libpmem1 libpmemobj1
2025-08-09T00:31:02.3610974Z   libpulse0 librados2 libraw1394-11 librbd1 librdmacm1 libsamplerate0
2025-08-09T00:31:02.3611769Z   libsdl2-2.0-0 libshout3 libsndfile1 libspeex1 libspice-server1 libtag1v5
2025-08-09T00:31:02.3612543Z   libtag1v5-vanilla libtheora0 libtwolame0 liburing2 libusbredirparser1
2025-08-09T00:31:02.3613312Z   libv4l-0 libv4lconvert0 libvirglrenderer1 libvisual-0.4-0 libvorbisenc2
2025-08-09T00:31:02.3614056Z   libvpx7 libvte-2.91-0 libvte-2.91-common libwavpack1 libxv1 lua-lpeg
2025-08-09T00:31:02.3614738Z   msr-tools nmap-common ovmf qemu-block-extra qemu-system-common
2025-08-09T00:31:02.3615431Z   qemu-system-data qemu-system-gui qemu-utils seabios syslinux-common
2025-08-09T00:31:02.3615988Z Suggested packages:
2025-08-09T00:31:02.3616819Z   squid-deb-proxy-client debian-archive-keyring arch-test wodim cdrkit-doc
2025-08-09T00:31:02.3617598Z   gvfs libdv-bin oss-compat libvisual-0.4-plugins jackd2 liblinear-tools
2025-08-09T00:31:02.3618303Z   liblinear-dev opus-tools pcscd pulseaudio libraw1394-doc speex
2025-08-09T00:31:02.3619047Z   gstreamer1.0-libav gstreamer1.0-plugins-ugly memtest86+ | memtest86 syslinux
2025-08-09T00:31:02.3619836Z   | grub win32-loader gnu-fdisk floppyd ncat ndiff zenmap doc-base samba vde2
2025-08-09T00:31:02.3620629Z   libcrypt-passwdmd5-perl
2025-08-09T00:31:02.3932399Z The following NEW packages will be installed:
2025-08-09T00:31:02.3933108Z   cpu-checker debootstrap genisoimage gstreamer1.0-plugins-base
2025-08-09T00:31:02.3933848Z   gstreamer1.0-plugins-good gstreamer1.0-x ibverbs-providers ipxe-qemu
2025-08-09T00:31:02.3934665Z   ipxe-qemu-256k-compat-efi-roms isolinux libaa1 libasyncns0 libavc1394-0
2025-08-09T00:31:02.3935450Z   libboost-iostreams1.74.0 libboost-thread1.74.0 libbrlapi0.8 libcaca0
2025-08-09T00:31:02.3937376Z   libcacard0 libcdparanoia0 libdaxctl1 libdecor-0-0 libdecor-0-plugin-1-cairo
2025-08-09T00:31:02.3938182Z   libdv4 libelf-dev libfdt1 libflac8 libgfapi0 libgfrpc0 libgfxdr0
2025-08-09T00:31:02.3938953Z   libglusterfs0 libgstreamer-plugins-base1.0-0 libgstreamer-plugins-good1.0-0
2025-08-09T00:31:02.3939809Z   libibverbs1 libiec61883-0 libiscsi7 libjack-jackd2-0 liblinear4 libmp3lame0
2025-08-09T00:31:02.3940780Z   libmpg123-0 libndctl6 libnl-route-3-200 libopus0 liborc-0.4-0 libpcsclite1
2025-08-09T00:31:02.3941579Z   libpmem1 libpmemobj1 libpulse0 librados2 libraw1394-11 librbd1 librdmacm1
2025-08-09T00:31:02.3942358Z   libsamplerate0 libsdl2-2.0-0 libshout3 libsndfile1 libspeex1
2025-08-09T00:31:02.3943178Z   libspice-server1 libtag1v5 libtag1v5-vanilla libtheora0 libtwolame0
2025-08-09T00:31:02.3943942Z   liburing2 libusbredirparser1 libv4l-0 libv4lconvert0 libvirglrenderer1
2025-08-09T00:31:02.3944737Z   libvisual-0.4-0 libvorbisenc2 libvpx7 libvte-2.91-0 libvte-2.91-common
2025-08-09T00:31:02.3945996Z   libwavpack1 libxv1 live-build lua-lpeg msr-tools mtools nmap nmap-common
2025-08-09T00:31:02.3946840Z   ovmf pv qemu-block-extra qemu-system-common qemu-system-data qemu-system-gui
2025-08-09T00:31:02.3947749Z   qemu-system-x86 qemu-utils seabios syslinux-common syslinux-utils
2025-08-09T00:31:02.4119802Z 0 upgraded, 90 newly installed, 0 to remove and 16 not upgraded.
2025-08-09T00:31:02.4120677Z Need to get 53.2 MB of archives.
2025-08-09T00:31:02.4121199Z After this operation, 193 MB of additional disk space will be used.
2025-08-09T00:31:02.4121813Z Get:1 file:/etc/apt/apt-mirrors.txt Mirrorlist [144 B]
2025-08-09T00:31:02.4598975Z Get:2 http://azure.archive.ubuntu.com/ubuntu jammy/main amd64 msr-tools amd64 1.3-4 [10.3 kB]
2025-08-09T00:31:02.4892599Z Get:3 http://azure.archive.ubuntu.com/ubuntu jammy/main amd64 cpu-checker amd64 0.7-1.3build1 [6800 B]
2025-08-09T00:31:02.5179409Z Get:4 http://azure.archive.ubuntu.com/ubuntu jammy/main amd64 genisoimage amd64 9:1.1.11-3.2ubuntu1 [370 kB]
2025-08-09T00:31:02.5507370Z Get:5 http://azure.archive.ubuntu.com/ubuntu jammy/main amd64 libcdparanoia0 amd64 3.10.2+debian-14build2 [49.3 kB]
2025-08-09T00:31:02.5818787Z Get:6 http://azure.archive.ubuntu.com/ubuntu jammy-updates/main amd64 liborc-0.4-0 amd64 1:0.4.32-2ubuntu0.1 [228 kB]
2025-08-09T00:31:02.6120787Z Get:7 http://azure.archive.ubuntu.com/ubuntu jammy-updates/main amd64 libgstreamer-plugins-base1.0-0 amd64 1.20.1-1ubuntu0.4 [848 kB]
2025-08-09T00:31:02.6691925Z Get:8 http://azure.archive.ubuntu.com/ubuntu jammy/main amd64 libopus0 amd64 1.3.1-0.1build2 [203 kB]
2025-08-09T00:31:02.6998065Z Get:9 http://azure.archive.ubuntu.com/ubuntu jammy/main amd64 libtheora0 amd64 1.1.1+dfsg.1-15ubuntu4 [209 kB]
2025-08-09T00:31:02.7344907Z Get:10 http://azure.archive.ubuntu.com/ubuntu jammy/main amd64 libvisual-0.4-0 amd64 0.4.0-17build2 [108 kB]
2025-08-09T00:31:02.7642334Z Get:11 http://azure.archive.ubuntu.com/ubuntu jammy/main amd64 libvorbisenc2 amd64 1.3.7-1build2 [82.6 kB]
2025-08-09T00:31:02.7937733Z Get:12 http://azure.archive.ubuntu.com/ubuntu jammy-updates/main amd64 gstreamer1.0-plugins-base amd64 1.20.1-1ubuntu0.4 [712 kB]
2025-08-09T00:31:02.8294685Z Get:13 http://azure.archive.ubuntu.com/ubuntu jammy/main amd64 libaa1 amd64 1.4p5-50build1 [51.9 kB]
2025-08-09T00:31:02.8592941Z Get:14 http://azure.archive.ubuntu.com/ubuntu jammy/main amd64 libraw1394-11 amd64 2.1.2-2build2 [27.0 kB]
2025-08-09T00:31:02.9074491Z Get:15 http://azure.archive.ubuntu.com/ubuntu jammy/main amd64 libavc1394-0 amd64 0.5.4-5build2 [17.0 kB]
2025-08-09T00:31:02.9535574Z Get:16 http://azure.archive.ubuntu.com/ubuntu jammy/main amd64 libcaca0 amd64 0.99.beta19-2.2ubuntu4 [224 kB]
2025-08-09T00:31:02.9841045Z Get:17 http://azure.archive.ubuntu.com/ubuntu jammy/main amd64 libdv4 amd64 1.0.0-14build1 [61.9 kB]
2025-08-09T00:31:03.0136353Z Get:18 http://azure.archive.ubuntu.com/ubuntu jammy-updates/main amd64 libflac8 amd64 1.3.3-2ubuntu0.2 [111 kB]
2025-08-09T00:31:03.0475619Z Get:19 http://azure.archive.ubuntu.com/ubuntu jammy-updates/main amd64 libgstreamer-plugins-good1.0-0 amd64 1.20.3-0ubuntu1.3 [30.1 kB]
2025-08-09T00:31:03.1189767Z Get:20 http://azure.archive.ubuntu.com/ubuntu jammy/main amd64 libiec61883-0 amd64 1.2.0-4build3 [25.9 kB]
2025-08-09T00:31:03.1481469Z Get:21 http://azure.archive.ubuntu.com/ubuntu jammy/main amd64 libsamplerate0 amd64 0.2.2-1build1 [1359 kB]
2025-08-09T00:31:03.2089417Z Get:22 http://azure.archive.ubuntu.com/ubuntu jammy/main amd64 libjack-jackd2-0 amd64 1.9.20~dfsg-1 [293 kB]
2025-08-09T00:31:03.2399413Z Get:23 http://azure.archive.ubuntu.com/ubuntu jammy/main amd64 libmp3lame0 amd64 3.100-3build2 [141 kB]
2025-08-09T00:31:03.2694754Z Get:24 http://azure.archive.ubuntu.com/ubuntu jammy-updates/main amd64 libmpg123-0 amd64 1.29.3-1ubuntu0.1 [172 kB]
2025-08-09T00:31:03.3003765Z Get:25 http://azure.archive.ubuntu.com/ubuntu jammy/main amd64 libasyncns0 amd64 0.8-6build2 [12.8 kB]
2025-08-09T00:31:03.3293339Z Get:26 http://azure.archive.ubuntu.com/ubuntu jammy-updates/main amd64 libsndfile1 amd64 1.0.31-2ubuntu0.2 [196 kB]
2025-08-09T00:31:03.3600280Z Get:27 http://azure.archive.ubuntu.com/ubuntu jammy-updates/main amd64 libpulse0 amd64 1:15.99.1+dfsg1-1ubuntu2.2 [298 kB]
2025-08-09T00:31:03.3920647Z Get:28 http://azure.archive.ubuntu.com/ubuntu jammy/main amd64 libspeex1 amd64 1.2~rc1.2-1.1ubuntu3 [57.9 kB]
2025-08-09T00:31:03.4208143Z Get:29 http://azure.archive.ubuntu.com/ubuntu jammy/main amd64 libshout3 amd64 2.4.5-1build3 [54.5 kB]
2025-08-09T00:31:03.4497159Z Get:30 http://azure.archive.ubuntu.com/ubuntu jammy/main amd64 libtag1v5-vanilla amd64 1.11.1+dfsg.1-3ubuntu3 [304 kB]
2025-08-09T00:31:03.4807563Z Get:31 http://azure.archive.ubuntu.com/ubuntu jammy/main amd64 libtag1v5 amd64 1.11.1+dfsg.1-3ubuntu3 [11.5 kB]
2025-08-09T00:31:03.5094798Z Get:32 http://azure.archive.ubuntu.com/ubuntu jammy/main amd64 libtwolame0 amd64 0.4.0-2build2 [52.5 kB]
2025-08-09T00:31:03.5399108Z Get:33 http://azure.archive.ubuntu.com/ubuntu jammy/main amd64 libv4lconvert0 amd64 1.22.1-2build1 [82.4 kB]
2025-08-09T00:31:03.5695719Z Get:34 http://azure.archive.ubuntu.com/ubuntu jammy/main amd64 libv4l-0 amd64 1.22.1-2build1 [44.9 kB]
2025-08-09T00:31:03.5995916Z Get:35 http://azure.archive.ubuntu.com/ubuntu jammy-updates/main amd64 libvpx7 amd64 1.11.0-2ubuntu2.4 [1078 kB]
2025-08-09T00:31:03.6609125Z Get:36 http://azure.archive.ubuntu.com/ubuntu jammy/main amd64 libwavpack1 amd64 5.4.0-1build2 [83.7 kB]
2025-08-09T00:31:03.6906434Z Get:37 http://azure.archive.ubuntu.com/ubuntu jammy-updates/main amd64 gstreamer1.0-plugins-good amd64 1.20.3-0ubuntu1.3 [2010 kB]
2025-08-09T00:31:03.7609568Z Get:38 http://azure.archive.ubuntu.com/ubuntu jammy/main amd64 libxv1 amd64 2:1.0.11-1build2 [11.2 kB]
2025-08-09T00:31:03.8343026Z Get:39 http://azure.archive.ubuntu.com/ubuntu jammy-updates/main amd64 gstreamer1.0-x amd64 1.20.1-1ubuntu0.4 [85.1 kB]
2025-08-09T00:31:03.8637423Z Get:40 http://azure.archive.ubuntu.com/ubuntu jammy/main amd64 libnl-route-3-200 amd64 3.5.0-0.1 [180 kB]
2025-08-09T00:31:03.8939804Z Get:41 http://azure.archive.ubuntu.com/ubuntu jammy/main amd64 libibverbs1 amd64 39.0-1 [69.3 kB]
2025-08-09T00:31:03.9239580Z Get:42 http://azure.archive.ubuntu.com/ubuntu jammy/main amd64 ibverbs-providers amd64 39.0-1 [341 kB]
2025-08-09T00:31:03.9556040Z Get:43 http://azure.archive.ubuntu.com/ubuntu jammy/main amd64 ipxe-qemu all 1.21.1+git-20220113.fbbdc3926-0ubuntu1 [1569 kB]
2025-08-09T00:31:04.0188903Z Get:44 http://azure.archive.ubuntu.com/ubuntu jammy/main amd64 ipxe-qemu-256k-compat-efi-roms all 1.0.0+git-20150424.a25a16d-0ubuntu4 [552 kB]
2025-08-09T00:31:04.0594529Z Get:45 http://azure.archive.ubuntu.com/ubuntu jammy/universe amd64 isolinux all 3:6.04~git20190206.bf6db5b4+dfsg1-3ubuntu1 [60.1 kB]
2025-08-09T00:31:04.0882105Z Get:46 http://azure.archive.ubuntu.com/ubuntu jammy/main amd64 libboost-iostreams1.74.0 amd64 1.74.0-14ubuntu3 [245 kB]
2025-08-09T00:31:04.1186091Z Get:47 http://azure.archive.ubuntu.com/ubuntu jammy/main amd64 libboost-thread1.74.0 amd64 1.74.0-14ubuntu3 [262 kB]
2025-08-09T00:31:04.1489592Z Get:48 http://azure.archive.ubuntu.com/ubuntu jammy-updates/main amd64 libbrlapi0.8 amd64 6.4-4ubuntu3 [28.7 kB]
2025-08-09T00:31:04.1773156Z Get:49 http://azure.archive.ubuntu.com/ubuntu jammy-updates/main amd64 libpcsclite1 amd64 1.9.5-3ubuntu1 [19.8 kB]
2025-08-09T00:31:04.2054450Z Get:50 http://azure.archive.ubuntu.com/ubuntu jammy/main amd64 libcacard0 amd64 1:2.8.0-3build2 [38.0 kB]
2025-08-09T00:31:04.2477352Z Get:51 http://azure.archive.ubuntu.com/ubuntu jammy/main amd64 libdaxctl1 amd64 72.1-1 [19.8 kB]
2025-08-09T00:31:04.2776031Z Get:52 http://azure.archive.ubuntu.com/ubuntu jammy/main amd64 libdecor-0-0 amd64 0.1.0-3build1 [15.1 kB]
2025-08-09T00:31:04.3076375Z Get:53 http://azure.archive.ubuntu.com/ubuntu jammy/main amd64 libdecor-0-plugin-1-cairo amd64 0.1.0-3build1 [20.4 kB]
2025-08-09T00:31:04.3366489Z Get:54 http://azure.archive.ubuntu.com/ubuntu jammy-updates/main amd64 libelf-dev amd64 0.186-1ubuntu0.1 [64.4 kB]
2025-08-09T00:31:04.3656050Z Get:55 http://azure.archive.ubuntu.com/ubuntu jammy-updates/main amd64 libgfxdr0 amd64 10.1-1ubuntu0.2 [22.3 kB]
2025-08-09T00:31:04.3939490Z Get:56 http://azure.archive.ubuntu.com/ubuntu jammy-updates/main amd64 libglusterfs0 amd64 10.1-1ubuntu0.2 [287 kB]
2025-08-09T00:31:04.4782510Z Get:57 http://azure.archive.ubuntu.com/ubuntu jammy-updates/main amd64 libgfrpc0 amd64 10.1-1ubuntu0.2 [47.1 kB]
2025-08-09T00:31:04.5195523Z Get:58 http://azure.archive.ubuntu.com/ubuntu jammy-updates/main amd64 libgfapi0 amd64 10.1-1ubuntu0.2 [77.3 kB]
2025-08-09T00:31:04.5591653Z Get:59 http://azure.archive.ubuntu.com/ubuntu jammy/main amd64 librdmacm1 amd64 39.0-1 [71.2 kB]
2025-08-09T00:31:04.5887551Z Get:60 http://azure.archive.ubuntu.com/ubuntu jammy/main amd64 libiscsi7 amd64 1.19.0-3build2 [70.6 kB]
2025-08-09T00:31:04.6282064Z Get:61 http://azure.archive.ubuntu.com/ubuntu jammy/universe amd64 liblinear4 amd64 2.3.0+dfsg-5 [41.4 kB]
2025-08-09T00:31:04.6567305Z Get:62 http://azure.archive.ubuntu.com/ubuntu jammy/main amd64 libndctl6 amd64 72.1-1 [57.7 kB]
2025-08-09T00:31:04.6859093Z Get:63 http://azure.archive.ubuntu.com/ubuntu jammy/main amd64 libpmem1 amd64 1.11.1-3build1 [81.4 kB]
2025-08-09T00:31:04.7144345Z Get:64 http://azure.archive.ubuntu.com/ubuntu jammy/main amd64 libpmemobj1 amd64 1.11.1-3build1 [124 kB]
2025-08-09T00:31:04.7439125Z Get:65 http://azure.archive.ubuntu.com/ubuntu jammy-updates/main amd64 librados2 amd64 17.2.7-0ubuntu0.22.04.2 [3594 kB]
2025-08-09T00:31:04.8752996Z Get:66 http://azure.archive.ubuntu.com/ubuntu jammy-updates/main amd64 librbd1 amd64 17.2.7-0ubuntu0.22.04.2 [3548 kB]
2025-08-09T00:31:04.9816643Z Get:67 http://azure.archive.ubuntu.com/ubuntu jammy-updates/main amd64 libsdl2-2.0-0 amd64 2.0.20+dfsg-2ubuntu1.22.04.1 [582 kB]
2025-08-09T00:31:05.0382958Z Get:68 http://azure.archive.ubuntu.com/ubuntu jammy/main amd64 libspice-server1 amd64 0.15.0-2ubuntu4 [351 kB]
2025-08-09T00:31:05.0758114Z Get:69 http://azure.archive.ubuntu.com/ubuntu jammy/main amd64 liburing2 amd64 2.1-2build1 [10.3 kB]
2025-08-09T00:31:05.1042697Z Get:70 http://azure.archive.ubuntu.com/ubuntu jammy/main amd64 libusbredirparser1 amd64 0.11.0-2build1 [15.9 kB]
2025-08-09T00:31:05.1328611Z Get:71 http://azure.archive.ubuntu.com/ubuntu jammy/main amd64 libvirglrenderer1 amd64 0.9.1-1~exp1ubuntu2 [188 kB]
2025-08-09T00:31:05.1689599Z Get:72 http://azure.archive.ubuntu.com/ubuntu jammy-updates/main amd64 libvte-2.91-common amd64 0.68.0-1ubuntu0.1 [9408 B]
2025-08-09T00:31:05.1981492Z Get:73 http://azure.archive.ubuntu.com/ubuntu jammy-updates/main amd64 libvte-2.91-0 amd64 0.68.0-1ubuntu0.1 [214 kB]
2025-08-09T00:31:05.2310566Z Get:74 http://azure.archive.ubuntu.com/ubuntu jammy-updates/main amd64 debootstrap all 1.0.126+nmu1ubuntu0.8 [40.6 kB]
2025-08-09T00:31:05.2627530Z Get:75 http://azure.archive.ubuntu.com/ubuntu jammy-updates/main amd64 live-build all 3.0~a57-1ubuntu41.22.04.1 [132 kB]
2025-08-09T00:31:05.3365466Z Get:76 http://azure.archive.ubuntu.com/ubuntu jammy/universe amd64 lua-lpeg amd64 1.0.2-1 [31.4 kB]
2025-08-09T00:31:05.3656201Z Get:77 http://azure.archive.ubuntu.com/ubuntu jammy/main amd64 mtools amd64 4.0.33-1+really4.0.32-1build1 [201 kB]
2025-08-09T00:31:05.3969054Z Get:78 http://azure.archive.ubuntu.com/ubuntu jammy-updates/universe amd64 nmap-common all 7.91+dfsg1+really7.80+dfsg1-2ubuntu0.1 [3940 kB]
2025-08-09T00:31:05.5198480Z Get:79 http://azure.archive.ubuntu.com/ubuntu jammy/main amd64 pv amd64 1.6.6-1build2 [44.5 kB]
2025-08-09T00:31:05.5486225Z Get:80 http://azure.archive.ubuntu.com/ubuntu jammy/main amd64 libfdt1 amd64 1.6.1-1 [20.0 kB]
2025-08-09T00:31:05.5784268Z Get:81 http://azure.archive.ubuntu.com/ubuntu jammy-updates/main amd64 qemu-system-common amd64 1:6.2+dfsg-2ubuntu6.26 [2047 kB]
2025-08-09T00:31:05.6680079Z Get:82 http://azure.archive.ubuntu.com/ubuntu jammy-updates/main amd64 qemu-system-data all 1:6.2+dfsg-2ubuntu6.26 [1430 kB]
2025-08-09T00:31:05.7525457Z Get:83 http://azure.archive.ubuntu.com/ubuntu jammy/main amd64 seabios all 1.15.0-1 [174 kB]
2025-08-09T00:31:05.7826102Z Get:84 http://azure.archive.ubuntu.com/ubuntu jammy-updates/main amd64 qemu-system-x86 amd64 1:6.2+dfsg-2ubuntu6.26 [10.1 MB]
2025-08-09T00:31:05.9583764Z Get:85 http://azure.archive.ubuntu.com/ubuntu jammy-updates/main amd64 qemu-utils amd64 1:6.2+dfsg-2ubuntu6.26 [1527 kB]
2025-08-09T00:31:06.0436426Z Get:86 http://azure.archive.ubuntu.com/ubuntu jammy-updates/main amd64 qemu-block-extra amd64 1:6.2+dfsg-2ubuntu6.26 [68.2 kB]
2025-08-09T00:31:06.0743306Z Get:87 http://azure.archive.ubuntu.com/ubuntu jammy-updates/main amd64 qemu-system-gui amd64 1:6.2+dfsg-2ubuntu6.26 [220 kB]
2025-08-09T00:31:06.1069713Z Get:88 http://azure.archive.ubuntu.com/ubuntu jammy/main amd64 syslinux-common all 3:6.04~git20190206.bf6db5b4+dfsg1-3ubuntu1 [1271 kB]
2025-08-09T00:31:06.1919942Z Get:89 http://azure.archive.ubuntu.com/ubuntu jammy/universe amd64 syslinux-utils amd64 3:6.04~git20190206.bf6db5b4+dfsg1-3ubuntu1 [50.9 kB]
2025-08-09T00:31:06.2228505Z Get:90 http://azure.archive.ubuntu.com/ubuntu jammy-updates/universe amd64 nmap amd64 7.91+dfsg1+really7.80+dfsg1-2ubuntu0.1 [1731 kB]
2025-08-09T00:31:06.3111635Z Get:91 http://azure.archive.ubuntu.com/ubuntu jammy-updates/main amd64 ovmf all 2022.02-3ubuntu0.22.04.3 [7561 kB]
2025-08-09T00:31:06.8819558Z Fetched 53.2 MB in 4s (13.1 MB/s)
2025-08-09T00:31:06.9052592Z Selecting previously unselected package msr-tools.
2025-08-09T00:31:06.9290583Z (Reading database ... 
2025-08-09T00:31:06.9290990Z (Reading database ... 5%
2025-08-09T00:31:06.9291281Z (Reading database ... 10%
2025-08-09T00:31:06.9291556Z (Reading database ... 15%
2025-08-09T00:31:06.9291827Z (Reading database ... 20%
2025-08-09T00:31:06.9292093Z (Reading database ... 25%
2025-08-09T00:31:06.9292359Z (Reading database ... 30%
2025-08-09T00:31:06.9292621Z (Reading database ... 35%
2025-08-09T00:31:06.9292875Z (Reading database ... 40%
2025-08-09T00:31:06.9293134Z (Reading database ... 45%
2025-08-09T00:31:06.9293387Z (Reading database ... 50%
2025-08-09T00:31:06.9642074Z (Reading database ... 55%
2025-08-09T00:31:06.9941971Z (Reading database ... 60%
2025-08-09T00:31:07.0221150Z (Reading database ... 65%
2025-08-09T00:31:07.0551062Z (Reading database ... 70%
2025-08-09T00:31:07.1127701Z (Reading database ... 75%
2025-08-09T00:31:07.1514980Z (Reading database ... 80%
2025-08-09T00:31:07.2251701Z (Reading database ... 85%
2025-08-09T00:31:07.2618468Z (Reading database ... 90%
2025-08-09T00:31:07.3108799Z (Reading database ... 95%
2025-08-09T00:31:07.3109231Z (Reading database ... 100%
2025-08-09T00:31:07.3109796Z (Reading database ... 267991 files and directories currently installed.)
2025-08-09T00:31:07.3167652Z Preparing to unpack .../00-msr-tools_1.3-4_amd64.deb ...
2025-08-09T00:31:07.3194309Z Unpacking msr-tools (1.3-4) ...
2025-08-09T00:31:07.3456509Z Selecting previously unselected package cpu-checker.
2025-08-09T00:31:07.3620941Z Preparing to unpack .../01-cpu-checker_0.7-1.3build1_amd64.deb ...
2025-08-09T00:31:07.3629093Z Unpacking cpu-checker (0.7-1.3build1) ...
2025-08-09T00:31:07.3846847Z Selecting previously unselected package genisoimage.
2025-08-09T00:31:07.4011265Z Preparing to unpack .../02-genisoimage_9%3a1.1.11-3.2ubuntu1_amd64.deb ...
2025-08-09T00:31:07.4019171Z Unpacking genisoimage (9:1.1.11-3.2ubuntu1) ...
2025-08-09T00:31:07.4402152Z Selecting previously unselected package libcdparanoia0:amd64.
2025-08-09T00:31:07.4566162Z Preparing to unpack .../03-libcdparanoia0_3.10.2+debian-14build2_amd64.deb ...
2025-08-09T00:31:07.4586393Z Unpacking libcdparanoia0:amd64 (3.10.2+debian-14build2) ...
2025-08-09T00:31:07.4811963Z Selecting previously unselected package liborc-0.4-0:amd64.
2025-08-09T00:31:07.4973582Z Preparing to unpack .../04-liborc-0.4-0_1%3a0.4.32-2ubuntu0.1_amd64.deb ...
2025-08-09T00:31:07.4983373Z Unpacking liborc-0.4-0:amd64 (1:0.4.32-2ubuntu0.1) ...
2025-08-09T00:31:07.5231019Z Selecting previously unselected package libgstreamer-plugins-base1.0-0:amd64.
2025-08-09T00:31:07.5393382Z Preparing to unpack .../05-libgstreamer-plugins-base1.0-0_1.20.1-1ubuntu0.4_amd64.deb ...
2025-08-09T00:31:07.5405980Z Unpacking libgstreamer-plugins-base1.0-0:amd64 (1.20.1-1ubuntu0.4) ...
2025-08-09T00:31:07.5732268Z Selecting previously unselected package libopus0:amd64.
2025-08-09T00:31:07.5896784Z Preparing to unpack .../06-libopus0_1.3.1-0.1build2_amd64.deb ...
2025-08-09T00:31:07.5906139Z Unpacking libopus0:amd64 (1.3.1-0.1build2) ...
2025-08-09T00:31:07.6134416Z Selecting previously unselected package libtheora0:amd64.
2025-08-09T00:31:07.6297769Z Preparing to unpack .../07-libtheora0_1.1.1+dfsg.1-15ubuntu4_amd64.deb ...
2025-08-09T00:31:07.6306660Z Unpacking libtheora0:amd64 (1.1.1+dfsg.1-15ubuntu4) ...
2025-08-09T00:31:07.6550222Z Selecting previously unselected package libvisual-0.4-0:amd64.
2025-08-09T00:31:07.6716980Z Preparing to unpack .../08-libvisual-0.4-0_0.4.0-17build2_amd64.deb ...
2025-08-09T00:31:07.6728150Z Unpacking libvisual-0.4-0:amd64 (0.4.0-17build2) ...
2025-08-09T00:31:07.6963778Z Selecting previously unselected package libvorbisenc2:amd64.
2025-08-09T00:31:07.7128413Z Preparing to unpack .../09-libvorbisenc2_1.3.7-1build2_amd64.deb ...
2025-08-09T00:31:07.7137577Z Unpacking libvorbisenc2:amd64 (1.3.7-1build2) ...
2025-08-09T00:31:07.7375956Z Selecting previously unselected package gstreamer1.0-plugins-base:amd64.
2025-08-09T00:31:07.7542623Z Preparing to unpack .../10-gstreamer1.0-plugins-base_1.20.1-1ubuntu0.4_amd64.deb ...
2025-08-09T00:31:07.7553005Z Unpacking gstreamer1.0-plugins-base:amd64 (1.20.1-1ubuntu0.4) ...
2025-08-09T00:31:07.7908115Z Selecting previously unselected package libaa1:amd64.
2025-08-09T00:31:07.8074617Z Preparing to unpack .../11-libaa1_1.4p5-50build1_amd64.deb ...
2025-08-09T00:31:07.8084309Z Unpacking libaa1:amd64 (1.4p5-50build1) ...
2025-08-09T00:31:07.8306157Z Selecting previously unselected package libraw1394-11:amd64.
2025-08-09T00:31:07.8469859Z Preparing to unpack .../12-libraw1394-11_2.1.2-2build2_amd64.deb ...
2025-08-09T00:31:07.8479274Z Unpacking libraw1394-11:amd64 (2.1.2-2build2) ...
2025-08-09T00:31:07.8697303Z Selecting previously unselected package libavc1394-0:amd64.
2025-08-09T00:31:07.8862837Z Preparing to unpack .../13-libavc1394-0_0.5.4-5build2_amd64.deb ...
2025-08-09T00:31:07.8872602Z Unpacking libavc1394-0:amd64 (0.5.4-5build2) ...
2025-08-09T00:31:07.9080843Z Selecting previously unselected package libcaca0:amd64.
2025-08-09T00:31:07.9245025Z Preparing to unpack .../14-libcaca0_0.99.beta19-2.2ubuntu4_amd64.deb ...
2025-08-09T00:31:07.9260615Z Unpacking libcaca0:amd64 (0.99.beta19-2.2ubuntu4) ...
2025-08-09T00:31:07.9504422Z Selecting previously unselected package libdv4:amd64.
2025-08-09T00:31:07.9666974Z Preparing to unpack .../15-libdv4_1.0.0-14build1_amd64.deb ...
2025-08-09T00:31:07.9674628Z Unpacking libdv4:amd64 (1.0.0-14build1) ...
2025-08-09T00:31:07.9931678Z Selecting previously unselected package libflac8:amd64.
2025-08-09T00:31:08.0097633Z Preparing to unpack .../16-libflac8_1.3.3-2ubuntu0.2_amd64.deb ...
2025-08-09T00:31:08.0106521Z Unpacking libflac8:amd64 (1.3.3-2ubuntu0.2) ...
2025-08-09T00:31:08.0331050Z Selecting previously unselected package libgstreamer-plugins-good1.0-0:amd64.
2025-08-09T00:31:08.0495363Z Preparing to unpack .../17-libgstreamer-plugins-good1.0-0_1.20.3-0ubuntu1.3_amd64.deb ...
2025-08-09T00:31:08.0504705Z Unpacking libgstreamer-plugins-good1.0-0:amd64 (1.20.3-0ubuntu1.3) ...
2025-08-09T00:31:08.0725635Z Selecting previously unselected package libiec61883-0:amd64.
2025-08-09T00:31:08.0893197Z Preparing to unpack .../18-libiec61883-0_1.2.0-4build3_amd64.deb ...
2025-08-09T00:31:08.0902561Z Unpacking libiec61883-0:amd64 (1.2.0-4build3) ...
2025-08-09T00:31:08.1165389Z Selecting previously unselected package libsamplerate0:amd64.
2025-08-09T00:31:08.1333023Z Preparing to unpack .../19-libsamplerate0_0.2.2-1build1_amd64.deb ...
2025-08-09T00:31:08.1343031Z Unpacking libsamplerate0:amd64 (0.2.2-1build1) ...
2025-08-09T00:31:08.1616108Z Selecting previously unselected package libjack-jackd2-0:amd64.
2025-08-09T00:31:08.1781144Z Preparing to unpack .../20-libjack-jackd2-0_1.9.20~dfsg-1_amd64.deb ...
2025-08-09T00:31:08.1788630Z Unpacking libjack-jackd2-0:amd64 (1.9.20~dfsg-1) ...
2025-08-09T00:31:08.2044763Z Selecting previously unselected package libmp3lame0:amd64.
2025-08-09T00:31:08.2211356Z Preparing to unpack .../21-libmp3lame0_3.100-3build2_amd64.deb ...
2025-08-09T00:31:08.2220731Z Unpacking libmp3lame0:amd64 (3.100-3build2) ...
2025-08-09T00:31:08.2447606Z Selecting previously unselected package libmpg123-0:amd64.
2025-08-09T00:31:08.2616279Z Preparing to unpack .../22-libmpg123-0_1.29.3-1ubuntu0.1_amd64.deb ...
2025-08-09T00:31:08.2624174Z Unpacking libmpg123-0:amd64 (1.29.3-1ubuntu0.1) ...
2025-08-09T00:31:08.2854404Z Selecting previously unselected package libasyncns0:amd64.
2025-08-09T00:31:08.3020998Z Preparing to unpack .../23-libasyncns0_0.8-6build2_amd64.deb ...
2025-08-09T00:31:08.3030261Z Unpacking libasyncns0:amd64 (0.8-6build2) ...
2025-08-09T00:31:08.3252960Z Selecting previously unselected package libsndfile1:amd64.
2025-08-09T00:31:08.3415690Z Preparing to unpack .../24-libsndfile1_1.0.31-2ubuntu0.2_amd64.deb ...
2025-08-09T00:31:08.3424637Z Unpacking libsndfile1:amd64 (1.0.31-2ubuntu0.2) ...
2025-08-09T00:31:08.3675537Z Selecting previously unselected package libpulse0:amd64.
2025-08-09T00:31:08.3838014Z Preparing to unpack .../25-libpulse0_1%3a15.99.1+dfsg1-1ubuntu2.2_amd64.deb ...
2025-08-09T00:31:08.3905892Z Unpacking libpulse0:amd64 (1:15.99.1+dfsg1-1ubuntu2.2) ...
2025-08-09T00:31:08.4172762Z Selecting previously unselected package libspeex1:amd64.
2025-08-09T00:31:08.4340611Z Preparing to unpack .../26-libspeex1_1.2~rc1.2-1.1ubuntu3_amd64.deb ...
2025-08-09T00:31:08.4351893Z Unpacking libspeex1:amd64 (1.2~rc1.2-1.1ubuntu3) ...
2025-08-09T00:31:08.4567390Z Selecting previously unselected package libshout3:amd64.
2025-08-09T00:31:08.4732184Z Preparing to unpack .../27-libshout3_2.4.5-1build3_amd64.deb ...
2025-08-09T00:31:08.4741432Z Unpacking libshout3:amd64 (2.4.5-1build3) ...
2025-08-09T00:31:08.4968327Z Selecting previously unselected package libtag1v5-vanilla:amd64.
2025-08-09T00:31:08.5134126Z Preparing to unpack .../28-libtag1v5-vanilla_1.11.1+dfsg.1-3ubuntu3_amd64.deb ...
2025-08-09T00:31:08.5145022Z Unpacking libtag1v5-vanilla:amd64 (1.11.1+dfsg.1-3ubuntu3) ...
2025-08-09T00:31:08.5384739Z Selecting previously unselected package libtag1v5:amd64.
2025-08-09T00:31:08.5550702Z Preparing to unpack .../29-libtag1v5_1.11.1+dfsg.1-3ubuntu3_amd64.deb ...
2025-08-09T00:31:08.5558940Z Unpacking libtag1v5:amd64 (1.11.1+dfsg.1-3ubuntu3) ...
2025-08-09T00:31:08.5769990Z Selecting previously unselected package libtwolame0:amd64.
2025-08-09T00:31:08.5934840Z Preparing to unpack .../30-libtwolame0_0.4.0-2build2_amd64.deb ...
2025-08-09T00:31:08.5944568Z Unpacking libtwolame0:amd64 (0.4.0-2build2) ...
2025-08-09T00:31:08.6164250Z Selecting previously unselected package libv4lconvert0:amd64.
2025-08-09T00:31:08.6329986Z Preparing to unpack .../31-libv4lconvert0_1.22.1-2build1_amd64.deb ...
2025-08-09T00:31:08.6338861Z Unpacking libv4lconvert0:amd64 (1.22.1-2build1) ...
2025-08-09T00:31:08.6572214Z Selecting previously unselected package libv4l-0:amd64.
2025-08-09T00:31:08.6736435Z Preparing to unpack .../32-libv4l-0_1.22.1-2build1_amd64.deb ...
2025-08-09T00:31:08.6746999Z Unpacking libv4l-0:amd64 (1.22.1-2build1) ...
2025-08-09T00:31:08.6989930Z Selecting previously unselected package libvpx7:amd64.
2025-08-09T00:31:08.7153484Z Preparing to unpack .../33-libvpx7_1.11.0-2ubuntu2.4_amd64.deb ...
2025-08-09T00:31:08.7161700Z Unpacking libvpx7:amd64 (1.11.0-2ubuntu2.4) ...
2025-08-09T00:31:08.7506753Z Selecting previously unselected package libwavpack1:amd64.
2025-08-09T00:31:08.7675101Z Preparing to unpack .../34-libwavpack1_5.4.0-1build2_amd64.deb ...
2025-08-09T00:31:08.7685061Z Unpacking libwavpack1:amd64 (5.4.0-1build2) ...
2025-08-09T00:31:08.7894350Z Selecting previously unselected package gstreamer1.0-plugins-good:amd64.
2025-08-09T00:31:08.8067344Z Preparing to unpack .../35-gstreamer1.0-plugins-good_1.20.3-0ubuntu1.3_amd64.deb ...
2025-08-09T00:31:08.8076427Z Unpacking gstreamer1.0-plugins-good:amd64 (1.20.3-0ubuntu1.3) ...
2025-08-09T00:31:08.8611785Z Selecting previously unselected package libxv1:amd64.
2025-08-09T00:31:08.8777723Z Preparing to unpack .../36-libxv1_2%3a1.0.11-1build2_amd64.deb ...
2025-08-09T00:31:08.8787386Z Unpacking libxv1:amd64 (2:1.0.11-1build2) ...
2025-08-09T00:31:08.8985995Z Selecting previously unselected package gstreamer1.0-x:amd64.
2025-08-09T00:31:08.9149931Z Preparing to unpack .../37-gstreamer1.0-x_1.20.1-1ubuntu0.4_amd64.deb ...
2025-08-09T00:31:08.9158743Z Unpacking gstreamer1.0-x:amd64 (1.20.1-1ubuntu0.4) ...
2025-08-09T00:31:08.9384409Z Selecting previously unselected package libnl-route-3-200:amd64.
2025-08-09T00:31:08.9546440Z Preparing to unpack .../38-libnl-route-3-200_3.5.0-0.1_amd64.deb ...
2025-08-09T00:31:08.9555046Z Unpacking libnl-route-3-200:amd64 (3.5.0-0.1) ...
2025-08-09T00:31:08.9795150Z Selecting previously unselected package libibverbs1:amd64.
2025-08-09T00:31:08.9959984Z Preparing to unpack .../39-libibverbs1_39.0-1_amd64.deb ...
2025-08-09T00:31:08.9969865Z Unpacking libibverbs1:amd64 (39.0-1) ...
2025-08-09T00:31:09.0212972Z Selecting previously unselected package ibverbs-providers:amd64.
2025-08-09T00:31:09.0375255Z Preparing to unpack .../40-ibverbs-providers_39.0-1_amd64.deb ...
2025-08-09T00:31:09.0501850Z Unpacking ibverbs-providers:amd64 (39.0-1) ...
2025-08-09T00:31:09.0796377Z Selecting previously unselected package ipxe-qemu.
2025-08-09T00:31:09.0965234Z Preparing to unpack .../41-ipxe-qemu_1.21.1+git-20220113.fbbdc3926-0ubuntu1_all.deb ...
2025-08-09T00:31:09.0976732Z Unpacking ipxe-qemu (1.21.1+git-20220113.fbbdc3926-0ubuntu1) ...
2025-08-09T00:31:09.1342647Z Selecting previously unselected package ipxe-qemu-256k-compat-efi-roms.
2025-08-09T00:31:09.1507406Z Preparing to unpack .../42-ipxe-qemu-256k-compat-efi-roms_1.0.0+git-20150424.a25a16d-0ubuntu4_all.deb ...
2025-08-09T00:31:09.1516617Z Unpacking ipxe-qemu-256k-compat-efi-roms (1.0.0+git-20150424.a25a16d-0ubuntu4) ...
2025-08-09T00:31:09.1997739Z Selecting previously unselected package isolinux.
2025-08-09T00:31:09.2162860Z Preparing to unpack .../43-isolinux_3%3a6.04~git20190206.bf6db5b4+dfsg1-3ubuntu1_all.deb ...
2025-08-09T00:31:09.2173821Z Unpacking isolinux (3:6.04~git20190206.bf6db5b4+dfsg1-3ubuntu1) ...
2025-08-09T00:31:09.2408929Z Selecting previously unselected package libboost-iostreams1.74.0:amd64.
2025-08-09T00:31:09.2572867Z Preparing to unpack .../44-libboost-iostreams1.74.0_1.74.0-14ubuntu3_amd64.deb ...
2025-08-09T00:31:09.2582594Z Unpacking libboost-iostreams1.74.0:amd64 (1.74.0-14ubuntu3) ...
2025-08-09T00:31:09.2864436Z Selecting previously unselected package libboost-thread1.74.0:amd64.
2025-08-09T00:31:09.3028459Z Preparing to unpack .../45-libboost-thread1.74.0_1.74.0-14ubuntu3_amd64.deb ...
2025-08-09T00:31:09.3037743Z Unpacking libboost-thread1.74.0:amd64 (1.74.0-14ubuntu3) ...
2025-08-09T00:31:09.3362537Z Selecting previously unselected package libbrlapi0.8:amd64.
2025-08-09T00:31:09.3525717Z Preparing to unpack .../46-libbrlapi0.8_6.4-4ubuntu3_amd64.deb ...
2025-08-09T00:31:09.3534865Z Unpacking libbrlapi0.8:amd64 (6.4-4ubuntu3) ...
2025-08-09T00:31:09.3751547Z Selecting previously unselected package libpcsclite1:amd64.
2025-08-09T00:31:09.3914229Z Preparing to unpack .../47-libpcsclite1_1.9.5-3ubuntu1_amd64.deb ...
2025-08-09T00:31:09.3924305Z Unpacking libpcsclite1:amd64 (1.9.5-3ubuntu1) ...
2025-08-09T00:31:09.4132583Z Selecting previously unselected package libcacard0:amd64.
2025-08-09T00:31:09.4295455Z Preparing to unpack .../48-libcacard0_1%3a2.8.0-3build2_amd64.deb ...
2025-08-09T00:31:09.4304150Z Unpacking libcacard0:amd64 (1:2.8.0-3build2) ...
2025-08-09T00:31:09.4522476Z Selecting previously unselected package libdaxctl1:amd64.
2025-08-09T00:31:09.4687193Z Preparing to unpack .../49-libdaxctl1_72.1-1_amd64.deb ...
2025-08-09T00:31:09.4698080Z Unpacking libdaxctl1:amd64 (72.1-1) ...
2025-08-09T00:31:09.4916903Z Selecting previously unselected package libdecor-0-0:amd64.
2025-08-09T00:31:09.5080059Z Preparing to unpack .../50-libdecor-0-0_0.1.0-3build1_amd64.deb ...
2025-08-09T00:31:09.5089013Z Unpacking libdecor-0-0:amd64 (0.1.0-3build1) ...
2025-08-09T00:31:09.5293043Z Selecting previously unselected package libdecor-0-plugin-1-cairo:amd64.
2025-08-09T00:31:09.5459073Z Preparing to unpack .../51-libdecor-0-plugin-1-cairo_0.1.0-3build1_amd64.deb ...
2025-08-09T00:31:09.5469525Z Unpacking libdecor-0-plugin-1-cairo:amd64 (0.1.0-3build1) ...
2025-08-09T00:31:09.5691697Z Selecting previously unselected package libelf-dev:amd64.
2025-08-09T00:31:09.5858284Z Preparing to unpack .../52-libelf-dev_0.186-1ubuntu0.1_amd64.deb ...
2025-08-09T00:31:09.5868278Z Unpacking libelf-dev:amd64 (0.186-1ubuntu0.1) ...
2025-08-09T00:31:09.6289704Z Selecting previously unselected package libgfxdr0:amd64.
2025-08-09T00:31:09.6456304Z Preparing to unpack .../53-libgfxdr0_10.1-1ubuntu0.2_amd64.deb ...
2025-08-09T00:31:09.6489627Z Unpacking libgfxdr0:amd64 (10.1-1ubuntu0.2) ...
2025-08-09T00:31:09.6711277Z Selecting previously unselected package libglusterfs0:amd64.
2025-08-09T00:31:09.6874865Z Preparing to unpack .../54-libglusterfs0_10.1-1ubuntu0.2_amd64.deb ...
2025-08-09T00:31:09.6885343Z Unpacking libglusterfs0:amd64 (10.1-1ubuntu0.2) ...
2025-08-09T00:31:09.7235154Z Selecting previously unselected package libgfrpc0:amd64.
2025-08-09T00:31:09.7401762Z Preparing to unpack .../55-libgfrpc0_10.1-1ubuntu0.2_amd64.deb ...
2025-08-09T00:31:09.7412033Z Unpacking libgfrpc0:amd64 (10.1-1ubuntu0.2) ...
2025-08-09T00:31:09.7639772Z Selecting previously unselected package libgfapi0:amd64.
2025-08-09T00:31:09.7802728Z Preparing to unpack .../56-libgfapi0_10.1-1ubuntu0.2_amd64.deb ...
2025-08-09T00:31:09.7814520Z Unpacking libgfapi0:amd64 (10.1-1ubuntu0.2) ...
2025-08-09T00:31:09.8034188Z Selecting previously unselected package librdmacm1:amd64.
2025-08-09T00:31:09.8199800Z Preparing to unpack .../57-librdmacm1_39.0-1_amd64.deb ...
2025-08-09T00:31:09.8207269Z Unpacking librdmacm1:amd64 (39.0-1) ...
2025-08-09T00:31:09.8434787Z Selecting previously unselected package libiscsi7:amd64.
2025-08-09T00:31:09.8599467Z Preparing to unpack .../58-libiscsi7_1.19.0-3build2_amd64.deb ...
2025-08-09T00:31:09.8608406Z Unpacking libiscsi7:amd64 (1.19.0-3build2) ...
2025-08-09T00:31:09.9204419Z Selecting previously unselected package liblinear4:amd64.
2025-08-09T00:31:09.9369253Z Preparing to unpack .../59-liblinear4_2.3.0+dfsg-5_amd64.deb ...
2025-08-09T00:31:09.9378769Z Unpacking liblinear4:amd64 (2.3.0+dfsg-5) ...
2025-08-09T00:31:09.9629351Z Selecting previously unselected package libndctl6:amd64.
2025-08-09T00:31:09.9795078Z Preparing to unpack .../60-libndctl6_72.1-1_amd64.deb ...
2025-08-09T00:31:09.9825894Z Unpacking libndctl6:amd64 (72.1-1) ...
2025-08-09T00:31:10.0045033Z Selecting previously unselected package libpmem1:amd64.
2025-08-09T00:31:10.0209027Z Preparing to unpack .../61-libpmem1_1.11.1-3build1_amd64.deb ...
2025-08-09T00:31:10.0218036Z Unpacking libpmem1:amd64 (1.11.1-3build1) ...
2025-08-09T00:31:10.0450621Z Selecting previously unselected package libpmemobj1:amd64.
2025-08-09T00:31:10.0616272Z Preparing to unpack .../62-libpmemobj1_1.11.1-3build1_amd64.deb ...
2025-08-09T00:31:10.0634294Z Unpacking libpmemobj1:amd64 (1.11.1-3build1) ...
2025-08-09T00:31:10.0975445Z Selecting previously unselected package librados2.
2025-08-09T00:31:10.1141852Z Preparing to unpack .../63-librados2_17.2.7-0ubuntu0.22.04.2_amd64.deb ...
2025-08-09T00:31:10.1152452Z Unpacking librados2 (17.2.7-0ubuntu0.22.04.2) ...
2025-08-09T00:31:10.1800898Z Selecting previously unselected package librbd1.
2025-08-09T00:31:10.1966810Z Preparing to unpack .../64-librbd1_17.2.7-0ubuntu0.22.04.2_amd64.deb ...
2025-08-09T00:31:10.1975909Z Unpacking librbd1 (17.2.7-0ubuntu0.22.04.2) ...
2025-08-09T00:31:10.2675380Z Selecting previously unselected package libsdl2-2.0-0:amd64.
2025-08-09T00:31:10.2839324Z Preparing to unpack .../65-libsdl2-2.0-0_2.0.20+dfsg-2ubuntu1.22.04.1_amd64.deb ...
2025-08-09T00:31:10.2847407Z Unpacking libsdl2-2.0-0:amd64 (2.0.20+dfsg-2ubuntu1.22.04.1) ...
2025-08-09T00:31:10.3144034Z Selecting previously unselected package libspice-server1:amd64.
2025-08-09T00:31:10.3309858Z Preparing to unpack .../66-libspice-server1_0.15.0-2ubuntu4_amd64.deb ...
2025-08-09T00:31:10.3319523Z Unpacking libspice-server1:amd64 (0.15.0-2ubuntu4) ...
2025-08-09T00:31:10.3592187Z Selecting previously unselected package liburing2:amd64.
2025-08-09T00:31:10.3756547Z Preparing to unpack .../67-liburing2_2.1-2build1_amd64.deb ...
2025-08-09T00:31:10.3766955Z Unpacking liburing2:amd64 (2.1-2build1) ...
2025-08-09T00:31:10.3985997Z Selecting previously unselected package libusbredirparser1:amd64.
2025-08-09T00:31:10.4148844Z Preparing to unpack .../68-libusbredirparser1_0.11.0-2build1_amd64.deb ...
2025-08-09T00:31:10.4157685Z Unpacking libusbredirparser1:amd64 (0.11.0-2build1) ...
2025-08-09T00:31:10.4381085Z Selecting previously unselected package libvirglrenderer1:amd64.
2025-08-09T00:31:10.4545846Z Preparing to unpack .../69-libvirglrenderer1_0.9.1-1~exp1ubuntu2_amd64.deb ...
2025-08-09T00:31:10.4555161Z Unpacking libvirglrenderer1:amd64 (0.9.1-1~exp1ubuntu2) ...
2025-08-09T00:31:10.4789620Z Selecting previously unselected package libvte-2.91-common.
2025-08-09T00:31:10.4960143Z Preparing to unpack .../70-libvte-2.91-common_0.68.0-1ubuntu0.1_amd64.deb ...
2025-08-09T00:31:10.4970048Z Unpacking libvte-2.91-common (0.68.0-1ubuntu0.1) ...
2025-08-09T00:31:10.5204399Z Selecting previously unselected package libvte-2.91-0:amd64.
2025-08-09T00:31:10.5369862Z Preparing to unpack .../71-libvte-2.91-0_0.68.0-1ubuntu0.1_amd64.deb ...
2025-08-09T00:31:10.5379693Z Unpacking libvte-2.91-0:amd64 (0.68.0-1ubuntu0.1) ...
2025-08-09T00:31:10.5604871Z Selecting previously unselected package debootstrap.
2025-08-09T00:31:10.5770230Z Preparing to unpack .../72-debootstrap_1.0.126+nmu1ubuntu0.8_all.deb ...
2025-08-09T00:31:10.5778811Z Unpacking debootstrap (1.0.126+nmu1ubuntu0.8) ...
2025-08-09T00:31:10.6071456Z Selecting previously unselected package live-build.
2025-08-09T00:31:10.6237274Z Preparing to unpack .../73-live-build_3.0~a57-1ubuntu41.22.04.1_all.deb ...
2025-08-09T00:31:10.6245576Z Unpacking live-build (3.0~a57-1ubuntu41.22.04.1) ...
2025-08-09T00:31:10.6959771Z Selecting previously unselected package lua-lpeg:amd64.
2025-08-09T00:31:10.7125939Z Preparing to unpack .../74-lua-lpeg_1.0.2-1_amd64.deb ...
2025-08-09T00:31:10.7134730Z Unpacking lua-lpeg:amd64 (1.0.2-1) ...
2025-08-09T00:31:10.7384130Z Selecting previously unselected package mtools.
2025-08-09T00:31:10.7557955Z Preparing to unpack .../75-mtools_4.0.33-1+really4.0.32-1build1_amd64.deb ...
2025-08-09T00:31:10.7567864Z Unpacking mtools (4.0.33-1+really4.0.32-1build1) ...
2025-08-09T00:31:10.7982303Z Selecting previously unselected package nmap-common.
2025-08-09T00:31:10.8152556Z Preparing to unpack .../76-nmap-common_7.91+dfsg1+really7.80+dfsg1-2ubuntu0.1_all.deb ...
2025-08-09T00:31:10.8197768Z Unpacking nmap-common (7.91+dfsg1+really7.80+dfsg1-2ubuntu0.1) ...
2025-08-09T00:31:11.0166381Z Selecting previously unselected package pv.
2025-08-09T00:31:11.0339714Z Preparing to unpack .../77-pv_1.6.6-1build2_amd64.deb ...
2025-08-09T00:31:11.0349132Z Unpacking pv (1.6.6-1build2) ...
2025-08-09T00:31:11.0573670Z Selecting previously unselected package libfdt1:amd64.
2025-08-09T00:31:11.0743910Z Preparing to unpack .../78-libfdt1_1.6.1-1_amd64.deb ...
2025-08-09T00:31:11.0753191Z Unpacking libfdt1:amd64 (1.6.1-1) ...
2025-08-09T00:31:11.1024963Z Selecting previously unselected package qemu-system-common.
2025-08-09T00:31:11.1196942Z Preparing to unpack .../79-qemu-system-common_1%3a6.2+dfsg-2ubuntu6.26_amd64.deb ...
2025-08-09T00:31:11.1208560Z Unpacking qemu-system-common (1:6.2+dfsg-2ubuntu6.26) ...
2025-08-09T00:31:11.2017078Z Selecting previously unselected package qemu-system-data.
2025-08-09T00:31:11.2186862Z Preparing to unpack .../80-qemu-system-data_1%3a6.2+dfsg-2ubuntu6.26_all.deb ...
2025-08-09T00:31:11.2195071Z Unpacking qemu-system-data (1:6.2+dfsg-2ubuntu6.26) ...
2025-08-09T00:31:11.2795322Z Selecting previously unselected package seabios.
2025-08-09T00:31:11.2966838Z Preparing to unpack .../81-seabios_1.15.0-1_all.deb ...
2025-08-09T00:31:11.2989953Z Unpacking seabios (1.15.0-1) ...
2025-08-09T00:31:11.3263393Z Selecting previously unselected package qemu-system-x86.
2025-08-09T00:31:11.3432520Z Preparing to unpack .../82-qemu-system-x86_1%3a6.2+dfsg-2ubuntu6.26_amd64.deb ...
2025-08-09T00:31:11.3568182Z Unpacking qemu-system-x86 (1:6.2+dfsg-2ubuntu6.26) ...
2025-08-09T00:31:11.5060269Z Selecting previously unselected package qemu-utils.
2025-08-09T00:31:11.5229342Z Preparing to unpack .../83-qemu-utils_1%3a6.2+dfsg-2ubuntu6.26_amd64.deb ...
2025-08-09T00:31:11.5239915Z Unpacking qemu-utils (1:6.2+dfsg-2ubuntu6.26) ...
2025-08-09T00:31:11.5699016Z Selecting previously unselected package qemu-block-extra.
2025-08-09T00:31:11.5866952Z Preparing to unpack .../84-qemu-block-extra_1%3a6.2+dfsg-2ubuntu6.26_amd64.deb ...
2025-08-09T00:31:11.5876961Z Unpacking qemu-block-extra (1:6.2+dfsg-2ubuntu6.26) ...
2025-08-09T00:31:11.6114568Z Selecting previously unselected package qemu-system-gui.
2025-08-09T00:31:11.6284697Z Preparing to unpack .../85-qemu-system-gui_1%3a6.2+dfsg-2ubuntu6.26_amd64.deb ...
2025-08-09T00:31:11.6300183Z Unpacking qemu-system-gui (1:6.2+dfsg-2ubuntu6.26) ...
2025-08-09T00:31:11.6545090Z Selecting previously unselected package syslinux-common.
2025-08-09T00:31:11.6713786Z Preparing to unpack .../86-syslinux-common_3%3a6.04~git20190206.bf6db5b4+dfsg1-3ubuntu1_all.deb ...
2025-08-09T00:31:11.6722780Z Unpacking syslinux-common (3:6.04~git20190206.bf6db5b4+dfsg1-3ubuntu1) ...
2025-08-09T00:31:11.7317941Z Selecting previously unselected package syslinux-utils.
2025-08-09T00:31:11.7489549Z Preparing to unpack .../87-syslinux-utils_3%3a6.04~git20190206.bf6db5b4+dfsg1-3ubuntu1_amd64.deb ...
2025-08-09T00:31:11.7499856Z Unpacking syslinux-utils (3:6.04~git20190206.bf6db5b4+dfsg1-3ubuntu1) ...
2025-08-09T00:31:11.7777090Z Selecting previously unselected package nmap.
2025-08-09T00:31:11.7944468Z Preparing to unpack .../88-nmap_7.91+dfsg1+really7.80+dfsg1-2ubuntu0.1_amd64.deb ...
2025-08-09T00:31:11.7952569Z Unpacking nmap (7.91+dfsg1+really7.80+dfsg1-2ubuntu0.1) ...
2025-08-09T00:31:11.8419296Z Selecting previously unselected package ovmf.
2025-08-09T00:31:11.8589652Z Preparing to unpack .../89-ovmf_2022.02-3ubuntu0.22.04.3_all.deb ...
2025-08-09T00:31:11.8599217Z Unpacking ovmf (2022.02-3ubuntu0.22.04.3) ...
2025-08-09T00:31:11.9542229Z Setting up genisoimage (9:1.1.11-3.2ubuntu1) ...
2025-08-09T00:31:11.9597105Z Setting up libcdparanoia0:amd64 (3.10.2+debian-14build2) ...
2025-08-09T00:31:11.9620120Z Setting up lua-lpeg:amd64 (1.0.2-1) ...
2025-08-09T00:31:11.9642390Z Setting up debootstrap (1.0.126+nmu1ubuntu0.8) ...
2025-08-09T00:31:11.9663341Z Setting up libraw1394-11:amd64 (2.1.2-2build2) ...
2025-08-09T00:31:11.9689146Z Setting up libtag1v5-vanilla:amd64 (1.11.1+dfsg.1-3ubuntu3) ...
2025-08-09T00:31:11.9715718Z Setting up libmpg123-0:amd64 (1.29.3-1ubuntu0.1) ...
2025-08-09T00:31:11.9742008Z Setting up isolinux (3:6.04~git20190206.bf6db5b4+dfsg1-3ubuntu1) ...
2025-08-09T00:31:11.9771146Z Setting up libspeex1:amd64 (1.2~rc1.2-1.1ubuntu3) ...
2025-08-09T00:31:11.9801993Z Setting up libcaca0:amd64 (0.99.beta19-2.2ubuntu4) ...
2025-08-09T00:31:11.9826329Z Setting up libtwolame0:amd64 (0.4.0-2build2) ...
2025-08-09T00:31:11.9856757Z Setting up libvte-2.91-common (0.68.0-1ubuntu0.1) ...
2025-08-09T00:31:11.9900686Z Setting up libvisual-0.4-0:amd64 (0.4.0-17build2) ...
2025-08-09T00:31:11.9929352Z Setting up mtools (4.0.33-1+really4.0.32-1build1) ...
2025-08-09T00:31:11.9959048Z Setting up libboost-iostreams1.74.0:amd64 (1.74.0-14ubuntu3) ...
2025-08-09T00:31:11.9984353Z Setting up msr-tools (1.3-4) ...
2025-08-09T00:31:12.0006938Z Setting up syslinux-common (3:6.04~git20190206.bf6db5b4+dfsg1-3ubuntu1) ...
2025-08-09T00:31:12.0028861Z Setting up live-build (3.0~a57-1ubuntu41.22.04.1) ...
2025-08-09T00:31:12.0054644Z Setting up libfdt1:amd64 (1.6.1-1) ...
2025-08-09T00:31:12.0079024Z Setting up libvte-2.91-0:amd64 (0.68.0-1ubuntu0.1) ...
2025-08-09T00:31:12.0103498Z Setting up libusbredirparser1:amd64 (0.11.0-2build1) ...
2025-08-09T00:31:12.0132208Z Setting up liblinear4:amd64 (2.3.0+dfsg-5) ...
2025-08-09T00:31:12.0159321Z Setting up libflac8:amd64 (1.3.3-2ubuntu0.2) ...
2025-08-09T00:31:12.0182773Z Setting up syslinux-utils (3:6.04~git20190206.bf6db5b4+dfsg1-3ubuntu1) ...
2025-08-09T00:31:12.0209332Z Setting up libnl-route-3-200:amd64 (3.5.0-0.1) ...
2025-08-09T00:31:12.0232384Z Setting up ovmf (2022.02-3ubuntu0.22.04.3) ...
2025-08-09T00:31:12.0254720Z Setting up libglusterfs0:amd64 (10.1-1ubuntu0.2) ...
2025-08-09T00:31:12.0277856Z Setting up libvirglrenderer1:amd64 (0.9.1-1~exp1ubuntu2) ...
2025-08-09T00:31:12.0298593Z Setting up libopus0:amd64 (1.3.1-0.1build2) ...
2025-08-09T00:31:12.0321394Z Setting up libxv1:amd64 (2:1.0.11-1build2) ...
2025-08-09T00:31:12.0347792Z Setting up liborc-0.4-0:amd64 (1:0.4.32-2ubuntu0.1) ...
2025-08-09T00:31:12.0372087Z Setting up libelf-dev:amd64 (0.186-1ubuntu0.1) ...
2025-08-09T00:31:12.0395739Z Setting up libpcsclite1:amd64 (1.9.5-3ubuntu1) ...
2025-08-09T00:31:12.0422250Z Setting up libdaxctl1:amd64 (72.1-1) ...
2025-08-09T00:31:12.0445909Z Setting up qemu-system-data (1:6.2+dfsg-2ubuntu6.26) ...
2025-08-09T00:31:12.0469029Z Setting up seabios (1.15.0-1) ...
2025-08-09T00:31:12.0492775Z Setting up nmap-common (7.91+dfsg1+really7.80+dfsg1-2ubuntu0.1) ...
2025-08-09T00:31:12.0844281Z Setting up libtag1v5:amd64 (1.11.1+dfsg.1-3ubuntu3) ...
2025-08-09T00:31:12.0872592Z Setting up cpu-checker (0.7-1.3build1) ...
2025-08-09T00:31:12.0895939Z Setting up libdv4:amd64 (1.0.0-14build1) ...
2025-08-09T00:31:12.0919012Z Setting up libasyncns0:amd64 (0.8-6build2) ...
2025-08-09T00:31:12.0944896Z Setting up pv (1.6.6-1build2) ...
2025-08-09T00:31:12.0968772Z Setting up libwavpack1:amd64 (5.4.0-1build2) ...
2025-08-09T00:31:12.0992201Z Setting up ipxe-qemu (1.21.1+git-20220113.fbbdc3926-0ubuntu1) ...
2025-08-09T00:31:12.1015724Z Setting up libtheora0:amd64 (1.1.1+dfsg.1-15ubuntu4) ...
2025-08-09T00:31:12.1038961Z Setting up libv4lconvert0:amd64 (1.22.1-2build1) ...
2025-08-09T00:31:12.1061610Z Setting up libdecor-0-0:amd64 (0.1.0-3build1) ...
2025-08-09T00:31:12.1089092Z Setting up libndctl6:amd64 (72.1-1) ...
2025-08-09T00:31:12.1117049Z Setting up ipxe-qemu-256k-compat-efi-roms (1.0.0+git-20150424.a25a16d-0ubuntu4) ...
2025-08-09T00:31:12.1138932Z Setting up libvpx7:amd64 (1.11.0-2ubuntu2.4) ...
2025-08-09T00:31:12.1159843Z Setting up libbrlapi0.8:amd64 (6.4-4ubuntu3) ...
2025-08-09T00:31:12.1183157Z Setting up liburing2:amd64 (2.1-2build1) ...
2025-08-09T00:31:12.1205446Z Setting up libsamplerate0:amd64 (0.2.2-1build1) ...
2025-08-09T00:31:12.1227416Z Setting up libpmem1:amd64 (1.11.1-3build1) ...
2025-08-09T00:31:12.1248562Z Setting up libmp3lame0:amd64 (3.100-3build2) ...
2025-08-09T00:31:12.1268880Z Setting up libvorbisenc2:amd64 (1.3.7-1build2) ...
2025-08-09T00:31:12.1298408Z Setting up libgfxdr0:amd64 (10.1-1ubuntu0.2) ...
2025-08-09T00:31:12.1321556Z Setting up libboost-thread1.74.0:amd64 (1.74.0-14ubuntu3) ...
2025-08-09T00:31:12.1344266Z Setting up libaa1:amd64 (1.4p5-50build1) ...
2025-08-09T00:31:12.1371844Z Setting up libiec61883-0:amd64 (1.2.0-4build3) ...
2025-08-09T00:31:12.1396317Z Setting up libavc1394-0:amd64 (0.5.4-5build2) ...
2025-08-09T00:31:12.1422043Z Setting up libibverbs1:amd64 (39.0-1) ...
2025-08-09T00:31:12.1916866Z Setting up ibverbs-providers:amd64 (39.0-1) ...
2025-08-09T00:31:12.2168681Z Setting up libgstreamer-plugins-base1.0-0:amd64 (1.20.1-1ubuntu0.4) ...
2025-08-09T00:31:12.2199452Z Setting up nmap (7.91+dfsg1+really7.80+dfsg1-2ubuntu0.1) ...
2025-08-09T00:31:12.2226338Z Setting up libcacard0:amd64 (1:2.8.0-3build2) ...
2025-08-09T00:31:12.2253880Z Setting up libv4l-0:amd64 (1.22.1-2build1) ...
2025-08-09T00:31:12.2279324Z Setting up libgstreamer-plugins-good1.0-0:amd64 (1.20.3-0ubuntu1.3) ...
2025-08-09T00:31:12.2307281Z Setting up gstreamer1.0-plugins-base:amd64 (1.20.1-1ubuntu0.4) ...
2025-08-09T00:31:12.2334602Z Setting up libshout3:amd64 (2.4.5-1build3) ...
2025-08-09T00:31:12.2360578Z Setting up libpmemobj1:amd64 (1.11.1-3build1) ...
2025-08-09T00:31:12.2387359Z Setting up libdecor-0-plugin-1-cairo:amd64 (0.1.0-3build1) ...
2025-08-09T00:31:12.2414563Z Setting up libjack-jackd2-0:amd64 (1.9.20~dfsg-1) ...
2025-08-09T00:31:12.2440168Z Setting up libsndfile1:amd64 (1.0.31-2ubuntu0.2) ...
2025-08-09T00:31:12.2463940Z Setting up qemu-utils (1:6.2+dfsg-2ubuntu6.26) ...
2025-08-09T00:31:12.2491157Z Setting up libgfrpc0:amd64 (10.1-1ubuntu0.2) ...
2025-08-09T00:31:12.2518374Z Setting up librdmacm1:amd64 (39.0-1) ...
2025-08-09T00:31:12.2548446Z Setting up librados2 (17.2.7-0ubuntu0.22.04.2) ...
2025-08-09T00:31:12.2704218Z Setting up gstreamer1.0-x:amd64 (1.20.1-1ubuntu0.4) ...
2025-08-09T00:31:12.2728764Z Setting up libpulse0:amd64 (1:15.99.1+dfsg1-1ubuntu2.2) ...
2025-08-09T00:31:12.2807125Z Setting up gstreamer1.0-plugins-good:amd64 (1.20.3-0ubuntu1.3) ...
2025-08-09T00:31:12.2839017Z Setting up libspice-server1:amd64 (0.15.0-2ubuntu4) ...
2025-08-09T00:31:12.2902377Z Setting up librbd1 (17.2.7-0ubuntu0.22.04.2) ...
2025-08-09T00:31:12.2926813Z Setting up libgfapi0:amd64 (10.1-1ubuntu0.2) ...
2025-08-09T00:31:12.2953321Z Setting up libiscsi7:amd64 (1.19.0-3build2) ...
2025-08-09T00:31:12.2979726Z Setting up libsdl2-2.0-0:amd64 (2.0.20+dfsg-2ubuntu1.22.04.1) ...
2025-08-09T00:31:12.3006177Z Setting up qemu-block-extra (1:6.2+dfsg-2ubuntu6.26) ...
2025-08-09T00:31:12.5912309Z Created symlink /etc/systemd/system/multi-user.target.wants/run-qemu.mount → /lib/systemd/system/run-qemu.mount.
2025-08-09T00:31:13.0379277Z Setting up qemu-system-common (1:6.2+dfsg-2ubuntu6.26) ...
2025-08-09T00:31:13.1563812Z Created symlink /etc/systemd/system/multi-user.target.wants/qemu-kvm.service → /lib/systemd/system/qemu-kvm.service.
2025-08-09T00:31:13.9883823Z Setting up qemu-system-x86 (1:6.2+dfsg-2ubuntu6.26) ...
2025-08-09T00:31:13.9904406Z Setting up qemu-system-gui (1:6.2+dfsg-2ubuntu6.26) ...
2025-08-09T00:31:13.9936345Z Processing triggers for man-db (2.10.2-1) ...
2025-08-09T00:31:14.8051627Z Processing triggers for install-info (6.8-4build1) ...
2025-08-09T00:31:15.0814892Z Processing triggers for hicolor-icon-theme (0.17-2) ...
2025-08-09T00:31:15.1378827Z Processing triggers for libc-bin (2.35-0ubuntu3.10) ...
2025-08-09T00:31:15.4157686Z NEEDRESTART-VER: 3.5
2025-08-09T00:31:15.6983541Z NEEDRESTART-KCUR: 6.8.0-1031-azure
2025-08-09T00:31:15.6984018Z NEEDRESTART-KEXP: 6.8.0-1031-azure
2025-08-09T00:31:15.6984399Z NEEDRESTART-KSTA: 1
2025-08-09T00:31:15.6984775Z NEEDRESTART-SVC: hosted-compute-agent.service
2025-08-09T00:31:17.0594654Z ##[group]Run echo "CLUSTER_MODE=main" >> $GITHUB_ENV
2025-08-09T00:31:17.0595053Z [36;1mecho "CLUSTER_MODE=main" >> $GITHUB_ENV[0m
2025-08-09T00:31:17.0595342Z [36;1mecho "ENABLE_GUI=true" >> $GITHUB_ENV[0m
2025-08-09T00:31:17.0595646Z [36;1mecho "SKIP_QEMU_TEST=true" >> $GITHUB_ENV[0m
2025-08-09T00:31:17.0595968Z [36;1mecho "BUILD_THREADS=2" >> $GITHUB_ENV  # Limit for CI[0m
2025-08-09T00:31:17.0596429Z [36;1mecho "SKIP_CONNECTIVITY_CHECK=true" >> $GITHUB_ENV  # Skip redundant check in CI[0m
2025-08-09T00:31:17.0625007Z shell: /usr/bin/bash -e {0}
2025-08-09T00:31:17.0625255Z ##[endgroup]
2025-08-09T00:31:17.0703836Z ##[group]Run chmod +x ainux-builder.sh
2025-08-09T00:31:17.0704170Z [36;1mchmod +x ainux-builder.sh[0m
2025-08-09T00:31:17.0704397Z [36;1m[0m
2025-08-09T00:31:17.0704574Z [36;1m# Add debug output[0m
2025-08-09T00:31:17.0704781Z [36;1mset -x[0m
2025-08-09T00:31:17.0704938Z [36;1m[0m
2025-08-09T00:31:17.0705123Z [36;1m# Run build with timeout (2 hours max)[0m
2025-08-09T00:31:17.0705397Z [36;1mtimeout 7200 ./ainux-builder.sh || {[0m
2025-08-09T00:31:17.0705677Z [36;1m  echo "Build timed out or failed"[0m
2025-08-09T00:31:17.0705964Z [36;1m  echo "=== Last 100 lines of any available logs ==="[0m
2025-08-09T00:31:17.0706421Z [36;1m  find ~/ainux-build/logs -name "*.log" -exec tail -50 {} \; 2>/dev/null || echo "No log files found"[0m
2025-08-09T00:31:17.0706828Z [36;1m  [0m
2025-08-09T00:31:17.0707007Z [36;1m  echo "=== Environment Variables ==="[0m
2025-08-09T00:31:17.0707332Z [36;1m  env | grep -E "(CLUSTER_MODE|ENABLE_GUI|SKIP_|BUILD_)" || true[0m
2025-08-09T00:31:17.0707662Z [36;1m  [0m
2025-08-09T00:31:17.0707826Z [36;1m  echo "=== Disk Usage ==="[0m
2025-08-09T00:31:17.0708049Z [36;1m  df -h || true[0m
2025-08-09T00:31:17.0708225Z [36;1m  [0m
2025-08-09T00:31:17.0708393Z [36;1m  echo "=== Memory Usage ==="[0m
2025-08-09T00:31:17.0708626Z [36;1m  free -h || true[0m
2025-08-09T00:31:17.0708806Z [36;1m  [0m
2025-08-09T00:31:17.0708956Z [36;1m  exit 1[0m
2025-08-09T00:31:17.0709109Z [36;1m}[0m
2025-08-09T00:31:17.0734006Z shell: /usr/bin/bash -e {0}
2025-08-09T00:31:17.0734218Z env:
2025-08-09T00:31:17.0734373Z   CLUSTER_MODE: main
2025-08-09T00:31:17.0734559Z   ENABLE_GUI: true
2025-08-09T00:31:17.0734732Z   SKIP_QEMU_TEST: true
2025-08-09T00:31:17.0734917Z   BUILD_THREADS: 2
2025-08-09T00:31:17.0735106Z   SKIP_CONNECTIVITY_CHECK: true
2025-08-09T00:31:17.0735319Z ##[endgroup]
2025-08-09T00:31:17.0787438Z + timeout 7200 ./ainux-builder.sh
2025-08-09T00:31:17.0855388Z 
2025-08-09T00:31:17.0856138Z [0;35m[PHASE][0m Starting Ainux OS AI Cluster Builder Process
2025-08-09T00:31:17.0856545Z 
2025-08-09T00:31:17.0856555Z 
2025-08-09T00:31:17.0856784Z [0;35m[PHASE][0m Checking Prerequisites
2025-08-09T00:31:17.0857073Z 
2025-08-09T00:31:17.0903508Z [0;34m[INFO][0m Detected Ubuntu 22.04 LTS - supported
2025-08-09T00:31:17.0932353Z [0;34m[INFO][0m Disk space check passed: 36GB available
2025-08-09T00:31:17.0933022Z [0;34m[INFO][0m Checking internet connectivity...
2025-08-09T00:31:17.0933802Z [1;33m[WARNING][0m Skipping connectivity check (SKIP_CONNECTIVITY_CHECK=true)
2025-08-09T00:31:17.0934544Z [0;32m[SUCCESS][0m Prerequisites check passed
2025-08-09T00:31:17.0934889Z 
2025-08-09T00:31:17.0935247Z [0;35m[PHASE][0m Initializing Ainux OS AI Cluster Build Environment
2025-08-09T00:31:17.0935652Z 
2025-08-09T00:31:17.0935872Z [0;34m[INFO][0m Build Configuration:
2025-08-09T00:31:17.0936371Z [0;34m[INFO][0m   Kernel Version: 6.6.58
2025-08-09T00:31:17.0936798Z [0;34m[INFO][0m   Cluster Mode: main
2025-08-09T00:31:17.0937065Z [0;34m[INFO][0m   Build Threads: 2
2025-08-09T00:31:17.0937554Z [0;34m[INFO][0m   GUI Enabled: true
2025-08-09T00:31:17.0937868Z [0;34m[INFO][0m   Build Directory: /home/runner/ainux-build
2025-08-09T00:31:17.0938217Z [0;34m[INFO][0m Installing build dependencies...
2025-08-09T00:31:17.1030133Z 
2025-08-09T00:31:17.1030817Z WARNING: apt does not have a stable CLI interface. Use with caution in scripts.
2025-08-09T00:31:17.1031319Z 
2025-08-09T00:31:18.8643860Z 16 packages can be upgraded. Run 'apt list --upgradable' to see them.
2025-08-09T00:31:18.8759411Z 
2025-08-09T00:31:18.8759964Z WARNING: apt does not have a stable CLI interface. Use with caution in scripts.
2025-08-09T00:31:18.8760284Z 
2025-08-09T00:31:18.9148281Z Reading package lists...
2025-08-09T00:31:19.1118947Z Building dependency tree...
2025-08-09T00:31:19.1131356Z Reading state information...
2025-08-09T00:31:19.2688664Z bc is already the newest version (1.07.1-3build1).
2025-08-09T00:31:19.2689554Z bison is already the newest version (2:3.8.2+dfsg-1build1).
2025-08-09T00:31:19.2690019Z build-essential is already the newest version (12.9ubuntu3).
2025-08-09T00:31:19.2690736Z dosfstools is already the newest version (4.2-1build3).
2025-08-09T00:31:19.2691105Z flex is already the newest version (2.6.4-8build2).
2025-08-09T00:31:19.2691460Z gcc is already the newest version (4:11.2.0-1ubuntu1).
2025-08-09T00:31:19.2691862Z genisoimage is already the newest version (9:1.1.11-3.2ubuntu1).
2025-08-09T00:31:19.2692262Z make is already the newest version (4.3-4.1build1).
2025-08-09T00:31:19.2692664Z mtools is already the newest version (4.0.33-1+really4.0.32-1build1).
2025-08-09T00:31:19.2693075Z pv is already the newest version (1.6.6-1build2).
2025-08-09T00:31:19.2693461Z squashfs-tools is already the newest version (1:4.5-3build1).
2025-08-09T00:31:19.2693960Z isolinux is already the newest version (3:6.04~git20190206.bf6db5b4+dfsg1-3ubuntu1).
2025-08-09T00:31:19.2694581Z syslinux-utils is already the newest version (3:6.04~git20190206.bf6db5b4+dfsg1-3ubuntu1).
2025-08-09T00:31:19.2695072Z xorriso is already the newest version (1.5.4-2).
2025-08-09T00:31:19.2695437Z curl is already the newest version (7.81.0-1ubuntu1.20).
2025-08-09T00:31:19.2695853Z debootstrap is already the newest version (1.0.126+nmu1ubuntu0.8).
2025-08-09T00:31:19.2696325Z grub-efi-amd64-bin is already the newest version (2.06-2ubuntu14.8).
2025-08-09T00:31:19.2696770Z grub-pc-bin is already the newest version (2.06-2ubuntu7.2).
2025-08-09T00:31:19.2697171Z libelf-dev is already the newest version (0.186-1ubuntu0.1).
2025-08-09T00:31:19.2697596Z libncurses-dev is already the newest version (6.3-2ubuntu0.1).
2025-08-09T00:31:19.2698022Z libssl-dev is already the newest version (3.0.2-0ubuntu1.19).
2025-08-09T00:31:19.2698467Z live-build is already the newest version (3.0~a57-1ubuntu41.22.04.1).
2025-08-09T00:31:19.2698943Z qemu-system-x86 is already the newest version (1:6.2+dfsg-2ubuntu6.26).
2025-08-09T00:31:19.2699393Z rsync is already the newest version (3.2.7-0ubuntu0.22.04.4).
2025-08-09T00:31:19.2699789Z wget is already the newest version (1.21.2-2ubuntu1.1).
2025-08-09T00:31:19.2700233Z nmap is already the newest version (7.91+dfsg1+really7.80+dfsg1-2ubuntu0.1).
2025-08-09T00:31:19.2700855Z python3-pip is already the newest version (22.0.2+dfsg-1ubuntu0.6).
2025-08-09T00:31:19.2701303Z git is already the newest version (1:2.50.1-0ppa1~ubuntu22.04.1).
2025-08-09T00:31:19.3064977Z The following NEW packages will be installed:
2025-08-09T00:31:19.3070069Z   dialog
2025-08-09T00:31:19.3364694Z 0 upgraded, 1 newly installed, 0 to remove and 16 not upgraded.
2025-08-09T00:31:19.3709744Z Need to get 303 kB of archives.
2025-08-09T00:31:19.3710548Z After this operation, 1258 kB of additional disk space will be used.
2025-08-09T00:31:19.3711197Z Get:1 file:/etc/apt/apt-mirrors.txt Mirrorlist [144 B]
2025-08-09T00:31:19.4172183Z Get:2 http://azure.archive.ubuntu.com/ubuntu jammy/universe amd64 dialog amd64 1.3-20211214-1 [303 kB]
2025-08-09T00:31:19.7215358Z Fetched 303 kB in 0s (4637 kB/s)
2025-08-09T00:31:19.7424047Z Selecting previously unselected package dialog.
2025-08-09T00:31:19.7493517Z (Reading database ... 
2025-08-09T00:31:19.7493902Z (Reading database ... 5%
2025-08-09T00:31:19.7494270Z (Reading database ... 10%
2025-08-09T00:31:19.7494623Z (Reading database ... 15%
2025-08-09T00:31:19.7494976Z (Reading database ... 20%
2025-08-09T00:31:19.7495321Z (Reading database ... 25%
2025-08-09T00:31:19.7495672Z (Reading database ... 30%
2025-08-09T00:31:19.7496023Z (Reading database ... 35%
2025-08-09T00:31:19.7496367Z (Reading database ... 40%
2025-08-09T00:31:19.7496716Z (Reading database ... 45%
2025-08-09T00:31:19.7497048Z (Reading database ... 50%
2025-08-09T00:31:19.7547968Z (Reading database ... 55%
2025-08-09T00:31:19.7583774Z (Reading database ... 60%
2025-08-09T00:31:19.7603484Z (Reading database ... 65%
2025-08-09T00:31:19.7801458Z (Reading database ... 70%
2025-08-09T00:31:19.7859068Z (Reading database ... 75%
2025-08-09T00:31:19.7896796Z (Reading database ... 80%
2025-08-09T00:31:19.8179267Z (Reading database ... 85%
2025-08-09T00:31:19.8266590Z (Reading database ... 90%
2025-08-09T00:31:19.8428685Z (Reading database ... 95%
2025-08-09T00:31:19.8429094Z (Reading database ... 100%
2025-08-09T00:31:19.8429598Z (Reading database ... 270634 files and directories currently installed.)
2025-08-09T00:31:19.8485359Z Preparing to unpack .../dialog_1.3-20211214-1_amd64.deb ...
2025-08-09T00:31:19.8497971Z Unpacking dialog (1.3-20211214-1) ...
2025-08-09T00:31:20.0380165Z Setting up dialog (1.3-20211214-1) ...
2025-08-09T00:31:20.0412106Z Processing triggers for man-db (2.10.2-1) ...
2025-08-09T00:31:20.5919587Z NEEDRESTART-VER: 3.5
2025-08-09T00:31:20.8243050Z NEEDRESTART-KCUR: 6.8.0-1031-azure
2025-08-09T00:31:20.8243542Z NEEDRESTART-KEXP: 6.8.0-1031-azure
2025-08-09T00:31:20.8243928Z NEEDRESTART-KSTA: 1
2025-08-09T00:31:20.8244307Z NEEDRESTART-SVC: hosted-compute-agent.service
2025-08-09T00:31:22.2265641Z [0;32m[SUCCESS][0m Build environment initialized
2025-08-09T00:31:22.2266009Z 
2025-08-09T00:31:22.2266297Z [0;35m[PHASE][0m Building Custom Kernel 6.6.58 with AI Optimizations
2025-08-09T00:31:22.2266559Z 
2025-08-09T00:31:22.2266724Z [0;34m[INFO][0m Downloading Linux kernel 6.6.58...
2025-08-09T00:31:22.2280540Z Cloning into 'linux'...
2025-08-09T00:31:52.8852630Z ##[error]The operation was canceled.
2025-08-09T00:31:52.8942067Z Post job cleanup.
2025-08-09T00:31:52.9959492Z [command]/usr/bin/git version
2025-08-09T00:31:53.0000125Z git version 2.50.1
2025-08-09T00:31:53.0046985Z Temporarily overriding HOME='/home/runner/work/_temp/bef03503-adea-40a0-b477-7949ed21742c' before making global git config changes
2025-08-09T00:31:53.0047701Z Adding repository directory to the temporary git global config as a safe directory
2025-08-09T00:31:53.0060675Z [command]/usr/bin/git config --global --add safe.directory /home/runner/work/ainux/ainux
2025-08-09T00:31:53.0096995Z [command]/usr/bin/git config --local --name-only --get-regexp core\.sshCommand
2025-08-09T00:31:53.0130547Z [command]/usr/bin/git submodule foreach --recursive sh -c "git config --local --name-only --get-regexp 'core\.sshCommand' && git config --local --unset-all 'core.sshCommand' || :"
2025-08-09T00:31:53.0356366Z [command]/usr/bin/git config --local --name-only --get-regexp http\.https\:\/\/github\.com\/\.extraheader
2025-08-09T00:31:53.0379063Z http.https://github.com/.extraheader
2025-08-09T00:31:53.0391357Z [command]/usr/bin/git config --local --unset-all http.https://github.com/.extraheader
2025-08-09T00:31:53.0423907Z [command]/usr/bin/git submodule foreach --recursive sh -c "git config --local --name-only --get-regexp 'http\.https\:\/\/github\.com\/\.extraheader' && git config --local --unset-all 'http.https://github.com/.extraheader' || :"
2025-08-09T00:31:53.0763034Z Cleaning up orphan processes
2025-08-09T00:31:53.0992310Z Terminate orphan process: pid (3848) (timeout)
2025-08-09T00:31:53.1009795Z Terminate orphan process: pid (3849) (ainux-builder.sh)
2025-08-09T00:31:53.1140762Z Terminate orphan process: pid (4490) (git)
2025-08-09T00:31:53.1274119Z Terminate orphan process: pid (4491) (git)
