2025-08-09T02:12:57.5283685Z Current runner version: '2.327.1'
2025-08-09T02:12:57.5316066Z ##[group]Runner Image Provisioner
2025-08-09T02:12:57.5317375Z Hosted Compute Agent
2025-08-09T02:12:57.5318290Z Version: 20250711.363
2025-08-09T02:12:57.5319249Z Commit: 6785254374ce925a23743850c1cb91912ce5c14c
2025-08-09T02:12:57.5320723Z Build Date: 2025-07-11T20:04:25Z
2025-08-09T02:12:57.5322030Z ##[endgroup]
2025-08-09T02:12:57.5322832Z ##[group]Operating System
2025-08-09T02:12:57.5323956Z Ubuntu
2025-08-09T02:12:57.5324695Z 22.04.5
2025-08-09T02:12:57.5325421Z LTS
2025-08-09T02:12:57.5326186Z ##[endgroup]
2025-08-09T02:12:57.5326963Z ##[group]Runner Image
2025-08-09T02:12:57.5327736Z Image: ubuntu-22.04
2025-08-09T02:12:57.5328682Z Version: 20250804.2.0
2025-08-09T02:12:57.5330425Z Included Software: https://github.com/actions/runner-images/blob/ubuntu22/20250804.2/images/ubuntu/Ubuntu2204-Readme.md
2025-08-09T02:12:57.5333791Z Image Release: https://github.com/actions/runner-images/releases/tag/ubuntu22%2F20250804.2
2025-08-09T02:12:57.5335410Z ##[endgroup]
2025-08-09T02:12:57.5339543Z ##[group]GITHUB_TOKEN Permissions
2025-08-09T02:12:57.5342734Z Actions: write
2025-08-09T02:12:57.5343652Z Attestations: write
2025-08-09T02:12:57.5344420Z Checks: write
2025-08-09T02:12:57.5345232Z Contents: write
2025-08-09T02:12:57.5346078Z Deployments: write
2025-08-09T02:12:57.5346917Z Discussions: write
2025-08-09T02:12:57.5347684Z Issues: write
2025-08-09T02:12:57.5348482Z Metadata: read
2025-08-09T02:12:57.5349296Z Models: read
2025-08-09T02:12:57.5350048Z Packages: write
2025-08-09T02:12:57.5350908Z Pages: write
2025-08-09T02:12:57.5351649Z PullRequests: write
2025-08-09T02:12:57.5352729Z RepositoryProjects: write
2025-08-09T02:12:57.5353582Z SecurityEvents: write
2025-08-09T02:12:57.5354596Z Statuses: write
2025-08-09T02:12:57.5355411Z ##[endgroup]
2025-08-09T02:12:57.5358722Z Secret source: Actions
2025-08-09T02:12:57.5360075Z Prepare workflow directory
2025-08-09T02:12:57.5814156Z Prepare all required actions
2025-08-09T02:12:57.5868752Z Getting action download info
2025-08-09T02:12:57.8338125Z ##[group]Download immutable action package 'actions/checkout@v4'
2025-08-09T02:12:57.8339752Z Version: 4.2.2
2025-08-09T02:12:57.8340734Z Digest: sha256:ccb2698953eaebd21c7bf6268a94f9c26518a7e38e27e0b83c1fe1ad049819b1
2025-08-09T02:12:57.8342027Z Source commit SHA: 11bd71901bbe5b1630ceea73d27597364c9af683
2025-08-09T02:12:57.8342838Z ##[endgroup]
2025-08-09T02:12:57.9162971Z ##[group]Download immutable action package 'actions/upload-artifact@v4'
2025-08-09T02:12:57.9163850Z Version: 4.6.2
2025-08-09T02:12:57.9164686Z Digest: sha256:290722aa3281d5caf23d0acdc3dbeb3424786a1a01a9cc97e72f147225e37c38
2025-08-09T02:12:57.9165627Z Source commit SHA: ea165f8d65b6e75b540449e92b4886f43607fa02
2025-08-09T02:12:57.9166320Z ##[endgroup]
2025-08-09T02:12:58.1091316Z Complete job name: build-test (main, true)
2025-08-09T02:12:58.1782920Z ##[group]Run actions/checkout@v4
2025-08-09T02:12:58.1783763Z with:
2025-08-09T02:12:58.1784130Z   lfs: true
2025-08-09T02:12:58.1784507Z   repository: yaotagroep/ainux
2025-08-09T02:12:58.1785130Z   token: ***
2025-08-09T02:12:58.1785509Z   ssh-strict: true
2025-08-09T02:12:58.1785886Z   ssh-user: git
2025-08-09T02:12:58.1786276Z   persist-credentials: true
2025-08-09T02:12:58.1786707Z   clean: true
2025-08-09T02:12:58.1787098Z   sparse-checkout-cone-mode: true
2025-08-09T02:12:58.1787565Z   fetch-depth: 1
2025-08-09T02:12:58.1787944Z   fetch-tags: false
2025-08-09T02:12:58.1788333Z   show-progress: true
2025-08-09T02:12:58.1788728Z   submodules: false
2025-08-09T02:12:58.1789109Z   set-safe-directory: true
2025-08-09T02:12:58.1789735Z ##[endgroup]
2025-08-09T02:12:58.2870374Z Syncing repository: yaotagroep/ainux
2025-08-09T02:12:58.2872581Z ##[group]Getting Git version info
2025-08-09T02:12:58.2873338Z Working directory is '/home/runner/work/ainux/ainux'
2025-08-09T02:12:58.2874321Z [command]/usr/bin/git version
2025-08-09T02:12:58.2907794Z git version 2.50.1
2025-08-09T02:12:58.2960733Z [command]/usr/bin/git lfs version
2025-08-09T02:12:59.0756636Z git-lfs/3.7.0 (GitHub; linux amd64; go 1.24.4)
2025-08-09T02:12:59.0773013Z ##[endgroup]
2025-08-09T02:12:59.0790894Z Temporarily overriding HOME='/home/runner/work/_temp/3c775691-4828-4db3-a720-9f797e6268d6' before making global git config changes
2025-08-09T02:12:59.0793573Z Adding repository directory to the temporary git global config as a safe directory
2025-08-09T02:12:59.0797999Z [command]/usr/bin/git config --global --add safe.directory /home/runner/work/ainux/ainux
2025-08-09T02:12:59.0835847Z Deleting the contents of '/home/runner/work/ainux/ainux'
2025-08-09T02:12:59.0840789Z ##[group]Initializing the repository
2025-08-09T02:12:59.0845965Z [command]/usr/bin/git init /home/runner/work/ainux/ainux
2025-08-09T02:12:59.0900728Z hint: Using 'master' as the name for the initial branch. This default branch name
2025-08-09T02:12:59.0903083Z hint: is subject to change. To configure the initial branch name to use in all
2025-08-09T02:12:59.0904627Z hint: of your new repositories, which will suppress this warning, call:
2025-08-09T02:12:59.0905489Z hint:
2025-08-09T02:12:59.0906007Z hint: 	git config --global init.defaultBranch <name>
2025-08-09T02:12:59.0906690Z hint:
2025-08-09T02:12:59.0907370Z hint: Names commonly chosen instead of 'master' are 'main', 'trunk' and
2025-08-09T02:12:59.0908851Z hint: 'development'. The just-created branch can be renamed via this command:
2025-08-09T02:12:59.0910023Z hint:
2025-08-09T02:12:59.0910468Z hint: 	git branch -m <name>
2025-08-09T02:12:59.0910970Z hint:
2025-08-09T02:12:59.0911873Z hint: Disable this message with "git config set advice.defaultBranchName false"
2025-08-09T02:12:59.0913206Z Initialized empty Git repository in /home/runner/work/ainux/ainux/.git/
2025-08-09T02:12:59.0916112Z [command]/usr/bin/git remote add origin https://github.com/yaotagroep/ainux
2025-08-09T02:12:59.0947707Z ##[endgroup]
2025-08-09T02:12:59.0948485Z ##[group]Disabling automatic garbage collection
2025-08-09T02:12:59.0951628Z [command]/usr/bin/git config --local gc.auto 0
2025-08-09T02:12:59.0978140Z ##[endgroup]
2025-08-09T02:12:59.0979427Z ##[group]Setting up auth
2025-08-09T02:12:59.0985886Z [command]/usr/bin/git config --local --name-only --get-regexp core\.sshCommand
2025-08-09T02:12:59.1016774Z [command]/usr/bin/git submodule foreach --recursive sh -c "git config --local --name-only --get-regexp 'core\.sshCommand' && git config --local --unset-all 'core.sshCommand' || :"
2025-08-09T02:12:59.1247395Z [command]/usr/bin/git config --local --name-only --get-regexp http\.https\:\/\/github\.com\/\.extraheader
2025-08-09T02:12:59.1279650Z [command]/usr/bin/git submodule foreach --recursive sh -c "git config --local --name-only --get-regexp 'http\.https\:\/\/github\.com\/\.extraheader' && git config --local --unset-all 'http.https://github.com/.extraheader' || :"
2025-08-09T02:12:59.1503253Z [command]/usr/bin/git config --local http.https://github.com/.extraheader AUTHORIZATION: basic ***
2025-08-09T02:12:59.1537645Z ##[endgroup]
2025-08-09T02:12:59.1542015Z [command]/usr/bin/git lfs install --local
2025-08-09T02:12:59.1884068Z Updated Git hooks.
2025-08-09T02:12:59.1884723Z Git LFS initialized.
2025-08-09T02:12:59.1897192Z ##[group]Fetching the repository
2025-08-09T02:12:59.1907303Z [command]/usr/bin/git -c protocol.version=2 fetch --no-tags --prune --no-recurse-submodules --depth=1 origin +52f4e684192b809594413b2ad85506d46dbabd0e:refs/remotes/origin/main
2025-08-09T02:12:59.5201293Z From https://github.com/yaotagroep/ainux
2025-08-09T02:12:59.5203395Z  * [new ref]         52f4e684192b809594413b2ad85506d46dbabd0e -> origin/main
2025-08-09T02:12:59.5224904Z ##[endgroup]
2025-08-09T02:12:59.5226190Z ##[group]Determining the checkout info
2025-08-09T02:12:59.5227740Z ##[endgroup]
2025-08-09T02:12:59.5228722Z ##[group]Fetching LFS objects
2025-08-09T02:12:59.5232141Z [command]/usr/bin/git lfs fetch origin refs/remotes/origin/main
2025-08-09T02:12:59.5445129Z Fetching reference refs/remotes/origin/main
2025-08-09T02:12:59.5690812Z ##[endgroup]
2025-08-09T02:12:59.5692435Z [command]/usr/bin/git sparse-checkout disable
2025-08-09T02:12:59.5729059Z [command]/usr/bin/git config --local --unset-all extensions.worktreeConfig
2025-08-09T02:12:59.5756597Z ##[group]Checking out the ref
2025-08-09T02:12:59.5759762Z [command]/usr/bin/git checkout --progress --force -B main refs/remotes/origin/main
2025-08-09T02:12:59.5938647Z Switched to a new branch 'main'
2025-08-09T02:12:59.5940543Z branch 'main' set up to track 'origin/main'.
2025-08-09T02:12:59.6185803Z ##[endgroup]
2025-08-09T02:12:59.6220887Z [command]/usr/bin/git log -1 --format=%H
2025-08-09T02:12:59.6243917Z 52f4e684192b809594413b2ad85506d46dbabd0e
2025-08-09T02:12:59.6450550Z ##[group]Run echo "⏳ Reclaiming space..."
2025-08-09T02:12:59.6452174Z [36;1mecho "⏳ Reclaiming space..."[0m
2025-08-09T02:12:59.6453547Z [36;1msudo rm -rf /usr/local/lib/android[0m
2025-08-09T02:12:59.6454943Z [36;1msudo rm -rf /usr/local/share/boost[0m
2025-08-09T02:12:59.6456285Z [36;1msudo rm -rf /usr/share/dotnet[0m
2025-08-09T02:12:59.6457541Z [36;1msudo rm -rf /opt/ghc[0m
2025-08-09T02:12:59.6458734Z [36;1msudo rm -rf /opt/hostedtoolcache[0m
2025-08-09T02:12:59.6459993Z [36;1msudo apt-get clean[0m
2025-08-09T02:12:59.6461167Z [36;1msudo rm -rf "$AGENT_TOOLSDIRECTORY"[0m
2025-08-09T02:12:59.6462595Z [36;1mdf -h[0m
2025-08-09T02:12:59.6463439Z [36;1m [0m
2025-08-09T02:12:59.6495996Z shell: /usr/bin/bash -e {0}
2025-08-09T02:12:59.6497146Z ##[endgroup]
2025-08-09T02:12:59.6572352Z ⏳ Reclaiming space...
2025-08-09T02:14:38.6994586Z Filesystem      Size  Used Avail Use% Mounted on
2025-08-09T02:14:38.6995233Z /dev/root        73G   36G   37G  50% /
2025-08-09T02:14:38.6995700Z tmpfs           7.9G  172K  7.9G   1% /dev/shm
2025-08-09T02:14:38.6996094Z tmpfs           3.2G  1.1M  3.2G   1% /run
2025-08-09T02:14:38.6996564Z tmpfs           5.0M     0  5.0M   0% /run/lock
2025-08-09T02:14:38.6996998Z /dev/sda15      105M  6.1M   99M   6% /boot/efi
2025-08-09T02:14:38.6997423Z /dev/sdb1        74G  4.1G   66G   6% /mnt
2025-08-09T02:14:38.6997856Z tmpfs           1.6G   12K  1.6G   1% /run/user/1001
2025-08-09T02:14:38.7031347Z ##[group]Run sudo apt-get update
2025-08-09T02:14:38.7031641Z [36;1msudo apt-get update[0m
2025-08-09T02:14:38.7032246Z [36;1msudo apt-get install -y \[0m
2025-08-09T02:14:38.7032616Z [36;1m  git build-essential libncurses-dev bison flex libssl-dev \[0m
2025-08-09T02:14:38.7033027Z [36;1m  libelf-dev bc gcc make debootstrap live-build squashfs-tools \[0m
2025-08-09T02:14:38.7033415Z [36;1m  dosfstools xorriso isolinux syslinux-utils genisoimage \[0m
2025-08-09T02:14:38.7033786Z [36;1m  qemu-system-x86 python3-pip nmap curl wget rsync pv \[0m
2025-08-09T02:14:38.7034117Z [36;1m  grub-pc-bin grub-efi-amd64-bin mtools[0m
2025-08-09T02:14:38.7034356Z [36;1m  [0m
2025-08-09T02:14:38.7062205Z shell: /usr/bin/bash -e {0}
2025-08-09T02:14:38.7062428Z ##[endgroup]
2025-08-09T02:14:38.8043021Z Get:1 file:/etc/apt/apt-mirrors.txt Mirrorlist [144 B]
2025-08-09T02:14:38.8324940Z Get:6 https://packages.microsoft.com/repos/azure-cli jammy InRelease [3596 B]
2025-08-09T02:14:38.8419711Z Get:7 https://packages.microsoft.com/ubuntu/22.04/prod jammy InRelease [3632 B]
2025-08-09T02:14:38.8583642Z Hit:2 http://azure.archive.ubuntu.com/ubuntu jammy InRelease
2025-08-09T02:14:38.8601396Z Get:3 http://azure.archive.ubuntu.com/ubuntu jammy-updates InRelease [128 kB]
2025-08-09T02:14:38.8647807Z Get:4 http://azure.archive.ubuntu.com/ubuntu jammy-backports InRelease [127 kB]
2025-08-09T02:14:38.8737657Z Get:5 http://azure.archive.ubuntu.com/ubuntu jammy-security InRelease [129 kB]
2025-08-09T02:14:38.8984331Z Get:8 https://packages.microsoft.com/repos/azure-cli jammy/main amd64 Packages [2575 B]
2025-08-09T02:14:38.9446770Z Get:9 https://packages.microsoft.com/ubuntu/22.04/prod jammy/main arm64 Packages [75.0 kB]
2025-08-09T02:14:38.9504763Z Get:10 https://packages.microsoft.com/ubuntu/22.04/prod jammy/main amd64 Packages [239 kB]
2025-08-09T02:14:39.2714317Z Get:11 http://azure.archive.ubuntu.com/ubuntu jammy-security/main Translation-en [379 kB]
2025-08-09T02:14:41.8950527Z Fetched 1087 kB in 1s (1932 kB/s)
2025-08-09T02:14:42.7352083Z Reading package lists...
2025-08-09T02:14:42.7937708Z Reading package lists...
2025-08-09T02:14:42.9853416Z Building dependency tree...
2025-08-09T02:14:42.9865144Z Reading state information...
2025-08-09T02:14:43.1408143Z bc is already the newest version (1.07.1-3build1).
2025-08-09T02:14:43.1408674Z bc set to manually installed.
2025-08-09T02:14:43.1409131Z bison is already the newest version (2:3.8.2+dfsg-1build1).
2025-08-09T02:14:43.1409713Z build-essential is already the newest version (12.9ubuntu3).
2025-08-09T02:14:43.1410275Z build-essential set to manually installed.
2025-08-09T02:14:43.1410804Z dosfstools is already the newest version (4.2-1build3).
2025-08-09T02:14:43.1411295Z dosfstools set to manually installed.
2025-08-09T02:14:43.1412036Z flex is already the newest version (2.6.4-8build2).
2025-08-09T02:14:43.1412609Z gcc is already the newest version (4:11.2.0-1ubuntu1).
2025-08-09T02:14:43.1413217Z make is already the newest version (4.3-4.1build1).
2025-08-09T02:14:43.1413766Z squashfs-tools is already the newest version (1:4.5-3build1).
2025-08-09T02:14:43.1414287Z squashfs-tools set to manually installed.
2025-08-09T02:14:43.1414733Z xorriso is already the newest version (1.5.4-2).
2025-08-09T02:14:43.1415243Z curl is already the newest version (7.81.0-1ubuntu1.20).
2025-08-09T02:14:43.1415813Z grub-efi-amd64-bin is already the newest version (2.06-2ubuntu14.8).
2025-08-09T02:14:43.1416374Z grub-efi-amd64-bin set to manually installed.
2025-08-09T02:14:43.1416882Z grub-pc-bin is already the newest version (2.06-2ubuntu7.2).
2025-08-09T02:14:43.1417379Z grub-pc-bin set to manually installed.
2025-08-09T02:14:43.1417912Z libncurses-dev is already the newest version (6.3-2ubuntu0.1).
2025-08-09T02:14:43.1418456Z libncurses-dev set to manually installed.
2025-08-09T02:14:43.1418972Z libssl-dev is already the newest version (3.0.2-0ubuntu1.19).
2025-08-09T02:14:43.1419562Z rsync is already the newest version (3.2.7-0ubuntu0.22.04.4).
2025-08-09T02:14:43.1420827Z wget is already the newest version (1.21.2-2ubuntu1.1).
2025-08-09T02:14:43.1421422Z python3-pip is already the newest version (22.0.2+dfsg-1ubuntu0.6).
2025-08-09T02:14:43.1422183Z git is already the newest version (1:2.50.1-0ppa1~ubuntu22.04.1).
2025-08-09T02:14:43.1422745Z The following additional packages will be installed:
2025-08-09T02:14:43.1423289Z   cpu-checker gstreamer1.0-plugins-base gstreamer1.0-plugins-good
2025-08-09T02:14:43.1423984Z   gstreamer1.0-x ibverbs-providers ipxe-qemu ipxe-qemu-256k-compat-efi-roms
2025-08-09T02:14:43.1424663Z   libaa1 libasyncns0 libavc1394-0 libboost-iostreams1.74.0
2025-08-09T02:14:43.1425303Z   libboost-thread1.74.0 libbrlapi0.8 libcaca0 libcacard0 libcdparanoia0
2025-08-09T02:14:43.1426018Z   libdaxctl1 libdecor-0-0 libdecor-0-plugin-1-cairo libdv4 libfdt1 libflac8
2025-08-09T02:14:43.1428321Z   libgfapi0 libgfrpc0 libgfxdr0 libglusterfs0 libgstreamer-plugins-base1.0-0
2025-08-09T02:14:43.1429156Z   libgstreamer-plugins-good1.0-0 libibverbs1 libiec61883-0 libiscsi7
2025-08-09T02:14:43.1429673Z   libjack-jackd2-0 liblinear4 libmp3lame0 libmpg123-0 libndctl6
2025-08-09T02:14:43.1430184Z   libnl-route-3-200 libopus0 liborc-0.4-0 libpcsclite1 libpmem1 libpmemobj1
2025-08-09T02:14:43.1430712Z   libpulse0 librados2 libraw1394-11 librbd1 librdmacm1 libsamplerate0
2025-08-09T02:14:43.1431226Z   libsdl2-2.0-0 libshout3 libsndfile1 libspeex1 libspice-server1 libtag1v5
2025-08-09T02:14:43.1432000Z   libtag1v5-vanilla libtheora0 libtwolame0 liburing2 libusbredirparser1
2025-08-09T02:14:43.1432539Z   libv4l-0 libv4lconvert0 libvirglrenderer1 libvisual-0.4-0 libvorbisenc2
2025-08-09T02:14:43.1433051Z   libvpx7 libvte-2.91-0 libvte-2.91-common libwavpack1 libxv1 lua-lpeg
2025-08-09T02:14:43.1433536Z   msr-tools nmap-common ovmf qemu-block-extra qemu-system-common
2025-08-09T02:14:43.1434055Z   qemu-system-data qemu-system-gui qemu-utils seabios syslinux-common
2025-08-09T02:14:43.1434467Z Suggested packages:
2025-08-09T02:14:43.1435125Z   squid-deb-proxy-client debian-archive-keyring arch-test wodim cdrkit-doc
2025-08-09T02:14:43.1435714Z   gvfs libdv-bin oss-compat libvisual-0.4-plugins jackd2 liblinear-tools
2025-08-09T02:14:43.1436235Z   liblinear-dev opus-tools pcscd pulseaudio libraw1394-doc speex
2025-08-09T02:14:43.1436792Z   gstreamer1.0-libav gstreamer1.0-plugins-ugly memtest86+ | memtest86 syslinux
2025-08-09T02:14:43.1437381Z   | grub win32-loader gnu-fdisk floppyd ncat ndiff zenmap doc-base samba vde2
2025-08-09T02:14:43.1437830Z   libcrypt-passwdmd5-perl
2025-08-09T02:14:43.1740683Z The following NEW packages will be installed:
2025-08-09T02:14:43.1741358Z   cpu-checker debootstrap genisoimage gstreamer1.0-plugins-base
2025-08-09T02:14:43.1742395Z   gstreamer1.0-plugins-good gstreamer1.0-x ibverbs-providers ipxe-qemu
2025-08-09T02:14:43.1743238Z   ipxe-qemu-256k-compat-efi-roms isolinux libaa1 libasyncns0 libavc1394-0
2025-08-09T02:14:43.1744141Z   libboost-iostreams1.74.0 libboost-thread1.74.0 libbrlapi0.8 libcaca0
2025-08-09T02:14:43.1745144Z   libcacard0 libcdparanoia0 libdaxctl1 libdecor-0-0 libdecor-0-plugin-1-cairo
2025-08-09T02:14:43.1746055Z   libdv4 libelf-dev libfdt1 libflac8 libgfapi0 libgfrpc0 libgfxdr0
2025-08-09T02:14:43.1746985Z   libglusterfs0 libgstreamer-plugins-base1.0-0 libgstreamer-plugins-good1.0-0
2025-08-09T02:14:43.1747768Z   libibverbs1 libiec61883-0 libiscsi7 libjack-jackd2-0 liblinear4 libmp3lame0
2025-08-09T02:14:43.1748383Z   libmpg123-0 libndctl6 libnl-route-3-200 libopus0 liborc-0.4-0 libpcsclite1
2025-08-09T02:14:43.1748973Z   libpmem1 libpmemobj1 libpulse0 librados2 libraw1394-11 librbd1 librdmacm1
2025-08-09T02:14:43.1749530Z   libsamplerate0 libsdl2-2.0-0 libshout3 libsndfile1 libspeex1
2025-08-09T02:14:43.1750056Z   libspice-server1 libtag1v5 libtag1v5-vanilla libtheora0 libtwolame0
2025-08-09T02:14:43.1750620Z   liburing2 libusbredirparser1 libv4l-0 libv4lconvert0 libvirglrenderer1
2025-08-09T02:14:43.1751188Z   libvisual-0.4-0 libvorbisenc2 libvpx7 libvte-2.91-0 libvte-2.91-common
2025-08-09T02:14:43.1752286Z   libwavpack1 libxv1 live-build lua-lpeg msr-tools mtools nmap nmap-common
2025-08-09T02:14:43.1752927Z   ovmf pv qemu-block-extra qemu-system-common qemu-system-data qemu-system-gui
2025-08-09T02:14:43.1753595Z   qemu-system-x86 qemu-utils seabios syslinux-common syslinux-utils
2025-08-09T02:14:43.1924105Z 0 upgraded, 90 newly installed, 0 to remove and 16 not upgraded.
2025-08-09T02:14:43.1924690Z Need to get 53.2 MB of archives.
2025-08-09T02:14:43.1925206Z After this operation, 193 MB of additional disk space will be used.
2025-08-09T02:14:43.1925828Z Get:1 file:/etc/apt/apt-mirrors.txt Mirrorlist [144 B]
2025-08-09T02:14:43.2297679Z Get:2 http://azure.archive.ubuntu.com/ubuntu jammy/main amd64 msr-tools amd64 1.3-4 [10.3 kB]
2025-08-09T02:14:43.2463513Z Get:3 http://azure.archive.ubuntu.com/ubuntu jammy/main amd64 cpu-checker amd64 0.7-1.3build1 [6800 B]
2025-08-09T02:14:43.2617619Z Get:4 http://azure.archive.ubuntu.com/ubuntu jammy/main amd64 genisoimage amd64 9:1.1.11-3.2ubuntu1 [370 kB]
2025-08-09T02:14:43.2849819Z Get:5 http://azure.archive.ubuntu.com/ubuntu jammy/main amd64 libcdparanoia0 amd64 3.10.2+debian-14build2 [49.3 kB]
2025-08-09T02:14:43.3042653Z Get:6 http://azure.archive.ubuntu.com/ubuntu jammy-updates/main amd64 liborc-0.4-0 amd64 1:0.4.32-2ubuntu0.1 [228 kB]
2025-08-09T02:14:43.3226986Z Get:7 http://azure.archive.ubuntu.com/ubuntu jammy-updates/main amd64 libgstreamer-plugins-base1.0-0 amd64 1.20.1-1ubuntu0.4 [848 kB]
2025-08-09T02:14:43.3497237Z Get:8 http://azure.archive.ubuntu.com/ubuntu jammy/main amd64 libopus0 amd64 1.3.1-0.1build2 [203 kB]
2025-08-09T02:14:43.3668885Z Get:9 http://azure.archive.ubuntu.com/ubuntu jammy/main amd64 libtheora0 amd64 1.1.1+dfsg.1-15ubuntu4 [209 kB]
2025-08-09T02:14:43.3859398Z Get:10 http://azure.archive.ubuntu.com/ubuntu jammy/main amd64 libvisual-0.4-0 amd64 0.4.0-17build2 [108 kB]
2025-08-09T02:14:43.4026472Z Get:11 http://azure.archive.ubuntu.com/ubuntu jammy/main amd64 libvorbisenc2 amd64 1.3.7-1build2 [82.6 kB]
2025-08-09T02:14:43.4193438Z Get:12 http://azure.archive.ubuntu.com/ubuntu jammy-updates/main amd64 gstreamer1.0-plugins-base amd64 1.20.1-1ubuntu0.4 [712 kB]
2025-08-09T02:14:43.4405499Z Get:13 http://azure.archive.ubuntu.com/ubuntu jammy/main amd64 libaa1 amd64 1.4p5-50build1 [51.9 kB]
2025-08-09T02:14:43.4570306Z Get:14 http://azure.archive.ubuntu.com/ubuntu jammy/main amd64 libraw1394-11 amd64 2.1.2-2build2 [27.0 kB]
2025-08-09T02:14:43.4730233Z Get:15 http://azure.archive.ubuntu.com/ubuntu jammy/main amd64 libavc1394-0 amd64 0.5.4-5build2 [17.0 kB]
2025-08-09T02:14:43.4911226Z Get:16 http://azure.archive.ubuntu.com/ubuntu jammy/main amd64 libcaca0 amd64 0.99.beta19-2.2ubuntu4 [224 kB]
2025-08-09T02:14:43.5093415Z Get:17 http://azure.archive.ubuntu.com/ubuntu jammy/main amd64 libdv4 amd64 1.0.0-14build1 [61.9 kB]
2025-08-09T02:14:43.5256148Z Get:18 http://azure.archive.ubuntu.com/ubuntu jammy-updates/main amd64 libflac8 amd64 1.3.3-2ubuntu0.2 [111 kB]
2025-08-09T02:14:43.5421101Z Get:19 http://azure.archive.ubuntu.com/ubuntu jammy-updates/main amd64 libgstreamer-plugins-good1.0-0 amd64 1.20.3-0ubuntu1.3 [30.1 kB]
2025-08-09T02:14:43.6100905Z Get:20 http://azure.archive.ubuntu.com/ubuntu jammy/main amd64 libiec61883-0 amd64 1.2.0-4build3 [25.9 kB]
2025-08-09T02:14:43.6266476Z Get:21 http://azure.archive.ubuntu.com/ubuntu jammy/main amd64 libsamplerate0 amd64 0.2.2-1build1 [1359 kB]
2025-08-09T02:14:43.6564180Z Get:22 http://azure.archive.ubuntu.com/ubuntu jammy/main amd64 libjack-jackd2-0 amd64 1.9.20~dfsg-1 [293 kB]
2025-08-09T02:14:43.6746759Z Get:23 http://azure.archive.ubuntu.com/ubuntu jammy/main amd64 libmp3lame0 amd64 3.100-3build2 [141 kB]
2025-08-09T02:14:43.6913451Z Get:24 http://azure.archive.ubuntu.com/ubuntu jammy-updates/main amd64 libmpg123-0 amd64 1.29.3-1ubuntu0.1 [172 kB]
2025-08-09T02:14:43.7094468Z Get:25 http://azure.archive.ubuntu.com/ubuntu jammy/main amd64 libasyncns0 amd64 0.8-6build2 [12.8 kB]
2025-08-09T02:14:43.7252534Z Get:26 http://azure.archive.ubuntu.com/ubuntu jammy-updates/main amd64 libsndfile1 amd64 1.0.31-2ubuntu0.2 [196 kB]
2025-08-09T02:14:43.7429782Z Get:27 http://azure.archive.ubuntu.com/ubuntu jammy-updates/main amd64 libpulse0 amd64 1:15.99.1+dfsg1-1ubuntu2.2 [298 kB]
2025-08-09T02:14:43.7719801Z Get:28 http://azure.archive.ubuntu.com/ubuntu jammy/main amd64 libspeex1 amd64 1.2~rc1.2-1.1ubuntu3 [57.9 kB]
2025-08-09T02:14:43.7876937Z Get:29 http://azure.archive.ubuntu.com/ubuntu jammy/main amd64 libshout3 amd64 2.4.5-1build3 [54.5 kB]
2025-08-09T02:14:43.8040774Z Get:30 http://azure.archive.ubuntu.com/ubuntu jammy/main amd64 libtag1v5-vanilla amd64 1.11.1+dfsg.1-3ubuntu3 [304 kB]
2025-08-09T02:14:43.8248226Z Get:31 http://azure.archive.ubuntu.com/ubuntu jammy/main amd64 libtag1v5 amd64 1.11.1+dfsg.1-3ubuntu3 [11.5 kB]
2025-08-09T02:14:43.8413766Z Get:32 http://azure.archive.ubuntu.com/ubuntu jammy/main amd64 libtwolame0 amd64 0.4.0-2build2 [52.5 kB]
2025-08-09T02:14:43.8595907Z Get:33 http://azure.archive.ubuntu.com/ubuntu jammy/main amd64 libv4lconvert0 amd64 1.22.1-2build1 [82.4 kB]
2025-08-09T02:14:43.8802796Z Get:34 http://azure.archive.ubuntu.com/ubuntu jammy/main amd64 libv4l-0 amd64 1.22.1-2build1 [44.9 kB]
2025-08-09T02:14:43.8970118Z Get:35 http://azure.archive.ubuntu.com/ubuntu jammy-updates/main amd64 libvpx7 amd64 1.11.0-2ubuntu2.4 [1078 kB]
2025-08-09T02:14:43.9242346Z Get:36 http://azure.archive.ubuntu.com/ubuntu jammy/main amd64 libwavpack1 amd64 5.4.0-1build2 [83.7 kB]
2025-08-09T02:14:43.9430966Z Get:37 http://azure.archive.ubuntu.com/ubuntu jammy-updates/main amd64 gstreamer1.0-plugins-good amd64 1.20.3-0ubuntu1.3 [2010 kB]
2025-08-09T02:14:43.9772713Z Get:38 http://azure.archive.ubuntu.com/ubuntu jammy/main amd64 libxv1 amd64 2:1.0.11-1build2 [11.2 kB]
2025-08-09T02:14:44.0373538Z Get:39 http://azure.archive.ubuntu.com/ubuntu jammy-updates/main amd64 gstreamer1.0-x amd64 1.20.1-1ubuntu0.4 [85.1 kB]
2025-08-09T02:14:44.0541330Z Get:40 http://azure.archive.ubuntu.com/ubuntu jammy/main amd64 libnl-route-3-200 amd64 3.5.0-0.1 [180 kB]
2025-08-09T02:14:44.0754984Z Get:41 http://azure.archive.ubuntu.com/ubuntu jammy/main amd64 libibverbs1 amd64 39.0-1 [69.3 kB]
2025-08-09T02:14:44.0920230Z Get:42 http://azure.archive.ubuntu.com/ubuntu jammy/main amd64 ibverbs-providers amd64 39.0-1 [341 kB]
2025-08-09T02:14:44.1118664Z Get:43 http://azure.archive.ubuntu.com/ubuntu jammy/main amd64 ipxe-qemu all 1.21.1+git-20220113.fbbdc3926-0ubuntu1 [1569 kB]
2025-08-09T02:14:44.1504728Z Get:44 http://azure.archive.ubuntu.com/ubuntu jammy/main amd64 ipxe-qemu-256k-compat-efi-roms all 1.0.0+git-20150424.a25a16d-0ubuntu4 [552 kB]
2025-08-09T02:14:44.1756247Z Get:45 http://azure.archive.ubuntu.com/ubuntu jammy/universe amd64 isolinux all 3:6.04~git20190206.bf6db5b4+dfsg1-3ubuntu1 [60.1 kB]
2025-08-09T02:14:44.1925775Z Get:46 http://azure.archive.ubuntu.com/ubuntu jammy/main amd64 libboost-iostreams1.74.0 amd64 1.74.0-14ubuntu3 [245 kB]
2025-08-09T02:14:44.2167258Z Get:47 http://azure.archive.ubuntu.com/ubuntu jammy/main amd64 libboost-thread1.74.0 amd64 1.74.0-14ubuntu3 [262 kB]
2025-08-09T02:14:44.2287038Z Get:48 http://azure.archive.ubuntu.com/ubuntu jammy-updates/main amd64 libbrlapi0.8 amd64 6.4-4ubuntu3 [28.7 kB]
2025-08-09T02:14:44.2443726Z Get:49 http://azure.archive.ubuntu.com/ubuntu jammy-updates/main amd64 libpcsclite1 amd64 1.9.5-3ubuntu1 [19.8 kB]
2025-08-09T02:14:44.2626525Z Get:50 http://azure.archive.ubuntu.com/ubuntu jammy/main amd64 libcacard0 amd64 1:2.8.0-3build2 [38.0 kB]
2025-08-09T02:14:44.2787582Z Get:51 http://azure.archive.ubuntu.com/ubuntu jammy/main amd64 libdaxctl1 amd64 72.1-1 [19.8 kB]
2025-08-09T02:14:44.2954984Z Get:52 http://azure.archive.ubuntu.com/ubuntu jammy/main amd64 libdecor-0-0 amd64 0.1.0-3build1 [15.1 kB]
2025-08-09T02:14:44.3116845Z Get:53 http://azure.archive.ubuntu.com/ubuntu jammy/main amd64 libdecor-0-plugin-1-cairo amd64 0.1.0-3build1 [20.4 kB]
2025-08-09T02:14:44.3272992Z Get:54 http://azure.archive.ubuntu.com/ubuntu jammy-updates/main amd64 libelf-dev amd64 0.186-1ubuntu0.1 [64.4 kB]
2025-08-09T02:14:44.3434156Z Get:55 http://azure.archive.ubuntu.com/ubuntu jammy-updates/main amd64 libgfxdr0 amd64 10.1-1ubuntu0.2 [22.3 kB]
2025-08-09T02:14:44.3599346Z Get:56 http://azure.archive.ubuntu.com/ubuntu jammy-updates/main amd64 libglusterfs0 amd64 10.1-1ubuntu0.2 [287 kB]
2025-08-09T02:14:44.4220200Z Get:57 http://azure.archive.ubuntu.com/ubuntu jammy-updates/main amd64 libgfrpc0 amd64 10.1-1ubuntu0.2 [47.1 kB]
2025-08-09T02:14:44.4380022Z Get:58 http://azure.archive.ubuntu.com/ubuntu jammy-updates/main amd64 libgfapi0 amd64 10.1-1ubuntu0.2 [77.3 kB]
2025-08-09T02:14:44.4552358Z Get:59 http://azure.archive.ubuntu.com/ubuntu jammy/main amd64 librdmacm1 amd64 39.0-1 [71.2 kB]
2025-08-09T02:14:44.4719356Z Get:60 http://azure.archive.ubuntu.com/ubuntu jammy/main amd64 libiscsi7 amd64 1.19.0-3build2 [70.6 kB]
2025-08-09T02:14:44.4883307Z Get:61 http://azure.archive.ubuntu.com/ubuntu jammy/universe amd64 liblinear4 amd64 2.3.0+dfsg-5 [41.4 kB]
2025-08-09T02:14:44.5152492Z Get:62 http://azure.archive.ubuntu.com/ubuntu jammy/main amd64 libndctl6 amd64 72.1-1 [57.7 kB]
2025-08-09T02:14:44.5319743Z Get:63 http://azure.archive.ubuntu.com/ubuntu jammy/main amd64 libpmem1 amd64 1.11.1-3build1 [81.4 kB]
2025-08-09T02:14:44.5480932Z Get:64 http://azure.archive.ubuntu.com/ubuntu jammy/main amd64 libpmemobj1 amd64 1.11.1-3build1 [124 kB]
2025-08-09T02:14:44.5646491Z Get:65 http://azure.archive.ubuntu.com/ubuntu jammy-updates/main amd64 librados2 amd64 17.2.7-0ubuntu0.22.04.2 [3594 kB]
2025-08-09T02:14:44.6157893Z Get:66 http://azure.archive.ubuntu.com/ubuntu jammy-updates/main amd64 librbd1 amd64 17.2.7-0ubuntu0.22.04.2 [3548 kB]
2025-08-09T02:14:44.6652432Z Get:67 http://azure.archive.ubuntu.com/ubuntu jammy-updates/main amd64 libsdl2-2.0-0 amd64 2.0.20+dfsg-2ubuntu1.22.04.1 [582 kB]
2025-08-09T02:14:44.6871318Z Get:68 http://azure.archive.ubuntu.com/ubuntu jammy/main amd64 libspice-server1 amd64 0.15.0-2ubuntu4 [351 kB]
2025-08-09T02:14:44.7070312Z Get:69 http://azure.archive.ubuntu.com/ubuntu jammy/main amd64 liburing2 amd64 2.1-2build1 [10.3 kB]
2025-08-09T02:14:44.7244744Z Get:70 http://azure.archive.ubuntu.com/ubuntu jammy/main amd64 libusbredirparser1 amd64 0.11.0-2build1 [15.9 kB]
2025-08-09T02:14:44.7418328Z Get:71 http://azure.archive.ubuntu.com/ubuntu jammy/main amd64 libvirglrenderer1 amd64 0.9.1-1~exp1ubuntu2 [188 kB]
2025-08-09T02:14:44.7643100Z Get:72 http://azure.archive.ubuntu.com/ubuntu jammy-updates/main amd64 libvte-2.91-common amd64 0.68.0-1ubuntu0.1 [9408 B]
2025-08-09T02:14:44.7802636Z Get:73 http://azure.archive.ubuntu.com/ubuntu jammy-updates/main amd64 libvte-2.91-0 amd64 0.68.0-1ubuntu0.1 [214 kB]
2025-08-09T02:14:44.7997579Z Get:74 http://azure.archive.ubuntu.com/ubuntu jammy-updates/main amd64 debootstrap all 1.0.126+nmu1ubuntu0.8 [40.6 kB]
2025-08-09T02:14:44.8169898Z Get:75 http://azure.archive.ubuntu.com/ubuntu jammy-updates/main amd64 live-build all 3.0~a57-1ubuntu41.22.04.1 [132 kB]
2025-08-09T02:14:44.8777035Z Get:76 http://azure.archive.ubuntu.com/ubuntu jammy/universe amd64 lua-lpeg amd64 1.0.2-1 [31.4 kB]
2025-08-09T02:14:44.8953282Z Get:77 http://azure.archive.ubuntu.com/ubuntu jammy/main amd64 mtools amd64 4.0.33-1+really4.0.32-1build1 [201 kB]
2025-08-09T02:14:44.9144899Z Get:78 http://azure.archive.ubuntu.com/ubuntu jammy-updates/universe amd64 nmap-common all 7.91+dfsg1+really7.80+dfsg1-2ubuntu0.1 [3940 kB]
2025-08-09T02:14:44.9724993Z Get:79 http://azure.archive.ubuntu.com/ubuntu jammy/main amd64 pv amd64 1.6.6-1build2 [44.5 kB]
2025-08-09T02:14:44.9885271Z Get:80 http://azure.archive.ubuntu.com/ubuntu jammy/main amd64 libfdt1 amd64 1.6.1-1 [20.0 kB]
2025-08-09T02:14:45.0044445Z Get:81 http://azure.archive.ubuntu.com/ubuntu jammy-updates/main amd64 qemu-system-common amd64 1:6.2+dfsg-2ubuntu6.26 [2047 kB]
2025-08-09T02:14:45.0416549Z Get:82 http://azure.archive.ubuntu.com/ubuntu jammy-updates/main amd64 qemu-system-data all 1:6.2+dfsg-2ubuntu6.26 [1430 kB]
2025-08-09T02:14:45.0782388Z Get:83 http://azure.archive.ubuntu.com/ubuntu jammy/main amd64 seabios all 1.15.0-1 [174 kB]
2025-08-09T02:14:45.0947846Z Get:84 http://azure.archive.ubuntu.com/ubuntu jammy-updates/main amd64 qemu-system-x86 amd64 1:6.2+dfsg-2ubuntu6.26 [10.1 MB]
2025-08-09T02:14:45.2034785Z Get:85 http://azure.archive.ubuntu.com/ubuntu jammy-updates/main amd64 qemu-utils amd64 1:6.2+dfsg-2ubuntu6.26 [1527 kB]
2025-08-09T02:14:45.2354692Z Get:86 http://azure.archive.ubuntu.com/ubuntu jammy-updates/main amd64 qemu-block-extra amd64 1:6.2+dfsg-2ubuntu6.26 [68.2 kB]
2025-08-09T02:14:45.2513081Z Get:87 http://azure.archive.ubuntu.com/ubuntu jammy-updates/main amd64 qemu-system-gui amd64 1:6.2+dfsg-2ubuntu6.26 [220 kB]
2025-08-09T02:14:45.2688445Z Get:88 http://azure.archive.ubuntu.com/ubuntu jammy/main amd64 syslinux-common all 3:6.04~git20190206.bf6db5b4+dfsg1-3ubuntu1 [1271 kB]
2025-08-09T02:14:45.2984351Z Get:89 http://azure.archive.ubuntu.com/ubuntu jammy/universe amd64 syslinux-utils amd64 3:6.04~git20190206.bf6db5b4+dfsg1-3ubuntu1 [50.9 kB]
2025-08-09T02:14:45.3138277Z Get:90 http://azure.archive.ubuntu.com/ubuntu jammy-updates/universe amd64 nmap amd64 7.91+dfsg1+really7.80+dfsg1-2ubuntu0.1 [1731 kB]
2025-08-09T02:14:45.3482627Z Get:91 http://azure.archive.ubuntu.com/ubuntu jammy-updates/main amd64 ovmf all 2022.02-3ubuntu0.22.04.3 [7561 kB]
2025-08-09T02:14:45.8338949Z Fetched 53.2 MB in 2s (23.8 MB/s)
2025-08-09T02:14:45.8609494Z Selecting previously unselected package msr-tools.
2025-08-09T02:14:45.8816950Z (Reading database ... 
2025-08-09T02:14:45.8817381Z (Reading database ... 5%
2025-08-09T02:14:45.8817797Z (Reading database ... 10%
2025-08-09T02:14:45.8818215Z (Reading database ... 15%
2025-08-09T02:14:45.8818477Z (Reading database ... 20%
2025-08-09T02:14:45.8818734Z (Reading database ... 25%
2025-08-09T02:14:45.8818978Z (Reading database ... 30%
2025-08-09T02:14:45.8819223Z (Reading database ... 35%
2025-08-09T02:14:45.8819468Z (Reading database ... 40%
2025-08-09T02:14:45.8819716Z (Reading database ... 45%
2025-08-09T02:14:45.8819955Z (Reading database ... 50%
2025-08-09T02:14:45.8981217Z (Reading database ... 55%
2025-08-09T02:14:45.9115831Z (Reading database ... 60%
2025-08-09T02:14:45.9234886Z (Reading database ... 65%
2025-08-09T02:14:45.9437099Z (Reading database ... 70%
2025-08-09T02:14:45.9754753Z (Reading database ... 75%
2025-08-09T02:14:45.9864666Z (Reading database ... 80%
2025-08-09T02:14:46.0286544Z (Reading database ... 85%
2025-08-09T02:14:46.0465143Z (Reading database ... 90%
2025-08-09T02:14:46.0762364Z (Reading database ... 95%
2025-08-09T02:14:46.0762798Z (Reading database ... 100%
2025-08-09T02:14:46.0763288Z (Reading database ... 267991 files and directories currently installed.)
2025-08-09T02:14:46.0818089Z Preparing to unpack .../00-msr-tools_1.3-4_amd64.deb ...
2025-08-09T02:14:46.0846444Z Unpacking msr-tools (1.3-4) ...
2025-08-09T02:14:46.1065437Z Selecting previously unselected package cpu-checker.
2025-08-09T02:14:46.1224460Z Preparing to unpack .../01-cpu-checker_0.7-1.3build1_amd64.deb ...
2025-08-09T02:14:46.1233197Z Unpacking cpu-checker (0.7-1.3build1) ...
2025-08-09T02:14:46.1436615Z Selecting previously unselected package genisoimage.
2025-08-09T02:14:46.1597350Z Preparing to unpack .../02-genisoimage_9%3a1.1.11-3.2ubuntu1_amd64.deb ...
2025-08-09T02:14:46.1605155Z Unpacking genisoimage (9:1.1.11-3.2ubuntu1) ...
2025-08-09T02:14:46.1937390Z Selecting previously unselected package libcdparanoia0:amd64.
2025-08-09T02:14:46.2099895Z Preparing to unpack .../03-libcdparanoia0_3.10.2+debian-14build2_amd64.deb ...
2025-08-09T02:14:46.2118017Z Unpacking libcdparanoia0:amd64 (3.10.2+debian-14build2) ...
2025-08-09T02:14:46.2337878Z Selecting previously unselected package liborc-0.4-0:amd64.
2025-08-09T02:14:46.2498391Z Preparing to unpack .../04-liborc-0.4-0_1%3a0.4.32-2ubuntu0.1_amd64.deb ...
2025-08-09T02:14:46.2507370Z Unpacking liborc-0.4-0:amd64 (1:0.4.32-2ubuntu0.1) ...
2025-08-09T02:14:46.2766624Z Selecting previously unselected package libgstreamer-plugins-base1.0-0:amd64.
2025-08-09T02:14:46.2930582Z Preparing to unpack .../05-libgstreamer-plugins-base1.0-0_1.20.1-1ubuntu0.4_amd64.deb ...
2025-08-09T02:14:46.2940050Z Unpacking libgstreamer-plugins-base1.0-0:amd64 (1.20.1-1ubuntu0.4) ...
2025-08-09T02:14:46.3697542Z Selecting previously unselected package libopus0:amd64.
2025-08-09T02:14:46.3860652Z Preparing to unpack .../06-libopus0_1.3.1-0.1build2_amd64.deb ...
2025-08-09T02:14:46.3869012Z Unpacking libopus0:amd64 (1.3.1-0.1build2) ...
2025-08-09T02:14:46.4099427Z Selecting previously unselected package libtheora0:amd64.
2025-08-09T02:14:46.4262049Z Preparing to unpack .../07-libtheora0_1.1.1+dfsg.1-15ubuntu4_amd64.deb ...
2025-08-09T02:14:46.4271096Z Unpacking libtheora0:amd64 (1.1.1+dfsg.1-15ubuntu4) ...
2025-08-09T02:14:46.4514765Z Selecting previously unselected package libvisual-0.4-0:amd64.
2025-08-09T02:14:46.4676440Z Preparing to unpack .../08-libvisual-0.4-0_0.4.0-17build2_amd64.deb ...
2025-08-09T02:14:46.4684882Z Unpacking libvisual-0.4-0:amd64 (0.4.0-17build2) ...
2025-08-09T02:14:46.4935321Z Selecting previously unselected package libvorbisenc2:amd64.
2025-08-09T02:14:46.5098109Z Preparing to unpack .../09-libvorbisenc2_1.3.7-1build2_amd64.deb ...
2025-08-09T02:14:46.5107112Z Unpacking libvorbisenc2:amd64 (1.3.7-1build2) ...
2025-08-09T02:14:46.5336934Z Selecting previously unselected package gstreamer1.0-plugins-base:amd64.
2025-08-09T02:14:46.5498664Z Preparing to unpack .../10-gstreamer1.0-plugins-base_1.20.1-1ubuntu0.4_amd64.deb ...
2025-08-09T02:14:46.5508397Z Unpacking gstreamer1.0-plugins-base:amd64 (1.20.1-1ubuntu0.4) ...
2025-08-09T02:14:46.5833537Z Selecting previously unselected package libaa1:amd64.
2025-08-09T02:14:46.5993587Z Preparing to unpack .../11-libaa1_1.4p5-50build1_amd64.deb ...
2025-08-09T02:14:46.6002983Z Unpacking libaa1:amd64 (1.4p5-50build1) ...
2025-08-09T02:14:46.6220865Z Selecting previously unselected package libraw1394-11:amd64.
2025-08-09T02:14:46.6382373Z Preparing to unpack .../12-libraw1394-11_2.1.2-2build2_amd64.deb ...
2025-08-09T02:14:46.6391414Z Unpacking libraw1394-11:amd64 (2.1.2-2build2) ...
2025-08-09T02:14:46.6604261Z Selecting previously unselected package libavc1394-0:amd64.
2025-08-09T02:14:46.6766798Z Preparing to unpack .../13-libavc1394-0_0.5.4-5build2_amd64.deb ...
2025-08-09T02:14:46.6775823Z Unpacking libavc1394-0:amd64 (0.5.4-5build2) ...
2025-08-09T02:14:46.6991358Z Selecting previously unselected package libcaca0:amd64.
2025-08-09T02:14:46.7152327Z Preparing to unpack .../14-libcaca0_0.99.beta19-2.2ubuntu4_amd64.deb ...
2025-08-09T02:14:46.7160949Z Unpacking libcaca0:amd64 (0.99.beta19-2.2ubuntu4) ...
2025-08-09T02:14:46.7408687Z Selecting previously unselected package libdv4:amd64.
2025-08-09T02:14:46.7567670Z Preparing to unpack .../15-libdv4_1.0.0-14build1_amd64.deb ...
2025-08-09T02:14:46.7575431Z Unpacking libdv4:amd64 (1.0.0-14build1) ...
2025-08-09T02:14:46.7805974Z Selecting previously unselected package libflac8:amd64.
2025-08-09T02:14:46.7967658Z Preparing to unpack .../16-libflac8_1.3.3-2ubuntu0.2_amd64.deb ...
2025-08-09T02:14:46.7976273Z Unpacking libflac8:amd64 (1.3.3-2ubuntu0.2) ...
2025-08-09T02:14:46.8208076Z Selecting previously unselected package libgstreamer-plugins-good1.0-0:amd64.
2025-08-09T02:14:46.8369251Z Preparing to unpack .../17-libgstreamer-plugins-good1.0-0_1.20.3-0ubuntu1.3_amd64.deb ...
2025-08-09T02:14:46.8377991Z Unpacking libgstreamer-plugins-good1.0-0:amd64 (1.20.3-0ubuntu1.3) ...
2025-08-09T02:14:46.8619744Z Selecting previously unselected package libiec61883-0:amd64.
2025-08-09T02:14:46.8781593Z Preparing to unpack .../18-libiec61883-0_1.2.0-4build3_amd64.deb ...
2025-08-09T02:14:46.8790392Z Unpacking libiec61883-0:amd64 (1.2.0-4build3) ...
2025-08-09T02:14:46.9007691Z Selecting previously unselected package libsamplerate0:amd64.
2025-08-09T02:14:46.9167783Z Preparing to unpack .../19-libsamplerate0_0.2.2-1build1_amd64.deb ...
2025-08-09T02:14:46.9175934Z Unpacking libsamplerate0:amd64 (0.2.2-1build1) ...
2025-08-09T02:14:46.9440702Z Selecting previously unselected package libjack-jackd2-0:amd64.
2025-08-09T02:14:46.9601965Z Preparing to unpack .../20-libjack-jackd2-0_1.9.20~dfsg-1_amd64.deb ...
2025-08-09T02:14:46.9609305Z Unpacking libjack-jackd2-0:amd64 (1.9.20~dfsg-1) ...
2025-08-09T02:14:46.9868471Z Selecting previously unselected package libmp3lame0:amd64.
2025-08-09T02:14:47.0032269Z Preparing to unpack .../21-libmp3lame0_3.100-3build2_amd64.deb ...
2025-08-09T02:14:47.0040298Z Unpacking libmp3lame0:amd64 (3.100-3build2) ...
2025-08-09T02:14:47.0265190Z Selecting previously unselected package libmpg123-0:amd64.
2025-08-09T02:14:47.0429265Z Preparing to unpack .../22-libmpg123-0_1.29.3-1ubuntu0.1_amd64.deb ...
2025-08-09T02:14:47.0438052Z Unpacking libmpg123-0:amd64 (1.29.3-1ubuntu0.1) ...
2025-08-09T02:14:47.0696550Z Selecting previously unselected package libasyncns0:amd64.
2025-08-09T02:14:47.0859519Z Preparing to unpack .../23-libasyncns0_0.8-6build2_amd64.deb ...
2025-08-09T02:14:47.0867990Z Unpacking libasyncns0:amd64 (0.8-6build2) ...
2025-08-09T02:14:47.1088246Z Selecting previously unselected package libsndfile1:amd64.
2025-08-09T02:14:47.1251506Z Preparing to unpack .../24-libsndfile1_1.0.31-2ubuntu0.2_amd64.deb ...
2025-08-09T02:14:47.1259462Z Unpacking libsndfile1:amd64 (1.0.31-2ubuntu0.2) ...
2025-08-09T02:14:47.1563484Z Selecting previously unselected package libpulse0:amd64.
2025-08-09T02:14:47.1724818Z Preparing to unpack .../25-libpulse0_1%3a15.99.1+dfsg1-1ubuntu2.2_amd64.deb ...
2025-08-09T02:14:47.1801867Z Unpacking libpulse0:amd64 (1:15.99.1+dfsg1-1ubuntu2.2) ...
2025-08-09T02:14:47.2197782Z Selecting previously unselected package libspeex1:amd64.
2025-08-09T02:14:47.2358076Z Preparing to unpack .../26-libspeex1_1.2~rc1.2-1.1ubuntu3_amd64.deb ...
2025-08-09T02:14:47.2366213Z Unpacking libspeex1:amd64 (1.2~rc1.2-1.1ubuntu3) ...
2025-08-09T02:14:47.2579812Z Selecting previously unselected package libshout3:amd64.
2025-08-09T02:14:47.2740269Z Preparing to unpack .../27-libshout3_2.4.5-1build3_amd64.deb ...
2025-08-09T02:14:47.2750009Z Unpacking libshout3:amd64 (2.4.5-1build3) ...
2025-08-09T02:14:47.3005318Z Selecting previously unselected package libtag1v5-vanilla:amd64.
2025-08-09T02:14:47.3167845Z Preparing to unpack .../28-libtag1v5-vanilla_1.11.1+dfsg.1-3ubuntu3_amd64.deb ...
2025-08-09T02:14:47.3176246Z Unpacking libtag1v5-vanilla:amd64 (1.11.1+dfsg.1-3ubuntu3) ...
2025-08-09T02:14:47.3422706Z Selecting previously unselected package libtag1v5:amd64.
2025-08-09T02:14:47.3584769Z Preparing to unpack .../29-libtag1v5_1.11.1+dfsg.1-3ubuntu3_amd64.deb ...
2025-08-09T02:14:47.3593794Z Unpacking libtag1v5:amd64 (1.11.1+dfsg.1-3ubuntu3) ...
2025-08-09T02:14:47.3808477Z Selecting previously unselected package libtwolame0:amd64.
2025-08-09T02:14:47.3970029Z Preparing to unpack .../30-libtwolame0_0.4.0-2build2_amd64.deb ...
2025-08-09T02:14:47.3987585Z Unpacking libtwolame0:amd64 (0.4.0-2build2) ...
2025-08-09T02:14:47.4204919Z Selecting previously unselected package libv4lconvert0:amd64.
2025-08-09T02:14:47.4365039Z Preparing to unpack .../31-libv4lconvert0_1.22.1-2build1_amd64.deb ...
2025-08-09T02:14:47.4373668Z Unpacking libv4lconvert0:amd64 (1.22.1-2build1) ...
2025-08-09T02:14:47.4614482Z Selecting previously unselected package libv4l-0:amd64.
2025-08-09T02:14:47.4788986Z Preparing to unpack .../32-libv4l-0_1.22.1-2build1_amd64.deb ...
2025-08-09T02:14:47.4798303Z Unpacking libv4l-0:amd64 (1.22.1-2build1) ...
2025-08-09T02:14:47.5033299Z Selecting previously unselected package libvpx7:amd64.
2025-08-09T02:14:47.5194502Z Preparing to unpack .../33-libvpx7_1.11.0-2ubuntu2.4_amd64.deb ...
2025-08-09T02:14:47.5206295Z Unpacking libvpx7:amd64 (1.11.0-2ubuntu2.4) ...
2025-08-09T02:14:47.5552871Z Selecting previously unselected package libwavpack1:amd64.
2025-08-09T02:14:47.5714529Z Preparing to unpack .../34-libwavpack1_5.4.0-1build2_amd64.deb ...
2025-08-09T02:14:47.5722710Z Unpacking libwavpack1:amd64 (5.4.0-1build2) ...
2025-08-09T02:14:47.5935748Z Selecting previously unselected package gstreamer1.0-plugins-good:amd64.
2025-08-09T02:14:47.6096029Z Preparing to unpack .../35-gstreamer1.0-plugins-good_1.20.3-0ubuntu1.3_amd64.deb ...
2025-08-09T02:14:47.6104365Z Unpacking gstreamer1.0-plugins-good:amd64 (1.20.3-0ubuntu1.3) ...
2025-08-09T02:14:47.6626084Z Selecting previously unselected package libxv1:amd64.
2025-08-09T02:14:47.6788303Z Preparing to unpack .../36-libxv1_2%3a1.0.11-1build2_amd64.deb ...
2025-08-09T02:14:47.6796739Z Unpacking libxv1:amd64 (2:1.0.11-1build2) ...
2025-08-09T02:14:47.6998230Z Selecting previously unselected package gstreamer1.0-x:amd64.
2025-08-09T02:14:47.7159838Z Preparing to unpack .../37-gstreamer1.0-x_1.20.1-1ubuntu0.4_amd64.deb ...
2025-08-09T02:14:47.7167549Z Unpacking gstreamer1.0-x:amd64 (1.20.1-1ubuntu0.4) ...
2025-08-09T02:14:47.7406688Z Selecting previously unselected package libnl-route-3-200:amd64.
2025-08-09T02:14:47.7567558Z Preparing to unpack .../38-libnl-route-3-200_3.5.0-0.1_amd64.deb ...
2025-08-09T02:14:47.7575938Z Unpacking libnl-route-3-200:amd64 (3.5.0-0.1) ...
2025-08-09T02:14:47.7810882Z Selecting previously unselected package libibverbs1:amd64.
2025-08-09T02:14:47.7973958Z Preparing to unpack .../39-libibverbs1_39.0-1_amd64.deb ...
2025-08-09T02:14:47.7982652Z Unpacking libibverbs1:amd64 (39.0-1) ...
2025-08-09T02:14:47.8234026Z Selecting previously unselected package ibverbs-providers:amd64.
2025-08-09T02:14:47.8397363Z Preparing to unpack .../40-ibverbs-providers_39.0-1_amd64.deb ...
2025-08-09T02:14:47.8523928Z Unpacking ibverbs-providers:amd64 (39.0-1) ...
2025-08-09T02:14:47.8801171Z Selecting previously unselected package ipxe-qemu.
2025-08-09T02:14:47.8962353Z Preparing to unpack .../41-ipxe-qemu_1.21.1+git-20220113.fbbdc3926-0ubuntu1_all.deb ...
2025-08-09T02:14:47.8969775Z Unpacking ipxe-qemu (1.21.1+git-20220113.fbbdc3926-0ubuntu1) ...
2025-08-09T02:14:47.9344704Z Selecting previously unselected package ipxe-qemu-256k-compat-efi-roms.
2025-08-09T02:14:47.9509341Z Preparing to unpack .../42-ipxe-qemu-256k-compat-efi-roms_1.0.0+git-20150424.a25a16d-0ubuntu4_all.deb ...
2025-08-09T02:14:47.9518723Z Unpacking ipxe-qemu-256k-compat-efi-roms (1.0.0+git-20150424.a25a16d-0ubuntu4) ...
2025-08-09T02:14:47.9995484Z Selecting previously unselected package isolinux.
2025-08-09T02:14:48.0157017Z Preparing to unpack .../43-isolinux_3%3a6.04~git20190206.bf6db5b4+dfsg1-3ubuntu1_all.deb ...
2025-08-09T02:14:48.0165295Z Unpacking isolinux (3:6.04~git20190206.bf6db5b4+dfsg1-3ubuntu1) ...
2025-08-09T02:14:48.0394699Z Selecting previously unselected package libboost-iostreams1.74.0:amd64.
2025-08-09T02:14:48.0556174Z Preparing to unpack .../44-libboost-iostreams1.74.0_1.74.0-14ubuntu3_amd64.deb ...
2025-08-09T02:14:48.0598508Z Unpacking libboost-iostreams1.74.0:amd64 (1.74.0-14ubuntu3) ...
2025-08-09T02:14:48.0887852Z Selecting previously unselected package libboost-thread1.74.0:amd64.
2025-08-09T02:14:48.1048843Z Preparing to unpack .../45-libboost-thread1.74.0_1.74.0-14ubuntu3_amd64.deb ...
2025-08-09T02:14:48.1056929Z Unpacking libboost-thread1.74.0:amd64 (1.74.0-14ubuntu3) ...
2025-08-09T02:14:48.1338438Z Selecting previously unselected package libbrlapi0.8:amd64.
2025-08-09T02:14:48.1498564Z Preparing to unpack .../46-libbrlapi0.8_6.4-4ubuntu3_amd64.deb ...
2025-08-09T02:14:48.1510977Z Unpacking libbrlapi0.8:amd64 (6.4-4ubuntu3) ...
2025-08-09T02:14:48.1728921Z Selecting previously unselected package libpcsclite1:amd64.
2025-08-09T02:14:48.1890433Z Preparing to unpack .../47-libpcsclite1_1.9.5-3ubuntu1_amd64.deb ...
2025-08-09T02:14:48.1899954Z Unpacking libpcsclite1:amd64 (1.9.5-3ubuntu1) ...
2025-08-09T02:14:48.2122474Z Selecting previously unselected package libcacard0:amd64.
2025-08-09T02:14:48.2282666Z Preparing to unpack .../48-libcacard0_1%3a2.8.0-3build2_amd64.deb ...
2025-08-09T02:14:48.2292093Z Unpacking libcacard0:amd64 (1:2.8.0-3build2) ...
2025-08-09T02:14:48.2506462Z Selecting previously unselected package libdaxctl1:amd64.
2025-08-09T02:14:48.2666581Z Preparing to unpack .../49-libdaxctl1_72.1-1_amd64.deb ...
2025-08-09T02:14:48.2674630Z Unpacking libdaxctl1:amd64 (72.1-1) ...
2025-08-09T02:14:48.2949127Z Selecting previously unselected package libdecor-0-0:amd64.
2025-08-09T02:14:48.3110428Z Preparing to unpack .../50-libdecor-0-0_0.1.0-3build1_amd64.deb ...
2025-08-09T02:14:48.3118957Z Unpacking libdecor-0-0:amd64 (0.1.0-3build1) ...
2025-08-09T02:14:48.3316798Z Selecting previously unselected package libdecor-0-plugin-1-cairo:amd64.
2025-08-09T02:14:48.3476193Z Preparing to unpack .../51-libdecor-0-plugin-1-cairo_0.1.0-3build1_amd64.deb ...
2025-08-09T02:14:48.3484869Z Unpacking libdecor-0-plugin-1-cairo:amd64 (0.1.0-3build1) ...
2025-08-09T02:14:48.3687356Z Selecting previously unselected package libelf-dev:amd64.
2025-08-09T02:14:48.3847554Z Preparing to unpack .../52-libelf-dev_0.186-1ubuntu0.1_amd64.deb ...
2025-08-09T02:14:48.3855661Z Unpacking libelf-dev:amd64 (0.186-1ubuntu0.1) ...
2025-08-09T02:14:48.4124438Z Selecting previously unselected package libgfxdr0:amd64.
2025-08-09T02:14:48.4288197Z Preparing to unpack .../53-libgfxdr0_10.1-1ubuntu0.2_amd64.deb ...
2025-08-09T02:14:48.4297875Z Unpacking libgfxdr0:amd64 (10.1-1ubuntu0.2) ...
2025-08-09T02:14:48.4516915Z Selecting previously unselected package libglusterfs0:amd64.
2025-08-09T02:14:48.4679259Z Preparing to unpack .../54-libglusterfs0_10.1-1ubuntu0.2_amd64.deb ...
2025-08-09T02:14:48.4689444Z Unpacking libglusterfs0:amd64 (10.1-1ubuntu0.2) ...
2025-08-09T02:14:48.4935164Z Selecting previously unselected package libgfrpc0:amd64.
2025-08-09T02:14:48.5097207Z Preparing to unpack .../55-libgfrpc0_10.1-1ubuntu0.2_amd64.deb ...
2025-08-09T02:14:48.5106380Z Unpacking libgfrpc0:amd64 (10.1-1ubuntu0.2) ...
2025-08-09T02:14:48.5342355Z Selecting previously unselected package libgfapi0:amd64.
2025-08-09T02:14:48.5503027Z Preparing to unpack .../56-libgfapi0_10.1-1ubuntu0.2_amd64.deb ...
2025-08-09T02:14:48.5512087Z Unpacking libgfapi0:amd64 (10.1-1ubuntu0.2) ...
2025-08-09T02:14:48.5734435Z Selecting previously unselected package librdmacm1:amd64.
2025-08-09T02:14:48.5895603Z Preparing to unpack .../57-librdmacm1_39.0-1_amd64.deb ...
2025-08-09T02:14:48.5904383Z Unpacking librdmacm1:amd64 (39.0-1) ...
2025-08-09T02:14:48.6156745Z Selecting previously unselected package libiscsi7:amd64.
2025-08-09T02:14:48.6318122Z Preparing to unpack .../58-libiscsi7_1.19.0-3build2_amd64.deb ...
2025-08-09T02:14:48.6329517Z Unpacking libiscsi7:amd64 (1.19.0-3build2) ...
2025-08-09T02:14:48.6588301Z Selecting previously unselected package liblinear4:amd64.
2025-08-09T02:14:48.6748762Z Preparing to unpack .../59-liblinear4_2.3.0+dfsg-5_amd64.deb ...
2025-08-09T02:14:48.6758593Z Unpacking liblinear4:amd64 (2.3.0+dfsg-5) ...
2025-08-09T02:14:48.6994424Z Selecting previously unselected package libndctl6:amd64.
2025-08-09T02:14:48.7155273Z Preparing to unpack .../60-libndctl6_72.1-1_amd64.deb ...
2025-08-09T02:14:48.7163847Z Unpacking libndctl6:amd64 (72.1-1) ...
2025-08-09T02:14:48.7390701Z Selecting previously unselected package libpmem1:amd64.
2025-08-09T02:14:48.7550854Z Preparing to unpack .../61-libpmem1_1.11.1-3build1_amd64.deb ...
2025-08-09T02:14:48.7561031Z Unpacking libpmem1:amd64 (1.11.1-3build1) ...
2025-08-09T02:14:48.7795232Z Selecting previously unselected package libpmemobj1:amd64.
2025-08-09T02:14:48.7955484Z Preparing to unpack .../62-libpmemobj1_1.11.1-3build1_amd64.deb ...
2025-08-09T02:14:48.7964333Z Unpacking libpmemobj1:amd64 (1.11.1-3build1) ...
2025-08-09T02:14:48.8242833Z Selecting previously unselected package librados2.
2025-08-09T02:14:48.8407546Z Preparing to unpack .../63-librados2_17.2.7-0ubuntu0.22.04.2_amd64.deb ...
2025-08-09T02:14:48.8417521Z Unpacking librados2 (17.2.7-0ubuntu0.22.04.2) ...
2025-08-09T02:14:48.9113286Z Selecting previously unselected package librbd1.
2025-08-09T02:14:48.9274596Z Preparing to unpack .../64-librbd1_17.2.7-0ubuntu0.22.04.2_amd64.deb ...
2025-08-09T02:14:48.9290454Z Unpacking librbd1 (17.2.7-0ubuntu0.22.04.2) ...
2025-08-09T02:14:49.0006363Z Selecting previously unselected package libsdl2-2.0-0:amd64.
2025-08-09T02:14:49.0166613Z Preparing to unpack .../65-libsdl2-2.0-0_2.0.20+dfsg-2ubuntu1.22.04.1_amd64.deb ...
2025-08-09T02:14:49.0174677Z Unpacking libsdl2-2.0-0:amd64 (2.0.20+dfsg-2ubuntu1.22.04.1) ...
2025-08-09T02:14:49.0447662Z Selecting previously unselected package libspice-server1:amd64.
2025-08-09T02:14:49.0612615Z Preparing to unpack .../66-libspice-server1_0.15.0-2ubuntu4_amd64.deb ...
2025-08-09T02:14:49.0622289Z Unpacking libspice-server1:amd64 (0.15.0-2ubuntu4) ...
2025-08-09T02:14:49.0924313Z Selecting previously unselected package liburing2:amd64.
2025-08-09T02:14:49.1084288Z Preparing to unpack .../67-liburing2_2.1-2build1_amd64.deb ...
2025-08-09T02:14:49.1093345Z Unpacking liburing2:amd64 (2.1-2build1) ...
2025-08-09T02:14:49.1304534Z Selecting previously unselected package libusbredirparser1:amd64.
2025-08-09T02:14:49.1465561Z Preparing to unpack .../68-libusbredirparser1_0.11.0-2build1_amd64.deb ...
2025-08-09T02:14:49.1474185Z Unpacking libusbredirparser1:amd64 (0.11.0-2build1) ...
2025-08-09T02:14:49.1719844Z Selecting previously unselected package libvirglrenderer1:amd64.
2025-08-09T02:14:49.1881526Z Preparing to unpack .../69-libvirglrenderer1_0.9.1-1~exp1ubuntu2_amd64.deb ...
2025-08-09T02:14:49.1890975Z Unpacking libvirglrenderer1:amd64 (0.9.1-1~exp1ubuntu2) ...
2025-08-09T02:14:49.2118128Z Selecting previously unselected package libvte-2.91-common.
2025-08-09T02:14:49.2279869Z Preparing to unpack .../70-libvte-2.91-common_0.68.0-1ubuntu0.1_amd64.deb ...
2025-08-09T02:14:49.2287783Z Unpacking libvte-2.91-common (0.68.0-1ubuntu0.1) ...
2025-08-09T02:14:49.2515208Z Selecting previously unselected package libvte-2.91-0:amd64.
2025-08-09T02:14:49.2675273Z Preparing to unpack .../71-libvte-2.91-0_0.68.0-1ubuntu0.1_amd64.deb ...
2025-08-09T02:14:49.2683613Z Unpacking libvte-2.91-0:amd64 (0.68.0-1ubuntu0.1) ...
2025-08-09T02:14:49.2920309Z Selecting previously unselected package debootstrap.
2025-08-09T02:14:49.3079680Z Preparing to unpack .../72-debootstrap_1.0.126+nmu1ubuntu0.8_all.deb ...
2025-08-09T02:14:49.3090531Z Unpacking debootstrap (1.0.126+nmu1ubuntu0.8) ...
2025-08-09T02:14:49.3498644Z Selecting previously unselected package live-build.
2025-08-09T02:14:49.3659929Z Preparing to unpack .../73-live-build_3.0~a57-1ubuntu41.22.04.1_all.deb ...
2025-08-09T02:14:49.3668630Z Unpacking live-build (3.0~a57-1ubuntu41.22.04.1) ...
2025-08-09T02:14:49.4603484Z Selecting previously unselected package lua-lpeg:amd64.
2025-08-09T02:14:49.4765222Z Preparing to unpack .../74-lua-lpeg_1.0.2-1_amd64.deb ...
2025-08-09T02:14:49.4773795Z Unpacking lua-lpeg:amd64 (1.0.2-1) ...
2025-08-09T02:14:49.5020096Z Selecting previously unselected package mtools.
2025-08-09T02:14:49.5189147Z Preparing to unpack .../75-mtools_4.0.33-1+really4.0.32-1build1_amd64.deb ...
2025-08-09T02:14:49.5198997Z Unpacking mtools (4.0.33-1+really4.0.32-1build1) ...
2025-08-09T02:14:49.5625645Z Selecting previously unselected package nmap-common.
2025-08-09T02:14:49.5789124Z Preparing to unpack .../76-nmap-common_7.91+dfsg1+really7.80+dfsg1-2ubuntu0.1_all.deb ...
2025-08-09T02:14:49.5797421Z Unpacking nmap-common (7.91+dfsg1+really7.80+dfsg1-2ubuntu0.1) ...
2025-08-09T02:14:49.7864095Z Selecting previously unselected package pv.
2025-08-09T02:14:49.8029673Z Preparing to unpack .../77-pv_1.6.6-1build2_amd64.deb ...
2025-08-09T02:14:49.8038940Z Unpacking pv (1.6.6-1build2) ...
2025-08-09T02:14:49.8266043Z Selecting previously unselected package libfdt1:amd64.
2025-08-09T02:14:49.8430396Z Preparing to unpack .../78-libfdt1_1.6.1-1_amd64.deb ...
2025-08-09T02:14:49.8441997Z Unpacking libfdt1:amd64 (1.6.1-1) ...
2025-08-09T02:14:49.8666653Z Selecting previously unselected package qemu-system-common.
2025-08-09T02:14:49.8833695Z Preparing to unpack .../79-qemu-system-common_1%3a6.2+dfsg-2ubuntu6.26_amd64.deb ...
2025-08-09T02:14:49.8842744Z Unpacking qemu-system-common (1:6.2+dfsg-2ubuntu6.26) ...
2025-08-09T02:14:49.9624348Z Selecting previously unselected package qemu-system-data.
2025-08-09T02:14:49.9788613Z Preparing to unpack .../80-qemu-system-data_1%3a6.2+dfsg-2ubuntu6.26_all.deb ...
2025-08-09T02:14:49.9797295Z Unpacking qemu-system-data (1:6.2+dfsg-2ubuntu6.26) ...
2025-08-09T02:14:50.0432372Z Selecting previously unselected package seabios.
2025-08-09T02:14:50.0598251Z Preparing to unpack .../81-seabios_1.15.0-1_all.deb ...
2025-08-09T02:14:50.0606104Z Unpacking seabios (1.15.0-1) ...
2025-08-09T02:14:50.0875746Z Selecting previously unselected package qemu-system-x86.
2025-08-09T02:14:50.1041597Z Preparing to unpack .../82-qemu-system-x86_1%3a6.2+dfsg-2ubuntu6.26_amd64.deb ...
2025-08-09T02:14:50.1174018Z Unpacking qemu-system-x86 (1:6.2+dfsg-2ubuntu6.26) ...
2025-08-09T02:14:50.2607091Z Selecting previously unselected package qemu-utils.
2025-08-09T02:14:50.2772392Z Preparing to unpack .../83-qemu-utils_1%3a6.2+dfsg-2ubuntu6.26_amd64.deb ...
2025-08-09T02:14:50.2781614Z Unpacking qemu-utils (1:6.2+dfsg-2ubuntu6.26) ...
2025-08-09T02:14:50.3315044Z Selecting previously unselected package qemu-block-extra.
2025-08-09T02:14:50.3478568Z Preparing to unpack .../84-qemu-block-extra_1%3a6.2+dfsg-2ubuntu6.26_amd64.deb ...
2025-08-09T02:14:50.3490449Z Unpacking qemu-block-extra (1:6.2+dfsg-2ubuntu6.26) ...
2025-08-09T02:14:50.3712538Z Selecting previously unselected package qemu-system-gui.
2025-08-09T02:14:50.3877023Z Preparing to unpack .../85-qemu-system-gui_1%3a6.2+dfsg-2ubuntu6.26_amd64.deb ...
2025-08-09T02:14:50.3885794Z Unpacking qemu-system-gui (1:6.2+dfsg-2ubuntu6.26) ...
2025-08-09T02:14:50.4126603Z Selecting previously unselected package syslinux-common.
2025-08-09T02:14:50.4290138Z Preparing to unpack .../86-syslinux-common_3%3a6.04~git20190206.bf6db5b4+dfsg1-3ubuntu1_all.deb ...
2025-08-09T02:14:50.4298094Z Unpacking syslinux-common (3:6.04~git20190206.bf6db5b4+dfsg1-3ubuntu1) ...
2025-08-09T02:14:50.4879471Z Selecting previously unselected package syslinux-utils.
2025-08-09T02:14:50.5045612Z Preparing to unpack .../87-syslinux-utils_3%3a6.04~git20190206.bf6db5b4+dfsg1-3ubuntu1_amd64.deb ...
2025-08-09T02:14:50.5054755Z Unpacking syslinux-utils (3:6.04~git20190206.bf6db5b4+dfsg1-3ubuntu1) ...
2025-08-09T02:14:50.5319508Z Selecting previously unselected package nmap.
2025-08-09T02:14:50.5483885Z Preparing to unpack .../88-nmap_7.91+dfsg1+really7.80+dfsg1-2ubuntu0.1_amd64.deb ...
2025-08-09T02:14:50.5491407Z Unpacking nmap (7.91+dfsg1+really7.80+dfsg1-2ubuntu0.1) ...
2025-08-09T02:14:50.6176902Z Selecting previously unselected package ovmf.
2025-08-09T02:14:50.6341558Z Preparing to unpack .../89-ovmf_2022.02-3ubuntu0.22.04.3_all.deb ...
2025-08-09T02:14:50.6351414Z Unpacking ovmf (2022.02-3ubuntu0.22.04.3) ...
2025-08-09T02:14:50.7242458Z Setting up genisoimage (9:1.1.11-3.2ubuntu1) ...
2025-08-09T02:14:50.7266737Z Setting up libcdparanoia0:amd64 (3.10.2+debian-14build2) ...
2025-08-09T02:14:50.7292344Z Setting up lua-lpeg:amd64 (1.0.2-1) ...
2025-08-09T02:14:50.7313193Z Setting up debootstrap (1.0.126+nmu1ubuntu0.8) ...
2025-08-09T02:14:50.7334680Z Setting up libraw1394-11:amd64 (2.1.2-2build2) ...
2025-08-09T02:14:50.7355081Z Setting up libtag1v5-vanilla:amd64 (1.11.1+dfsg.1-3ubuntu3) ...
2025-08-09T02:14:50.7375425Z Setting up libmpg123-0:amd64 (1.29.3-1ubuntu0.1) ...
2025-08-09T02:14:50.7397603Z Setting up isolinux (3:6.04~git20190206.bf6db5b4+dfsg1-3ubuntu1) ...
2025-08-09T02:14:50.7420286Z Setting up libspeex1:amd64 (1.2~rc1.2-1.1ubuntu3) ...
2025-08-09T02:14:50.7443283Z Setting up libcaca0:amd64 (0.99.beta19-2.2ubuntu4) ...
2025-08-09T02:14:50.7465579Z Setting up libtwolame0:amd64 (0.4.0-2build2) ...
2025-08-09T02:14:50.7486568Z Setting up libvte-2.91-common (0.68.0-1ubuntu0.1) ...
2025-08-09T02:14:50.7522468Z Setting up libvisual-0.4-0:amd64 (0.4.0-17build2) ...
2025-08-09T02:14:50.7543574Z Setting up mtools (4.0.33-1+really4.0.32-1build1) ...
2025-08-09T02:14:50.7572348Z Setting up libboost-iostreams1.74.0:amd64 (1.74.0-14ubuntu3) ...
2025-08-09T02:14:50.7592421Z Setting up msr-tools (1.3-4) ...
2025-08-09T02:14:50.7621149Z Setting up syslinux-common (3:6.04~git20190206.bf6db5b4+dfsg1-3ubuntu1) ...
2025-08-09T02:14:50.7642998Z Setting up live-build (3.0~a57-1ubuntu41.22.04.1) ...
2025-08-09T02:14:50.7663552Z Setting up libfdt1:amd64 (1.6.1-1) ...
2025-08-09T02:14:50.7685301Z Setting up libvte-2.91-0:amd64 (0.68.0-1ubuntu0.1) ...
2025-08-09T02:14:50.7705023Z Setting up libusbredirparser1:amd64 (0.11.0-2build1) ...
2025-08-09T02:14:50.7723894Z Setting up liblinear4:amd64 (2.3.0+dfsg-5) ...
2025-08-09T02:14:50.7743829Z Setting up libflac8:amd64 (1.3.3-2ubuntu0.2) ...
2025-08-09T02:14:50.7772721Z Setting up syslinux-utils (3:6.04~git20190206.bf6db5b4+dfsg1-3ubuntu1) ...
2025-08-09T02:14:50.7793841Z Setting up libnl-route-3-200:amd64 (3.5.0-0.1) ...
2025-08-09T02:14:50.7814381Z Setting up ovmf (2022.02-3ubuntu0.22.04.3) ...
2025-08-09T02:14:50.7837530Z Setting up libglusterfs0:amd64 (10.1-1ubuntu0.2) ...
2025-08-09T02:14:50.7859276Z Setting up libvirglrenderer1:amd64 (0.9.1-1~exp1ubuntu2) ...
2025-08-09T02:14:50.7882077Z Setting up libopus0:amd64 (1.3.1-0.1build2) ...
2025-08-09T02:14:50.7902019Z Setting up libxv1:amd64 (2:1.0.11-1build2) ...
2025-08-09T02:14:50.7925533Z Setting up liborc-0.4-0:amd64 (1:0.4.32-2ubuntu0.1) ...
2025-08-09T02:14:50.7944781Z Setting up libelf-dev:amd64 (0.186-1ubuntu0.1) ...
2025-08-09T02:14:50.7964200Z Setting up libpcsclite1:amd64 (1.9.5-3ubuntu1) ...
2025-08-09T02:14:50.7985624Z Setting up libdaxctl1:amd64 (72.1-1) ...
2025-08-09T02:14:50.8006685Z Setting up qemu-system-data (1:6.2+dfsg-2ubuntu6.26) ...
2025-08-09T02:14:50.8027081Z Setting up seabios (1.15.0-1) ...
2025-08-09T02:14:50.8047220Z Setting up nmap-common (7.91+dfsg1+really7.80+dfsg1-2ubuntu0.1) ...
2025-08-09T02:14:50.8408012Z Setting up libtag1v5:amd64 (1.11.1+dfsg.1-3ubuntu3) ...
2025-08-09T02:14:50.8428330Z Setting up cpu-checker (0.7-1.3build1) ...
2025-08-09T02:14:50.8447923Z Setting up libdv4:amd64 (1.0.0-14build1) ...
2025-08-09T02:14:50.8467527Z Setting up libasyncns0:amd64 (0.8-6build2) ...
2025-08-09T02:14:50.8487111Z Setting up pv (1.6.6-1build2) ...
2025-08-09T02:14:50.8510244Z Setting up libwavpack1:amd64 (5.4.0-1build2) ...
2025-08-09T02:14:50.8530747Z Setting up ipxe-qemu (1.21.1+git-20220113.fbbdc3926-0ubuntu1) ...
2025-08-09T02:14:50.8555107Z Setting up libtheora0:amd64 (1.1.1+dfsg.1-15ubuntu4) ...
2025-08-09T02:14:50.8579102Z Setting up libv4lconvert0:amd64 (1.22.1-2build1) ...
2025-08-09T02:14:50.8598936Z Setting up libdecor-0-0:amd64 (0.1.0-3build1) ...
2025-08-09T02:14:50.8618127Z Setting up libndctl6:amd64 (72.1-1) ...
2025-08-09T02:14:50.8643035Z Setting up ipxe-qemu-256k-compat-efi-roms (1.0.0+git-20150424.a25a16d-0ubuntu4) ...
2025-08-09T02:14:50.8663501Z Setting up libvpx7:amd64 (1.11.0-2ubuntu2.4) ...
2025-08-09T02:14:50.8683522Z Setting up libbrlapi0.8:amd64 (6.4-4ubuntu3) ...
2025-08-09T02:14:50.8708616Z Setting up liburing2:amd64 (2.1-2build1) ...
2025-08-09T02:14:50.8728643Z Setting up libsamplerate0:amd64 (0.2.2-1build1) ...
2025-08-09T02:14:50.8748645Z Setting up libpmem1:amd64 (1.11.1-3build1) ...
2025-08-09T02:14:50.8771360Z Setting up libmp3lame0:amd64 (3.100-3build2) ...
2025-08-09T02:14:50.8790306Z Setting up libvorbisenc2:amd64 (1.3.7-1build2) ...
2025-08-09T02:14:50.8811055Z Setting up libgfxdr0:amd64 (10.1-1ubuntu0.2) ...
2025-08-09T02:14:50.8833795Z Setting up libboost-thread1.74.0:amd64 (1.74.0-14ubuntu3) ...
2025-08-09T02:14:50.8854221Z Setting up libaa1:amd64 (1.4p5-50build1) ...
2025-08-09T02:14:50.8878951Z Setting up libiec61883-0:amd64 (1.2.0-4build3) ...
2025-08-09T02:14:50.8899674Z Setting up libavc1394-0:amd64 (0.5.4-5build2) ...
2025-08-09T02:14:50.8920615Z Setting up libibverbs1:amd64 (39.0-1) ...
2025-08-09T02:14:50.9537951Z Setting up ibverbs-providers:amd64 (39.0-1) ...
2025-08-09T02:14:50.9780850Z Setting up libgstreamer-plugins-base1.0-0:amd64 (1.20.1-1ubuntu0.4) ...
2025-08-09T02:14:50.9805858Z Setting up nmap (7.91+dfsg1+really7.80+dfsg1-2ubuntu0.1) ...
2025-08-09T02:14:50.9829922Z Setting up libcacard0:amd64 (1:2.8.0-3build2) ...
2025-08-09T02:14:50.9850468Z Setting up libv4l-0:amd64 (1.22.1-2build1) ...
2025-08-09T02:14:50.9871431Z Setting up libgstreamer-plugins-good1.0-0:amd64 (1.20.3-0ubuntu1.3) ...
2025-08-09T02:14:50.9894185Z Setting up gstreamer1.0-plugins-base:amd64 (1.20.1-1ubuntu0.4) ...
2025-08-09T02:14:50.9915102Z Setting up libshout3:amd64 (2.4.5-1build3) ...
2025-08-09T02:14:50.9938039Z Setting up libpmemobj1:amd64 (1.11.1-3build1) ...
2025-08-09T02:14:50.9962939Z Setting up libdecor-0-plugin-1-cairo:amd64 (0.1.0-3build1) ...
2025-08-09T02:14:50.9984288Z Setting up libjack-jackd2-0:amd64 (1.9.20~dfsg-1) ...
2025-08-09T02:14:51.0006422Z Setting up libsndfile1:amd64 (1.0.31-2ubuntu0.2) ...
2025-08-09T02:14:51.0028327Z Setting up qemu-utils (1:6.2+dfsg-2ubuntu6.26) ...
2025-08-09T02:14:51.0048202Z Setting up libgfrpc0:amd64 (10.1-1ubuntu0.2) ...
2025-08-09T02:14:51.0070246Z Setting up librdmacm1:amd64 (39.0-1) ...
2025-08-09T02:14:51.0092318Z Setting up librados2 (17.2.7-0ubuntu0.22.04.2) ...
2025-08-09T02:14:51.0239283Z Setting up gstreamer1.0-x:amd64 (1.20.1-1ubuntu0.4) ...
2025-08-09T02:14:51.0259190Z Setting up libpulse0:amd64 (1:15.99.1+dfsg1-1ubuntu2.2) ...
2025-08-09T02:14:51.0333172Z Setting up gstreamer1.0-plugins-good:amd64 (1.20.3-0ubuntu1.3) ...
2025-08-09T02:14:51.0354564Z Setting up libspice-server1:amd64 (0.15.0-2ubuntu4) ...
2025-08-09T02:14:51.0375898Z Setting up librbd1 (17.2.7-0ubuntu0.22.04.2) ...
2025-08-09T02:14:51.0402588Z Setting up libgfapi0:amd64 (10.1-1ubuntu0.2) ...
2025-08-09T02:14:51.0425213Z Setting up libiscsi7:amd64 (1.19.0-3build2) ...
2025-08-09T02:14:51.0468016Z Setting up libsdl2-2.0-0:amd64 (2.0.20+dfsg-2ubuntu1.22.04.1) ...
2025-08-09T02:14:51.0491189Z Setting up qemu-block-extra (1:6.2+dfsg-2ubuntu6.26) ...
2025-08-09T02:14:51.3906933Z Created symlink /etc/systemd/system/multi-user.target.wants/run-qemu.mount → /lib/systemd/system/run-qemu.mount.
2025-08-09T02:14:51.8411279Z Setting up qemu-system-common (1:6.2+dfsg-2ubuntu6.26) ...
2025-08-09T02:14:51.9535700Z Created symlink /etc/systemd/system/multi-user.target.wants/qemu-kvm.service → /lib/systemd/system/qemu-kvm.service.
2025-08-09T02:14:52.7955039Z Setting up qemu-system-x86 (1:6.2+dfsg-2ubuntu6.26) ...
2025-08-09T02:14:52.7978594Z Setting up qemu-system-gui (1:6.2+dfsg-2ubuntu6.26) ...
2025-08-09T02:14:52.8009737Z Processing triggers for man-db (2.10.2-1) ...
2025-08-09T02:14:53.4531135Z Processing triggers for install-info (6.8-4build1) ...
2025-08-09T02:14:54.1643256Z Processing triggers for hicolor-icon-theme (0.17-2) ...
2025-08-09T02:14:54.9073386Z Processing triggers for libc-bin (2.35-0ubuntu3.10) ...
2025-08-09T02:14:55.1691869Z NEEDRESTART-VER: 3.5
2025-08-09T02:14:55.4243131Z NEEDRESTART-KCUR: 6.8.0-1031-azure
2025-08-09T02:14:55.4243509Z NEEDRESTART-KEXP: 6.8.0-1031-azure
2025-08-09T02:14:55.4243779Z NEEDRESTART-KSTA: 1
2025-08-09T02:14:55.4244042Z NEEDRESTART-SVC: hosted-compute-agent.service
2025-08-09T02:14:56.8825895Z ##[group]Run echo "CLUSTER_MODE=main" >> $GITHUB_ENV
2025-08-09T02:14:56.8826276Z [36;1mecho "CLUSTER_MODE=main" >> $GITHUB_ENV[0m
2025-08-09T02:14:56.8826553Z [36;1mecho "ENABLE_GUI=true" >> $GITHUB_ENV[0m
2025-08-09T02:14:56.8826839Z [36;1mecho "SKIP_QEMU_TEST=true" >> $GITHUB_ENV[0m
2025-08-09T02:14:56.8827156Z [36;1mecho "BUILD_THREADS=2" >> $GITHUB_ENV  # Limit for CI[0m
2025-08-09T02:14:56.8827587Z [36;1mecho "SKIP_CONNECTIVITY_CHECK=true" >> $GITHUB_ENV  # Skip redundant check in CI[0m
2025-08-09T02:14:56.8855121Z shell: /usr/bin/bash -e {0}
2025-08-09T02:14:56.8855356Z ##[endgroup]
2025-08-09T02:14:56.8929134Z ##[group]Run chmod +x ainux-builder.sh
2025-08-09T02:14:56.8929451Z [36;1mchmod +x ainux-builder.sh[0m
2025-08-09T02:14:56.8929672Z [36;1m[0m
2025-08-09T02:14:56.8929897Z [36;1m# Add debug output[0m
2025-08-09T02:14:56.8930098Z [36;1mset -x[0m
2025-08-09T02:14:56.8930256Z [36;1m[0m
2025-08-09T02:14:56.8930444Z [36;1m# Run build with timeout (2 hours max)[0m
2025-08-09T02:14:56.8930716Z [36;1mtimeout 7200 ./ainux-builder.sh || {[0m
2025-08-09T02:14:56.8930981Z [36;1m  echo "Build timed out or failed"[0m
2025-08-09T02:14:56.8931268Z [36;1m  echo "=== Last 100 lines of any available logs ==="[0m
2025-08-09T02:14:56.8931979Z [36;1m  find ~/ainux-build/logs -name "*.log" -exec tail -50 {} \; 2>/dev/null || echo "No log files found"[0m
2025-08-09T02:14:56.8932391Z [36;1m  [0m
2025-08-09T02:14:56.8932570Z [36;1m  echo "=== Environment Variables ==="[0m
2025-08-09T02:14:56.8932893Z [36;1m  env | grep -E "(CLUSTER_MODE|ENABLE_GUI|SKIP_|BUILD_)" || true[0m
2025-08-09T02:14:56.8933254Z [36;1m  [0m
2025-08-09T02:14:56.8933417Z [36;1m  echo "=== Disk Usage ==="[0m
2025-08-09T02:14:56.8933645Z [36;1m  df -h || true[0m
2025-08-09T02:14:56.8933822Z [36;1m  [0m
2025-08-09T02:14:56.8933996Z [36;1m  echo "=== Memory Usage ==="[0m
2025-08-09T02:14:56.8934216Z [36;1m  free -h || true[0m
2025-08-09T02:14:56.8934403Z [36;1m  [0m
2025-08-09T02:14:56.8934552Z [36;1m  exit 1[0m
2025-08-09T02:14:56.8934718Z [36;1m}[0m
2025-08-09T02:14:56.8961185Z shell: /usr/bin/bash -e {0}
2025-08-09T02:14:56.8961402Z env:
2025-08-09T02:14:56.8961557Z   CLUSTER_MODE: main
2025-08-09T02:14:56.8961893Z   ENABLE_GUI: true
2025-08-09T02:14:56.8962075Z   SKIP_QEMU_TEST: true
2025-08-09T02:14:56.8962254Z   BUILD_THREADS: 2
2025-08-09T02:14:56.8962434Z   SKIP_CONNECTIVITY_CHECK: true
2025-08-09T02:14:56.8962641Z ##[endgroup]
2025-08-09T02:14:56.9019315Z + timeout 7200 ./ainux-builder.sh
2025-08-09T02:14:56.9096009Z 
2025-08-09T02:14:56.9096801Z [0;35m[PHASE][0m Starting Ainux OS AI Cluster Builder Process
2025-08-09T02:14:56.9097234Z 
2025-08-09T02:14:56.9097252Z 
2025-08-09T02:14:56.9097479Z [0;35m[PHASE][0m Checking Prerequisites
2025-08-09T02:14:56.9097766Z 
2025-08-09T02:14:56.9143347Z [0;34m[INFO][0m Detected Ubuntu 22.04 LTS - supported
2025-08-09T02:14:56.9170713Z [0;34m[INFO][0m Disk space check passed: 36GB available
2025-08-09T02:14:56.9171296Z [0;34m[INFO][0m Checking internet connectivity...
2025-08-09T02:14:56.9172128Z [1;33m[WARNING][0m Skipping connectivity check (SKIP_CONNECTIVITY_CHECK=true)
2025-08-09T02:14:56.9172593Z [0;32m[SUCCESS][0m Prerequisites check passed
2025-08-09T02:14:56.9172793Z 
2025-08-09T02:14:56.9172996Z [0;35m[PHASE][0m Initializing Ainux OS AI Cluster Build Environment
2025-08-09T02:14:56.9173235Z 
2025-08-09T02:14:56.9175185Z [0;34m[INFO][0m Build Configuration:
2025-08-09T02:14:56.9175688Z [0;34m[INFO][0m   Kernel Version: 6.6.58
2025-08-09T02:14:56.9176101Z [0;34m[INFO][0m   Cluster Mode: main
2025-08-09T02:14:56.9176423Z [0;34m[INFO][0m   Build Threads: 2
2025-08-09T02:14:56.9176992Z [0;34m[INFO][0m   GUI Enabled: true
2025-08-09T02:14:56.9177382Z [0;34m[INFO][0m   Build Directory: /home/runner/ainux-build
2025-08-09T02:14:56.9177785Z [0;34m[INFO][0m Installing build dependencies...
2025-08-09T02:14:56.9178211Z [0;34m[INFO][0m Detected CI environment - applying optimizations...
2025-08-09T02:14:58.5283989Z 
2025-08-09T02:14:58.5284633Z WARNING: apt does not have a stable CLI interface. Use with caution in scripts.
2025-08-09T02:14:58.5285158Z 
2025-08-09T02:14:58.5681570Z Reading package lists...
2025-08-09T02:14:58.7597305Z Building dependency tree...
2025-08-09T02:14:58.7609230Z Reading state information...
2025-08-09T02:14:58.9171541Z bc is already the newest version (1.07.1-3build1).
2025-08-09T02:14:58.9172514Z bison is already the newest version (2:3.8.2+dfsg-1build1).
2025-08-09T02:14:58.9173171Z build-essential is already the newest version (12.9ubuntu3).
2025-08-09T02:14:58.9174101Z dosfstools is already the newest version (4.2-1build3).
2025-08-09T02:14:58.9174520Z flex is already the newest version (2.6.4-8build2).
2025-08-09T02:14:58.9174883Z gcc is already the newest version (4:11.2.0-1ubuntu1).
2025-08-09T02:14:58.9175302Z genisoimage is already the newest version (9:1.1.11-3.2ubuntu1).
2025-08-09T02:14:58.9175710Z make is already the newest version (4.3-4.1build1).
2025-08-09T02:14:58.9176126Z mtools is already the newest version (4.0.33-1+really4.0.32-1build1).
2025-08-09T02:14:58.9176546Z pv is already the newest version (1.6.6-1build2).
2025-08-09T02:14:58.9176937Z squashfs-tools is already the newest version (1:4.5-3build1).
2025-08-09T02:14:58.9177452Z isolinux is already the newest version (3:6.04~git20190206.bf6db5b4+dfsg1-3ubuntu1).
2025-08-09T02:14:58.9178061Z syslinux-utils is already the newest version (3:6.04~git20190206.bf6db5b4+dfsg1-3ubuntu1).
2025-08-09T02:14:58.9178557Z xorriso is already the newest version (1.5.4-2).
2025-08-09T02:14:58.9178931Z curl is already the newest version (7.81.0-1ubuntu1.20).
2025-08-09T02:14:58.9179366Z debootstrap is already the newest version (1.0.126+nmu1ubuntu0.8).
2025-08-09T02:14:58.9179848Z grub-efi-amd64-bin is already the newest version (2.06-2ubuntu14.8).
2025-08-09T02:14:58.9180298Z grub-pc-bin is already the newest version (2.06-2ubuntu7.2).
2025-08-09T02:14:58.9180719Z libelf-dev is already the newest version (0.186-1ubuntu0.1).
2025-08-09T02:14:58.9181233Z libncurses-dev is already the newest version (6.3-2ubuntu0.1).
2025-08-09T02:14:58.9181658Z libssl-dev is already the newest version (3.0.2-0ubuntu1.19).
2025-08-09T02:14:58.9182356Z live-build is already the newest version (3.0~a57-1ubuntu41.22.04.1).
2025-08-09T02:14:58.9182841Z qemu-system-x86 is already the newest version (1:6.2+dfsg-2ubuntu6.26).
2025-08-09T02:14:58.9183292Z rsync is already the newest version (3.2.7-0ubuntu0.22.04.4).
2025-08-09T02:14:58.9183674Z wget is already the newest version (1.21.2-2ubuntu1.1).
2025-08-09T02:14:58.9184123Z nmap is already the newest version (7.91+dfsg1+really7.80+dfsg1-2ubuntu0.1).
2025-08-09T02:14:58.9184622Z python3-pip is already the newest version (22.0.2+dfsg-1ubuntu0.6).
2025-08-09T02:14:58.9185074Z git is already the newest version (1:2.50.1-0ppa1~ubuntu22.04.1).
2025-08-09T02:14:58.9545777Z The following NEW packages will be installed:
2025-08-09T02:14:58.9550227Z   dialog
2025-08-09T02:14:58.9826758Z 0 upgraded, 1 newly installed, 0 to remove and 16 not upgraded.
2025-08-09T02:14:59.0169594Z Need to get 303 kB of archives.
2025-08-09T02:14:59.0170256Z After this operation, 1258 kB of additional disk space will be used.
2025-08-09T02:14:59.0170914Z Get:1 file:/etc/apt/apt-mirrors.txt Mirrorlist [144 B]
2025-08-09T02:14:59.0555178Z Get:2 http://azure.archive.ubuntu.com/ubuntu jammy/universe amd64 dialog amd64 1.3-20211214-1 [303 kB]
2025-08-09T02:14:59.3631497Z Fetched 303 kB in 0s (5448 kB/s)
2025-08-09T02:14:59.3852435Z Selecting previously unselected package dialog.
2025-08-09T02:14:59.3922265Z (Reading database ... 
2025-08-09T02:14:59.3922695Z (Reading database ... 5%
2025-08-09T02:14:59.3923347Z (Reading database ... 10%
2025-08-09T02:14:59.3923710Z (Reading database ... 15%
2025-08-09T02:14:59.3924069Z (Reading database ... 20%
2025-08-09T02:14:59.3924430Z (Reading database ... 25%
2025-08-09T02:14:59.3924771Z (Reading database ... 30%
2025-08-09T02:14:59.3925581Z (Reading database ... 35%
2025-08-09T02:14:59.3925944Z (Reading database ... 40%
2025-08-09T02:14:59.3926302Z (Reading database ... 45%
2025-08-09T02:14:59.3926646Z (Reading database ... 50%
2025-08-09T02:14:59.3980409Z (Reading database ... 55%
2025-08-09T02:14:59.4015258Z (Reading database ... 60%
2025-08-09T02:14:59.4033939Z (Reading database ... 65%
2025-08-09T02:14:59.4119449Z (Reading database ... 70%
2025-08-09T02:14:59.4293495Z (Reading database ... 75%
2025-08-09T02:14:59.4328651Z (Reading database ... 80%
2025-08-09T02:14:59.4619347Z (Reading database ... 85%
2025-08-09T02:14:59.4700122Z (Reading database ... 90%
2025-08-09T02:14:59.4880028Z (Reading database ... 95%
2025-08-09T02:14:59.4881240Z (Reading database ... 100%
2025-08-09T02:14:59.4882275Z (Reading database ... 270634 files and directories currently installed.)
2025-08-09T02:14:59.4938172Z Preparing to unpack .../dialog_1.3-20211214-1_amd64.deb ...
2025-08-09T02:14:59.4948259Z Unpacking dialog (1.3-20211214-1) ...
2025-08-09T02:14:59.6856480Z Setting up dialog (1.3-20211214-1) ...
2025-08-09T02:14:59.6884276Z Processing triggers for man-db (2.10.2-1) ...
2025-08-09T02:15:00.2430632Z NEEDRESTART-VER: 3.5
2025-08-09T02:15:00.4862948Z NEEDRESTART-KCUR: 6.8.0-1031-azure
2025-08-09T02:15:00.4863428Z NEEDRESTART-KEXP: 6.8.0-1031-azure
2025-08-09T02:15:00.4863826Z NEEDRESTART-KSTA: 1
2025-08-09T02:15:00.4864206Z NEEDRESTART-SVC: hosted-compute-agent.service
2025-08-09T02:15:01.9798410Z [0;34m[INFO][0m Applying CI space optimizations...
2025-08-09T02:15:03.0358892Z Reading package lists...
2025-08-09T02:15:03.2730245Z Building dependency tree...
2025-08-09T02:15:03.2743919Z Reading state information...
2025-08-09T02:15:03.4830157Z The following packages will be REMOVED:
2025-08-09T02:15:03.4832962Z   apport-symptoms landscape-common libintl-perl libintl-xs-perl libisns0
2025-08-09T02:15:03.4833964Z   liblldb-13 liblldb-15 libmodule-find-perl libmodule-scandeps-perl libmspack0
2025-08-09T02:15:03.4834921Z   libopeniscsiusr libproc-processtable-perl libsort-naturally-perl
2025-08-09T02:15:03.4837809Z   libterm-readkey-perl libxmlsec1 libxmlsec1-openssl lxd-agent-loader
2025-08-09T02:15:03.4838738Z   needrestart open-iscsi open-vm-tools python3-apport python3-automat
2025-08-09T02:15:03.4839608Z   python3-bcrypt python3-click python3-colorama python3-constantly
2025-08-09T02:15:03.4840274Z   python3-hamcrest python3-hyperlink python3-incremental
2025-08-09T02:15:03.4841007Z   python3-problem-report python3-pyasn1 python3-pyasn1-modules
2025-08-09T02:15:03.4841975Z   python3-service-identity python3-systemd python3-twisted
2025-08-09T02:15:03.4842605Z   python3-zope.interface zerofree
2025-08-09T02:15:03.7758194Z 0 upgraded, 0 newly installed, 37 to remove and 14 not upgraded.
2025-08-09T02:15:03.7759135Z After this operation, 62.7 MB disk space will be freed.
2025-08-09T02:15:03.7996183Z (Reading database ... 
2025-08-09T02:15:03.7996546Z (Reading database ... 5%
2025-08-09T02:15:03.7996827Z (Reading database ... 10%
2025-08-09T02:15:03.7997109Z (Reading database ... 15%
2025-08-09T02:15:03.7997373Z (Reading database ... 20%
2025-08-09T02:15:03.7997642Z (Reading database ... 25%
2025-08-09T02:15:03.7997910Z (Reading database ... 30%
2025-08-09T02:15:03.7998172Z (Reading database ... 35%
2025-08-09T02:15:03.7998441Z (Reading database ... 40%
2025-08-09T02:15:03.7998704Z (Reading database ... 45%
2025-08-09T02:15:03.7999060Z (Reading database ... 50%
2025-08-09T02:15:03.8063705Z (Reading database ... 55%
2025-08-09T02:15:03.8102973Z (Reading database ... 60%
2025-08-09T02:15:03.8123027Z (Reading database ... 65%
2025-08-09T02:15:03.8222005Z (Reading database ... 70%
2025-08-09T02:15:03.8411113Z (Reading database ... 75%
2025-08-09T02:15:03.8448148Z (Reading database ... 80%
2025-08-09T02:15:03.8766333Z (Reading database ... 85%
2025-08-09T02:15:03.8852142Z (Reading database ... 90%
2025-08-09T02:15:03.9033574Z (Reading database ... 95%
2025-08-09T02:15:03.9034071Z (Reading database ... 100%
2025-08-09T02:15:03.9034552Z (Reading database ... 270787 files and directories currently installed.)
2025-08-09T02:15:03.9091039Z Removing apport-symptoms (0.24) ...
2025-08-09T02:15:03.9328454Z Removing landscape-common (23.02-0ubuntu1~22.04.4) ...
2025-08-09T02:15:04.0733464Z Removing libintl-xs-perl (1.26-3build2) ...
2025-08-09T02:15:04.0972942Z Removing needrestart (3.5-5ubuntu2.4) ...
2025-08-09T02:15:04.1572352Z Removing libintl-perl (1.26-3build2) ...
2025-08-09T02:15:04.1923272Z Removing open-iscsi (2.1.5-1ubuntu1.1) ...
2025-08-09T02:15:04.3875695Z Warning: Stopping iscsid.service, but it can still be activated by:
2025-08-09T02:15:04.3876293Z   iscsid.socket
2025-08-09T02:15:05.8443297Z Removing libisns0:amd64 (0.101-0ubuntu2) ...
2025-08-09T02:15:05.8668658Z Removing liblldb-13 (1:13.0.1-2ubuntu2.2) ...
2025-08-09T02:15:05.8993081Z Removing liblldb-15 (1:15.0.7-0ubuntu0.22.04.3) ...
2025-08-09T02:15:05.9303249Z Removing libmodule-find-perl (0.15-1) ...
2025-08-09T02:15:05.9544507Z Removing libmodule-scandeps-perl (1.31-1ubuntu0.1) ...
2025-08-09T02:15:05.9749176Z Removing open-vm-tools (2:12.3.5-3~ubuntu0.22.04.2) ...
2025-08-09T02:15:06.9870784Z Removing libmspack0:amd64 (0.10.1-2build2) ...
2025-08-09T02:15:07.0088449Z Removing libopeniscsiusr (2.1.5-1ubuntu1.1) ...
2025-08-09T02:15:07.0280190Z Removing libproc-processtable-perl:amd64 (0.634-1build1) ...
2025-08-09T02:15:07.0554175Z Removing libsort-naturally-perl (1.03-2) ...
2025-08-09T02:15:07.0776679Z Removing libterm-readkey-perl (2.38-1build4) ...
2025-08-09T02:15:07.1035598Z Removing libxmlsec1-openssl:amd64 (1.2.33-1build2) ...
2025-08-09T02:15:07.1299539Z Removing libxmlsec1:amd64 (1.2.33-1build2) ...
2025-08-09T02:15:07.1474431Z Removing lxd-agent-loader (0.5) ...
2025-08-09T02:15:07.6490754Z Removing python3-apport (2.20.11-0ubuntu82.9) ...
2025-08-09T02:15:07.7622082Z Removing python3-twisted (22.1.0-2ubuntu2.6) ...
2025-08-09T02:15:08.0664951Z Removing python3-automat (20.2.0-1) ...
2025-08-09T02:15:08.1657115Z Removing python3-bcrypt (3.2.0-1build1) ...
2025-08-09T02:15:08.2562510Z Removing python3-click (8.0.3-1) ...
2025-08-09T02:15:08.3515813Z Removing python3-colorama (0.4.4-1) ...
2025-08-09T02:15:08.4394746Z Removing python3-constantly (15.1.0-2) ...
2025-08-09T02:15:08.5289172Z Removing python3-hamcrest (2.0.2-2) ...
2025-08-09T02:15:08.6297442Z Removing python3-hyperlink (21.0.0-3) ...
2025-08-09T02:15:08.7194850Z Removing python3-incremental (21.3.0-1) ...
2025-08-09T02:15:08.8119385Z Removing python3-problem-report (2.20.11-0ubuntu82.9) ...
2025-08-09T02:15:08.9028275Z Removing python3-service-identity (18.1.0-6) ...
2025-08-09T02:15:08.9909838Z Removing python3-pyasn1-modules (0.2.1-1) ...
2025-08-09T02:15:09.0819525Z Removing python3-pyasn1 (0.4.8-1) ...
2025-08-09T02:15:09.1776916Z Removing python3-systemd (234-3ubuntu2) ...
2025-08-09T02:15:09.2785987Z Removing python3-zope.interface (5.4.0-1build1) ...
2025-08-09T02:15:09.3828440Z Removing zerofree (1.1.1-1build3) ...
2025-08-09T02:15:09.4369302Z Processing triggers for libc-bin (2.35-0ubuntu3.10) ...
2025-08-09T02:15:09.4564861Z Processing triggers for man-db (2.10.2-1) ...
2025-08-09T02:15:09.8002924Z Processing triggers for initramfs-tools (0.140ubuntu13.5) ...
2025-08-09T02:15:09.8563121Z update-initramfs: Generating /boot/initrd.img-6.8.0-1031-azure
2025-08-09T02:15:24.0592835Z [0;32m[SUCCESS][0m Build environment initialized
2025-08-09T02:15:24.0595272Z 
2025-08-09T02:15:24.0595986Z [0;35m[PHASE][0m Building Custom Kernel 6.6.58 with AI Optimizations
2025-08-09T02:15:24.0596618Z 
2025-08-09T02:15:24.0596961Z [0;34m[INFO][0m Downloading Linux kernel 6.6.58...
2025-08-09T02:15:24.0597958Z [0;34m[INFO][0m CI environment detected - using optimized download strategy
2025-08-09T02:15:24.0599090Z [0;34m[INFO][0m Downloading kernel tarball (faster than git clone)...
2025-08-09T02:15:24.0827972Z --2025-08-09 02:15:24--  https://www.kernel.org/pub/linux/kernel/v6.x/linux-6.6.58.tar.xz
2025-08-09T02:15:24.0930460Z Resolving www.kernel.org (www.kernel.org)... 146.75.29.55, 2a04:4e42:77::311
2025-08-09T02:15:24.0971287Z Connecting to www.kernel.org (www.kernel.org)|146.75.29.55|:443... connected.
2025-08-09T02:15:24.1116440Z HTTP request sent, awaiting response... 200 OK
2025-08-09T02:15:24.1117558Z Length: 140387240 (134M) [application/x-xz]
2025-08-09T02:15:24.1118365Z Saving to: ‘linux-6.6.58.tar.xz’
2025-08-09T02:15:24.1141110Z 
2025-08-09T02:15:24.1256685Z      0K ........ ........ ........ ........ ........ ........  2%  218M 1s
2025-08-09T02:15:24.1324501Z   3072K ........ ........ ........ ........ ........ ........  4%  446M 0s
2025-08-09T02:15:24.1411634Z   6144K ........ ........ ........ ........ ........ ........  6%  342M 0s
2025-08-09T02:15:24.1482903Z   9216K ........ ........ ........ ........ ........ ........  8%  428M 0s
2025-08-09T02:15:24.1554519Z  12288K ........ ........ ........ ........ ........ ........ 11%  410M 0s
2025-08-09T02:15:24.1651369Z  15360K ........ ........ ........ ........ ........ ........ 13%  316M 0s
2025-08-09T02:15:24.1719794Z  18432K ........ ........ ........ ........ ........ ........ 15%  426M 0s
2025-08-09T02:15:24.1781515Z  21504K ........ ........ ........ ........ ........ ........ 17%  490M 0s
2025-08-09T02:15:24.1843875Z  24576K ........ ........ ........ ........ ........ ........ 20%  482M 0s
2025-08-09T02:15:24.1912012Z  27648K ........ ........ ........ ........ ........ ........ 22%  439M 0s
2025-08-09T02:15:24.1978738Z  30720K ........ ........ ........ ........ ........ ........ 24%  451M 0s
2025-08-09T02:15:24.2359729Z  33792K ........ ........ ........ ........ ........ ........ 26% 78.9M 0s
2025-08-09T02:15:24.2430621Z  36864K ........ ........ ........ ........ ........ ........ 29%  424M 0s
2025-08-09T02:15:24.2535776Z  39936K ........ ........ ........ ........ ........ ........ 31%  292M 0s
2025-08-09T02:15:24.2613136Z  43008K ........ ........ ........ ........ ........ ........ 33%  371M 0s
2025-08-09T02:15:24.2680409Z  46080K ........ ........ ........ ........ ........ ........ 35%  451M 0s
2025-08-09T02:15:24.2845290Z  49152K ........ ........ ........ ........ ........ ........ 38%  182M 0s
2025-08-09T02:15:24.2915960Z  52224K ........ ........ ........ ........ ........ ........ 40%  424M 0s
2025-08-09T02:15:24.2984061Z  55296K ........ ........ ........ ........ ........ ........ 42%  437M 0s
2025-08-09T02:15:24.3055746Z  58368K ........ ........ ........ ........ ........ ........ 44%  424M 0s
2025-08-09T02:15:24.3120634Z  61440K ........ ........ ........ ........ ........ ........ 47%  450M 0s
2025-08-09T02:15:24.3190785Z  64512K ........ ........ ........ ........ ........ ........ 49%  433M 0s
2025-08-09T02:15:24.3256991Z  67584K ........ ........ ........ ........ ........ ........ 51%  448M 0s
2025-08-09T02:15:24.3317861Z  70656K ........ ........ ........ ........ ........ ........ 53%  493M 0s
2025-08-09T02:15:24.3406561Z  73728K ........ ........ ........ ........ ........ ........ 56%  343M 0s
2025-08-09T02:15:24.3469075Z  76800K ........ ........ ........ ........ ........ ........ 58%  480M 0s
2025-08-09T02:15:24.3533256Z  79872K ........ ........ ........ ........ ........ ........ 60%  466M 0s
2025-08-09T02:15:24.3599811Z  82944K ........ ........ ........ ........ ........ ........ 62%  451M 0s
2025-08-09T02:15:24.3665817Z  86016K ........ ........ ........ ........ ........ ........ 64%  450M 0s
2025-08-09T02:15:24.3728873Z  89088K ........ ........ ........ ........ ........ ........ 67%  473M 0s
2025-08-09T02:15:24.3813019Z  92160K ........ ........ ........ ........ ........ ........ 69%  359M 0s
2025-08-09T02:15:24.3892864Z  95232K ........ ........ ........ ........ ........ ........ 71%  381M 0s
2025-08-09T02:15:24.3963133Z  98304K ........ ........ ........ ........ ........ ........ 73%  428M 0s
2025-08-09T02:15:24.4029547Z 101376K ........ ........ ........ ........ ........ ........ 76%  452M 0s
2025-08-09T02:15:24.4099810Z 104448K ........ ........ ........ ........ ........ ........ 78%  424M 0s
2025-08-09T02:15:24.4168922Z 107520K ........ ........ ........ ........ ........ ........ 80%  432M 0s
2025-08-09T02:15:24.4303626Z 110592K ........ ........ ........ ........ ........ ........ 82%  222M 0s
2025-08-09T02:15:24.4370396Z 113664K ........ ........ ........ ........ ........ ........ 85%  451M 0s
2025-08-09T02:15:24.4439979Z 116736K ........ ........ ........ ........ ........ ........ 87%  443M 0s
2025-08-09T02:15:24.4512496Z 119808K ........ ........ ........ ........ ........ ........ 89%  413M 0s
2025-08-09T02:15:24.4579800Z 122880K ........ ........ ........ ........ ........ ........ 91%  431M 0s
2025-08-09T02:15:24.4648760Z 125952K ........ ........ ........ ........ ........ ........ 94%  435M 0s
2025-08-09T02:15:24.4718314Z 129024K ........ ........ ........ ........ ........ ........ 96%  432M 0s
2025-08-09T02:15:24.4783175Z 132096K ........ ........ ........ ........ ........ ........ 98%  461M 0s
2025-08-09T02:15:24.4818810Z 135168K ........ ........ ........ ......                    100%  508M=0.4s
2025-08-09T02:15:24.4819277Z 
2025-08-09T02:15:24.4820174Z 2025-08-09 02:15:24 (362 MB/s) - ‘linux-6.6.58.tar.xz’ saved [140387240/140387240]
2025-08-09T02:15:24.4820595Z 
2025-08-09T02:15:24.4835554Z [0;34m[INFO][0m ✓ Kernel tarball downloaded successfully from kernel.org
2025-08-09T02:15:24.4836015Z [0;34m[INFO][0m Extracting kernel source...
2025-08-09T02:15:33.9084499Z [0;32m[SUCCESS][0m Kernel source extracted successfully
2025-08-09T02:15:33.9085129Z [0;34m[INFO][0m Applying AI/NPU optimization patches...
2025-08-09T02:15:33.9127724Z [0;34m[INFO][0m Script directory: /home/runner/ainux-build/kernel/linux
2025-08-09T02:15:33.9128538Z [0;34m[INFO][0m Initial patch directory: /home/runner/ainux-build/kernel/linux/patches
2025-08-09T02:15:33.9133167Z [0;34m[INFO][0m Current working directory: /home/runner/ainux-build/kernel/linux
2025-08-09T02:15:33.9133953Z [0;34m[INFO][0m Script location: ./ainux-builder.sh
2025-08-09T02:15:33.9134493Z [0;34m[INFO][0m Primary patch directory not found, trying alternatives...
2025-08-09T02:15:33.9157423Z [0;34m[INFO][0m Found patches at CI path: /home/runner/work/ainux/ainux/patches
2025-08-09T02:15:33.9158095Z [0;34m[INFO][0m Using local patches from repository: /home/runner/work/ainux/ainux/patches
2025-08-09T02:15:33.9194299Z [0;34m[INFO][0m Available patches: 6.6-cluster-networking-simple 6.6-cluster-networking 6.6-npu-support 6.6-rocm-optimizations-simple 6.6-rocm-optimizations 
2025-08-09T02:15:33.9195068Z [0;34m[INFO][0m Applying NPU support patch...
2025-08-09T02:15:34.0238169Z patching file drivers/Kconfig
2025-08-09T02:15:34.0238959Z Hunk #1 succeeded at 243 with fuzz 2 (offset 3 lines).
2025-08-09T02:15:34.0239725Z patching file drivers/Makefile
2025-08-09T02:15:34.0240880Z patching file drivers/npu/Kconfig
2025-08-09T02:15:34.0242824Z patching file drivers/npu/Makefile
2025-08-09T02:15:34.0243864Z patching file drivers/npu/npu-core.c
2025-08-09T02:15:34.0246238Z patching file drivers/npu/rockchip-npu.c
2025-08-09T02:15:34.0248223Z patching file include/uapi/linux/npu.h
2025-08-09T02:15:34.0255594Z [0;34m[INFO][0m Applying simplified ROCm optimization patch...
2025-08-09T02:15:34.0270854Z patching file drivers/gpu/drm/amd/amdgpu/amdgpu_cs.c
2025-08-09T02:15:34.0271373Z Hunk #1 succeeded at 1274 with fuzz 3.
2025-08-09T02:15:34.0277527Z [0;34m[INFO][0m Applying simplified cluster networking patch...
2025-08-09T02:15:34.0294773Z patching file net/core/dev.c
2025-08-09T02:15:34.0300576Z Hunk #1 succeeded at 5354 with fuzz 2 (offset -166 lines).
2025-08-09T02:15:34.0307667Z [0;34m[INFO][0m Configuring kernel for AI workloads...
2025-08-09T02:15:34.0919573Z [0;34m[INFO][0m Applying AI hardware optimizations to kernel config...
2025-08-09T02:15:34.0920473Z [0;34m[INFO][0m Enabling mandatory NPU support for AI cluster...
2025-08-09T02:15:34.1856973Z [0;34m[INFO][0m Enabling mandatory AMD ROCm support...
2025-08-09T02:15:34.6296329Z   HOSTCC  scripts/basic/fixdep
2025-08-09T02:15:34.7894141Z   HOSTCC  scripts/kconfig/conf.o
2025-08-09T02:15:34.9526283Z   HOSTCC  scripts/kconfig/confdata.o
2025-08-09T02:15:35.1780401Z   HOSTCC  scripts/kconfig/expr.o
2025-08-09T02:15:35.3622683Z   LEX     scripts/kconfig/lexer.lex.c
2025-08-09T02:15:35.4325042Z   YACC    scripts/kconfig/parser.tab.[ch]
2025-08-09T02:15:35.7540693Z   HOSTCC  scripts/kconfig/lexer.lex.o
2025-08-09T02:15:35.9903830Z   HOSTCC  scripts/kconfig/menu.o
2025-08-09T02:15:36.1498520Z   HOSTCC  scripts/kconfig/parser.tab.o
2025-08-09T02:15:36.3406301Z   HOSTCC  scripts/kconfig/preprocess.o
2025-08-09T02:15:36.4395789Z   HOSTCC  scripts/kconfig/symbol.o
2025-08-09T02:15:36.6932948Z   HOSTCC  scripts/kconfig/util.o
2025-08-09T02:15:36.7402092Z   HOSTLD  scripts/kconfig/conf
2025-08-09T02:15:52.4099235Z drivers/Kconfig:248: unexpected 'menu' within if block
2025-08-09T02:15:52.7934826Z <none>:34: syntax error
2025-08-09T02:15:52.7935662Z drivers/Kconfig:2: missing end statement for this entry
2025-08-09T02:15:52.7946700Z make[2]: *** [scripts/kconfig/Makefile:77: oldconfig] Error 1
2025-08-09T02:15:52.7949476Z make[1]: *** [/home/runner/ainux-build/kernel/linux/Makefile:697: oldconfig] Error 2
2025-08-09T02:15:52.7952141Z make: *** [Makefile:234: __sub-make] Error 2
2025-08-09T02:15:52.7960126Z + echo 'Build timed out or failed'
2025-08-09T02:15:52.7960493Z Build timed out or failed
2025-08-09T02:15:52.7960756Z + echo '=== Last 100 lines of any available logs ==='
2025-08-09T02:15:52.7961040Z === Last 100 lines of any available logs ===
2025-08-09T02:15:52.7963218Z + find /home/runner/ainux-build/logs -name '*.log' -exec tail -50 '{}' ';'
2025-08-09T02:15:52.7985364Z patching file net/core/dev.c
2025-08-09T02:15:52.7985845Z Hunk #1 succeeded at 5354 with fuzz 2 (offset -166 lines).
2025-08-09T02:15:52.7995633Z patching file drivers/Kconfig
2025-08-09T02:15:52.7995943Z Hunk #1 succeeded at 243 with fuzz 2 (offset 3 lines).
2025-08-09T02:15:52.7996278Z patching file drivers/Makefile
2025-08-09T02:15:52.7996675Z patching file drivers/npu/Kconfig
2025-08-09T02:15:52.7997076Z patching file drivers/npu/Makefile
2025-08-09T02:15:52.7997487Z patching file drivers/npu/npu-core.c
2025-08-09T02:15:52.7997929Z patching file drivers/npu/rockchip-npu.c
2025-08-09T02:15:52.7998277Z patching file include/uapi/linux/npu.h
2025-08-09T02:15:52.8006751Z patching file drivers/gpu/drm/amd/amdgpu/amdgpu_cs.c
2025-08-09T02:15:52.8007130Z Hunk #1 succeeded at 1274 with fuzz 3.
2025-08-09T02:15:52.8010619Z + echo '=== Environment Variables ==='
2025-08-09T02:15:52.8011066Z === Environment Variables ===
2025-08-09T02:15:52.8013894Z + env
2025-08-09T02:15:52.8014919Z + grep -E '(CLUSTER_MODE|ENABLE_GUI|SKIP_|BUILD_)'
2025-08-09T02:15:52.8027955Z BUILD_THREADS=2
2025-08-09T02:15:52.8028447Z DOTNET_SKIP_FIRST_TIME_EXPERIENCE=1
2025-08-09T02:15:52.8028855Z SKIP_QEMU_TEST=true
2025-08-09T02:15:52.8029149Z CLUSTER_MODE=main
2025-08-09T02:15:52.8029482Z SKIP_CONNECTIVITY_CHECK=true
2025-08-09T02:15:52.8029860Z ENABLE_GUI=true
2025-08-09T02:15:52.8030144Z === Disk Usage ===
2025-08-09T02:15:52.8031193Z + echo '=== Disk Usage ==='
2025-08-09T02:15:52.8031539Z + df -h
2025-08-09T02:15:52.8043982Z Filesystem      Size  Used Avail Use% Mounted on
2025-08-09T02:15:52.8044478Z /dev/root        73G   38G   36G  52% /
2025-08-09T02:15:52.8044905Z tmpfs           7.9G  172K  7.9G   1% /dev/shm
2025-08-09T02:15:52.8045335Z tmpfs           3.2G  1.1M  3.2G   1% /run
2025-08-09T02:15:52.8045742Z tmpfs           5.0M     0  5.0M   0% /run/lock
2025-08-09T02:15:52.8046209Z /dev/sda15      105M  6.1M   99M   6% /boot/efi
2025-08-09T02:15:52.8046635Z /dev/sdb1        74G  4.1G   66G   6% /mnt
2025-08-09T02:15:52.8047053Z tmpfs           1.6G   12K  1.6G   1% /run/user/1001
2025-08-09T02:15:52.8047509Z tmpfs           7.9G     0  7.9G   0% /run/qemu
2025-08-09T02:15:52.8047781Z + echo '=== Memory Usage ==='
2025-08-09T02:15:52.8047989Z + free -h
2025-08-09T02:15:52.8048160Z === Memory Usage ===
2025-08-09T02:15:52.8063415Z                total        used        free      shared  buff/cache   available
2025-08-09T02:15:52.8063779Z Mem:            15Gi       581Mi        10Gi        44Mi       4.7Gi        14Gi
2025-08-09T02:15:52.8064059Z Swap:          4.0Gi          0B       4.0Gi
2025-08-09T02:15:52.8065960Z + exit 1
2025-08-09T02:15:52.8078466Z ##[error]Process completed with exit code 1.
2025-08-09T02:15:52.8168476Z Post job cleanup.
2025-08-09T02:15:52.9123883Z [command]/usr/bin/git version
2025-08-09T02:15:52.9159405Z git version 2.50.1
2025-08-09T02:15:52.9204966Z Temporarily overriding HOME='/home/runner/work/_temp/bbeadedd-d4fc-4344-ac02-6a94b19b7906' before making global git config changes
2025-08-09T02:15:52.9206186Z Adding repository directory to the temporary git global config as a safe directory
2025-08-09T02:15:52.9211403Z [command]/usr/bin/git config --global --add safe.directory /home/runner/work/ainux/ainux
2025-08-09T02:15:52.9247824Z [command]/usr/bin/git config --local --name-only --get-regexp core\.sshCommand
2025-08-09T02:15:52.9281031Z [command]/usr/bin/git submodule foreach --recursive sh -c "git config --local --name-only --get-regexp 'core\.sshCommand' && git config --local --unset-all 'core.sshCommand' || :"
2025-08-09T02:15:52.9514063Z [command]/usr/bin/git config --local --name-only --get-regexp http\.https\:\/\/github\.com\/\.extraheader
2025-08-09T02:15:52.9537171Z http.https://github.com/.extraheader
2025-08-09T02:15:52.9550512Z [command]/usr/bin/git config --local --unset-all http.https://github.com/.extraheader
2025-08-09T02:15:52.9582692Z [command]/usr/bin/git submodule foreach --recursive sh -c "git config --local --name-only --get-regexp 'http\.https\:\/\/github\.com\/\.extraheader' && git config --local --unset-all 'http.https://github.com/.extraheader' || :"
2025-08-09T02:15:52.9917528Z Cleaning up orphan processes
