2025-08-09T02:12:57.1863119Z Current runner version: '2.327.1'
2025-08-09T02:12:57.1887416Z ##[group]Runner Image Provisioner
2025-08-09T02:12:57.1888174Z Hosted Compute Agent
2025-08-09T02:12:57.1888709Z Version: 20250711.363
2025-08-09T02:12:57.1889370Z Commit: 6785254374ce925a23743850c1cb91912ce5c14c
2025-08-09T02:12:57.1890021Z Build Date: 2025-07-11T20:04:25Z
2025-08-09T02:12:57.1890598Z ##[endgroup]
2025-08-09T02:12:57.1891088Z ##[group]Operating System
2025-08-09T02:12:57.1891716Z Ubuntu
2025-08-09T02:12:57.1892156Z 22.04.5
2025-08-09T02:12:57.1892609Z LTS
2025-08-09T02:12:57.1893088Z ##[endgroup]
2025-08-09T02:12:57.1893865Z ##[group]Runner Image
2025-08-09T02:12:57.1894481Z Image: ubuntu-22.04
2025-08-09T02:12:57.1895029Z Version: 20250804.2.0
2025-08-09T02:12:57.1896020Z Included Software: https://github.com/actions/runner-images/blob/ubuntu22/20250804.2/images/ubuntu/Ubuntu2204-Readme.md
2025-08-09T02:12:57.1897553Z Image Release: https://github.com/actions/runner-images/releases/tag/ubuntu22%2F20250804.2
2025-08-09T02:12:57.1898497Z ##[endgroup]
2025-08-09T02:12:57.1900902Z ##[group]GITHUB_TOKEN Permissions
2025-08-09T02:12:57.1903130Z Actions: write
2025-08-09T02:12:57.1904168Z Attestations: write
2025-08-09T02:12:57.1905094Z Checks: write
2025-08-09T02:12:57.1906037Z Contents: write
2025-08-09T02:12:57.1906772Z Deployments: write
2025-08-09T02:12:57.1907677Z Discussions: write
2025-08-09T02:12:57.1908396Z Issues: write
2025-08-09T02:12:57.1909154Z Metadata: read
2025-08-09T02:12:57.1909996Z Models: read
2025-08-09T02:12:57.1910759Z Packages: write
2025-08-09T02:12:57.1911479Z Pages: write
2025-08-09T02:12:57.1912306Z PullRequests: write
2025-08-09T02:12:57.1913105Z RepositoryProjects: write
2025-08-09T02:12:57.1914251Z SecurityEvents: write
2025-08-09T02:12:57.1915293Z Statuses: write
2025-08-09T02:12:57.1916044Z ##[endgroup]
2025-08-09T02:12:57.1919219Z Secret source: Actions
2025-08-09T02:12:57.1920325Z Prepare workflow directory
2025-08-09T02:12:57.2371052Z Prepare all required actions
2025-08-09T02:12:57.2426468Z Getting action download info
2025-08-09T02:12:57.4955190Z ##[group]Download immutable action package 'actions/checkout@v4'
2025-08-09T02:12:57.4956441Z Version: 4.2.2
2025-08-09T02:12:57.4957952Z Digest: sha256:ccb2698953eaebd21c7bf6268a94f9c26518a7e38e27e0b83c1fe1ad049819b1
2025-08-09T02:12:57.4959202Z Source commit SHA: 11bd71901bbe5b1630ceea73d27597364c9af683
2025-08-09T02:12:57.4959943Z ##[endgroup]
2025-08-09T02:12:57.5967662Z ##[group]Download immutable action package 'actions/upload-artifact@v4'
2025-08-09T02:12:57.5968447Z Version: 4.6.2
2025-08-09T02:12:57.5969156Z Digest: sha256:290722aa3281d5caf23d0acdc3dbeb3424786a1a01a9cc97e72f147225e37c38
2025-08-09T02:12:57.5970159Z Source commit SHA: ea165f8d65b6e75b540449e92b4886f43607fa02
2025-08-09T02:12:57.5970835Z ##[endgroup]
2025-08-09T02:12:57.8408990Z Complete job name: build-test (sub, false)
2025-08-09T02:12:57.9092687Z ##[group]Run actions/checkout@v4
2025-08-09T02:12:57.9093509Z with:
2025-08-09T02:12:57.9094183Z   lfs: true
2025-08-09T02:12:57.9094601Z   repository: yaotagroep/ainux
2025-08-09T02:12:57.9095318Z   token: ***
2025-08-09T02:12:57.9095696Z   ssh-strict: true
2025-08-09T02:12:57.9096083Z   ssh-user: git
2025-08-09T02:12:57.9096472Z   persist-credentials: true
2025-08-09T02:12:57.9096903Z   clean: true
2025-08-09T02:12:57.9097300Z   sparse-checkout-cone-mode: true
2025-08-09T02:12:57.9097773Z   fetch-depth: 1
2025-08-09T02:12:57.9098155Z   fetch-tags: false
2025-08-09T02:12:57.9098538Z   show-progress: true
2025-08-09T02:12:57.9098935Z   submodules: false
2025-08-09T02:12:57.9099328Z   set-safe-directory: true
2025-08-09T02:12:57.9100048Z ##[endgroup]
2025-08-09T02:12:58.0167349Z Syncing repository: yaotagroep/ainux
2025-08-09T02:12:58.0169279Z ##[group]Getting Git version info
2025-08-09T02:12:58.0169919Z Working directory is '/home/runner/work/ainux/ainux'
2025-08-09T02:12:58.0170845Z [command]/usr/bin/git version
2025-08-09T02:12:58.0222518Z git version 2.50.1
2025-08-09T02:12:58.0273888Z [command]/usr/bin/git lfs version
2025-08-09T02:12:58.4903227Z git-lfs/3.7.0 (GitHub; linux amd64; go 1.24.4)
2025-08-09T02:12:58.4923907Z ##[endgroup]
2025-08-09T02:12:58.4943397Z Temporarily overriding HOME='/home/runner/work/_temp/13b8aa45-2738-4adc-be04-c7666bacee0c' before making global git config changes
2025-08-09T02:12:58.4945296Z Adding repository directory to the temporary git global config as a safe directory
2025-08-09T02:12:58.4951575Z [command]/usr/bin/git config --global --add safe.directory /home/runner/work/ainux/ainux
2025-08-09T02:12:58.4988452Z Deleting the contents of '/home/runner/work/ainux/ainux'
2025-08-09T02:12:58.4993081Z ##[group]Initializing the repository
2025-08-09T02:12:58.4997643Z [command]/usr/bin/git init /home/runner/work/ainux/ainux
2025-08-09T02:12:58.5073370Z hint: Using 'master' as the name for the initial branch. This default branch name
2025-08-09T02:12:58.5075877Z hint: is subject to change. To configure the initial branch name to use in all
2025-08-09T02:12:58.5077748Z hint: of your new repositories, which will suppress this warning, call:
2025-08-09T02:12:58.5079077Z hint:
2025-08-09T02:12:58.5079624Z hint: 	git config --global init.defaultBranch <name>
2025-08-09T02:12:58.5080287Z hint:
2025-08-09T02:12:58.5080976Z hint: Names commonly chosen instead of 'master' are 'main', 'trunk' and
2025-08-09T02:12:58.5082132Z hint: 'development'. The just-created branch can be renamed via this command:
2025-08-09T02:12:58.5083045Z hint:
2025-08-09T02:12:58.5083870Z hint: 	git branch -m <name>
2025-08-09T02:12:58.5084676Z hint:
2025-08-09T02:12:58.5085417Z hint: Disable this message with "git config set advice.defaultBranchName false"
2025-08-09T02:12:58.5086659Z Initialized empty Git repository in /home/runner/work/ainux/ainux/.git/
2025-08-09T02:12:58.5089470Z [command]/usr/bin/git remote add origin https://github.com/yaotagroep/ainux
2025-08-09T02:12:58.5125462Z ##[endgroup]
2025-08-09T02:12:58.5126677Z ##[group]Disabling automatic garbage collection
2025-08-09T02:12:58.5129238Z [command]/usr/bin/git config --local gc.auto 0
2025-08-09T02:12:58.5155964Z ##[endgroup]
2025-08-09T02:12:58.5157054Z ##[group]Setting up auth
2025-08-09T02:12:58.5162144Z [command]/usr/bin/git config --local --name-only --get-regexp core\.sshCommand
2025-08-09T02:12:58.5191827Z [command]/usr/bin/git submodule foreach --recursive sh -c "git config --local --name-only --get-regexp 'core\.sshCommand' && git config --local --unset-all 'core.sshCommand' || :"
2025-08-09T02:12:58.5450213Z [command]/usr/bin/git config --local --name-only --get-regexp http\.https\:\/\/github\.com\/\.extraheader
2025-08-09T02:12:58.5480253Z [command]/usr/bin/git submodule foreach --recursive sh -c "git config --local --name-only --get-regexp 'http\.https\:\/\/github\.com\/\.extraheader' && git config --local --unset-all 'http.https://github.com/.extraheader' || :"
2025-08-09T02:12:58.5709953Z [command]/usr/bin/git config --local http.https://github.com/.extraheader AUTHORIZATION: basic ***
2025-08-09T02:12:58.5745142Z ##[endgroup]
2025-08-09T02:12:58.5749373Z [command]/usr/bin/git lfs install --local
2025-08-09T02:12:58.6142196Z Updated Git hooks.
2025-08-09T02:12:58.6142882Z Git LFS initialized.
2025-08-09T02:12:58.6196385Z ##[group]Fetching the repository
2025-08-09T02:12:58.6207467Z [command]/usr/bin/git -c protocol.version=2 fetch --no-tags --prune --no-recurse-submodules --depth=1 origin +52f4e684192b809594413b2ad85506d46dbabd0e:refs/remotes/origin/main
2025-08-09T02:12:58.9742004Z From https://github.com/yaotagroep/ainux
2025-08-09T02:12:58.9744114Z  * [new ref]         52f4e684192b809594413b2ad85506d46dbabd0e -> origin/main
2025-08-09T02:12:58.9771876Z ##[endgroup]
2025-08-09T02:12:58.9773934Z ##[group]Determining the checkout info
2025-08-09T02:12:58.9775327Z ##[endgroup]
2025-08-09T02:12:58.9776309Z ##[group]Fetching LFS objects
2025-08-09T02:12:58.9779238Z [command]/usr/bin/git lfs fetch origin refs/remotes/origin/main
2025-08-09T02:12:58.9996422Z Fetching reference refs/remotes/origin/main
2025-08-09T02:12:59.0290495Z ##[endgroup]
2025-08-09T02:12:59.0294332Z [command]/usr/bin/git sparse-checkout disable
2025-08-09T02:12:59.0336449Z [command]/usr/bin/git config --local --unset-all extensions.worktreeConfig
2025-08-09T02:12:59.0366069Z ##[group]Checking out the ref
2025-08-09T02:12:59.0369118Z [command]/usr/bin/git checkout --progress --force -B main refs/remotes/origin/main
2025-08-09T02:12:59.0553866Z Switched to a new branch 'main'
2025-08-09T02:12:59.0555800Z branch 'main' set up to track 'origin/main'.
2025-08-09T02:12:59.0795704Z ##[endgroup]
2025-08-09T02:12:59.0831590Z [command]/usr/bin/git log -1 --format=%H
2025-08-09T02:12:59.0855655Z 52f4e684192b809594413b2ad85506d46dbabd0e
2025-08-09T02:12:59.1072864Z ##[group]Run echo "⏳ Reclaiming space..."
2025-08-09T02:12:59.1074624Z [36;1mecho "⏳ Reclaiming space..."[0m
2025-08-09T02:12:59.1075987Z [36;1msudo rm -rf /usr/local/lib/android[0m
2025-08-09T02:12:59.1077365Z [36;1msudo rm -rf /usr/local/share/boost[0m
2025-08-09T02:12:59.1078692Z [36;1msudo rm -rf /usr/share/dotnet[0m
2025-08-09T02:12:59.1079927Z [36;1msudo rm -rf /opt/ghc[0m
2025-08-09T02:12:59.1081117Z [36;1msudo rm -rf /opt/hostedtoolcache[0m
2025-08-09T02:12:59.1082370Z [36;1msudo apt-get clean[0m
2025-08-09T02:12:59.1083519Z [36;1msudo rm -rf "$AGENT_TOOLSDIRECTORY"[0m
2025-08-09T02:12:59.1084970Z [36;1mdf -h[0m
2025-08-09T02:12:59.1085811Z [36;1m [0m
2025-08-09T02:12:59.1117877Z shell: /usr/bin/bash -e {0}
2025-08-09T02:12:59.1118956Z ##[endgroup]
2025-08-09T02:12:59.1195667Z ⏳ Reclaiming space...
2025-08-09T02:14:49.0719131Z Filesystem      Size  Used Avail Use% Mounted on
2025-08-09T02:14:49.0719679Z /dev/root        73G   36G   37G  50% /
2025-08-09T02:14:49.0722059Z tmpfs           7.9G  172K  7.9G   1% /dev/shm
2025-08-09T02:14:49.0722512Z tmpfs           3.2G  1.1M  3.2G   1% /run
2025-08-09T02:14:49.0722798Z tmpfs           5.0M     0  5.0M   0% /run/lock
2025-08-09T02:14:49.0723070Z /dev/sda15      105M  6.1M   99M   6% /boot/efi
2025-08-09T02:14:49.0723331Z /dev/sdb1        74G  4.1G   66G   6% /mnt
2025-08-09T02:14:49.0723816Z tmpfs           1.6G   12K  1.6G   1% /run/user/1001
2025-08-09T02:14:49.0758964Z ##[group]Run sudo apt-get update
2025-08-09T02:14:49.0759271Z [36;1msudo apt-get update[0m
2025-08-09T02:14:49.0759498Z [36;1msudo apt-get install -y \[0m
2025-08-09T02:14:49.0759870Z [36;1m  git build-essential libncurses-dev bison flex libssl-dev \[0m
2025-08-09T02:14:49.0760292Z [36;1m  libelf-dev bc gcc make debootstrap live-build squashfs-tools \[0m
2025-08-09T02:14:49.0760701Z [36;1m  dosfstools xorriso isolinux syslinux-utils genisoimage \[0m
2025-08-09T02:14:49.0761092Z [36;1m  qemu-system-x86 python3-pip nmap curl wget rsync pv \[0m
2025-08-09T02:14:49.0761427Z [36;1m  grub-pc-bin grub-efi-amd64-bin mtools[0m
2025-08-09T02:14:49.0761675Z [36;1m  [0m
2025-08-09T02:14:49.0789797Z shell: /usr/bin/bash -e {0}
2025-08-09T02:14:49.0790020Z ##[endgroup]
2025-08-09T02:14:49.2329007Z Get:1 file:/etc/apt/apt-mirrors.txt Mirrorlist [144 B]
2025-08-09T02:14:49.2712115Z Hit:2 http://azure.archive.ubuntu.com/ubuntu jammy InRelease
2025-08-09T02:14:49.2724888Z Get:6 https://packages.microsoft.com/repos/azure-cli jammy InRelease [3596 B]
2025-08-09T02:14:49.2774649Z Get:3 http://azure.archive.ubuntu.com/ubuntu jammy-updates InRelease [128 kB]
2025-08-09T02:14:49.2784710Z Get:4 http://azure.archive.ubuntu.com/ubuntu jammy-backports InRelease [127 kB]
2025-08-09T02:14:49.2796813Z Get:7 https://packages.microsoft.com/ubuntu/22.04/prod jammy InRelease [3632 B]
2025-08-09T02:14:49.2911959Z Get:5 http://azure.archive.ubuntu.com/ubuntu jammy-security InRelease [129 kB]
2025-08-09T02:14:49.4618898Z Get:8 https://packages.microsoft.com/repos/azure-cli jammy/main amd64 Packages [2575 B]
2025-08-09T02:14:49.6668330Z Get:9 https://packages.microsoft.com/ubuntu/22.04/prod jammy/main amd64 Packages [239 kB]
2025-08-09T02:14:49.6738680Z Get:10 https://packages.microsoft.com/ubuntu/22.04/prod jammy/main arm64 Packages [75.0 kB]
2025-08-09T02:14:49.7506313Z Get:11 http://azure.archive.ubuntu.com/ubuntu jammy-security/main Translation-en [379 kB]
2025-08-09T02:14:56.6473950Z Fetched 1087 kB in 1s (1760 kB/s)
2025-08-09T02:14:57.4887903Z Reading package lists...
2025-08-09T02:14:57.5479780Z Reading package lists...
2025-08-09T02:14:57.7298301Z Building dependency tree...
2025-08-09T02:14:57.7313196Z Reading state information...
2025-08-09T02:14:57.8904811Z bc is already the newest version (1.07.1-3build1).
2025-08-09T02:14:57.8905507Z bc set to manually installed.
2025-08-09T02:14:57.8905959Z bison is already the newest version (2:3.8.2+dfsg-1build1).
2025-08-09T02:14:57.8906546Z build-essential is already the newest version (12.9ubuntu3).
2025-08-09T02:14:57.8907086Z build-essential set to manually installed.
2025-08-09T02:14:57.8907573Z dosfstools is already the newest version (4.2-1build3).
2025-08-09T02:14:57.8908062Z dosfstools set to manually installed.
2025-08-09T02:14:57.8908501Z flex is already the newest version (2.6.4-8build2).
2025-08-09T02:14:57.8908999Z gcc is already the newest version (4:11.2.0-1ubuntu1).
2025-08-09T02:14:57.8909396Z make is already the newest version (4.3-4.1build1).
2025-08-09T02:14:57.8909756Z squashfs-tools is already the newest version (1:4.5-3build1).
2025-08-09T02:14:57.8910107Z squashfs-tools set to manually installed.
2025-08-09T02:14:57.8910407Z xorriso is already the newest version (1.5.4-2).
2025-08-09T02:14:57.8910730Z curl is already the newest version (7.81.0-1ubuntu1.20).
2025-08-09T02:14:57.8911104Z grub-efi-amd64-bin is already the newest version (2.06-2ubuntu14.8).
2025-08-09T02:14:57.8911464Z grub-efi-amd64-bin set to manually installed.
2025-08-09T02:14:57.8911805Z grub-pc-bin is already the newest version (2.06-2ubuntu7.2).
2025-08-09T02:14:57.8912123Z grub-pc-bin set to manually installed.
2025-08-09T02:14:57.8912445Z libncurses-dev is already the newest version (6.3-2ubuntu0.1).
2025-08-09T02:14:57.8912775Z libncurses-dev set to manually installed.
2025-08-09T02:14:57.8913092Z libssl-dev is already the newest version (3.0.2-0ubuntu1.19).
2025-08-09T02:14:57.8913450Z rsync is already the newest version (3.2.7-0ubuntu0.22.04.4).
2025-08-09T02:14:57.8914766Z wget is already the newest version (1.21.2-2ubuntu1.1).
2025-08-09T02:14:57.8915408Z python3-pip is already the newest version (22.0.2+dfsg-1ubuntu0.6).
2025-08-09T02:14:57.8916043Z git is already the newest version (1:2.50.1-0ppa1~ubuntu22.04.1).
2025-08-09T02:14:57.8916613Z The following additional packages will be installed:
2025-08-09T02:14:57.8917217Z   cpu-checker gstreamer1.0-plugins-base gstreamer1.0-plugins-good
2025-08-09T02:14:57.8917781Z   gstreamer1.0-x ibverbs-providers ipxe-qemu ipxe-qemu-256k-compat-efi-roms
2025-08-09T02:14:57.8918255Z   libaa1 libasyncns0 libavc1394-0 libboost-iostreams1.74.0
2025-08-09T02:14:57.8918678Z   libboost-thread1.74.0 libbrlapi0.8 libcaca0 libcacard0 libcdparanoia0
2025-08-09T02:14:57.8919145Z   libdaxctl1 libdecor-0-0 libdecor-0-plugin-1-cairo libdv4 libfdt1 libflac8
2025-08-09T02:14:57.8919629Z   libgfapi0 libgfrpc0 libgfxdr0 libglusterfs0 libgstreamer-plugins-base1.0-0
2025-08-09T02:14:57.8920116Z   libgstreamer-plugins-good1.0-0 libibverbs1 libiec61883-0 libiscsi7
2025-08-09T02:14:57.8920550Z   libjack-jackd2-0 liblinear4 libmp3lame0 libmpg123-0 libndctl6
2025-08-09T02:14:57.8920985Z   libnl-route-3-200 libopus0 liborc-0.4-0 libpcsclite1 libpmem1 libpmemobj1
2025-08-09T02:14:57.8921435Z   libpulse0 librados2 libraw1394-11 librbd1 librdmacm1 libsamplerate0
2025-08-09T02:14:57.8921883Z   libsdl2-2.0-0 libshout3 libsndfile1 libspeex1 libspice-server1 libtag1v5
2025-08-09T02:14:57.8922573Z   libtag1v5-vanilla libtheora0 libtwolame0 liburing2 libusbredirparser1
2025-08-09T02:14:57.8923318Z   libv4l-0 libv4lconvert0 libvirglrenderer1 libvisual-0.4-0 libvorbisenc2
2025-08-09T02:14:57.8924180Z   libvpx7 libvte-2.91-0 libvte-2.91-common libwavpack1 libxv1 lua-lpeg
2025-08-09T02:14:57.8924834Z   msr-tools nmap-common ovmf qemu-block-extra qemu-system-common
2025-08-09T02:14:57.8925504Z   qemu-system-data qemu-system-gui qemu-utils seabios syslinux-common
2025-08-09T02:14:57.8925983Z Suggested packages:
2025-08-09T02:14:57.8926498Z   squid-deb-proxy-client debian-archive-keyring arch-test wodim cdrkit-doc
2025-08-09T02:14:57.8926946Z   gvfs libdv-bin oss-compat libvisual-0.4-plugins jackd2 liblinear-tools
2025-08-09T02:14:57.8927339Z   liblinear-dev opus-tools pcscd pulseaudio libraw1394-doc speex
2025-08-09T02:14:57.8927762Z   gstreamer1.0-libav gstreamer1.0-plugins-ugly memtest86+ | memtest86 syslinux
2025-08-09T02:14:57.8928214Z   | grub win32-loader gnu-fdisk floppyd ncat ndiff zenmap doc-base samba vde2
2025-08-09T02:14:57.8928562Z   libcrypt-passwdmd5-perl
2025-08-09T02:14:57.9269664Z The following NEW packages will be installed:
2025-08-09T02:14:57.9270479Z   cpu-checker debootstrap genisoimage gstreamer1.0-plugins-base
2025-08-09T02:14:57.9271190Z   gstreamer1.0-plugins-good gstreamer1.0-x ibverbs-providers ipxe-qemu
2025-08-09T02:14:57.9292409Z   ipxe-qemu-256k-compat-efi-roms isolinux libaa1 libasyncns0 libavc1394-0
2025-08-09T02:14:57.9293188Z   libboost-iostreams1.74.0 libboost-thread1.74.0 libbrlapi0.8 libcaca0
2025-08-09T02:14:57.9294245Z   libcacard0 libcdparanoia0 libdaxctl1 libdecor-0-0 libdecor-0-plugin-1-cairo
2025-08-09T02:14:57.9295168Z   libdv4 libelf-dev libfdt1 libflac8 libgfapi0 libgfrpc0 libgfxdr0
2025-08-09T02:14:57.9296112Z   libglusterfs0 libgstreamer-plugins-base1.0-0 libgstreamer-plugins-good1.0-0
2025-08-09T02:14:57.9296727Z   libibverbs1 libiec61883-0 libiscsi7 libjack-jackd2-0 liblinear4 libmp3lame0
2025-08-09T02:14:57.9297297Z   libmpg123-0 libndctl6 libnl-route-3-200 libopus0 liborc-0.4-0 libpcsclite1
2025-08-09T02:14:57.9297876Z   libpmem1 libpmemobj1 libpulse0 librados2 libraw1394-11 librbd1 librdmacm1
2025-08-09T02:14:57.9298412Z   libsamplerate0 libsdl2-2.0-0 libshout3 libsndfile1 libspeex1
2025-08-09T02:14:57.9299065Z   libspice-server1 libtag1v5 libtag1v5-vanilla libtheora0 libtwolame0
2025-08-09T02:14:57.9299606Z   liburing2 libusbredirparser1 libv4l-0 libv4lconvert0 libvirglrenderer1
2025-08-09T02:14:57.9300184Z   libvisual-0.4-0 libvorbisenc2 libvpx7 libvte-2.91-0 libvte-2.91-common
2025-08-09T02:14:57.9301136Z   libwavpack1 libxv1 live-build lua-lpeg msr-tools mtools nmap nmap-common
2025-08-09T02:14:57.9302237Z   ovmf pv qemu-block-extra qemu-system-common qemu-system-data qemu-system-gui
2025-08-09T02:14:57.9302786Z   qemu-system-x86 qemu-utils seabios syslinux-common syslinux-utils
2025-08-09T02:14:57.9478624Z 0 upgraded, 90 newly installed, 0 to remove and 16 not upgraded.
2025-08-09T02:14:57.9479185Z Need to get 53.2 MB of archives.
2025-08-09T02:14:57.9479679Z After this operation, 193 MB of additional disk space will be used.
2025-08-09T02:14:57.9480275Z Get:1 file:/etc/apt/apt-mirrors.txt Mirrorlist [144 B]
2025-08-09T02:14:57.9898470Z Get:2 http://azure.archive.ubuntu.com/ubuntu jammy/main amd64 msr-tools amd64 1.3-4 [10.3 kB]
2025-08-09T02:14:58.0081498Z Get:3 http://azure.archive.ubuntu.com/ubuntu jammy/main amd64 cpu-checker amd64 0.7-1.3build1 [6800 B]
2025-08-09T02:14:58.0291944Z Get:4 http://azure.archive.ubuntu.com/ubuntu jammy/main amd64 genisoimage amd64 9:1.1.11-3.2ubuntu1 [370 kB]
2025-08-09T02:14:58.0564247Z Get:5 http://azure.archive.ubuntu.com/ubuntu jammy/main amd64 libcdparanoia0 amd64 3.10.2+debian-14build2 [49.3 kB]
2025-08-09T02:14:58.0758062Z Get:6 http://azure.archive.ubuntu.com/ubuntu jammy-updates/main amd64 liborc-0.4-0 amd64 1:0.4.32-2ubuntu0.1 [228 kB]
2025-08-09T02:14:58.0997267Z Get:7 http://azure.archive.ubuntu.com/ubuntu jammy-updates/main amd64 libgstreamer-plugins-base1.0-0 amd64 1.20.1-1ubuntu0.4 [848 kB]
2025-08-09T02:14:58.1494715Z Get:8 http://azure.archive.ubuntu.com/ubuntu jammy/main amd64 libopus0 amd64 1.3.1-0.1build2 [203 kB]
2025-08-09T02:14:58.1713047Z Get:9 http://azure.archive.ubuntu.com/ubuntu jammy/main amd64 libtheora0 amd64 1.1.1+dfsg.1-15ubuntu4 [209 kB]
2025-08-09T02:14:58.1916155Z Get:10 http://azure.archive.ubuntu.com/ubuntu jammy/main amd64 libvisual-0.4-0 amd64 0.4.0-17build2 [108 kB]
2025-08-09T02:14:58.2108366Z Get:11 http://azure.archive.ubuntu.com/ubuntu jammy/main amd64 libvorbisenc2 amd64 1.3.7-1build2 [82.6 kB]
2025-08-09T02:14:58.2300820Z Get:12 http://azure.archive.ubuntu.com/ubuntu jammy-updates/main amd64 gstreamer1.0-plugins-base amd64 1.20.1-1ubuntu0.4 [712 kB]
2025-08-09T02:14:58.2685585Z Get:13 http://azure.archive.ubuntu.com/ubuntu jammy/main amd64 libaa1 amd64 1.4p5-50build1 [51.9 kB]
2025-08-09T02:14:58.2861250Z Get:14 http://azure.archive.ubuntu.com/ubuntu jammy/main amd64 libraw1394-11 amd64 2.1.2-2build2 [27.0 kB]
2025-08-09T02:14:58.3037666Z Get:15 http://azure.archive.ubuntu.com/ubuntu jammy/main amd64 libavc1394-0 amd64 0.5.4-5build2 [17.0 kB]
2025-08-09T02:14:58.3214757Z Get:16 http://azure.archive.ubuntu.com/ubuntu jammy/main amd64 libcaca0 amd64 0.99.beta19-2.2ubuntu4 [224 kB]
2025-08-09T02:14:58.3426148Z Get:17 http://azure.archive.ubuntu.com/ubuntu jammy/main amd64 libdv4 amd64 1.0.0-14build1 [61.9 kB]
2025-08-09T02:14:58.3658575Z Get:18 http://azure.archive.ubuntu.com/ubuntu jammy-updates/main amd64 libflac8 amd64 1.3.3-2ubuntu0.2 [111 kB]
2025-08-09T02:14:58.3858438Z Get:19 http://azure.archive.ubuntu.com/ubuntu jammy-updates/main amd64 libgstreamer-plugins-good1.0-0 amd64 1.20.3-0ubuntu1.3 [30.1 kB]
2025-08-09T02:14:58.4478341Z Get:20 http://azure.archive.ubuntu.com/ubuntu jammy/main amd64 libiec61883-0 amd64 1.2.0-4build3 [25.9 kB]
2025-08-09T02:14:58.4658489Z Get:21 http://azure.archive.ubuntu.com/ubuntu jammy/main amd64 libsamplerate0 amd64 0.2.2-1build1 [1359 kB]
2025-08-09T02:14:58.5127156Z Get:22 http://azure.archive.ubuntu.com/ubuntu jammy/main amd64 libjack-jackd2-0 amd64 1.9.20~dfsg-1 [293 kB]
2025-08-09T02:14:58.5344464Z Get:23 http://azure.archive.ubuntu.com/ubuntu jammy/main amd64 libmp3lame0 amd64 3.100-3build2 [141 kB]
2025-08-09T02:14:58.5541545Z Get:24 http://azure.archive.ubuntu.com/ubuntu jammy-updates/main amd64 libmpg123-0 amd64 1.29.3-1ubuntu0.1 [172 kB]
2025-08-09T02:14:58.5741147Z Get:25 http://azure.archive.ubuntu.com/ubuntu jammy/main amd64 libasyncns0 amd64 0.8-6build2 [12.8 kB]
2025-08-09T02:14:58.5921001Z Get:26 http://azure.archive.ubuntu.com/ubuntu jammy-updates/main amd64 libsndfile1 amd64 1.0.31-2ubuntu0.2 [196 kB]
2025-08-09T02:14:58.6122816Z Get:27 http://azure.archive.ubuntu.com/ubuntu jammy-updates/main amd64 libpulse0 amd64 1:15.99.1+dfsg1-1ubuntu2.2 [298 kB]
2025-08-09T02:14:58.6342584Z Get:28 http://azure.archive.ubuntu.com/ubuntu jammy/main amd64 libspeex1 amd64 1.2~rc1.2-1.1ubuntu3 [57.9 kB]
2025-08-09T02:14:58.6521699Z Get:29 http://azure.archive.ubuntu.com/ubuntu jammy/main amd64 libshout3 amd64 2.4.5-1build3 [54.5 kB]
2025-08-09T02:14:58.6728559Z Get:30 http://azure.archive.ubuntu.com/ubuntu jammy/main amd64 libtag1v5-vanilla amd64 1.11.1+dfsg.1-3ubuntu3 [304 kB]
2025-08-09T02:14:58.6935855Z Get:31 http://azure.archive.ubuntu.com/ubuntu jammy/main amd64 libtag1v5 amd64 1.11.1+dfsg.1-3ubuntu3 [11.5 kB]
2025-08-09T02:14:58.7110959Z Get:32 http://azure.archive.ubuntu.com/ubuntu jammy/main amd64 libtwolame0 amd64 0.4.0-2build2 [52.5 kB]
2025-08-09T02:14:58.7302818Z Get:33 http://azure.archive.ubuntu.com/ubuntu jammy/main amd64 libv4lconvert0 amd64 1.22.1-2build1 [82.4 kB]
2025-08-09T02:14:58.7491843Z Get:34 http://azure.archive.ubuntu.com/ubuntu jammy/main amd64 libv4l-0 amd64 1.22.1-2build1 [44.9 kB]
2025-08-09T02:14:58.7679258Z Get:35 http://azure.archive.ubuntu.com/ubuntu jammy-updates/main amd64 libvpx7 amd64 1.11.0-2ubuntu2.4 [1078 kB]
2025-08-09T02:14:58.8158800Z Get:36 http://azure.archive.ubuntu.com/ubuntu jammy/main amd64 libwavpack1 amd64 5.4.0-1build2 [83.7 kB]
2025-08-09T02:14:58.8349657Z Get:37 http://azure.archive.ubuntu.com/ubuntu jammy-updates/main amd64 gstreamer1.0-plugins-good amd64 1.20.3-0ubuntu1.3 [2010 kB]
2025-08-09T02:14:58.9073520Z Get:38 http://azure.archive.ubuntu.com/ubuntu jammy/main amd64 libxv1 amd64 2:1.0.11-1build2 [11.2 kB]
2025-08-09T02:14:58.9744092Z Get:39 http://azure.archive.ubuntu.com/ubuntu jammy-updates/main amd64 gstreamer1.0-x amd64 1.20.1-1ubuntu0.4 [85.1 kB]
2025-08-09T02:14:58.9925546Z Get:40 http://azure.archive.ubuntu.com/ubuntu jammy/main amd64 libnl-route-3-200 amd64 3.5.0-0.1 [180 kB]
2025-08-09T02:14:59.0141551Z Get:41 http://azure.archive.ubuntu.com/ubuntu jammy/main amd64 libibverbs1 amd64 39.0-1 [69.3 kB]
2025-08-09T02:14:59.0327979Z Get:42 http://azure.archive.ubuntu.com/ubuntu jammy/main amd64 ibverbs-providers amd64 39.0-1 [341 kB]
2025-08-09T02:14:59.0545236Z Get:43 http://azure.archive.ubuntu.com/ubuntu jammy/main amd64 ipxe-qemu all 1.21.1+git-20220113.fbbdc3926-0ubuntu1 [1569 kB]
2025-08-09T02:14:59.1070347Z Get:44 http://azure.archive.ubuntu.com/ubuntu jammy/main amd64 ipxe-qemu-256k-compat-efi-roms all 1.0.0+git-20150424.a25a16d-0ubuntu4 [552 kB]
2025-08-09T02:14:59.1429058Z Get:45 http://azure.archive.ubuntu.com/ubuntu jammy/universe amd64 isolinux all 3:6.04~git20190206.bf6db5b4+dfsg1-3ubuntu1 [60.1 kB]
2025-08-09T02:14:59.1610094Z Get:46 http://azure.archive.ubuntu.com/ubuntu jammy/main amd64 libboost-iostreams1.74.0 amd64 1.74.0-14ubuntu3 [245 kB]
2025-08-09T02:14:59.1813294Z Get:47 http://azure.archive.ubuntu.com/ubuntu jammy/main amd64 libboost-thread1.74.0 amd64 1.74.0-14ubuntu3 [262 kB]
2025-08-09T02:14:59.2042734Z Get:48 http://azure.archive.ubuntu.com/ubuntu jammy-updates/main amd64 libbrlapi0.8 amd64 6.4-4ubuntu3 [28.7 kB]
2025-08-09T02:14:59.2221206Z Get:49 http://azure.archive.ubuntu.com/ubuntu jammy-updates/main amd64 libpcsclite1 amd64 1.9.5-3ubuntu1 [19.8 kB]
2025-08-09T02:14:59.2416051Z Get:50 http://azure.archive.ubuntu.com/ubuntu jammy/main amd64 libcacard0 amd64 1:2.8.0-3build2 [38.0 kB]
2025-08-09T02:14:59.2598364Z Get:51 http://azure.archive.ubuntu.com/ubuntu jammy/main amd64 libdaxctl1 amd64 72.1-1 [19.8 kB]
2025-08-09T02:14:59.2774932Z Get:52 http://azure.archive.ubuntu.com/ubuntu jammy/main amd64 libdecor-0-0 amd64 0.1.0-3build1 [15.1 kB]
2025-08-09T02:14:59.2949035Z Get:53 http://azure.archive.ubuntu.com/ubuntu jammy/main amd64 libdecor-0-plugin-1-cairo amd64 0.1.0-3build1 [20.4 kB]
2025-08-09T02:14:59.3129932Z Get:54 http://azure.archive.ubuntu.com/ubuntu jammy-updates/main amd64 libelf-dev amd64 0.186-1ubuntu0.1 [64.4 kB]
2025-08-09T02:14:59.3312396Z Get:55 http://azure.archive.ubuntu.com/ubuntu jammy-updates/main amd64 libgfxdr0 amd64 10.1-1ubuntu0.2 [22.3 kB]
2025-08-09T02:14:59.3491948Z Get:56 http://azure.archive.ubuntu.com/ubuntu jammy-updates/main amd64 libglusterfs0 amd64 10.1-1ubuntu0.2 [287 kB]
2025-08-09T02:14:59.4164483Z Get:57 http://azure.archive.ubuntu.com/ubuntu jammy-updates/main amd64 libgfrpc0 amd64 10.1-1ubuntu0.2 [47.1 kB]
2025-08-09T02:14:59.4345391Z Get:58 http://azure.archive.ubuntu.com/ubuntu jammy-updates/main amd64 libgfapi0 amd64 10.1-1ubuntu0.2 [77.3 kB]
2025-08-09T02:14:59.4936131Z Get:59 http://azure.archive.ubuntu.com/ubuntu jammy/main amd64 librdmacm1 amd64 39.0-1 [71.2 kB]
2025-08-09T02:14:59.5120380Z Get:60 http://azure.archive.ubuntu.com/ubuntu jammy/main amd64 libiscsi7 amd64 1.19.0-3build2 [70.6 kB]
2025-08-09T02:14:59.5301748Z Get:61 http://azure.archive.ubuntu.com/ubuntu jammy/universe amd64 liblinear4 amd64 2.3.0+dfsg-5 [41.4 kB]
2025-08-09T02:14:59.5488871Z Get:62 http://azure.archive.ubuntu.com/ubuntu jammy/main amd64 libndctl6 amd64 72.1-1 [57.7 kB]
2025-08-09T02:14:59.5669322Z Get:63 http://azure.archive.ubuntu.com/ubuntu jammy/main amd64 libpmem1 amd64 1.11.1-3build1 [81.4 kB]
2025-08-09T02:14:59.6001685Z Get:64 http://azure.archive.ubuntu.com/ubuntu jammy/main amd64 libpmemobj1 amd64 1.11.1-3build1 [124 kB]
2025-08-09T02:14:59.6224138Z Get:65 http://azure.archive.ubuntu.com/ubuntu jammy-updates/main amd64 librados2 amd64 17.2.7-0ubuntu0.22.04.2 [3594 kB]
2025-08-09T02:14:59.7155040Z Get:66 http://azure.archive.ubuntu.com/ubuntu jammy-updates/main amd64 librbd1 amd64 17.2.7-0ubuntu0.22.04.2 [3548 kB]
2025-08-09T02:14:59.7900663Z Get:67 http://azure.archive.ubuntu.com/ubuntu jammy-updates/main amd64 libsdl2-2.0-0 amd64 2.0.20+dfsg-2ubuntu1.22.04.1 [582 kB]
2025-08-09T02:14:59.8248506Z Get:68 http://azure.archive.ubuntu.com/ubuntu jammy/main amd64 libspice-server1 amd64 0.15.0-2ubuntu4 [351 kB]
2025-08-09T02:14:59.8509498Z Get:69 http://azure.archive.ubuntu.com/ubuntu jammy/main amd64 liburing2 amd64 2.1-2build1 [10.3 kB]
2025-08-09T02:14:59.8686827Z Get:70 http://azure.archive.ubuntu.com/ubuntu jammy/main amd64 libusbredirparser1 amd64 0.11.0-2build1 [15.9 kB]
2025-08-09T02:14:59.8887311Z Get:71 http://azure.archive.ubuntu.com/ubuntu jammy/main amd64 libvirglrenderer1 amd64 0.9.1-1~exp1ubuntu2 [188 kB]
2025-08-09T02:14:59.9083478Z Get:72 http://azure.archive.ubuntu.com/ubuntu jammy-updates/main amd64 libvte-2.91-common amd64 0.68.0-1ubuntu0.1 [9408 B]
2025-08-09T02:14:59.9264720Z Get:73 http://azure.archive.ubuntu.com/ubuntu jammy-updates/main amd64 libvte-2.91-0 amd64 0.68.0-1ubuntu0.1 [214 kB]
2025-08-09T02:14:59.9482323Z Get:74 http://azure.archive.ubuntu.com/ubuntu jammy-updates/main amd64 debootstrap all 1.0.126+nmu1ubuntu0.8 [40.6 kB]
2025-08-09T02:14:59.9672808Z Get:75 http://azure.archive.ubuntu.com/ubuntu jammy-updates/main amd64 live-build all 3.0~a57-1ubuntu41.22.04.1 [132 kB]
2025-08-09T02:15:00.0320966Z Get:76 http://azure.archive.ubuntu.com/ubuntu jammy/universe amd64 lua-lpeg amd64 1.0.2-1 [31.4 kB]
2025-08-09T02:15:00.0501252Z Get:77 http://azure.archive.ubuntu.com/ubuntu jammy/main amd64 mtools amd64 4.0.33-1+really4.0.32-1build1 [201 kB]
2025-08-09T02:15:00.0721788Z Get:78 http://azure.archive.ubuntu.com/ubuntu jammy-updates/universe amd64 nmap-common all 7.91+dfsg1+really7.80+dfsg1-2ubuntu0.1 [3940 kB]
2025-08-09T02:15:00.1766393Z Get:79 http://azure.archive.ubuntu.com/ubuntu jammy/main amd64 pv amd64 1.6.6-1build2 [44.5 kB]
2025-08-09T02:15:00.1985604Z Get:80 http://azure.archive.ubuntu.com/ubuntu jammy/main amd64 libfdt1 amd64 1.6.1-1 [20.0 kB]
2025-08-09T02:15:00.2164936Z Get:81 http://azure.archive.ubuntu.com/ubuntu jammy-updates/main amd64 qemu-system-common amd64 1:6.2+dfsg-2ubuntu6.26 [2047 kB]
2025-08-09T02:15:00.2759790Z Get:82 http://azure.archive.ubuntu.com/ubuntu jammy-updates/main amd64 qemu-system-data all 1:6.2+dfsg-2ubuntu6.26 [1430 kB]
2025-08-09T02:15:00.3245401Z Get:83 http://azure.archive.ubuntu.com/ubuntu jammy/main amd64 seabios all 1.15.0-1 [174 kB]
2025-08-09T02:15:00.3445143Z Get:84 http://azure.archive.ubuntu.com/ubuntu jammy-updates/main amd64 qemu-system-x86 amd64 1:6.2+dfsg-2ubuntu6.26 [10.1 MB]
2025-08-09T02:15:00.5092584Z Get:85 http://azure.archive.ubuntu.com/ubuntu jammy-updates/main amd64 qemu-utils amd64 1:6.2+dfsg-2ubuntu6.26 [1527 kB]
2025-08-09T02:15:00.5588368Z Get:86 http://azure.archive.ubuntu.com/ubuntu jammy-updates/main amd64 qemu-block-extra amd64 1:6.2+dfsg-2ubuntu6.26 [68.2 kB]
2025-08-09T02:15:00.5770690Z Get:87 http://azure.archive.ubuntu.com/ubuntu jammy-updates/main amd64 qemu-system-gui amd64 1:6.2+dfsg-2ubuntu6.26 [220 kB]
2025-08-09T02:15:00.6003388Z Get:88 http://azure.archive.ubuntu.com/ubuntu jammy/main amd64 syslinux-common all 3:6.04~git20190206.bf6db5b4+dfsg1-3ubuntu1 [1271 kB]
2025-08-09T02:15:00.6436360Z Get:89 http://azure.archive.ubuntu.com/ubuntu jammy/universe amd64 syslinux-utils amd64 3:6.04~git20190206.bf6db5b4+dfsg1-3ubuntu1 [50.9 kB]
2025-08-09T02:15:00.6631827Z Get:90 http://azure.archive.ubuntu.com/ubuntu jammy-updates/universe amd64 nmap amd64 7.91+dfsg1+really7.80+dfsg1-2ubuntu0.1 [1731 kB]
2025-08-09T02:15:00.7163957Z Get:91 http://azure.archive.ubuntu.com/ubuntu jammy-updates/main amd64 ovmf all 2022.02-3ubuntu0.22.04.3 [7561 kB]
2025-08-09T02:15:01.2349797Z Fetched 53.2 MB in 3s (18.5 MB/s)
2025-08-09T02:15:01.2842584Z Selecting previously unselected package msr-tools.
2025-08-09T02:15:01.3485498Z (Reading database ... 
2025-08-09T02:15:01.3485896Z (Reading database ... 5%
2025-08-09T02:15:01.3486133Z (Reading database ... 10%
2025-08-09T02:15:01.3486328Z (Reading database ... 15%
2025-08-09T02:15:01.3486519Z (Reading database ... 20%
2025-08-09T02:15:01.3486707Z (Reading database ... 25%
2025-08-09T02:15:01.3486894Z (Reading database ... 30%
2025-08-09T02:15:01.3487087Z (Reading database ... 35%
2025-08-09T02:15:01.3487337Z (Reading database ... 40%
2025-08-09T02:15:01.3487657Z (Reading database ... 45%
2025-08-09T02:15:01.3487960Z (Reading database ... 50%
2025-08-09T02:15:01.8358700Z (Reading database ... 55%
2025-08-09T02:15:02.1591470Z (Reading database ... 60%
2025-08-09T02:15:02.5565618Z (Reading database ... 65%
2025-08-09T02:15:03.0753792Z (Reading database ... 70%
2025-08-09T02:15:03.6029169Z (Reading database ... 75%
2025-08-09T02:15:04.2601697Z (Reading database ... 80%
2025-08-09T02:15:04.9152484Z (Reading database ... 85%
2025-08-09T02:15:05.5350477Z (Reading database ... 90%
2025-08-09T02:15:07.0675274Z (Reading database ... 95%
2025-08-09T02:15:07.0675604Z (Reading database ... 100%
2025-08-09T02:15:07.0675990Z (Reading database ... 267991 files and directories currently installed.)
2025-08-09T02:15:07.0732863Z Preparing to unpack .../00-msr-tools_1.3-4_amd64.deb ...
2025-08-09T02:15:07.0751349Z Unpacking msr-tools (1.3-4) ...
2025-08-09T02:15:07.1303763Z Selecting previously unselected package cpu-checker.
2025-08-09T02:15:07.1466996Z Preparing to unpack .../01-cpu-checker_0.7-1.3build1_amd64.deb ...
2025-08-09T02:15:07.1485254Z Unpacking cpu-checker (0.7-1.3build1) ...
2025-08-09T02:15:07.1984190Z Selecting previously unselected package genisoimage.
2025-08-09T02:15:07.2148417Z Preparing to unpack .../02-genisoimage_9%3a1.1.11-3.2ubuntu1_amd64.deb ...
2025-08-09T02:15:07.2157804Z Unpacking genisoimage (9:1.1.11-3.2ubuntu1) ...
2025-08-09T02:15:07.3384019Z Selecting previously unselected package libcdparanoia0:amd64.
2025-08-09T02:15:07.3547517Z Preparing to unpack .../03-libcdparanoia0_3.10.2+debian-14build2_amd64.deb ...
2025-08-09T02:15:07.3587812Z Unpacking libcdparanoia0:amd64 (3.10.2+debian-14build2) ...
2025-08-09T02:15:07.4035415Z Selecting previously unselected package liborc-0.4-0:amd64.
2025-08-09T02:15:07.4200361Z Preparing to unpack .../04-liborc-0.4-0_1%3a0.4.32-2ubuntu0.1_amd64.deb ...
2025-08-09T02:15:07.4212184Z Unpacking liborc-0.4-0:amd64 (1:0.4.32-2ubuntu0.1) ...
2025-08-09T02:15:07.4508059Z Selecting previously unselected package libgstreamer-plugins-base1.0-0:amd64.
2025-08-09T02:15:07.4671679Z Preparing to unpack .../05-libgstreamer-plugins-base1.0-0_1.20.1-1ubuntu0.4_amd64.deb ...
2025-08-09T02:15:07.4706391Z Unpacking libgstreamer-plugins-base1.0-0:amd64 (1.20.1-1ubuntu0.4) ...
2025-08-09T02:15:07.5120180Z Selecting previously unselected package libopus0:amd64.
2025-08-09T02:15:07.5284547Z Preparing to unpack .../06-libopus0_1.3.1-0.1build2_amd64.deb ...
2025-08-09T02:15:07.5296908Z Unpacking libopus0:amd64 (1.3.1-0.1build2) ...
2025-08-09T02:15:07.5600736Z Selecting previously unselected package libtheora0:amd64.
2025-08-09T02:15:07.5764928Z Preparing to unpack .../07-libtheora0_1.1.1+dfsg.1-15ubuntu4_amd64.deb ...
2025-08-09T02:15:07.5775818Z Unpacking libtheora0:amd64 (1.1.1+dfsg.1-15ubuntu4) ...
2025-08-09T02:15:07.6063948Z Selecting previously unselected package libvisual-0.4-0:amd64.
2025-08-09T02:15:07.6261043Z Preparing to unpack .../08-libvisual-0.4-0_0.4.0-17build2_amd64.deb ...
2025-08-09T02:15:07.6276043Z Unpacking libvisual-0.4-0:amd64 (0.4.0-17build2) ...
2025-08-09T02:15:07.6569093Z Selecting previously unselected package libvorbisenc2:amd64.
2025-08-09T02:15:07.6735975Z Preparing to unpack .../09-libvorbisenc2_1.3.7-1build2_amd64.deb ...
2025-08-09T02:15:07.6749988Z Unpacking libvorbisenc2:amd64 (1.3.7-1build2) ...
2025-08-09T02:15:07.7035000Z Selecting previously unselected package gstreamer1.0-plugins-base:amd64.
2025-08-09T02:15:07.7202574Z Preparing to unpack .../10-gstreamer1.0-plugins-base_1.20.1-1ubuntu0.4_amd64.deb ...
2025-08-09T02:15:07.7221872Z Unpacking gstreamer1.0-plugins-base:amd64 (1.20.1-1ubuntu0.4) ...
2025-08-09T02:15:07.7600328Z Selecting previously unselected package libaa1:amd64.
2025-08-09T02:15:07.7767354Z Preparing to unpack .../11-libaa1_1.4p5-50build1_amd64.deb ...
2025-08-09T02:15:07.7778236Z Unpacking libaa1:amd64 (1.4p5-50build1) ...
2025-08-09T02:15:07.8039156Z Selecting previously unselected package libraw1394-11:amd64.
2025-08-09T02:15:07.8206059Z Preparing to unpack .../12-libraw1394-11_2.1.2-2build2_amd64.deb ...
2025-08-09T02:15:07.8218829Z Unpacking libraw1394-11:amd64 (2.1.2-2build2) ...
2025-08-09T02:15:07.8484246Z Selecting previously unselected package libavc1394-0:amd64.
2025-08-09T02:15:07.8647925Z Preparing to unpack .../13-libavc1394-0_0.5.4-5build2_amd64.deb ...
2025-08-09T02:15:07.8658548Z Unpacking libavc1394-0:amd64 (0.5.4-5build2) ...
2025-08-09T02:15:07.8909607Z Selecting previously unselected package libcaca0:amd64.
2025-08-09T02:15:07.9075377Z Preparing to unpack .../14-libcaca0_0.99.beta19-2.2ubuntu4_amd64.deb ...
2025-08-09T02:15:07.9089503Z Unpacking libcaca0:amd64 (0.99.beta19-2.2ubuntu4) ...
2025-08-09T02:15:07.9406987Z Selecting previously unselected package libdv4:amd64.
2025-08-09T02:15:07.9570942Z Preparing to unpack .../15-libdv4_1.0.0-14build1_amd64.deb ...
2025-08-09T02:15:07.9584744Z Unpacking libdv4:amd64 (1.0.0-14build1) ...
2025-08-09T02:15:07.9856621Z Selecting previously unselected package libflac8:amd64.
2025-08-09T02:15:08.0022827Z Preparing to unpack .../16-libflac8_1.3.3-2ubuntu0.2_amd64.deb ...
2025-08-09T02:15:08.0038099Z Unpacking libflac8:amd64 (1.3.3-2ubuntu0.2) ...
2025-08-09T02:15:08.0286239Z Selecting previously unselected package libgstreamer-plugins-good1.0-0:amd64.
2025-08-09T02:15:08.0452045Z Preparing to unpack .../17-libgstreamer-plugins-good1.0-0_1.20.3-0ubuntu1.3_amd64.deb ...
2025-08-09T02:15:08.0467392Z Unpacking libgstreamer-plugins-good1.0-0:amd64 (1.20.3-0ubuntu1.3) ...
2025-08-09T02:15:08.0728727Z Selecting previously unselected package libiec61883-0:amd64.
2025-08-09T02:15:08.0892805Z Preparing to unpack .../18-libiec61883-0_1.2.0-4build3_amd64.deb ...
2025-08-09T02:15:08.0907869Z Unpacking libiec61883-0:amd64 (1.2.0-4build3) ...
2025-08-09T02:15:08.1163153Z Selecting previously unselected package libsamplerate0:amd64.
2025-08-09T02:15:08.1327498Z Preparing to unpack .../19-libsamplerate0_0.2.2-1build1_amd64.deb ...
2025-08-09T02:15:08.1345408Z Unpacking libsamplerate0:amd64 (0.2.2-1build1) ...
2025-08-09T02:15:08.1659601Z Selecting previously unselected package libjack-jackd2-0:amd64.
2025-08-09T02:15:08.1824668Z Preparing to unpack .../20-libjack-jackd2-0_1.9.20~dfsg-1_amd64.deb ...
2025-08-09T02:15:08.1839047Z Unpacking libjack-jackd2-0:amd64 (1.9.20~dfsg-1) ...
2025-08-09T02:15:08.2136227Z Selecting previously unselected package libmp3lame0:amd64.
2025-08-09T02:15:08.2300909Z Preparing to unpack .../21-libmp3lame0_3.100-3build2_amd64.deb ...
2025-08-09T02:15:08.2316323Z Unpacking libmp3lame0:amd64 (3.100-3build2) ...
2025-08-09T02:15:08.2598098Z Selecting previously unselected package libmpg123-0:amd64.
2025-08-09T02:15:08.2763470Z Preparing to unpack .../22-libmpg123-0_1.29.3-1ubuntu0.1_amd64.deb ...
2025-08-09T02:15:08.2785616Z Unpacking libmpg123-0:amd64 (1.29.3-1ubuntu0.1) ...
2025-08-09T02:15:08.3063194Z Selecting previously unselected package libasyncns0:amd64.
2025-08-09T02:15:08.3227759Z Preparing to unpack .../23-libasyncns0_0.8-6build2_amd64.deb ...
2025-08-09T02:15:08.3242981Z Unpacking libasyncns0:amd64 (0.8-6build2) ...
2025-08-09T02:15:08.3501718Z Selecting previously unselected package libsndfile1:amd64.
2025-08-09T02:15:08.3667938Z Preparing to unpack .../24-libsndfile1_1.0.31-2ubuntu0.2_amd64.deb ...
2025-08-09T02:15:08.3691450Z Unpacking libsndfile1:amd64 (1.0.31-2ubuntu0.2) ...
2025-08-09T02:15:08.4017776Z Selecting previously unselected package libpulse0:amd64.
2025-08-09T02:15:08.4181640Z Preparing to unpack .../25-libpulse0_1%3a15.99.1+dfsg1-1ubuntu2.2_amd64.deb ...
2025-08-09T02:15:08.4296953Z Unpacking libpulse0:amd64 (1:15.99.1+dfsg1-1ubuntu2.2) ...
2025-08-09T02:15:08.4582234Z Selecting previously unselected package libspeex1:amd64.
2025-08-09T02:15:08.4745708Z Preparing to unpack .../26-libspeex1_1.2~rc1.2-1.1ubuntu3_amd64.deb ...
2025-08-09T02:15:08.4759811Z Unpacking libspeex1:amd64 (1.2~rc1.2-1.1ubuntu3) ...
2025-08-09T02:15:08.5045832Z Selecting previously unselected package libshout3:amd64.
2025-08-09T02:15:08.5209000Z Preparing to unpack .../27-libshout3_2.4.5-1build3_amd64.deb ...
2025-08-09T02:15:08.5223201Z Unpacking libshout3:amd64 (2.4.5-1build3) ...
2025-08-09T02:15:08.5497816Z Selecting previously unselected package libtag1v5-vanilla:amd64.
2025-08-09T02:15:08.5660975Z Preparing to unpack .../28-libtag1v5-vanilla_1.11.1+dfsg.1-3ubuntu3_amd64.deb ...
2025-08-09T02:15:08.5673992Z Unpacking libtag1v5-vanilla:amd64 (1.11.1+dfsg.1-3ubuntu3) ...
2025-08-09T02:15:08.5997726Z Selecting previously unselected package libtag1v5:amd64.
2025-08-09T02:15:08.6161870Z Preparing to unpack .../29-libtag1v5_1.11.1+dfsg.1-3ubuntu3_amd64.deb ...
2025-08-09T02:15:08.6174426Z Unpacking libtag1v5:amd64 (1.11.1+dfsg.1-3ubuntu3) ...
2025-08-09T02:15:08.6422805Z Selecting previously unselected package libtwolame0:amd64.
2025-08-09T02:15:08.6587125Z Preparing to unpack .../30-libtwolame0_0.4.0-2build2_amd64.deb ...
2025-08-09T02:15:08.6596728Z Unpacking libtwolame0:amd64 (0.4.0-2build2) ...
2025-08-09T02:15:08.6854764Z Selecting previously unselected package libv4lconvert0:amd64.
2025-08-09T02:15:08.7017190Z Preparing to unpack .../31-libv4lconvert0_1.22.1-2build1_amd64.deb ...
2025-08-09T02:15:08.7028849Z Unpacking libv4lconvert0:amd64 (1.22.1-2build1) ...
2025-08-09T02:15:08.7324104Z Selecting previously unselected package libv4l-0:amd64.
2025-08-09T02:15:08.7489463Z Preparing to unpack .../32-libv4l-0_1.22.1-2build1_amd64.deb ...
2025-08-09T02:15:08.7501413Z Unpacking libv4l-0:amd64 (1.22.1-2build1) ...
2025-08-09T02:15:08.7771512Z Selecting previously unselected package libvpx7:amd64.
2025-08-09T02:15:08.7934853Z Preparing to unpack .../33-libvpx7_1.11.0-2ubuntu2.4_amd64.deb ...
2025-08-09T02:15:08.7953231Z Unpacking libvpx7:amd64 (1.11.0-2ubuntu2.4) ...
2025-08-09T02:15:08.8336340Z Selecting previously unselected package libwavpack1:amd64.
2025-08-09T02:15:08.8499693Z Preparing to unpack .../34-libwavpack1_5.4.0-1build2_amd64.deb ...
2025-08-09T02:15:08.8515632Z Unpacking libwavpack1:amd64 (5.4.0-1build2) ...
2025-08-09T02:15:08.8774301Z Selecting previously unselected package gstreamer1.0-plugins-good:amd64.
2025-08-09T02:15:08.8937914Z Preparing to unpack .../35-gstreamer1.0-plugins-good_1.20.3-0ubuntu1.3_amd64.deb ...
2025-08-09T02:15:08.8956001Z Unpacking gstreamer1.0-plugins-good:amd64 (1.20.3-0ubuntu1.3) ...
2025-08-09T02:15:08.9571034Z Selecting previously unselected package libxv1:amd64.
2025-08-09T02:15:08.9735451Z Preparing to unpack .../36-libxv1_2%3a1.0.11-1build2_amd64.deb ...
2025-08-09T02:15:08.9755612Z Unpacking libxv1:amd64 (2:1.0.11-1build2) ...
2025-08-09T02:15:08.9988714Z Selecting previously unselected package gstreamer1.0-x:amd64.
2025-08-09T02:15:09.0152622Z Preparing to unpack .../37-gstreamer1.0-x_1.20.1-1ubuntu0.4_amd64.deb ...
2025-08-09T02:15:09.0182471Z Unpacking gstreamer1.0-x:amd64 (1.20.1-1ubuntu0.4) ...
2025-08-09T02:15:09.0469825Z Selecting previously unselected package libnl-route-3-200:amd64.
2025-08-09T02:15:09.0633023Z Preparing to unpack .../38-libnl-route-3-200_3.5.0-0.1_amd64.deb ...
2025-08-09T02:15:09.0647884Z Unpacking libnl-route-3-200:amd64 (3.5.0-0.1) ...
2025-08-09T02:15:09.0937070Z Selecting previously unselected package libibverbs1:amd64.
2025-08-09T02:15:09.1100980Z Preparing to unpack .../39-libibverbs1_39.0-1_amd64.deb ...
2025-08-09T02:15:09.1121897Z Unpacking libibverbs1:amd64 (39.0-1) ...
2025-08-09T02:15:09.1447921Z Selecting previously unselected package ibverbs-providers:amd64.
2025-08-09T02:15:09.1612163Z Preparing to unpack .../40-ibverbs-providers_39.0-1_amd64.deb ...
2025-08-09T02:15:09.1752008Z Unpacking ibverbs-providers:amd64 (39.0-1) ...
2025-08-09T02:15:09.2071012Z Selecting previously unselected package ipxe-qemu.
2025-08-09T02:15:09.2234904Z Preparing to unpack .../41-ipxe-qemu_1.21.1+git-20220113.fbbdc3926-0ubuntu1_all.deb ...
2025-08-09T02:15:09.2251618Z Unpacking ipxe-qemu (1.21.1+git-20220113.fbbdc3926-0ubuntu1) ...
2025-08-09T02:15:09.2663493Z Selecting previously unselected package ipxe-qemu-256k-compat-efi-roms.
2025-08-09T02:15:09.2827737Z Preparing to unpack .../42-ipxe-qemu-256k-compat-efi-roms_1.0.0+git-20150424.a25a16d-0ubuntu4_all.deb ...
2025-08-09T02:15:09.2843554Z Unpacking ipxe-qemu-256k-compat-efi-roms (1.0.0+git-20150424.a25a16d-0ubuntu4) ...
2025-08-09T02:15:09.3348446Z Selecting previously unselected package isolinux.
2025-08-09T02:15:09.3511704Z Preparing to unpack .../43-isolinux_3%3a6.04~git20190206.bf6db5b4+dfsg1-3ubuntu1_all.deb ...
2025-08-09T02:15:09.3536065Z Unpacking isolinux (3:6.04~git20190206.bf6db5b4+dfsg1-3ubuntu1) ...
2025-08-09T02:15:09.3817972Z Selecting previously unselected package libboost-iostreams1.74.0:amd64.
2025-08-09T02:15:09.3982301Z Preparing to unpack .../44-libboost-iostreams1.74.0_1.74.0-14ubuntu3_amd64.deb ...
2025-08-09T02:15:09.3997330Z Unpacking libboost-iostreams1.74.0:amd64 (1.74.0-14ubuntu3) ...
2025-08-09T02:15:09.4311863Z Selecting previously unselected package libboost-thread1.74.0:amd64.
2025-08-09T02:15:09.4479323Z Preparing to unpack .../45-libboost-thread1.74.0_1.74.0-14ubuntu3_amd64.deb ...
2025-08-09T02:15:09.4493417Z Unpacking libboost-thread1.74.0:amd64 (1.74.0-14ubuntu3) ...
2025-08-09T02:15:09.4809890Z Selecting previously unselected package libbrlapi0.8:amd64.
2025-08-09T02:15:09.4976145Z Preparing to unpack .../46-libbrlapi0.8_6.4-4ubuntu3_amd64.deb ...
2025-08-09T02:15:09.4996810Z Unpacking libbrlapi0.8:amd64 (6.4-4ubuntu3) ...
2025-08-09T02:15:09.5245669Z Selecting previously unselected package libpcsclite1:amd64.
2025-08-09T02:15:09.5411647Z Preparing to unpack .../47-libpcsclite1_1.9.5-3ubuntu1_amd64.deb ...
2025-08-09T02:15:09.5436700Z Unpacking libpcsclite1:amd64 (1.9.5-3ubuntu1) ...
2025-08-09T02:15:09.5698560Z Selecting previously unselected package libcacard0:amd64.
2025-08-09T02:15:09.5864040Z Preparing to unpack .../48-libcacard0_1%3a2.8.0-3build2_amd64.deb ...
2025-08-09T02:15:09.5879568Z Unpacking libcacard0:amd64 (1:2.8.0-3build2) ...
2025-08-09T02:15:09.6146857Z Selecting previously unselected package libdaxctl1:amd64.
2025-08-09T02:15:09.6311059Z Preparing to unpack .../49-libdaxctl1_72.1-1_amd64.deb ...
2025-08-09T02:15:09.6331496Z Unpacking libdaxctl1:amd64 (72.1-1) ...
2025-08-09T02:15:09.6601464Z Selecting previously unselected package libdecor-0-0:amd64.
2025-08-09T02:15:09.6765285Z Preparing to unpack .../50-libdecor-0-0_0.1.0-3build1_amd64.deb ...
2025-08-09T02:15:09.6780275Z Unpacking libdecor-0-0:amd64 (0.1.0-3build1) ...
2025-08-09T02:15:09.7014715Z Selecting previously unselected package libdecor-0-plugin-1-cairo:amd64.
2025-08-09T02:15:09.7179839Z Preparing to unpack .../51-libdecor-0-plugin-1-cairo_0.1.0-3build1_amd64.deb ...
2025-08-09T02:15:09.7192415Z Unpacking libdecor-0-plugin-1-cairo:amd64 (0.1.0-3build1) ...
2025-08-09T02:15:09.7423118Z Selecting previously unselected package libelf-dev:amd64.
2025-08-09T02:15:09.7586840Z Preparing to unpack .../52-libelf-dev_0.186-1ubuntu0.1_amd64.deb ...
2025-08-09T02:15:09.7601683Z Unpacking libelf-dev:amd64 (0.186-1ubuntu0.1) ...
2025-08-09T02:15:09.7989509Z Selecting previously unselected package libgfxdr0:amd64.
2025-08-09T02:15:09.8153073Z Preparing to unpack .../53-libgfxdr0_10.1-1ubuntu0.2_amd64.deb ...
2025-08-09T02:15:09.8166366Z Unpacking libgfxdr0:amd64 (10.1-1ubuntu0.2) ...
2025-08-09T02:15:09.8451200Z Selecting previously unselected package libglusterfs0:amd64.
2025-08-09T02:15:09.8615908Z Preparing to unpack .../54-libglusterfs0_10.1-1ubuntu0.2_amd64.deb ...
2025-08-09T02:15:09.8626223Z Unpacking libglusterfs0:amd64 (10.1-1ubuntu0.2) ...
2025-08-09T02:15:09.8909388Z Selecting previously unselected package libgfrpc0:amd64.
2025-08-09T02:15:09.9075368Z Preparing to unpack .../55-libgfrpc0_10.1-1ubuntu0.2_amd64.deb ...
2025-08-09T02:15:09.9088065Z Unpacking libgfrpc0:amd64 (10.1-1ubuntu0.2) ...
2025-08-09T02:15:09.9374863Z Selecting previously unselected package libgfapi0:amd64.
2025-08-09T02:15:09.9538244Z Preparing to unpack .../56-libgfapi0_10.1-1ubuntu0.2_amd64.deb ...
2025-08-09T02:15:09.9556702Z Unpacking libgfapi0:amd64 (10.1-1ubuntu0.2) ...
2025-08-09T02:15:09.9827960Z Selecting previously unselected package librdmacm1:amd64.
2025-08-09T02:15:09.9991200Z Preparing to unpack .../57-librdmacm1_39.0-1_amd64.deb ...
2025-08-09T02:15:10.0002721Z Unpacking librdmacm1:amd64 (39.0-1) ...
2025-08-09T02:15:10.0267181Z Selecting previously unselected package libiscsi7:amd64.
2025-08-09T02:15:10.0431273Z Preparing to unpack .../58-libiscsi7_1.19.0-3build2_amd64.deb ...
2025-08-09T02:15:10.0447813Z Unpacking libiscsi7:amd64 (1.19.0-3build2) ...
2025-08-09T02:15:10.0735571Z Selecting previously unselected package liblinear4:amd64.
2025-08-09T02:15:10.0899712Z Preparing to unpack .../59-liblinear4_2.3.0+dfsg-5_amd64.deb ...
2025-08-09T02:15:10.0915199Z Unpacking liblinear4:amd64 (2.3.0+dfsg-5) ...
2025-08-09T02:15:10.1400943Z Selecting previously unselected package libndctl6:amd64.
2025-08-09T02:15:10.1563501Z Preparing to unpack .../60-libndctl6_72.1-1_amd64.deb ...
2025-08-09T02:15:10.1586143Z Unpacking libndctl6:amd64 (72.1-1) ...
2025-08-09T02:15:10.1840293Z Selecting previously unselected package libpmem1:amd64.
2025-08-09T02:15:10.2004321Z Preparing to unpack .../61-libpmem1_1.11.1-3build1_amd64.deb ...
2025-08-09T02:15:10.2025711Z Unpacking libpmem1:amd64 (1.11.1-3build1) ...
2025-08-09T02:15:10.2311316Z Selecting previously unselected package libpmemobj1:amd64.
2025-08-09T02:15:10.2481041Z Preparing to unpack .../62-libpmemobj1_1.11.1-3build1_amd64.deb ...
2025-08-09T02:15:10.2493851Z Unpacking libpmemobj1:amd64 (1.11.1-3build1) ...
2025-08-09T02:15:10.2792543Z Selecting previously unselected package librados2.
2025-08-09T02:15:10.2955433Z Preparing to unpack .../63-librados2_17.2.7-0ubuntu0.22.04.2_amd64.deb ...
2025-08-09T02:15:10.2968115Z Unpacking librados2 (17.2.7-0ubuntu0.22.04.2) ...
2025-08-09T02:15:10.3659523Z Selecting previously unselected package librbd1.
2025-08-09T02:15:10.3824166Z Preparing to unpack .../64-librbd1_17.2.7-0ubuntu0.22.04.2_amd64.deb ...
2025-08-09T02:15:10.3836413Z Unpacking librbd1 (17.2.7-0ubuntu0.22.04.2) ...
2025-08-09T02:15:10.4606292Z Selecting previously unselected package libsdl2-2.0-0:amd64.
2025-08-09T02:15:10.4770928Z Preparing to unpack .../65-libsdl2-2.0-0_2.0.20+dfsg-2ubuntu1.22.04.1_amd64.deb ...
2025-08-09T02:15:10.4791598Z Unpacking libsdl2-2.0-0:amd64 (2.0.20+dfsg-2ubuntu1.22.04.1) ...
2025-08-09T02:15:10.5167464Z Selecting previously unselected package libspice-server1:amd64.
2025-08-09T02:15:10.5332285Z Preparing to unpack .../66-libspice-server1_0.15.0-2ubuntu4_amd64.deb ...
2025-08-09T02:15:10.5345911Z Unpacking libspice-server1:amd64 (0.15.0-2ubuntu4) ...
2025-08-09T02:15:10.5655067Z Selecting previously unselected package liburing2:amd64.
2025-08-09T02:15:10.5818978Z Preparing to unpack .../67-liburing2_2.1-2build1_amd64.deb ...
2025-08-09T02:15:10.5876544Z Unpacking liburing2:amd64 (2.1-2build1) ...
2025-08-09T02:15:10.6141271Z Selecting previously unselected package libusbredirparser1:amd64.
2025-08-09T02:15:10.6305067Z Preparing to unpack .../68-libusbredirparser1_0.11.0-2build1_amd64.deb ...
2025-08-09T02:15:10.6319922Z Unpacking libusbredirparser1:amd64 (0.11.0-2build1) ...
2025-08-09T02:15:10.6573009Z Selecting previously unselected package libvirglrenderer1:amd64.
2025-08-09T02:15:10.6737308Z Preparing to unpack .../69-libvirglrenderer1_0.9.1-1~exp1ubuntu2_amd64.deb ...
2025-08-09T02:15:10.6758084Z Unpacking libvirglrenderer1:amd64 (0.9.1-1~exp1ubuntu2) ...
2025-08-09T02:15:10.7151513Z Selecting previously unselected package libvte-2.91-common.
2025-08-09T02:15:10.7340304Z Preparing to unpack .../70-libvte-2.91-common_0.68.0-1ubuntu0.1_amd64.deb ...
2025-08-09T02:15:10.7357343Z Unpacking libvte-2.91-common (0.68.0-1ubuntu0.1) ...
2025-08-09T02:15:10.7645692Z Selecting previously unselected package libvte-2.91-0:amd64.
2025-08-09T02:15:10.7809420Z Preparing to unpack .../71-libvte-2.91-0_0.68.0-1ubuntu0.1_amd64.deb ...
2025-08-09T02:15:10.7821115Z Unpacking libvte-2.91-0:amd64 (0.68.0-1ubuntu0.1) ...
2025-08-09T02:15:10.8105390Z Selecting previously unselected package debootstrap.
2025-08-09T02:15:10.8269651Z Preparing to unpack .../72-debootstrap_1.0.126+nmu1ubuntu0.8_all.deb ...
2025-08-09T02:15:10.8282183Z Unpacking debootstrap (1.0.126+nmu1ubuntu0.8) ...
2025-08-09T02:15:10.8698965Z Selecting previously unselected package live-build.
2025-08-09T02:15:10.8865681Z Preparing to unpack .../73-live-build_3.0~a57-1ubuntu41.22.04.1_all.deb ...
2025-08-09T02:15:10.8877360Z Unpacking live-build (3.0~a57-1ubuntu41.22.04.1) ...
2025-08-09T02:15:11.0137196Z Selecting previously unselected package lua-lpeg:amd64.
2025-08-09T02:15:11.0304870Z Preparing to unpack .../74-lua-lpeg_1.0.2-1_amd64.deb ...
2025-08-09T02:15:11.0319590Z Unpacking lua-lpeg:amd64 (1.0.2-1) ...
2025-08-09T02:15:11.0650510Z Selecting previously unselected package mtools.
2025-08-09T02:15:11.0814108Z Preparing to unpack .../75-mtools_4.0.33-1+really4.0.32-1build1_amd64.deb ...
2025-08-09T02:15:11.0832785Z Unpacking mtools (4.0.33-1+really4.0.32-1build1) ...
2025-08-09T02:15:11.2489291Z Selecting previously unselected package nmap-common.
2025-08-09T02:15:11.2655055Z Preparing to unpack .../76-nmap-common_7.91+dfsg1+really7.80+dfsg1-2ubuntu0.1_all.deb ...
2025-08-09T02:15:11.2669221Z Unpacking nmap-common (7.91+dfsg1+really7.80+dfsg1-2ubuntu0.1) ...
2025-08-09T02:15:11.4902077Z Selecting previously unselected package pv.
2025-08-09T02:15:11.5069753Z Preparing to unpack .../77-pv_1.6.6-1build2_amd64.deb ...
2025-08-09T02:15:11.5087434Z Unpacking pv (1.6.6-1build2) ...
2025-08-09T02:15:11.5420196Z Selecting previously unselected package libfdt1:amd64.
2025-08-09T02:15:11.5586452Z Preparing to unpack .../78-libfdt1_1.6.1-1_amd64.deb ...
2025-08-09T02:15:11.5599777Z Unpacking libfdt1:amd64 (1.6.1-1) ...
2025-08-09T02:15:11.5932469Z Selecting previously unselected package qemu-system-common.
2025-08-09T02:15:11.6098738Z Preparing to unpack .../79-qemu-system-common_1%3a6.2+dfsg-2ubuntu6.26_amd64.deb ...
2025-08-09T02:15:11.6113545Z Unpacking qemu-system-common (1:6.2+dfsg-2ubuntu6.26) ...
2025-08-09T02:15:11.7275870Z Selecting previously unselected package qemu-system-data.
2025-08-09T02:15:11.7443904Z Preparing to unpack .../80-qemu-system-data_1%3a6.2+dfsg-2ubuntu6.26_all.deb ...
2025-08-09T02:15:11.7468222Z Unpacking qemu-system-data (1:6.2+dfsg-2ubuntu6.26) ...
2025-08-09T02:15:11.8167351Z Selecting previously unselected package seabios.
2025-08-09T02:15:11.8331710Z Preparing to unpack .../81-seabios_1.15.0-1_all.deb ...
2025-08-09T02:15:11.8347312Z Unpacking seabios (1.15.0-1) ...
2025-08-09T02:15:11.8733523Z Selecting previously unselected package qemu-system-x86.
2025-08-09T02:15:11.8898315Z Preparing to unpack .../82-qemu-system-x86_1%3a6.2+dfsg-2ubuntu6.26_amd64.deb ...
2025-08-09T02:15:11.9050861Z Unpacking qemu-system-x86 (1:6.2+dfsg-2ubuntu6.26) ...
2025-08-09T02:15:12.0728303Z Selecting previously unselected package qemu-utils.
2025-08-09T02:15:12.0894339Z Preparing to unpack .../83-qemu-utils_1%3a6.2+dfsg-2ubuntu6.26_amd64.deb ...
2025-08-09T02:15:12.0912685Z Unpacking qemu-utils (1:6.2+dfsg-2ubuntu6.26) ...
2025-08-09T02:15:12.1540945Z Selecting previously unselected package qemu-block-extra.
2025-08-09T02:15:12.1706499Z Preparing to unpack .../84-qemu-block-extra_1%3a6.2+dfsg-2ubuntu6.26_amd64.deb ...
2025-08-09T02:15:12.1723324Z Unpacking qemu-block-extra (1:6.2+dfsg-2ubuntu6.26) ...
2025-08-09T02:15:12.1981260Z Selecting previously unselected package qemu-system-gui.
2025-08-09T02:15:12.2147472Z Preparing to unpack .../85-qemu-system-gui_1%3a6.2+dfsg-2ubuntu6.26_amd64.deb ...
2025-08-09T02:15:12.2165797Z Unpacking qemu-system-gui (1:6.2+dfsg-2ubuntu6.26) ...
2025-08-09T02:15:12.2449125Z Selecting previously unselected package syslinux-common.
2025-08-09T02:15:12.2616932Z Preparing to unpack .../86-syslinux-common_3%3a6.04~git20190206.bf6db5b4+dfsg1-3ubuntu1_all.deb ...
2025-08-09T02:15:12.2645775Z Unpacking syslinux-common (3:6.04~git20190206.bf6db5b4+dfsg1-3ubuntu1) ...
2025-08-09T02:15:12.3298848Z Selecting previously unselected package syslinux-utils.
2025-08-09T02:15:12.3467065Z Preparing to unpack .../87-syslinux-utils_3%3a6.04~git20190206.bf6db5b4+dfsg1-3ubuntu1_amd64.deb ...
2025-08-09T02:15:12.3482522Z Unpacking syslinux-utils (3:6.04~git20190206.bf6db5b4+dfsg1-3ubuntu1) ...
2025-08-09T02:15:12.4042581Z Selecting previously unselected package nmap.
2025-08-09T02:15:12.4207309Z Preparing to unpack .../88-nmap_7.91+dfsg1+really7.80+dfsg1-2ubuntu0.1_amd64.deb ...
2025-08-09T02:15:12.4222428Z Unpacking nmap (7.91+dfsg1+really7.80+dfsg1-2ubuntu0.1) ...
2025-08-09T02:15:12.4980333Z Selecting previously unselected package ovmf.
2025-08-09T02:15:12.5145239Z Preparing to unpack .../89-ovmf_2022.02-3ubuntu0.22.04.3_all.deb ...
2025-08-09T02:15:12.5160982Z Unpacking ovmf (2022.02-3ubuntu0.22.04.3) ...
2025-08-09T02:15:12.6094876Z Setting up genisoimage (9:1.1.11-3.2ubuntu1) ...
2025-08-09T02:15:12.6149477Z Setting up libcdparanoia0:amd64 (3.10.2+debian-14build2) ...
2025-08-09T02:15:12.6189660Z Setting up lua-lpeg:amd64 (1.0.2-1) ...
2025-08-09T02:15:12.6237100Z Setting up debootstrap (1.0.126+nmu1ubuntu0.8) ...
2025-08-09T02:15:12.6272907Z Setting up libraw1394-11:amd64 (2.1.2-2build2) ...
2025-08-09T02:15:12.6302243Z Setting up libtag1v5-vanilla:amd64 (1.11.1+dfsg.1-3ubuntu3) ...
2025-08-09T02:15:12.6340616Z Setting up libmpg123-0:amd64 (1.29.3-1ubuntu0.1) ...
2025-08-09T02:15:12.6371962Z Setting up isolinux (3:6.04~git20190206.bf6db5b4+dfsg1-3ubuntu1) ...
2025-08-09T02:15:12.6399049Z Setting up libspeex1:amd64 (1.2~rc1.2-1.1ubuntu3) ...
2025-08-09T02:15:12.6433094Z Setting up libcaca0:amd64 (0.99.beta19-2.2ubuntu4) ...
2025-08-09T02:15:12.6457930Z Setting up libtwolame0:amd64 (0.4.0-2build2) ...
2025-08-09T02:15:12.6487992Z Setting up libvte-2.91-common (0.68.0-1ubuntu0.1) ...
2025-08-09T02:15:12.6548921Z Setting up libvisual-0.4-0:amd64 (0.4.0-17build2) ...
2025-08-09T02:15:12.6581445Z Setting up mtools (4.0.33-1+really4.0.32-1build1) ...
2025-08-09T02:15:12.6619491Z Setting up libboost-iostreams1.74.0:amd64 (1.74.0-14ubuntu3) ...
2025-08-09T02:15:12.6644296Z Setting up msr-tools (1.3-4) ...
2025-08-09T02:15:12.6687834Z Setting up syslinux-common (3:6.04~git20190206.bf6db5b4+dfsg1-3ubuntu1) ...
2025-08-09T02:15:12.6738701Z Setting up live-build (3.0~a57-1ubuntu41.22.04.1) ...
2025-08-09T02:15:12.6781341Z Setting up libfdt1:amd64 (1.6.1-1) ...
2025-08-09T02:15:12.6831201Z Setting up libvte-2.91-0:amd64 (0.68.0-1ubuntu0.1) ...
2025-08-09T02:15:12.6862382Z Setting up libusbredirparser1:amd64 (0.11.0-2build1) ...
2025-08-09T02:15:12.6912449Z Setting up liblinear4:amd64 (2.3.0+dfsg-5) ...
2025-08-09T02:15:12.6982507Z Setting up libflac8:amd64 (1.3.3-2ubuntu0.2) ...
2025-08-09T02:15:12.7026692Z Setting up syslinux-utils (3:6.04~git20190206.bf6db5b4+dfsg1-3ubuntu1) ...
2025-08-09T02:15:12.7064546Z Setting up libnl-route-3-200:amd64 (3.5.0-0.1) ...
2025-08-09T02:15:12.7098665Z Setting up ovmf (2022.02-3ubuntu0.22.04.3) ...
2025-08-09T02:15:12.7142366Z Setting up libglusterfs0:amd64 (10.1-1ubuntu0.2) ...
2025-08-09T02:15:12.7199690Z Setting up libvirglrenderer1:amd64 (0.9.1-1~exp1ubuntu2) ...
2025-08-09T02:15:12.7231704Z Setting up libopus0:amd64 (1.3.1-0.1build2) ...
2025-08-09T02:15:12.7265437Z Setting up libxv1:amd64 (2:1.0.11-1build2) ...
2025-08-09T02:15:12.7302745Z Setting up liborc-0.4-0:amd64 (1:0.4.32-2ubuntu0.1) ...
2025-08-09T02:15:12.7331266Z Setting up libelf-dev:amd64 (0.186-1ubuntu0.1) ...
2025-08-09T02:15:12.7361396Z Setting up libpcsclite1:amd64 (1.9.5-3ubuntu1) ...
2025-08-09T02:15:12.7391119Z Setting up libdaxctl1:amd64 (72.1-1) ...
2025-08-09T02:15:12.7420924Z Setting up qemu-system-data (1:6.2+dfsg-2ubuntu6.26) ...
2025-08-09T02:15:12.7459313Z Setting up seabios (1.15.0-1) ...
2025-08-09T02:15:12.7507161Z Setting up nmap-common (7.91+dfsg1+really7.80+dfsg1-2ubuntu0.1) ...
2025-08-09T02:15:12.7793152Z Setting up libtag1v5:amd64 (1.11.1+dfsg.1-3ubuntu3) ...
2025-08-09T02:15:12.7833057Z Setting up cpu-checker (0.7-1.3build1) ...
2025-08-09T02:15:12.7865765Z Setting up libdv4:amd64 (1.0.0-14build1) ...
2025-08-09T02:15:12.7909507Z Setting up libasyncns0:amd64 (0.8-6build2) ...
2025-08-09T02:15:12.7940483Z Setting up pv (1.6.6-1build2) ...
2025-08-09T02:15:12.7968564Z Setting up libwavpack1:amd64 (5.4.0-1build2) ...
2025-08-09T02:15:12.7994866Z Setting up ipxe-qemu (1.21.1+git-20220113.fbbdc3926-0ubuntu1) ...
2025-08-09T02:15:12.8023105Z Setting up libtheora0:amd64 (1.1.1+dfsg.1-15ubuntu4) ...
2025-08-09T02:15:12.8048070Z Setting up libv4lconvert0:amd64 (1.22.1-2build1) ...
2025-08-09T02:15:12.8070847Z Setting up libdecor-0-0:amd64 (0.1.0-3build1) ...
2025-08-09T02:15:12.8112672Z Setting up libndctl6:amd64 (72.1-1) ...
2025-08-09T02:15:12.8146009Z Setting up ipxe-qemu-256k-compat-efi-roms (1.0.0+git-20150424.a25a16d-0ubuntu4) ...
2025-08-09T02:15:12.8170435Z Setting up libvpx7:amd64 (1.11.0-2ubuntu2.4) ...
2025-08-09T02:15:12.8198230Z Setting up libbrlapi0.8:amd64 (6.4-4ubuntu3) ...
2025-08-09T02:15:12.8224767Z Setting up liburing2:amd64 (2.1-2build1) ...
2025-08-09T02:15:12.8256468Z Setting up libsamplerate0:amd64 (0.2.2-1build1) ...
2025-08-09T02:15:12.8292192Z Setting up libpmem1:amd64 (1.11.1-3build1) ...
2025-08-09T02:15:12.8319167Z Setting up libmp3lame0:amd64 (3.100-3build2) ...
2025-08-09T02:15:12.8346988Z Setting up libvorbisenc2:amd64 (1.3.7-1build2) ...
2025-08-09T02:15:12.8380786Z Setting up libgfxdr0:amd64 (10.1-1ubuntu0.2) ...
2025-08-09T02:15:12.8411355Z Setting up libboost-thread1.74.0:amd64 (1.74.0-14ubuntu3) ...
2025-08-09T02:15:12.8445196Z Setting up libaa1:amd64 (1.4p5-50build1) ...
2025-08-09T02:15:12.8478919Z Setting up libiec61883-0:amd64 (1.2.0-4build3) ...
2025-08-09T02:15:12.8515644Z Setting up libavc1394-0:amd64 (0.5.4-5build2) ...
2025-08-09T02:15:12.8592835Z Setting up libibverbs1:amd64 (39.0-1) ...
2025-08-09T02:15:12.9245728Z Setting up ibverbs-providers:amd64 (39.0-1) ...
2025-08-09T02:15:12.9696531Z Setting up libgstreamer-plugins-base1.0-0:amd64 (1.20.1-1ubuntu0.4) ...
2025-08-09T02:15:12.9749099Z Setting up nmap (7.91+dfsg1+really7.80+dfsg1-2ubuntu0.1) ...
2025-08-09T02:15:12.9794593Z Setting up libcacard0:amd64 (1:2.8.0-3build2) ...
2025-08-09T02:15:12.9844915Z Setting up libv4l-0:amd64 (1.22.1-2build1) ...
2025-08-09T02:15:12.9913058Z Setting up libgstreamer-plugins-good1.0-0:amd64 (1.20.3-0ubuntu1.3) ...
2025-08-09T02:15:12.9969312Z Setting up gstreamer1.0-plugins-base:amd64 (1.20.1-1ubuntu0.4) ...
2025-08-09T02:15:13.0017209Z Setting up libshout3:amd64 (2.4.5-1build3) ...
2025-08-09T02:15:13.0066218Z Setting up libpmemobj1:amd64 (1.11.1-3build1) ...
2025-08-09T02:15:13.0111650Z Setting up libdecor-0-plugin-1-cairo:amd64 (0.1.0-3build1) ...
2025-08-09T02:15:13.0147224Z Setting up libjack-jackd2-0:amd64 (1.9.20~dfsg-1) ...
2025-08-09T02:15:13.0180590Z Setting up libsndfile1:amd64 (1.0.31-2ubuntu0.2) ...
2025-08-09T02:15:13.0210783Z Setting up qemu-utils (1:6.2+dfsg-2ubuntu6.26) ...
2025-08-09T02:15:13.0245643Z Setting up libgfrpc0:amd64 (10.1-1ubuntu0.2) ...
2025-08-09T02:15:13.0282238Z Setting up librdmacm1:amd64 (39.0-1) ...
2025-08-09T02:15:13.0314124Z Setting up librados2 (17.2.7-0ubuntu0.22.04.2) ...
2025-08-09T02:15:13.0489949Z Setting up gstreamer1.0-x:amd64 (1.20.1-1ubuntu0.4) ...
2025-08-09T02:15:13.0551759Z Setting up libpulse0:amd64 (1:15.99.1+dfsg1-1ubuntu2.2) ...
2025-08-09T02:15:13.0657016Z Setting up gstreamer1.0-plugins-good:amd64 (1.20.3-0ubuntu1.3) ...
2025-08-09T02:15:13.0715193Z Setting up libspice-server1:amd64 (0.15.0-2ubuntu4) ...
2025-08-09T02:15:13.0757675Z Setting up librbd1 (17.2.7-0ubuntu0.22.04.2) ...
2025-08-09T02:15:13.0816848Z Setting up libgfapi0:amd64 (10.1-1ubuntu0.2) ...
2025-08-09T02:15:13.0856763Z Setting up libiscsi7:amd64 (1.19.0-3build2) ...
2025-08-09T02:15:13.0892632Z Setting up libsdl2-2.0-0:amd64 (2.0.20+dfsg-2ubuntu1.22.04.1) ...
2025-08-09T02:15:13.0936065Z Setting up qemu-block-extra (1:6.2+dfsg-2ubuntu6.26) ...
2025-08-09T02:15:13.3926283Z Created symlink /etc/systemd/system/multi-user.target.wants/run-qemu.mount → /lib/systemd/system/run-qemu.mount.
2025-08-09T02:15:13.8278885Z Setting up qemu-system-common (1:6.2+dfsg-2ubuntu6.26) ...
2025-08-09T02:15:13.9484983Z Created symlink /etc/systemd/system/multi-user.target.wants/qemu-kvm.service → /lib/systemd/system/qemu-kvm.service.
2025-08-09T02:15:14.7918448Z Setting up qemu-system-x86 (1:6.2+dfsg-2ubuntu6.26) ...
2025-08-09T02:15:14.7969922Z Setting up qemu-system-gui (1:6.2+dfsg-2ubuntu6.26) ...
2025-08-09T02:15:14.8056102Z Processing triggers for man-db (2.10.2-1) ...
2025-08-09T02:15:16.4298796Z Processing triggers for install-info (6.8-4build1) ...
2025-08-09T02:15:16.6989044Z Processing triggers for hicolor-icon-theme (0.17-2) ...
2025-08-09T02:15:17.2381158Z Processing triggers for libc-bin (2.35-0ubuntu3.10) ...
2025-08-09T02:15:17.6175821Z NEEDRESTART-VER: 3.5
2025-08-09T02:15:18.2356436Z NEEDRESTART-KCUR: 6.8.0-1031-azure
2025-08-09T02:15:18.2356911Z NEEDRESTART-KEXP: 6.8.0-1031-azure
2025-08-09T02:15:18.2357292Z NEEDRESTART-KSTA: 1
2025-08-09T02:15:18.2357669Z NEEDRESTART-SVC: hosted-compute-agent.service
2025-08-09T02:15:19.6168089Z ##[group]Run echo "CLUSTER_MODE=sub" >> $GITHUB_ENV
2025-08-09T02:15:19.6168462Z [36;1mecho "CLUSTER_MODE=sub" >> $GITHUB_ENV[0m
2025-08-09T02:15:19.6168729Z [36;1mecho "ENABLE_GUI=false" >> $GITHUB_ENV[0m
2025-08-09T02:15:19.6169002Z [36;1mecho "SKIP_QEMU_TEST=true" >> $GITHUB_ENV[0m
2025-08-09T02:15:19.6169326Z [36;1mecho "BUILD_THREADS=2" >> $GITHUB_ENV  # Limit for CI[0m
2025-08-09T02:15:19.6169765Z [36;1mecho "SKIP_CONNECTIVITY_CHECK=true" >> $GITHUB_ENV  # Skip redundant check in CI[0m
2025-08-09T02:15:19.6197665Z shell: /usr/bin/bash -e {0}
2025-08-09T02:15:19.6197900Z ##[endgroup]
2025-08-09T02:15:19.6270169Z ##[group]Run chmod +x ainux-builder.sh
2025-08-09T02:15:19.6270471Z [36;1mchmod +x ainux-builder.sh[0m
2025-08-09T02:15:19.6270690Z [36;1m[0m
2025-08-09T02:15:19.6270868Z [36;1m# Add debug output[0m
2025-08-09T02:15:19.6271063Z [36;1mset -x[0m
2025-08-09T02:15:19.6271227Z [36;1m[0m
2025-08-09T02:15:19.6271408Z [36;1m# Run build with timeout (2 hours max)[0m
2025-08-09T02:15:19.6271692Z [36;1mtimeout 7200 ./ainux-builder.sh || {[0m
2025-08-09T02:15:19.6271951Z [36;1m  echo "Build timed out or failed"[0m
2025-08-09T02:15:19.6272250Z [36;1m  echo "=== Last 100 lines of any available logs ==="[0m
2025-08-09T02:15:19.6272709Z [36;1m  find ~/ainux-build/logs -name "*.log" -exec tail -50 {} \; 2>/dev/null || echo "No log files found"[0m
2025-08-09T02:15:19.6273080Z [36;1m  [0m
2025-08-09T02:15:19.6273264Z [36;1m  echo "=== Environment Variables ==="[0m
2025-08-09T02:15:19.6273786Z [36;1m  env | grep -E "(CLUSTER_MODE|ENABLE_GUI|SKIP_|BUILD_)" || true[0m
2025-08-09T02:15:19.6274130Z [36;1m  [0m
2025-08-09T02:15:19.6274295Z [36;1m  echo "=== Disk Usage ==="[0m
2025-08-09T02:15:19.6274518Z [36;1m  df -h || true[0m
2025-08-09T02:15:19.6274695Z [36;1m  [0m
2025-08-09T02:15:19.6274861Z [36;1m  echo "=== Memory Usage ==="[0m
2025-08-09T02:15:19.6275082Z [36;1m  free -h || true[0m
2025-08-09T02:15:19.6275266Z [36;1m  [0m
2025-08-09T02:15:19.6275418Z [36;1m  exit 1[0m
2025-08-09T02:15:19.6275572Z [36;1m}[0m
2025-08-09T02:15:19.6299479Z shell: /usr/bin/bash -e {0}
2025-08-09T02:15:19.6299690Z env:
2025-08-09T02:15:19.6299852Z   CLUSTER_MODE: sub
2025-08-09T02:15:19.6300029Z   ENABLE_GUI: false
2025-08-09T02:15:19.6300199Z   SKIP_QEMU_TEST: true
2025-08-09T02:15:19.6300377Z   BUILD_THREADS: 2
2025-08-09T02:15:19.6300551Z   SKIP_CONNECTIVITY_CHECK: true
2025-08-09T02:15:19.6300758Z ##[endgroup]
2025-08-09T02:15:19.6355375Z + timeout 7200 ./ainux-builder.sh
2025-08-09T02:15:19.6435565Z 
2025-08-09T02:15:19.6436163Z [0;35m[PHASE][0m Starting Ainux OS AI Cluster Builder Process
2025-08-09T02:15:19.6436584Z 
2025-08-09T02:15:19.6436595Z 
2025-08-09T02:15:19.6436821Z [0;35m[PHASE][0m Checking Prerequisites
2025-08-09T02:15:19.6437109Z 
2025-08-09T02:15:19.6484488Z [0;34m[INFO][0m Detected Ubuntu 22.04 LTS - supported
2025-08-09T02:15:19.6513542Z [0;34m[INFO][0m Disk space check passed: 36GB available
2025-08-09T02:15:19.6514409Z [0;34m[INFO][0m Checking internet connectivity...
2025-08-09T02:15:19.6515204Z [1;33m[WARNING][0m Skipping connectivity check (SKIP_CONNECTIVITY_CHECK=true)
2025-08-09T02:15:19.6515958Z [0;32m[SUCCESS][0m Prerequisites check passed
2025-08-09T02:15:19.6516226Z 
2025-08-09T02:15:19.6516439Z [0;35m[PHASE][0m Initializing Ainux OS AI Cluster Build Environment
2025-08-09T02:15:19.6516670Z 
2025-08-09T02:15:19.6516786Z [0;34m[INFO][0m Build Configuration:
2025-08-09T02:15:19.6517061Z [0;34m[INFO][0m   Kernel Version: 6.6.58
2025-08-09T02:15:19.6517324Z [0;34m[INFO][0m   Cluster Mode: sub
2025-08-09T02:15:19.6517593Z [0;34m[INFO][0m   Build Threads: 2
2025-08-09T02:15:19.6518184Z [0;34m[INFO][0m   GUI Enabled: false
2025-08-09T02:15:19.6518502Z [0;34m[INFO][0m   Build Directory: /home/runner/ainux-build
2025-08-09T02:15:19.6518866Z [0;34m[INFO][0m Installing build dependencies...
2025-08-09T02:15:19.6519257Z [0;34m[INFO][0m Detected CI environment - applying optimizations...
2025-08-09T02:15:21.2195822Z 
2025-08-09T02:15:21.2196536Z WARNING: apt does not have a stable CLI interface. Use with caution in scripts.
2025-08-09T02:15:21.2197058Z 
2025-08-09T02:15:21.2591206Z Reading package lists...
2025-08-09T02:15:21.4358523Z Building dependency tree...
2025-08-09T02:15:21.4371034Z Reading state information...
2025-08-09T02:15:21.5891977Z bc is already the newest version (1.07.1-3build1).
2025-08-09T02:15:21.5892597Z bison is already the newest version (2:3.8.2+dfsg-1build1).
2025-08-09T02:15:21.5893173Z build-essential is already the newest version (12.9ubuntu3).
2025-08-09T02:15:21.5894577Z dosfstools is already the newest version (4.2-1build3).
2025-08-09T02:15:21.5895158Z flex is already the newest version (2.6.4-8build2).
2025-08-09T02:15:21.5895628Z gcc is already the newest version (4:11.2.0-1ubuntu1).
2025-08-09T02:15:21.5896008Z genisoimage is already the newest version (9:1.1.11-3.2ubuntu1).
2025-08-09T02:15:21.5896341Z make is already the newest version (4.3-4.1build1).
2025-08-09T02:15:21.5896683Z mtools is already the newest version (4.0.33-1+really4.0.32-1build1).
2025-08-09T02:15:21.5897025Z pv is already the newest version (1.6.6-1build2).
2025-08-09T02:15:21.5897346Z squashfs-tools is already the newest version (1:4.5-3build1).
2025-08-09T02:15:21.5897756Z isolinux is already the newest version (3:6.04~git20190206.bf6db5b4+dfsg1-3ubuntu1).
2025-08-09T02:15:21.5898249Z syslinux-utils is already the newest version (3:6.04~git20190206.bf6db5b4+dfsg1-3ubuntu1).
2025-08-09T02:15:21.5898650Z xorriso is already the newest version (1.5.4-2).
2025-08-09T02:15:21.5898963Z curl is already the newest version (7.81.0-1ubuntu1.20).
2025-08-09T02:15:21.5899332Z debootstrap is already the newest version (1.0.126+nmu1ubuntu0.8).
2025-08-09T02:15:21.5899727Z grub-efi-amd64-bin is already the newest version (2.06-2ubuntu14.8).
2025-08-09T02:15:21.5900100Z grub-pc-bin is already the newest version (2.06-2ubuntu7.2).
2025-08-09T02:15:21.5900432Z libelf-dev is already the newest version (0.186-1ubuntu0.1).
2025-08-09T02:15:21.5900776Z libncurses-dev is already the newest version (6.3-2ubuntu0.1).
2025-08-09T02:15:21.5901127Z libssl-dev is already the newest version (3.0.2-0ubuntu1.19).
2025-08-09T02:15:21.5901488Z live-build is already the newest version (3.0~a57-1ubuntu41.22.04.1).
2025-08-09T02:15:21.5901904Z qemu-system-x86 is already the newest version (1:6.2+dfsg-2ubuntu6.26).
2025-08-09T02:15:21.5902285Z rsync is already the newest version (3.2.7-0ubuntu0.22.04.4).
2025-08-09T02:15:21.5902607Z wget is already the newest version (1.21.2-2ubuntu1.1).
2025-08-09T02:15:21.5902975Z nmap is already the newest version (7.91+dfsg1+really7.80+dfsg1-2ubuntu0.1).
2025-08-09T02:15:21.5903395Z python3-pip is already the newest version (22.0.2+dfsg-1ubuntu0.6).
2025-08-09T02:15:21.5903986Z git is already the newest version (1:2.50.1-0ppa1~ubuntu22.04.1).
2025-08-09T02:15:21.6256636Z The following NEW packages will be installed:
2025-08-09T02:15:21.6261589Z   dialog
2025-08-09T02:15:21.6552384Z 0 upgraded, 1 newly installed, 0 to remove and 16 not upgraded.
2025-08-09T02:15:21.6890654Z Need to get 303 kB of archives.
2025-08-09T02:15:21.6891245Z After this operation, 1258 kB of additional disk space will be used.
2025-08-09T02:15:21.6891681Z Get:1 file:/etc/apt/apt-mirrors.txt Mirrorlist [144 B]
2025-08-09T02:15:21.7505979Z Get:2 http://azure.archive.ubuntu.com/ubuntu jammy/universe amd64 dialog amd64 1.3-20211214-1 [303 kB]
2025-08-09T02:15:22.0651098Z Fetched 303 kB in 0s (3277 kB/s)
2025-08-09T02:15:22.0865577Z Selecting previously unselected package dialog.
2025-08-09T02:15:22.0940197Z (Reading database ... 
2025-08-09T02:15:22.0940586Z (Reading database ... 5%
2025-08-09T02:15:22.0941196Z (Reading database ... 10%
2025-08-09T02:15:22.0941487Z (Reading database ... 15%
2025-08-09T02:15:22.0941690Z (Reading database ... 20%
2025-08-09T02:15:22.0941898Z (Reading database ... 25%
2025-08-09T02:15:22.0942092Z (Reading database ... 30%
2025-08-09T02:15:22.0942287Z (Reading database ... 35%
2025-08-09T02:15:22.0942480Z (Reading database ... 40%
2025-08-09T02:15:22.0942676Z (Reading database ... 45%
2025-08-09T02:15:22.0942866Z (Reading database ... 50%
2025-08-09T02:15:22.0992975Z (Reading database ... 55%
2025-08-09T02:15:22.1027103Z (Reading database ... 60%
2025-08-09T02:15:22.1045213Z (Reading database ... 65%
2025-08-09T02:15:22.1127981Z (Reading database ... 70%
2025-08-09T02:15:22.1294166Z (Reading database ... 75%
2025-08-09T02:15:22.1326417Z (Reading database ... 80%
2025-08-09T02:15:22.1600199Z (Reading database ... 85%
2025-08-09T02:15:22.1675132Z (Reading database ... 90%
2025-08-09T02:15:22.1842304Z (Reading database ... 95%
2025-08-09T02:15:22.1843298Z (Reading database ... 100%
2025-08-09T02:15:22.1843952Z (Reading database ... 270634 files and directories currently installed.)
2025-08-09T02:15:22.1897861Z Preparing to unpack .../dialog_1.3-20211214-1_amd64.deb ...
2025-08-09T02:15:22.1912275Z Unpacking dialog (1.3-20211214-1) ...
2025-08-09T02:15:22.3715066Z Setting up dialog (1.3-20211214-1) ...
2025-08-09T02:15:22.3747743Z Processing triggers for man-db (2.10.2-1) ...
2025-08-09T02:15:22.9298033Z NEEDRESTART-VER: 3.5
2025-08-09T02:15:23.1658144Z NEEDRESTART-KCUR: 6.8.0-1031-azure
2025-08-09T02:15:23.1658619Z NEEDRESTART-KEXP: 6.8.0-1031-azure
2025-08-09T02:15:23.1658990Z NEEDRESTART-KSTA: 1
2025-08-09T02:15:23.1659360Z NEEDRESTART-SVC: hosted-compute-agent.service
2025-08-09T02:15:24.5447713Z [0;34m[INFO][0m Applying CI space optimizations...
2025-08-09T02:15:25.5162834Z Reading package lists...
2025-08-09T02:15:25.7139721Z Building dependency tree...
2025-08-09T02:15:25.7152715Z Reading state information...
2025-08-09T02:15:25.8734724Z The following packages will be REMOVED:
2025-08-09T02:15:25.8735720Z   apport-symptoms landscape-common libintl-perl libintl-xs-perl libisns0
2025-08-09T02:15:25.8736591Z   liblldb-13 liblldb-15 libmodule-find-perl libmodule-scandeps-perl libmspack0
2025-08-09T02:15:25.8737477Z   libopeniscsiusr libproc-processtable-perl libsort-naturally-perl
2025-08-09T02:15:25.8740123Z   libterm-readkey-perl libxmlsec1 libxmlsec1-openssl lxd-agent-loader
2025-08-09T02:15:25.8740859Z   needrestart open-iscsi open-vm-tools python3-apport python3-automat
2025-08-09T02:15:25.8741589Z   python3-bcrypt python3-click python3-colorama python3-constantly
2025-08-09T02:15:25.8742273Z   python3-hamcrest python3-hyperlink python3-incremental
2025-08-09T02:15:25.8742962Z   python3-problem-report python3-pyasn1 python3-pyasn1-modules
2025-08-09T02:15:25.8743833Z   python3-service-identity python3-systemd python3-twisted
2025-08-09T02:15:25.8744386Z   python3-zope.interface zerofree
2025-08-09T02:15:26.1525327Z 0 upgraded, 0 newly installed, 37 to remove and 14 not upgraded.
2025-08-09T02:15:26.1526062Z After this operation, 62.7 MB disk space will be freed.
2025-08-09T02:15:26.1753406Z (Reading database ... 
2025-08-09T02:15:26.1753875Z (Reading database ... 5%
2025-08-09T02:15:26.1754101Z (Reading database ... 10%
2025-08-09T02:15:26.1770462Z (Reading database ... 15%
2025-08-09T02:15:26.1770833Z (Reading database ... 20%
2025-08-09T02:15:26.1771152Z (Reading database ... 25%
2025-08-09T02:15:26.1771485Z (Reading database ... 30%
2025-08-09T02:15:26.1771770Z (Reading database ... 35%
2025-08-09T02:15:26.1771954Z (Reading database ... 40%
2025-08-09T02:15:26.1772153Z (Reading database ... 45%
2025-08-09T02:15:26.1772332Z (Reading database ... 50%
2025-08-09T02:15:26.1818566Z (Reading database ... 55%
2025-08-09T02:15:26.1856036Z (Reading database ... 60%
2025-08-09T02:15:26.1875426Z (Reading database ... 65%
2025-08-09T02:15:26.1963900Z (Reading database ... 70%
2025-08-09T02:15:26.2146202Z (Reading database ... 75%
2025-08-09T02:15:26.2182702Z (Reading database ... 80%
2025-08-09T02:15:26.2488701Z (Reading database ... 85%
2025-08-09T02:15:26.2567921Z (Reading database ... 90%
2025-08-09T02:15:26.2725549Z (Reading database ... 95%
2025-08-09T02:15:26.2725907Z (Reading database ... 100%
2025-08-09T02:15:26.2726375Z (Reading database ... 270787 files and directories currently installed.)
2025-08-09T02:15:26.2779943Z Removing apport-symptoms (0.24) ...
2025-08-09T02:15:26.3107834Z Removing landscape-common (23.02-0ubuntu1~22.04.4) ...
2025-08-09T02:15:26.4401266Z Removing libintl-xs-perl (1.26-3build2) ...
2025-08-09T02:15:26.4675313Z Removing needrestart (3.5-5ubuntu2.4) ...
2025-08-09T02:15:26.5319605Z Removing libintl-perl (1.26-3build2) ...
2025-08-09T02:15:26.5684322Z Removing open-iscsi (2.1.5-1ubuntu1.1) ...
2025-08-09T02:15:26.7319057Z Warning: Stopping iscsid.service, but it can still be activated by:
2025-08-09T02:15:26.7319640Z   iscsid.socket
2025-08-09T02:15:28.1566174Z Removing libisns0:amd64 (0.101-0ubuntu2) ...
2025-08-09T02:15:28.1827213Z Removing liblldb-13 (1:13.0.1-2ubuntu2.2) ...
2025-08-09T02:15:28.2144169Z Removing liblldb-15 (1:15.0.7-0ubuntu0.22.04.3) ...
2025-08-09T02:15:28.2476254Z Removing libmodule-find-perl (0.15-1) ...
2025-08-09T02:15:28.2864853Z Removing libmodule-scandeps-perl (1.31-1ubuntu0.1) ...
2025-08-09T02:15:28.3112922Z Removing open-vm-tools (2:12.3.5-3~ubuntu0.22.04.2) ...
2025-08-09T02:15:29.2949780Z Removing libmspack0:amd64 (0.10.1-2build2) ...
2025-08-09T02:15:29.3177864Z Removing libopeniscsiusr (2.1.5-1ubuntu1.1) ...
2025-08-09T02:15:29.3469414Z Removing libproc-processtable-perl:amd64 (0.634-1build1) ...
2025-08-09T02:15:29.3684067Z Removing libsort-naturally-perl (1.03-2) ...
2025-08-09T02:15:29.3936636Z Removing libterm-readkey-perl (2.38-1build4) ...
2025-08-09T02:15:29.4192307Z Removing libxmlsec1-openssl:amd64 (1.2.33-1build2) ...
2025-08-09T02:15:29.4454801Z Removing libxmlsec1:amd64 (1.2.33-1build2) ...
2025-08-09T02:15:29.4684696Z Removing lxd-agent-loader (0.5) ...
2025-08-09T02:15:29.9818294Z Removing python3-apport (2.20.11-0ubuntu82.9) ...
2025-08-09T02:15:30.0902253Z Removing python3-twisted (22.1.0-2ubuntu2.6) ...
2025-08-09T02:15:30.4219430Z Removing python3-automat (20.2.0-1) ...
2025-08-09T02:15:30.5253891Z Removing python3-bcrypt (3.2.0-1build1) ...
2025-08-09T02:15:30.6224573Z Removing python3-click (8.0.3-1) ...
2025-08-09T02:15:30.7228326Z Removing python3-colorama (0.4.4-1) ...
2025-08-09T02:15:30.8228214Z Removing python3-constantly (15.1.0-2) ...
2025-08-09T02:15:30.9240169Z Removing python3-hamcrest (2.0.2-2) ...
2025-08-09T02:15:31.0359418Z Removing python3-hyperlink (21.0.0-3) ...
2025-08-09T02:15:31.1381248Z Removing python3-incremental (21.3.0-1) ...
2025-08-09T02:15:31.2372988Z Removing python3-problem-report (2.20.11-0ubuntu82.9) ...
2025-08-09T02:15:31.3346545Z Removing python3-service-identity (18.1.0-6) ...
2025-08-09T02:15:31.4324154Z Removing python3-pyasn1-modules (0.2.1-1) ...
2025-08-09T02:15:31.5321368Z Removing python3-pyasn1 (0.4.8-1) ...
2025-08-09T02:15:31.6365663Z Removing python3-systemd (234-3ubuntu2) ...
2025-08-09T02:15:31.7429159Z Removing python3-zope.interface (5.4.0-1build1) ...
2025-08-09T02:15:31.8504762Z Removing zerofree (1.1.1-1build3) ...
2025-08-09T02:15:31.9110595Z Processing triggers for libc-bin (2.35-0ubuntu3.10) ...
2025-08-09T02:15:31.9289893Z Processing triggers for man-db (2.10.2-1) ...
2025-08-09T02:15:32.0169707Z Processing triggers for initramfs-tools (0.140ubuntu13.5) ...
2025-08-09T02:15:32.0550956Z update-initramfs: Generating /boot/initrd.img-6.8.0-1031-azure
2025-08-09T02:15:41.9250204Z [0;32m[SUCCESS][0m Build environment initialized
2025-08-09T02:15:41.9251825Z 
2025-08-09T02:15:41.9252235Z [0;35m[PHASE][0m Building Custom Kernel 6.6.58 with AI Optimizations
2025-08-09T02:15:41.9252667Z 
2025-08-09T02:15:41.9252868Z [0;34m[INFO][0m Downloading Linux kernel 6.6.58...
2025-08-09T02:15:41.9253389Z [0;34m[INFO][0m CI environment detected - using optimized download strategy
2025-08-09T02:15:41.9254171Z [0;34m[INFO][0m Downloading kernel tarball (faster than git clone)...
2025-08-09T02:15:41.9484535Z --2025-08-09 02:15:41--  https://www.kernel.org/pub/linux/kernel/v6.x/linux-6.6.58.tar.xz
2025-08-09T02:15:42.1279152Z Resolving www.kernel.org (www.kernel.org)... 151.101.45.55, 2a04:4e42:77::311
2025-08-09T02:15:42.1377568Z Connecting to www.kernel.org (www.kernel.org)|151.101.45.55|:443... connected.
2025-08-09T02:15:42.4502540Z HTTP request sent, awaiting response... 200 OK
2025-08-09T02:15:42.4503214Z Length: 140387240 (134M) [application/x-xz]
2025-08-09T02:15:42.4504335Z Saving to: ‘linux-6.6.58.tar.xz’
2025-08-09T02:15:42.4615420Z 
2025-08-09T02:15:42.5164499Z      0K ........ ........ ........ ........ ........ ........  2% 45.6M 3s
2025-08-09T02:15:42.5280778Z   3072K ........ ........ ........ ........ ........ ........  4%  252M 2s
2025-08-09T02:15:42.5364793Z   6144K ........ ........ ........ ........ ........ ........  6%  365M 1s
2025-08-09T02:15:42.5450970Z   9216K ........ ........ ........ ........ ........ ........  8%  344M 1s
2025-08-09T02:15:42.5540094Z  12288K ........ ........ ........ ........ ........ ........ 11%  334M 1s
2025-08-09T02:15:42.5628274Z  15360K ........ ........ ........ ........ ........ ........ 13%  358M 1s
2025-08-09T02:15:42.5712620Z  18432K ........ ........ ........ ........ ........ ........ 15%  355M 1s
2025-08-09T02:15:42.5796711Z  21504K ........ ........ ........ ........ ........ ........ 17%  341M 1s
2025-08-09T02:15:42.5880408Z  24576K ........ ........ ........ ........ ........ ........ 20%  363M 1s
2025-08-09T02:15:42.5967693Z  27648K ........ ........ ........ ........ ........ ........ 22%  338M 1s
2025-08-09T02:15:42.6061442Z  30720K ........ ........ ........ ........ ........ ........ 24%  323M 0s
2025-08-09T02:15:42.6142875Z  33792K ........ ........ ........ ........ ........ ........ 26%  364M 0s
2025-08-09T02:15:42.6229425Z  36864K ........ ........ ........ ........ ........ ........ 29%  347M 0s
2025-08-09T02:15:42.6327775Z  39936K ........ ........ ........ ........ ........ ........ 31%  305M 0s
2025-08-09T02:15:42.6414748Z  43008K ........ ........ ........ ........ ........ ........ 33%  345M 0s
2025-08-09T02:15:42.6492588Z  46080K ........ ........ ........ ........ ........ ........ 35%  384M 0s
2025-08-09T02:15:42.6586569Z  49152K ........ ........ ........ ........ ........ ........ 38%  320M 0s
2025-08-09T02:15:42.6674614Z  52224K ........ ........ ........ ........ ........ ........ 40%  343M 0s
2025-08-09T02:15:42.6756279Z  55296K ........ ........ ........ ........ ........ ........ 42%  362M 0s
2025-08-09T02:15:42.6844177Z  58368K ........ ........ ........ ........ ........ ........ 44%  344M 0s
2025-08-09T02:15:42.6930297Z  61440K ........ ........ ........ ........ ........ ........ 47%  345M 0s
2025-08-09T02:15:42.7012544Z  64512K ........ ........ ........ ........ ........ ........ 49%  364M 0s
2025-08-09T02:15:42.7107224Z  67584K ........ ........ ........ ........ ........ ........ 51%  320M 0s
2025-08-09T02:15:42.7204019Z  70656K ........ ........ ........ ........ ........ ........ 53%  312M 0s
2025-08-09T02:15:42.7291418Z  73728K ........ ........ ........ ........ ........ ........ 56%  360M 0s
2025-08-09T02:15:42.7374036Z  76800K ........ ........ ........ ........ ........ ........ 58%  343M 0s
2025-08-09T02:15:42.7464316Z  79872K ........ ........ ........ ........ ........ ........ 60%  332M 0s
2025-08-09T02:15:42.7552250Z  82944K ........ ........ ........ ........ ........ ........ 62%  341M 0s
2025-08-09T02:15:42.7639355Z  86016K ........ ........ ........ ........ ........ ........ 64%  345M 0s
2025-08-09T02:15:42.7724892Z  89088K ........ ........ ........ ........ ........ ........ 67%  351M 0s
2025-08-09T02:15:42.7813538Z  92160K ........ ........ ........ ........ ........ ........ 69%  337M 0s
2025-08-09T02:15:42.7894539Z  95232K ........ ........ ........ ........ ........ ........ 71%  377M 0s
2025-08-09T02:15:42.7983441Z  98304K ........ ........ ........ ........ ........ ........ 73%  333M 0s
2025-08-09T02:15:42.8073448Z 101376K ........ ........ ........ ........ ........ ........ 76%  335M 0s
2025-08-09T02:15:42.8157581Z 104448K ........ ........ ........ ........ ........ ........ 78%  357M 0s
2025-08-09T02:15:42.8251178Z 107520K ........ ........ ........ ........ ........ ........ 80%  325M 0s
2025-08-09T02:15:42.8336457Z 110592K ........ ........ ........ ........ ........ ........ 82%  346M 0s
2025-08-09T02:15:42.8422950Z 113664K ........ ........ ........ ........ ........ ........ 85%  350M 0s
2025-08-09T02:15:42.8529556Z 116736K ........ ........ ........ ........ ........ ........ 87%  280M 0s
2025-08-09T02:15:42.8606982Z 119808K ........ ........ ........ ........ ........ ........ 89%  386M 0s
2025-08-09T02:15:42.8704824Z 122880K ........ ........ ........ ........ ........ ........ 91%  307M 0s
2025-08-09T02:15:42.8793273Z 125952K ........ ........ ........ ........ ........ ........ 94%  339M 0s
2025-08-09T02:15:42.8885149Z 129024K ........ ........ ........ ........ ........ ........ 96%  327M 0s
2025-08-09T02:15:42.8966661Z 132096K ........ ........ ........ ........ ........ ........ 98%  371M 0s
2025-08-09T02:15:42.9027896Z 135168K ........ ........ ........ ......                    100%  298M=0.5s
2025-08-09T02:15:42.9028264Z 
2025-08-09T02:15:42.9028996Z 2025-08-09 02:15:42 (296 MB/s) - ‘linux-6.6.58.tar.xz’ saved [140387240/140387240]
2025-08-09T02:15:42.9029307Z 
2025-08-09T02:15:42.9043500Z [0;34m[INFO][0m ✓ Kernel tarball downloaded successfully from kernel.org
2025-08-09T02:15:42.9044350Z [0;34m[INFO][0m Extracting kernel source...
2025-08-09T02:15:52.2867073Z [0;32m[SUCCESS][0m Kernel source extracted successfully
2025-08-09T02:15:52.2867528Z [0;34m[INFO][0m Applying AI/NPU optimization patches...
2025-08-09T02:15:52.2910803Z [0;34m[INFO][0m Script directory: /home/runner/ainux-build/kernel/linux
2025-08-09T02:15:52.2911372Z [0;34m[INFO][0m Initial patch directory: /home/runner/ainux-build/kernel/linux/patches
2025-08-09T02:15:52.2916489Z [0;34m[INFO][0m Current working directory: /home/runner/ainux-build/kernel/linux
2025-08-09T02:15:52.2916953Z [0;34m[INFO][0m Script location: ./ainux-builder.sh
2025-08-09T02:15:52.2917367Z [0;34m[INFO][0m Primary patch directory not found, trying alternatives...
2025-08-09T02:15:52.2939381Z [0;34m[INFO][0m Found patches at CI path: /home/runner/work/ainux/ainux/patches
2025-08-09T02:15:52.2939947Z [0;34m[INFO][0m Using local patches from repository: /home/runner/work/ainux/ainux/patches
2025-08-09T02:15:52.2975460Z [0;34m[INFO][0m Available patches: 6.6-cluster-networking-simple 6.6-cluster-networking 6.6-npu-support 6.6-rocm-optimizations-simple 6.6-rocm-optimizations 
2025-08-09T02:15:52.2976652Z [0;34m[INFO][0m Applying NPU support patch...
2025-08-09T02:15:52.3592057Z patching file drivers/Kconfig
2025-08-09T02:15:52.3592698Z Hunk #1 succeeded at 243 with fuzz 2 (offset 3 lines).
2025-08-09T02:15:52.3593955Z patching file drivers/Makefile
2025-08-09T02:15:52.3594818Z patching file drivers/npu/Kconfig
2025-08-09T02:15:52.3596382Z patching file drivers/npu/Makefile
2025-08-09T02:15:52.3597296Z patching file drivers/npu/npu-core.c
2025-08-09T02:15:52.3599569Z patching file drivers/npu/rockchip-npu.c
2025-08-09T02:15:52.3601220Z patching file include/uapi/linux/npu.h
2025-08-09T02:15:52.3607769Z [0;34m[INFO][0m Applying simplified ROCm optimization patch...
2025-08-09T02:15:52.3622120Z patching file drivers/gpu/drm/amd/amdgpu/amdgpu_cs.c
2025-08-09T02:15:52.3622630Z Hunk #1 succeeded at 1274 with fuzz 3.
2025-08-09T02:15:52.3628806Z [0;34m[INFO][0m Applying simplified cluster networking patch...
2025-08-09T02:15:52.3645525Z patching file net/core/dev.c
2025-08-09T02:15:52.3652009Z Hunk #1 succeeded at 5354 with fuzz 2 (offset -166 lines).
2025-08-09T02:15:52.3659406Z [0;34m[INFO][0m Configuring kernel for AI workloads...
2025-08-09T02:15:52.4035287Z [0;34m[INFO][0m Applying AI hardware optimizations to kernel config...
2025-08-09T02:15:52.4036094Z [0;34m[INFO][0m Enabling mandatory NPU support for AI cluster...
2025-08-09T02:15:52.4980742Z [0;34m[INFO][0m Enabling mandatory AMD ROCm support...
2025-08-09T02:15:53.2611533Z   HOSTCC  scripts/basic/fixdep
2025-08-09T02:15:53.9528184Z   HOSTCC  scripts/kconfig/conf.o
2025-08-09T02:15:54.1769735Z   HOSTCC  scripts/kconfig/confdata.o
2025-08-09T02:15:54.4351726Z   HOSTCC  scripts/kconfig/expr.o
2025-08-09T02:15:54.6351305Z   LEX     scripts/kconfig/lexer.lex.c
2025-08-09T02:15:54.6876746Z   YACC    scripts/kconfig/parser.tab.[ch]
2025-08-09T02:15:54.8580153Z   HOSTCC  scripts/kconfig/lexer.lex.o
2025-08-09T02:15:55.1024686Z   HOSTCC  scripts/kconfig/menu.o
2025-08-09T02:15:55.2644702Z   HOSTCC  scripts/kconfig/parser.tab.o
2025-08-09T02:15:55.4718366Z   HOSTCC  scripts/kconfig/preprocess.o
2025-08-09T02:15:55.5737148Z   HOSTCC  scripts/kconfig/symbol.o
2025-08-09T02:15:55.8393990Z   HOSTCC  scripts/kconfig/util.o
2025-08-09T02:15:55.8861181Z   HOSTLD  scripts/kconfig/conf
2025-08-09T02:16:06.9050265Z ##[error]The operation was canceled.
2025-08-09T02:16:06.9136876Z Post job cleanup.
2025-08-09T02:16:07.0073320Z [command]/usr/bin/git version
2025-08-09T02:16:07.0108444Z git version 2.50.1
2025-08-09T02:16:07.0151830Z Temporarily overriding HOME='/home/runner/work/_temp/22e91b23-87a9-49a9-88ce-f10e56e1d344' before making global git config changes
2025-08-09T02:16:07.0153191Z Adding repository directory to the temporary git global config as a safe directory
2025-08-09T02:16:07.0164790Z [command]/usr/bin/git config --global --add safe.directory /home/runner/work/ainux/ainux
2025-08-09T02:16:07.0198057Z [command]/usr/bin/git config --local --name-only --get-regexp core\.sshCommand
2025-08-09T02:16:07.0230174Z [command]/usr/bin/git submodule foreach --recursive sh -c "git config --local --name-only --get-regexp 'core\.sshCommand' && git config --local --unset-all 'core.sshCommand' || :"
2025-08-09T02:16:07.0456974Z [command]/usr/bin/git config --local --name-only --get-regexp http\.https\:\/\/github\.com\/\.extraheader
2025-08-09T02:16:07.0477750Z http.https://github.com/.extraheader
2025-08-09T02:16:07.0489710Z [command]/usr/bin/git config --local --unset-all http.https://github.com/.extraheader
2025-08-09T02:16:07.0520327Z [command]/usr/bin/git submodule foreach --recursive sh -c "git config --local --name-only --get-regexp 'http\.https\:\/\/github\.com\/\.extraheader' && git config --local --unset-all 'http.https://github.com/.extraheader' || :"
2025-08-09T02:16:07.0850589Z Cleaning up orphan processes
2025-08-09T02:16:07.1108794Z Terminate orphan process: pid (3872) (timeout)
2025-08-09T02:16:07.1124913Z Terminate orphan process: pid (3873) (ainux-builder.sh)
2025-08-09T02:16:07.1307420Z Terminate orphan process: pid (9548) (make)
2025-08-09T02:16:07.1529044Z Terminate orphan process: pid (9549) (make)
2025-08-09T02:16:07.1714583Z Terminate orphan process: pid (9641) (make)
2025-08-09T02:16:07.1900506Z Terminate orphan process: pid (9711) (conf)
2025-08-09T02:16:07.2084438Z Terminate orphan process: pid (9862) (sh)
2025-08-09T02:16:07.2117401Z Terminate orphan process: pid (9863) (tools-support-r)
2025-08-09T02:16:07.2150193Z Terminate orphan process: pid (9872) (nm)
