2025-08-09T02:12:57.8727451Z Current runner version: '2.327.1'
2025-08-09T02:12:57.8750684Z ##[group]Runner Image Provisioner
2025-08-09T02:12:57.8751460Z Hosted Compute Agent
2025-08-09T02:12:57.8752080Z Version: 20250711.363
2025-08-09T02:12:57.8752825Z Commit: 6785254374ce925a23743850c1cb91912ce5c14c
2025-08-09T02:12:57.8753501Z Build Date: 2025-07-11T20:04:25Z
2025-08-09T02:12:57.8754096Z ##[endgroup]
2025-08-09T02:12:57.8754644Z ##[group]Operating System
2025-08-09T02:12:57.8755196Z Ubuntu
2025-08-09T02:12:57.8755669Z 22.04.5
2025-08-09T02:12:57.8756162Z LTS
2025-08-09T02:12:57.8756612Z ##[endgroup]
2025-08-09T02:12:57.8757138Z ##[group]Runner Image
2025-08-09T02:12:57.8757665Z Image: ubuntu-22.04
2025-08-09T02:12:57.8758166Z Version: 20250804.2.0
2025-08-09T02:12:57.8759100Z Included Software: https://github.com/actions/runner-images/blob/ubuntu22/20250804.2/images/ubuntu/Ubuntu2204-Readme.md
2025-08-09T02:12:57.8760696Z Image Release: https://github.com/actions/runner-images/releases/tag/ubuntu22%2F20250804.2
2025-08-09T02:12:57.8761693Z ##[endgroup]
2025-08-09T02:12:57.8764286Z ##[group]GITHUB_TOKEN Permissions
2025-08-09T02:12:57.8766488Z Actions: write
2025-08-09T02:12:57.8767151Z Attestations: write
2025-08-09T02:12:57.8767625Z Checks: write
2025-08-09T02:12:57.8768087Z Contents: write
2025-08-09T02:12:57.8768962Z Deployments: write
2025-08-09T02:12:57.8769482Z Discussions: write
2025-08-09T02:12:57.8769957Z Issues: write
2025-08-09T02:12:57.8770486Z Metadata: read
2025-08-09T02:12:57.8770961Z Models: read
2025-08-09T02:12:57.8771419Z Packages: write
2025-08-09T02:12:57.8771978Z Pages: write
2025-08-09T02:12:57.8772623Z PullRequests: write
2025-08-09T02:12:57.8773181Z RepositoryProjects: write
2025-08-09T02:12:57.8773765Z SecurityEvents: write
2025-08-09T02:12:57.8774415Z Statuses: write
2025-08-09T02:12:57.8774933Z ##[endgroup]
2025-08-09T02:12:57.8776976Z Secret source: Actions
2025-08-09T02:12:57.8777706Z Prepare workflow directory
2025-08-09T02:12:57.9092702Z Prepare all required actions
2025-08-09T02:12:57.9129953Z Getting action download info
2025-08-09T02:12:58.4285524Z ##[group]Download immutable action package 'actions/checkout@v4'
2025-08-09T02:12:58.4286677Z Version: 4.2.2
2025-08-09T02:12:58.4287676Z Digest: sha256:ccb2698953eaebd21c7bf6268a94f9c26518a7e38e27e0b83c1fe1ad049819b1
2025-08-09T02:12:58.4288800Z Source commit SHA: 11bd71901bbe5b1630ceea73d27597364c9af683
2025-08-09T02:12:58.4289588Z ##[endgroup]
2025-08-09T02:12:58.5168335Z ##[group]Download immutable action package 'actions/upload-artifact@v4'
2025-08-09T02:12:58.5169110Z Version: 4.6.2
2025-08-09T02:12:58.5169835Z Digest: sha256:290722aa3281d5caf23d0acdc3dbeb3424786a1a01a9cc97e72f147225e37c38
2025-08-09T02:12:58.5170876Z Source commit SHA: ea165f8d65b6e75b540449e92b4886f43607fa02
2025-08-09T02:12:58.5171510Z ##[endgroup]
2025-08-09T02:12:58.7044220Z Complete job name: build-test (main, false)
2025-08-09T02:12:58.7719343Z ##[group]Run actions/checkout@v4
2025-08-09T02:12:58.7720169Z with:
2025-08-09T02:12:58.7720642Z   lfs: true
2025-08-09T02:12:58.7721026Z   repository: yaotagroep/ainux
2025-08-09T02:12:58.7721672Z   token: ***
2025-08-09T02:12:58.7722061Z   ssh-strict: true
2025-08-09T02:12:58.7722664Z   ssh-user: git
2025-08-09T02:12:58.7723072Z   persist-credentials: true
2025-08-09T02:12:58.7723511Z   clean: true
2025-08-09T02:12:58.7723898Z   sparse-checkout-cone-mode: true
2025-08-09T02:12:58.7724366Z   fetch-depth: 1
2025-08-09T02:12:58.7724746Z   fetch-tags: false
2025-08-09T02:12:58.7725138Z   show-progress: true
2025-08-09T02:12:58.7725535Z   submodules: false
2025-08-09T02:12:58.7725947Z   set-safe-directory: true
2025-08-09T02:12:58.7726648Z ##[endgroup]
2025-08-09T02:12:58.8837493Z Syncing repository: yaotagroep/ainux
2025-08-09T02:12:58.8840465Z ##[group]Getting Git version info
2025-08-09T02:12:58.8841619Z Working directory is '/home/runner/work/ainux/ainux'
2025-08-09T02:12:58.8843503Z [command]/usr/bin/git version
2025-08-09T02:12:58.8875036Z git version 2.50.1
2025-08-09T02:12:58.8922882Z [command]/usr/bin/git lfs version
2025-08-09T02:13:00.8330456Z git-lfs/3.7.0 (GitHub; linux amd64; go 1.24.4)
2025-08-09T02:13:00.8344202Z ##[endgroup]
2025-08-09T02:13:00.8362080Z Temporarily overriding HOME='/home/runner/work/_temp/e447bfcb-5e1a-47fd-87e3-031c4905fd77' before making global git config changes
2025-08-09T02:13:00.8365913Z Adding repository directory to the temporary git global config as a safe directory
2025-08-09T02:13:00.8368772Z [command]/usr/bin/git config --global --add safe.directory /home/runner/work/ainux/ainux
2025-08-09T02:13:00.8404430Z Deleting the contents of '/home/runner/work/ainux/ainux'
2025-08-09T02:13:00.8408590Z ##[group]Initializing the repository
2025-08-09T02:13:00.8413374Z [command]/usr/bin/git init /home/runner/work/ainux/ainux
2025-08-09T02:13:00.8492840Z hint: Using 'master' as the name for the initial branch. This default branch name
2025-08-09T02:13:00.8495457Z hint: is subject to change. To configure the initial branch name to use in all
2025-08-09T02:13:00.8498200Z hint: of your new repositories, which will suppress this warning, call:
2025-08-09T02:13:00.8500391Z hint:
2025-08-09T02:13:00.8501859Z hint: 	git config --global init.defaultBranch <name>
2025-08-09T02:13:00.8503892Z hint:
2025-08-09T02:13:00.8505509Z hint: Names commonly chosen instead of 'master' are 'main', 'trunk' and
2025-08-09T02:13:00.8508438Z hint: 'development'. The just-created branch can be renamed via this command:
2025-08-09T02:13:00.8510699Z hint:
2025-08-09T02:13:00.8511739Z hint: 	git branch -m <name>
2025-08-09T02:13:00.8513175Z hint:
2025-08-09T02:13:00.8514963Z hint: Disable this message with "git config set advice.defaultBranchName false"
2025-08-09T02:13:00.8516972Z Initialized empty Git repository in /home/runner/work/ainux/ainux/.git/
2025-08-09T02:13:00.8520982Z [command]/usr/bin/git remote add origin https://github.com/yaotagroep/ainux
2025-08-09T02:13:00.8545489Z ##[endgroup]
2025-08-09T02:13:00.8548319Z ##[group]Disabling automatic garbage collection
2025-08-09T02:13:00.8550787Z [command]/usr/bin/git config --local gc.auto 0
2025-08-09T02:13:00.8578030Z ##[endgroup]
2025-08-09T02:13:00.8580635Z ##[group]Setting up auth
2025-08-09T02:13:00.8585804Z [command]/usr/bin/git config --local --name-only --get-regexp core\.sshCommand
2025-08-09T02:13:00.8618374Z [command]/usr/bin/git submodule foreach --recursive sh -c "git config --local --name-only --get-regexp 'core\.sshCommand' && git config --local --unset-all 'core.sshCommand' || :"
2025-08-09T02:13:00.8855266Z [command]/usr/bin/git config --local --name-only --get-regexp http\.https\:\/\/github\.com\/\.extraheader
2025-08-09T02:13:00.8890986Z [command]/usr/bin/git submodule foreach --recursive sh -c "git config --local --name-only --get-regexp 'http\.https\:\/\/github\.com\/\.extraheader' && git config --local --unset-all 'http.https://github.com/.extraheader' || :"
2025-08-09T02:13:00.9114592Z [command]/usr/bin/git config --local http.https://github.com/.extraheader AUTHORIZATION: basic ***
2025-08-09T02:13:00.9149301Z ##[endgroup]
2025-08-09T02:13:00.9153258Z [command]/usr/bin/git lfs install --local
2025-08-09T02:13:00.9499100Z Updated Git hooks.
2025-08-09T02:13:00.9500745Z Git LFS initialized.
2025-08-09T02:13:00.9513534Z ##[group]Fetching the repository
2025-08-09T02:13:00.9523649Z [command]/usr/bin/git -c protocol.version=2 fetch --no-tags --prune --no-recurse-submodules --depth=1 origin +52f4e684192b809594413b2ad85506d46dbabd0e:refs/remotes/origin/main
2025-08-09T02:13:01.4916705Z From https://github.com/yaotagroep/ainux
2025-08-09T02:13:01.4918406Z  * [new ref]         52f4e684192b809594413b2ad85506d46dbabd0e -> origin/main
2025-08-09T02:13:01.4942127Z ##[endgroup]
2025-08-09T02:13:01.4943163Z ##[group]Determining the checkout info
2025-08-09T02:13:01.4945020Z ##[endgroup]
2025-08-09T02:13:01.4945799Z ##[group]Fetching LFS objects
2025-08-09T02:13:01.4950981Z [command]/usr/bin/git lfs fetch origin refs/remotes/origin/main
2025-08-09T02:13:01.5173397Z Fetching reference refs/remotes/origin/main
2025-08-09T02:13:01.5633935Z ##[endgroup]
2025-08-09T02:13:01.5638231Z [command]/usr/bin/git sparse-checkout disable
2025-08-09T02:13:01.5677413Z [command]/usr/bin/git config --local --unset-all extensions.worktreeConfig
2025-08-09T02:13:01.5705515Z ##[group]Checking out the ref
2025-08-09T02:13:01.5709929Z [command]/usr/bin/git checkout --progress --force -B main refs/remotes/origin/main
2025-08-09T02:13:01.5892801Z Switched to a new branch 'main'
2025-08-09T02:13:01.5893578Z branch 'main' set up to track 'origin/main'.
2025-08-09T02:13:01.6133437Z ##[endgroup]
2025-08-09T02:13:01.6167495Z [command]/usr/bin/git log -1 --format=%H
2025-08-09T02:13:01.6191170Z 52f4e684192b809594413b2ad85506d46dbabd0e
2025-08-09T02:13:01.6366941Z ##[group]Run echo "⏳ Reclaiming space..."
2025-08-09T02:13:01.6367367Z [36;1mecho "⏳ Reclaiming space..."[0m
2025-08-09T02:13:01.6367719Z [36;1msudo rm -rf /usr/local/lib/android[0m
2025-08-09T02:13:01.6368066Z [36;1msudo rm -rf /usr/local/share/boost[0m
2025-08-09T02:13:01.6368365Z [36;1msudo rm -rf /usr/share/dotnet[0m
2025-08-09T02:13:01.6368664Z [36;1msudo rm -rf /opt/ghc[0m
2025-08-09T02:13:01.6368981Z [36;1msudo rm -rf /opt/hostedtoolcache[0m
2025-08-09T02:13:01.6369282Z [36;1msudo apt-get clean[0m
2025-08-09T02:13:01.6369571Z [36;1msudo rm -rf "$AGENT_TOOLSDIRECTORY"[0m
2025-08-09T02:13:01.6369862Z [36;1mdf -h[0m
2025-08-09T02:13:01.6370067Z [36;1m [0m
2025-08-09T02:13:01.6400776Z shell: /usr/bin/bash -e {0}
2025-08-09T02:13:01.6401111Z ##[endgroup]
2025-08-09T02:13:01.6466136Z ⏳ Reclaiming space...
2025-08-09T02:14:51.6794046Z Filesystem      Size  Used Avail Use% Mounted on
2025-08-09T02:14:51.6794691Z /dev/root        73G   36G   37G  50% /
2025-08-09T02:14:51.6795183Z tmpfs           7.9G  172K  7.9G   1% /dev/shm
2025-08-09T02:14:51.6795901Z tmpfs           3.2G  1.1M  3.2G   1% /run
2025-08-09T02:14:51.6796733Z tmpfs           5.0M     0  5.0M   0% /run/lock
2025-08-09T02:14:51.6797223Z /dev/sda15      105M  6.1M   99M   6% /boot/efi
2025-08-09T02:14:51.6797586Z /dev/sdb1        74G  4.1G   66G   6% /mnt
2025-08-09T02:14:51.6797954Z tmpfs           1.6G   12K  1.6G   1% /run/user/1001
2025-08-09T02:14:51.6829577Z ##[group]Run sudo apt-get update
2025-08-09T02:14:51.6829865Z [36;1msudo apt-get update[0m
2025-08-09T02:14:51.6830078Z [36;1msudo apt-get install -y \[0m
2025-08-09T02:14:51.6830436Z [36;1m  git build-essential libncurses-dev bison flex libssl-dev \[0m
2025-08-09T02:14:51.6830840Z [36;1m  libelf-dev bc gcc make debootstrap live-build squashfs-tools \[0m
2025-08-09T02:14:51.6831238Z [36;1m  dosfstools xorriso isolinux syslinux-utils genisoimage \[0m
2025-08-09T02:14:51.6831626Z [36;1m  qemu-system-x86 python3-pip nmap curl wget rsync pv \[0m
2025-08-09T02:14:51.6831954Z [36;1m  grub-pc-bin grub-efi-amd64-bin mtools[0m
2025-08-09T02:14:51.6832462Z [36;1m  [0m
2025-08-09T02:14:51.6860309Z shell: /usr/bin/bash -e {0}
2025-08-09T02:14:51.6860528Z ##[endgroup]
2025-08-09T02:14:51.7816446Z Get:1 file:/etc/apt/apt-mirrors.txt Mirrorlist [144 B]
2025-08-09T02:14:51.8167373Z Hit:2 http://azure.archive.ubuntu.com/ubuntu jammy InRelease
2025-08-09T02:14:51.8170541Z Get:6 https://packages.microsoft.com/repos/azure-cli jammy InRelease [3596 B]
2025-08-09T02:14:51.8196827Z Get:3 http://azure.archive.ubuntu.com/ubuntu jammy-updates InRelease [128 kB]
2025-08-09T02:14:51.8212689Z Get:7 https://packages.microsoft.com/ubuntu/22.04/prod jammy InRelease [3632 B]
2025-08-09T02:14:51.8249711Z Get:4 http://azure.archive.ubuntu.com/ubuntu jammy-backports InRelease [127 kB]
2025-08-09T02:14:51.8273991Z Get:5 http://azure.archive.ubuntu.com/ubuntu jammy-security InRelease [129 kB]
2025-08-09T02:14:51.9785843Z Get:8 https://packages.microsoft.com/repos/azure-cli jammy/main amd64 Packages [2575 B]
2025-08-09T02:14:52.0171381Z Get:9 https://packages.microsoft.com/ubuntu/22.04/prod jammy/main amd64 Packages [239 kB]
2025-08-09T02:14:52.0279220Z Get:10 https://packages.microsoft.com/ubuntu/22.04/prod jammy/main arm64 Packages [75.0 kB]
2025-08-09T02:14:52.2507967Z Get:11 http://azure.archive.ubuntu.com/ubuntu jammy-security/main Translation-en [379 kB]
2025-08-09T02:14:54.8354100Z Fetched 1087 kB in 1s (1922 kB/s)
2025-08-09T02:14:55.6667319Z Reading package lists...
2025-08-09T02:14:55.7258538Z Reading package lists...
2025-08-09T02:14:55.9157901Z Building dependency tree...
2025-08-09T02:14:55.9169394Z Reading state information...
2025-08-09T02:14:56.0608613Z bc is already the newest version (1.07.1-3build1).
2025-08-09T02:14:56.0609186Z bc set to manually installed.
2025-08-09T02:14:56.0609672Z bison is already the newest version (2:3.8.2+dfsg-1build1).
2025-08-09T02:14:56.0610279Z build-essential is already the newest version (12.9ubuntu3).
2025-08-09T02:14:56.0610826Z build-essential set to manually installed.
2025-08-09T02:14:56.0611423Z dosfstools is already the newest version (4.2-1build3).
2025-08-09T02:14:56.0611954Z dosfstools set to manually installed.
2025-08-09T02:14:56.0612625Z flex is already the newest version (2.6.4-8build2).
2025-08-09T02:14:56.0613351Z gcc is already the newest version (4:11.2.0-1ubuntu1).
2025-08-09T02:14:56.0614095Z make is already the newest version (4.3-4.1build1).
2025-08-09T02:14:56.0614702Z squashfs-tools is already the newest version (1:4.5-3build1).
2025-08-09T02:14:56.0615272Z squashfs-tools set to manually installed.
2025-08-09T02:14:56.0615753Z xorriso is already the newest version (1.5.4-2).
2025-08-09T02:14:56.0616285Z curl is already the newest version (7.81.0-1ubuntu1.20).
2025-08-09T02:14:56.0616917Z grub-efi-amd64-bin is already the newest version (2.06-2ubuntu14.8).
2025-08-09T02:14:56.0617492Z grub-efi-amd64-bin set to manually installed.
2025-08-09T02:14:56.0618041Z grub-pc-bin is already the newest version (2.06-2ubuntu7.2).
2025-08-09T02:14:56.0618560Z grub-pc-bin set to manually installed.
2025-08-09T02:14:56.0619109Z libncurses-dev is already the newest version (6.3-2ubuntu0.1).
2025-08-09T02:14:56.0619634Z libncurses-dev set to manually installed.
2025-08-09T02:14:56.0620189Z libssl-dev is already the newest version (3.0.2-0ubuntu1.19).
2025-08-09T02:14:56.0620811Z rsync is already the newest version (3.2.7-0ubuntu0.22.04.4).
2025-08-09T02:14:56.0622497Z wget is already the newest version (1.21.2-2ubuntu1.1).
2025-08-09T02:14:56.0623139Z python3-pip is already the newest version (22.0.2+dfsg-1ubuntu0.6).
2025-08-09T02:14:56.0623792Z git is already the newest version (1:2.50.1-0ppa1~ubuntu22.04.1).
2025-08-09T02:14:56.0624372Z The following additional packages will be installed:
2025-08-09T02:14:56.0624978Z   cpu-checker gstreamer1.0-plugins-base gstreamer1.0-plugins-good
2025-08-09T02:14:56.0625679Z   gstreamer1.0-x ibverbs-providers ipxe-qemu ipxe-qemu-256k-compat-efi-roms
2025-08-09T02:14:56.0626353Z   libaa1 libasyncns0 libavc1394-0 libboost-iostreams1.74.0
2025-08-09T02:14:56.0627053Z   libboost-thread1.74.0 libbrlapi0.8 libcaca0 libcacard0 libcdparanoia0
2025-08-09T02:14:56.0627796Z   libdaxctl1 libdecor-0-0 libdecor-0-plugin-1-cairo libdv4 libfdt1 libflac8
2025-08-09T02:14:56.0628633Z   libgfapi0 libgfrpc0 libgfxdr0 libglusterfs0 libgstreamer-plugins-base1.0-0
2025-08-09T02:14:56.0629435Z   libgstreamer-plugins-good1.0-0 libibverbs1 libiec61883-0 libiscsi7
2025-08-09T02:14:56.0630162Z   libjack-jackd2-0 liblinear4 libmp3lame0 libmpg123-0 libndctl6
2025-08-09T02:14:56.0630907Z   libnl-route-3-200 libopus0 liborc-0.4-0 libpcsclite1 libpmem1 libpmemobj1
2025-08-09T02:14:56.0631734Z   libpulse0 librados2 libraw1394-11 librbd1 librdmacm1 libsamplerate0
2025-08-09T02:14:56.0632721Z   libsdl2-2.0-0 libshout3 libsndfile1 libspeex1 libspice-server1 libtag1v5
2025-08-09T02:14:56.0633522Z   libtag1v5-vanilla libtheora0 libtwolame0 liburing2 libusbredirparser1
2025-08-09T02:14:56.0634297Z   libv4l-0 libv4lconvert0 libvirglrenderer1 libvisual-0.4-0 libvorbisenc2
2025-08-09T02:14:56.0635043Z   libvpx7 libvte-2.91-0 libvte-2.91-common libwavpack1 libxv1 lua-lpeg
2025-08-09T02:14:56.0635721Z   msr-tools nmap-common ovmf qemu-block-extra qemu-system-common
2025-08-09T02:14:56.0636420Z   qemu-system-data qemu-system-gui qemu-utils seabios syslinux-common
2025-08-09T02:14:56.0636965Z Suggested packages:
2025-08-09T02:14:56.0637765Z   squid-deb-proxy-client debian-archive-keyring arch-test wodim cdrkit-doc
2025-08-09T02:14:56.0638542Z   gvfs libdv-bin oss-compat libvisual-0.4-plugins jackd2 liblinear-tools
2025-08-09T02:14:56.0639230Z   liblinear-dev opus-tools pcscd pulseaudio libraw1394-doc speex
2025-08-09T02:14:56.0639986Z   gstreamer1.0-libav gstreamer1.0-plugins-ugly memtest86+ | memtest86 syslinux
2025-08-09T02:14:56.0640777Z   | grub win32-loader gnu-fdisk floppyd ncat ndiff zenmap doc-base samba vde2
2025-08-09T02:14:56.0641383Z   libcrypt-passwdmd5-perl
2025-08-09T02:14:56.0940748Z The following NEW packages will be installed:
2025-08-09T02:14:56.0941466Z   cpu-checker debootstrap genisoimage gstreamer1.0-plugins-base
2025-08-09T02:14:56.0942412Z   gstreamer1.0-plugins-good gstreamer1.0-x ibverbs-providers ipxe-qemu
2025-08-09T02:14:56.0943293Z   ipxe-qemu-256k-compat-efi-roms isolinux libaa1 libasyncns0 libavc1394-0
2025-08-09T02:14:56.0944274Z   libboost-iostreams1.74.0 libboost-thread1.74.0 libbrlapi0.8 libcaca0
2025-08-09T02:14:56.0945341Z   libcacard0 libcdparanoia0 libdaxctl1 libdecor-0-0 libdecor-0-plugin-1-cairo
2025-08-09T02:14:56.0946146Z   libdv4 libelf-dev libfdt1 libflac8 libgfapi0 libgfrpc0 libgfxdr0
2025-08-09T02:14:56.0946953Z   libglusterfs0 libgstreamer-plugins-base1.0-0 libgstreamer-plugins-good1.0-0
2025-08-09T02:14:56.0947837Z   libibverbs1 libiec61883-0 libiscsi7 libjack-jackd2-0 liblinear4 libmp3lame0
2025-08-09T02:14:56.0948660Z   libmpg123-0 libndctl6 libnl-route-3-200 libopus0 liborc-0.4-0 libpcsclite1
2025-08-09T02:14:56.0949519Z   libpmem1 libpmemobj1 libpulse0 librados2 libraw1394-11 librbd1 librdmacm1
2025-08-09T02:14:56.0950316Z   libsamplerate0 libsdl2-2.0-0 libshout3 libsndfile1 libspeex1
2025-08-09T02:14:56.0951062Z   libspice-server1 libtag1v5 libtag1v5-vanilla libtheora0 libtwolame0
2025-08-09T02:14:56.0951870Z   liburing2 libusbredirparser1 libv4l-0 libv4lconvert0 libvirglrenderer1
2025-08-09T02:14:56.0952841Z   libvisual-0.4-0 libvorbisenc2 libvpx7 libvte-2.91-0 libvte-2.91-common
2025-08-09T02:14:56.0954092Z   libwavpack1 libxv1 live-build lua-lpeg msr-tools mtools nmap nmap-common
2025-08-09T02:14:56.0955094Z   ovmf pv qemu-block-extra qemu-system-common qemu-system-data qemu-system-gui
2025-08-09T02:14:56.0956168Z   qemu-system-x86 qemu-utils seabios syslinux-common syslinux-utils
2025-08-09T02:14:56.1123474Z 0 upgraded, 90 newly installed, 0 to remove and 16 not upgraded.
2025-08-09T02:14:56.1124079Z Need to get 53.2 MB of archives.
2025-08-09T02:14:56.1124601Z After this operation, 193 MB of additional disk space will be used.
2025-08-09T02:14:56.1125223Z Get:1 file:/etc/apt/apt-mirrors.txt Mirrorlist [144 B]
2025-08-09T02:14:56.2095539Z Get:2 http://azure.archive.ubuntu.com/ubuntu jammy/main amd64 msr-tools amd64 1.3-4 [10.3 kB]
2025-08-09T02:14:56.2908498Z Get:3 http://azure.archive.ubuntu.com/ubuntu jammy/main amd64 cpu-checker amd64 0.7-1.3build1 [6800 B]
2025-08-09T02:14:56.3715098Z Get:4 http://azure.archive.ubuntu.com/ubuntu jammy/main amd64 genisoimage amd64 9:1.1.11-3.2ubuntu1 [370 kB]
2025-08-09T02:14:56.5332361Z Get:5 http://azure.archive.ubuntu.com/ubuntu jammy/main amd64 libcdparanoia0 amd64 3.10.2+debian-14build2 [49.3 kB]
2025-08-09T02:14:56.6151506Z Get:6 http://azure.archive.ubuntu.com/ubuntu jammy-updates/main amd64 liborc-0.4-0 amd64 1:0.4.32-2ubuntu0.1 [228 kB]
2025-08-09T02:14:56.7002767Z Get:7 http://azure.archive.ubuntu.com/ubuntu jammy-updates/main amd64 libgstreamer-plugins-base1.0-0 amd64 1.20.1-1ubuntu0.4 [848 kB]
2025-08-09T02:14:56.8684472Z Get:8 http://azure.archive.ubuntu.com/ubuntu jammy/main amd64 libopus0 amd64 1.3.1-0.1build2 [203 kB]
2025-08-09T02:14:56.9532670Z Get:9 http://azure.archive.ubuntu.com/ubuntu jammy/main amd64 libtheora0 amd64 1.1.1+dfsg.1-15ubuntu4 [209 kB]
2025-08-09T02:14:57.0371223Z Get:10 http://azure.archive.ubuntu.com/ubuntu jammy/main amd64 libvisual-0.4-0 amd64 0.4.0-17build2 [108 kB]
2025-08-09T02:14:57.1193402Z Get:11 http://azure.archive.ubuntu.com/ubuntu jammy/main amd64 libvorbisenc2 amd64 1.3.7-1build2 [82.6 kB]
2025-08-09T02:14:57.2005047Z Get:12 http://azure.archive.ubuntu.com/ubuntu jammy-updates/main amd64 gstreamer1.0-plugins-base amd64 1.20.1-1ubuntu0.4 [712 kB]
2025-08-09T02:14:57.3667768Z Get:13 http://azure.archive.ubuntu.com/ubuntu jammy/main amd64 libaa1 amd64 1.4p5-50build1 [51.9 kB]
2025-08-09T02:14:57.4478012Z Get:14 http://azure.archive.ubuntu.com/ubuntu jammy/main amd64 libraw1394-11 amd64 2.1.2-2build2 [27.0 kB]
2025-08-09T02:14:57.5275114Z Get:15 http://azure.archive.ubuntu.com/ubuntu jammy/main amd64 libavc1394-0 amd64 0.5.4-5build2 [17.0 kB]
2025-08-09T02:14:57.6076557Z Get:16 http://azure.archive.ubuntu.com/ubuntu jammy/main amd64 libcaca0 amd64 0.99.beta19-2.2ubuntu4 [224 kB]
2025-08-09T02:14:57.6921043Z Get:17 http://azure.archive.ubuntu.com/ubuntu jammy/main amd64 libdv4 amd64 1.0.0-14build1 [61.9 kB]
2025-08-09T02:14:57.7748737Z Get:18 http://azure.archive.ubuntu.com/ubuntu jammy-updates/main amd64 libflac8 amd64 1.3.3-2ubuntu0.2 [111 kB]
2025-08-09T02:14:57.8614306Z Get:19 http://azure.archive.ubuntu.com/ubuntu jammy-updates/main amd64 libgstreamer-plugins-good1.0-0 amd64 1.20.3-0ubuntu1.3 [30.1 kB]
2025-08-09T02:14:57.9427939Z Get:20 http://azure.archive.ubuntu.com/ubuntu jammy/main amd64 libiec61883-0 amd64 1.2.0-4build3 [25.9 kB]
2025-08-09T02:14:58.0242037Z Get:21 http://azure.archive.ubuntu.com/ubuntu jammy/main amd64 libsamplerate0 amd64 0.2.2-1build1 [1359 kB]
2025-08-09T02:14:58.2710552Z Get:22 http://azure.archive.ubuntu.com/ubuntu jammy/main amd64 libjack-jackd2-0 amd64 1.9.20~dfsg-1 [293 kB]
2025-08-09T02:14:58.3607069Z Get:23 http://azure.archive.ubuntu.com/ubuntu jammy/main amd64 libmp3lame0 amd64 3.100-3build2 [141 kB]
2025-08-09T02:14:58.4441549Z Get:24 http://azure.archive.ubuntu.com/ubuntu jammy-updates/main amd64 libmpg123-0 amd64 1.29.3-1ubuntu0.1 [172 kB]
2025-08-09T02:14:58.5275115Z Get:25 http://azure.archive.ubuntu.com/ubuntu jammy/main amd64 libasyncns0 amd64 0.8-6build2 [12.8 kB]
2025-08-09T02:14:58.6076457Z Get:26 http://azure.archive.ubuntu.com/ubuntu jammy-updates/main amd64 libsndfile1 amd64 1.0.31-2ubuntu0.2 [196 kB]
2025-08-09T02:14:58.6935502Z Get:27 http://azure.archive.ubuntu.com/ubuntu jammy-updates/main amd64 libpulse0 amd64 1:15.99.1+dfsg1-1ubuntu2.2 [298 kB]
2025-08-09T02:14:58.8651862Z Get:28 http://azure.archive.ubuntu.com/ubuntu jammy/main amd64 libspeex1 amd64 1.2~rc1.2-1.1ubuntu3 [57.9 kB]
2025-08-09T02:14:58.9457839Z Get:29 http://azure.archive.ubuntu.com/ubuntu jammy/main amd64 libshout3 amd64 2.4.5-1build3 [54.5 kB]
2025-08-09T02:14:59.0283426Z Get:30 http://azure.archive.ubuntu.com/ubuntu jammy/main amd64 libtag1v5-vanilla amd64 1.11.1+dfsg.1-3ubuntu3 [304 kB]
2025-08-09T02:14:59.1145116Z Get:31 http://azure.archive.ubuntu.com/ubuntu jammy/main amd64 libtag1v5 amd64 1.11.1+dfsg.1-3ubuntu3 [11.5 kB]
2025-08-09T02:14:59.1953302Z Get:32 http://azure.archive.ubuntu.com/ubuntu jammy/main amd64 libtwolame0 amd64 0.4.0-2build2 [52.5 kB]
2025-08-09T02:14:59.2773086Z Get:33 http://azure.archive.ubuntu.com/ubuntu jammy/main amd64 libv4lconvert0 amd64 1.22.1-2build1 [82.4 kB]
2025-08-09T02:14:59.3592795Z Get:34 http://azure.archive.ubuntu.com/ubuntu jammy/main amd64 libv4l-0 amd64 1.22.1-2build1 [44.9 kB]
2025-08-09T02:14:59.4406589Z Get:35 http://azure.archive.ubuntu.com/ubuntu jammy-updates/main amd64 libvpx7 amd64 1.11.0-2ubuntu2.4 [1078 kB]
2025-08-09T02:14:59.6822506Z Get:36 http://azure.archive.ubuntu.com/ubuntu jammy/main amd64 libwavpack1 amd64 5.4.0-1build2 [83.7 kB]
2025-08-09T02:14:59.7640804Z Get:37 http://azure.archive.ubuntu.com/ubuntu jammy-updates/main amd64 gstreamer1.0-plugins-good amd64 1.20.3-0ubuntu1.3 [2010 kB]
2025-08-09T02:15:00.0887642Z Get:38 http://azure.archive.ubuntu.com/ubuntu jammy/main amd64 libxv1 amd64 2:1.0.11-1build2 [11.2 kB]
2025-08-09T02:15:00.1698038Z Get:39 http://azure.archive.ubuntu.com/ubuntu jammy-updates/main amd64 gstreamer1.0-x amd64 1.20.1-1ubuntu0.4 [85.1 kB]
2025-08-09T02:15:00.2512615Z Get:40 http://azure.archive.ubuntu.com/ubuntu jammy/main amd64 libnl-route-3-200 amd64 3.5.0-0.1 [180 kB]
2025-08-09T02:15:00.3347687Z Get:41 http://azure.archive.ubuntu.com/ubuntu jammy/main amd64 libibverbs1 amd64 39.0-1 [69.3 kB]
2025-08-09T02:15:00.4160955Z Get:42 http://azure.archive.ubuntu.com/ubuntu jammy/main amd64 ibverbs-providers amd64 39.0-1 [341 kB]
2025-08-09T02:15:00.5743744Z Get:43 http://azure.archive.ubuntu.com/ubuntu jammy/main amd64 ipxe-qemu all 1.21.1+git-20220113.fbbdc3926-0ubuntu1 [1569 kB]
2025-08-09T02:15:00.8974151Z Get:44 http://azure.archive.ubuntu.com/ubuntu jammy/main amd64 ipxe-qemu-256k-compat-efi-roms all 1.0.0+git-20150424.a25a16d-0ubuntu4 [552 kB]
2025-08-09T02:15:01.0666575Z Get:45 http://azure.archive.ubuntu.com/ubuntu jammy/universe amd64 isolinux all 3:6.04~git20190206.bf6db5b4+dfsg1-3ubuntu1 [60.1 kB]
2025-08-09T02:15:01.1427431Z Get:46 http://azure.archive.ubuntu.com/ubuntu jammy/main amd64 libboost-iostreams1.74.0 amd64 1.74.0-14ubuntu3 [245 kB]
2025-08-09T02:15:01.2278518Z Get:47 http://azure.archive.ubuntu.com/ubuntu jammy/main amd64 libboost-thread1.74.0 amd64 1.74.0-14ubuntu3 [262 kB]
2025-08-09T02:15:01.3134631Z Get:48 http://azure.archive.ubuntu.com/ubuntu jammy-updates/main amd64 libbrlapi0.8 amd64 6.4-4ubuntu3 [28.7 kB]
2025-08-09T02:15:01.4016302Z Get:49 http://azure.archive.ubuntu.com/ubuntu jammy-updates/main amd64 libpcsclite1 amd64 1.9.5-3ubuntu1 [19.8 kB]
2025-08-09T02:15:01.4823335Z Get:50 http://azure.archive.ubuntu.com/ubuntu jammy/main amd64 libcacard0 amd64 1:2.8.0-3build2 [38.0 kB]
2025-08-09T02:15:01.5630992Z Get:51 http://azure.archive.ubuntu.com/ubuntu jammy/main amd64 libdaxctl1 amd64 72.1-1 [19.8 kB]
2025-08-09T02:15:01.6436998Z Get:52 http://azure.archive.ubuntu.com/ubuntu jammy/main amd64 libdecor-0-0 amd64 0.1.0-3build1 [15.1 kB]
2025-08-09T02:15:01.7243011Z Get:53 http://azure.archive.ubuntu.com/ubuntu jammy/main amd64 libdecor-0-plugin-1-cairo amd64 0.1.0-3build1 [20.4 kB]
2025-08-09T02:15:01.8071232Z Get:54 http://azure.archive.ubuntu.com/ubuntu jammy-updates/main amd64 libelf-dev amd64 0.186-1ubuntu0.1 [64.4 kB]
2025-08-09T02:15:01.8885243Z Get:55 http://azure.archive.ubuntu.com/ubuntu jammy-updates/main amd64 libgfxdr0 amd64 10.1-1ubuntu0.2 [22.3 kB]
2025-08-09T02:15:01.9699275Z Get:56 http://azure.archive.ubuntu.com/ubuntu jammy-updates/main amd64 libglusterfs0 amd64 10.1-1ubuntu0.2 [287 kB]
2025-08-09T02:15:02.1290266Z Get:57 http://azure.archive.ubuntu.com/ubuntu jammy-updates/main amd64 libgfrpc0 amd64 10.1-1ubuntu0.2 [47.1 kB]
2025-08-09T02:15:02.2095042Z Get:58 http://azure.archive.ubuntu.com/ubuntu jammy-updates/main amd64 libgfapi0 amd64 10.1-1ubuntu0.2 [77.3 kB]
2025-08-09T02:15:02.2905109Z Get:59 http://azure.archive.ubuntu.com/ubuntu jammy/main amd64 librdmacm1 amd64 39.0-1 [71.2 kB]
2025-08-09T02:15:02.3714230Z Get:60 http://azure.archive.ubuntu.com/ubuntu jammy/main amd64 libiscsi7 amd64 1.19.0-3build2 [70.6 kB]
2025-08-09T02:15:02.4526774Z Get:61 http://azure.archive.ubuntu.com/ubuntu jammy/universe amd64 liblinear4 amd64 2.3.0+dfsg-5 [41.4 kB]
2025-08-09T02:15:02.5452544Z Get:62 http://azure.archive.ubuntu.com/ubuntu jammy/main amd64 libndctl6 amd64 72.1-1 [57.7 kB]
2025-08-09T02:15:02.6264431Z Get:63 http://azure.archive.ubuntu.com/ubuntu jammy/main amd64 libpmem1 amd64 1.11.1-3build1 [81.4 kB]
2025-08-09T02:15:02.7073341Z Get:64 http://azure.archive.ubuntu.com/ubuntu jammy/main amd64 libpmemobj1 amd64 1.11.1-3build1 [124 kB]
2025-08-09T02:15:02.7894315Z Get:65 http://azure.archive.ubuntu.com/ubuntu jammy-updates/main amd64 librados2 amd64 17.2.7-0ubuntu0.22.04.2 [3594 kB]
2025-08-09T02:15:03.1944136Z Get:66 http://azure.archive.ubuntu.com/ubuntu jammy-updates/main amd64 librbd1 amd64 17.2.7-0ubuntu0.22.04.2 [3548 kB]
2025-08-09T02:15:03.6717281Z Get:67 http://azure.archive.ubuntu.com/ubuntu jammy-updates/main amd64 libsdl2-2.0-0 amd64 2.0.20+dfsg-2ubuntu1.22.04.1 [582 kB]
2025-08-09T02:15:03.8346220Z Get:68 http://azure.archive.ubuntu.com/ubuntu jammy/main amd64 libspice-server1 amd64 0.15.0-2ubuntu4 [351 kB]
2025-08-09T02:15:03.9934167Z Get:69 http://azure.archive.ubuntu.com/ubuntu jammy/main amd64 liburing2 amd64 2.1-2build1 [10.3 kB]
2025-08-09T02:15:04.0733702Z Get:70 http://azure.archive.ubuntu.com/ubuntu jammy/main amd64 libusbredirparser1 amd64 0.11.0-2build1 [15.9 kB]
2025-08-09T02:15:04.1578981Z Get:71 http://azure.archive.ubuntu.com/ubuntu jammy/main amd64 libvirglrenderer1 amd64 0.9.1-1~exp1ubuntu2 [188 kB]
2025-08-09T02:15:04.2424811Z Get:72 http://azure.archive.ubuntu.com/ubuntu jammy-updates/main amd64 libvte-2.91-common amd64 0.68.0-1ubuntu0.1 [9408 B]
2025-08-09T02:15:04.3228002Z Get:73 http://azure.archive.ubuntu.com/ubuntu jammy-updates/main amd64 libvte-2.91-0 amd64 0.68.0-1ubuntu0.1 [214 kB]
2025-08-09T02:15:04.4069780Z Get:74 http://azure.archive.ubuntu.com/ubuntu jammy-updates/main amd64 debootstrap all 1.0.126+nmu1ubuntu0.8 [40.6 kB]
2025-08-09T02:15:04.4887649Z Get:75 http://azure.archive.ubuntu.com/ubuntu jammy-updates/main amd64 live-build all 3.0~a57-1ubuntu41.22.04.1 [132 kB]
2025-08-09T02:15:04.5726294Z Get:76 http://azure.archive.ubuntu.com/ubuntu jammy/universe amd64 lua-lpeg amd64 1.0.2-1 [31.4 kB]
2025-08-09T02:15:04.6555837Z Get:77 http://azure.archive.ubuntu.com/ubuntu jammy/main amd64 mtools amd64 4.0.33-1+really4.0.32-1build1 [201 kB]
2025-08-09T02:15:04.7407183Z Get:78 http://azure.archive.ubuntu.com/ubuntu jammy-updates/universe amd64 nmap-common all 7.91+dfsg1+really7.80+dfsg1-2ubuntu0.1 [3940 kB]
2025-08-09T02:15:05.1477796Z Get:79 http://azure.archive.ubuntu.com/ubuntu jammy/main amd64 pv amd64 1.6.6-1build2 [44.5 kB]
2025-08-09T02:15:05.2292098Z Get:80 http://azure.archive.ubuntu.com/ubuntu jammy/main amd64 libfdt1 amd64 1.6.1-1 [20.0 kB]
2025-08-09T02:15:05.3096499Z Get:81 http://azure.archive.ubuntu.com/ubuntu jammy-updates/main amd64 qemu-system-common amd64 1:6.2+dfsg-2ubuntu6.26 [2047 kB]
2025-08-09T02:15:05.6242074Z Get:82 http://azure.archive.ubuntu.com/ubuntu jammy-updates/main amd64 qemu-system-data all 1:6.2+dfsg-2ubuntu6.26 [1430 kB]
2025-08-09T02:15:05.8720427Z Get:83 http://azure.archive.ubuntu.com/ubuntu jammy/main amd64 seabios all 1.15.0-1 [174 kB]
2025-08-09T02:15:05.9550633Z Get:84 http://azure.archive.ubuntu.com/ubuntu jammy-updates/main amd64 qemu-system-x86 amd64 1:6.2+dfsg-2ubuntu6.26 [10.1 MB]
2025-08-09T02:15:06.6968246Z Get:85 http://azure.archive.ubuntu.com/ubuntu jammy-updates/main amd64 qemu-utils amd64 1:6.2+dfsg-2ubuntu6.26 [1527 kB]
2025-08-09T02:15:07.0109580Z Get:86 http://azure.archive.ubuntu.com/ubuntu jammy-updates/main amd64 qemu-block-extra amd64 1:6.2+dfsg-2ubuntu6.26 [68.2 kB]
2025-08-09T02:15:07.0926579Z Get:87 http://azure.archive.ubuntu.com/ubuntu jammy-updates/main amd64 qemu-system-gui amd64 1:6.2+dfsg-2ubuntu6.26 [220 kB]
2025-08-09T02:15:07.1775152Z Get:88 http://azure.archive.ubuntu.com/ubuntu jammy/main amd64 syslinux-common all 3:6.04~git20190206.bf6db5b4+dfsg1-3ubuntu1 [1271 kB]
2025-08-09T02:15:07.4236155Z Get:89 http://azure.archive.ubuntu.com/ubuntu jammy/universe amd64 syslinux-utils amd64 3:6.04~git20190206.bf6db5b4+dfsg1-3ubuntu1 [50.9 kB]
2025-08-09T02:15:07.5045094Z Get:90 http://azure.archive.ubuntu.com/ubuntu jammy-updates/universe amd64 nmap amd64 7.91+dfsg1+really7.80+dfsg1-2ubuntu0.1 [1731 kB]
2025-08-09T02:15:07.8207893Z Get:91 http://azure.archive.ubuntu.com/ubuntu jammy-updates/main amd64 ovmf all 2022.02-3ubuntu0.22.04.3 [7561 kB]
2025-08-09T02:15:08.7968641Z Fetched 53.2 MB in 12s (4328 kB/s)
2025-08-09T02:15:08.8209279Z Selecting previously unselected package msr-tools.
2025-08-09T02:15:08.8491573Z (Reading database ... 
2025-08-09T02:15:08.8491989Z (Reading database ... 5%
2025-08-09T02:15:08.8492615Z (Reading database ... 10%
2025-08-09T02:15:08.8492922Z (Reading database ... 15%
2025-08-09T02:15:08.8493263Z (Reading database ... 20%
2025-08-09T02:15:08.8493685Z (Reading database ... 25%
2025-08-09T02:15:08.8494083Z (Reading database ... 30%
2025-08-09T02:15:08.8494542Z (Reading database ... 35%
2025-08-09T02:15:08.8494985Z (Reading database ... 40%
2025-08-09T02:15:08.8495407Z (Reading database ... 45%
2025-08-09T02:15:08.8495691Z (Reading database ... 50%
2025-08-09T02:15:08.8887290Z (Reading database ... 55%
2025-08-09T02:15:08.9240416Z (Reading database ... 60%
2025-08-09T02:15:08.9564058Z (Reading database ... 65%
2025-08-09T02:15:08.9932614Z (Reading database ... 70%
2025-08-09T02:15:09.0529990Z (Reading database ... 75%
2025-08-09T02:15:09.0941697Z (Reading database ... 80%
2025-08-09T02:15:09.1673862Z (Reading database ... 85%
2025-08-09T02:15:09.2115181Z (Reading database ... 90%
2025-08-09T02:15:09.2623204Z (Reading database ... 95%
2025-08-09T02:15:09.2623577Z (Reading database ... 100%
2025-08-09T02:15:09.2624177Z (Reading database ... 267991 files and directories currently installed.)
2025-08-09T02:15:09.2676835Z Preparing to unpack .../00-msr-tools_1.3-4_amd64.deb ...
2025-08-09T02:15:09.2707350Z Unpacking msr-tools (1.3-4) ...
2025-08-09T02:15:09.2960539Z Selecting previously unselected package cpu-checker.
2025-08-09T02:15:09.3120407Z Preparing to unpack .../01-cpu-checker_0.7-1.3build1_amd64.deb ...
2025-08-09T02:15:09.3128852Z Unpacking cpu-checker (0.7-1.3build1) ...
2025-08-09T02:15:09.3352583Z Selecting previously unselected package genisoimage.
2025-08-09T02:15:09.3511570Z Preparing to unpack .../02-genisoimage_9%3a1.1.11-3.2ubuntu1_amd64.deb ...
2025-08-09T02:15:09.3519904Z Unpacking genisoimage (9:1.1.11-3.2ubuntu1) ...
2025-08-09T02:15:09.3890739Z Selecting previously unselected package libcdparanoia0:amd64.
2025-08-09T02:15:09.4053265Z Preparing to unpack .../03-libcdparanoia0_3.10.2+debian-14build2_amd64.deb ...
2025-08-09T02:15:09.4075633Z Unpacking libcdparanoia0:amd64 (3.10.2+debian-14build2) ...
2025-08-09T02:15:09.4310770Z Selecting previously unselected package liborc-0.4-0:amd64.
2025-08-09T02:15:09.4471225Z Preparing to unpack .../04-liborc-0.4-0_1%3a0.4.32-2ubuntu0.1_amd64.deb ...
2025-08-09T02:15:09.4479660Z Unpacking liborc-0.4-0:amd64 (1:0.4.32-2ubuntu0.1) ...
2025-08-09T02:15:09.4801379Z Selecting previously unselected package libgstreamer-plugins-base1.0-0:amd64.
2025-08-09T02:15:09.4963496Z Preparing to unpack .../05-libgstreamer-plugins-base1.0-0_1.20.1-1ubuntu0.4_amd64.deb ...
2025-08-09T02:15:09.4977854Z Unpacking libgstreamer-plugins-base1.0-0:amd64 (1.20.1-1ubuntu0.4) ...
2025-08-09T02:15:09.5312949Z Selecting previously unselected package libopus0:amd64.
2025-08-09T02:15:09.5478201Z Preparing to unpack .../06-libopus0_1.3.1-0.1build2_amd64.deb ...
2025-08-09T02:15:09.5488556Z Unpacking libopus0:amd64 (1.3.1-0.1build2) ...
2025-08-09T02:15:09.5727254Z Selecting previously unselected package libtheora0:amd64.
2025-08-09T02:15:09.5889496Z Preparing to unpack .../07-libtheora0_1.1.1+dfsg.1-15ubuntu4_amd64.deb ...
2025-08-09T02:15:09.5901395Z Unpacking libtheora0:amd64 (1.1.1+dfsg.1-15ubuntu4) ...
2025-08-09T02:15:09.6173976Z Selecting previously unselected package libvisual-0.4-0:amd64.
2025-08-09T02:15:09.6331314Z Preparing to unpack .../08-libvisual-0.4-0_0.4.0-17build2_amd64.deb ...
2025-08-09T02:15:09.6342154Z Unpacking libvisual-0.4-0:amd64 (0.4.0-17build2) ...
2025-08-09T02:15:09.6581255Z Selecting previously unselected package libvorbisenc2:amd64.
2025-08-09T02:15:09.6742916Z Preparing to unpack .../09-libvorbisenc2_1.3.7-1build2_amd64.deb ...
2025-08-09T02:15:09.6750426Z Unpacking libvorbisenc2:amd64 (1.3.7-1build2) ...
2025-08-09T02:15:09.6986698Z Selecting previously unselected package gstreamer1.0-plugins-base:amd64.
2025-08-09T02:15:09.7146382Z Preparing to unpack .../10-gstreamer1.0-plugins-base_1.20.1-1ubuntu0.4_amd64.deb ...
2025-08-09T02:15:09.7169331Z Unpacking gstreamer1.0-plugins-base:amd64 (1.20.1-1ubuntu0.4) ...
2025-08-09T02:15:09.7501807Z Selecting previously unselected package libaa1:amd64.
2025-08-09T02:15:09.7660946Z Preparing to unpack .../11-libaa1_1.4p5-50build1_amd64.deb ...
2025-08-09T02:15:09.7670891Z Unpacking libaa1:amd64 (1.4p5-50build1) ...
2025-08-09T02:15:09.7892949Z Selecting previously unselected package libraw1394-11:amd64.
2025-08-09T02:15:09.8054056Z Preparing to unpack .../12-libraw1394-11_2.1.2-2build2_amd64.deb ...
2025-08-09T02:15:09.8065947Z Unpacking libraw1394-11:amd64 (2.1.2-2build2) ...
2025-08-09T02:15:09.8312725Z Selecting previously unselected package libavc1394-0:amd64.
2025-08-09T02:15:09.8472819Z Preparing to unpack .../13-libavc1394-0_0.5.4-5build2_amd64.deb ...
2025-08-09T02:15:09.8481840Z Unpacking libavc1394-0:amd64 (0.5.4-5build2) ...
2025-08-09T02:15:09.8696375Z Selecting previously unselected package libcaca0:amd64.
2025-08-09T02:15:09.8855227Z Preparing to unpack .../14-libcaca0_0.99.beta19-2.2ubuntu4_amd64.deb ...
2025-08-09T02:15:09.8863263Z Unpacking libcaca0:amd64 (0.99.beta19-2.2ubuntu4) ...
2025-08-09T02:15:09.9107797Z Selecting previously unselected package libdv4:amd64.
2025-08-09T02:15:09.9267194Z Preparing to unpack .../15-libdv4_1.0.0-14build1_amd64.deb ...
2025-08-09T02:15:09.9276069Z Unpacking libdv4:amd64 (1.0.0-14build1) ...
2025-08-09T02:15:09.9509162Z Selecting previously unselected package libflac8:amd64.
2025-08-09T02:15:09.9673005Z Preparing to unpack .../16-libflac8_1.3.3-2ubuntu0.2_amd64.deb ...
2025-08-09T02:15:09.9681726Z Unpacking libflac8:amd64 (1.3.3-2ubuntu0.2) ...
2025-08-09T02:15:09.9905567Z Selecting previously unselected package libgstreamer-plugins-good1.0-0:amd64.
2025-08-09T02:15:10.0069458Z Preparing to unpack .../17-libgstreamer-plugins-good1.0-0_1.20.3-0ubuntu1.3_amd64.deb ...
2025-08-09T02:15:10.0078128Z Unpacking libgstreamer-plugins-good1.0-0:amd64 (1.20.3-0ubuntu1.3) ...
2025-08-09T02:15:10.0295901Z Selecting previously unselected package libiec61883-0:amd64.
2025-08-09T02:15:10.0460343Z Preparing to unpack .../18-libiec61883-0_1.2.0-4build3_amd64.deb ...
2025-08-09T02:15:10.0469308Z Unpacking libiec61883-0:amd64 (1.2.0-4build3) ...
2025-08-09T02:15:10.0716791Z Selecting previously unselected package libsamplerate0:amd64.
2025-08-09T02:15:10.0881812Z Preparing to unpack .../19-libsamplerate0_0.2.2-1build1_amd64.deb ...
2025-08-09T02:15:10.0891160Z Unpacking libsamplerate0:amd64 (0.2.2-1build1) ...
2025-08-09T02:15:10.1174103Z Selecting previously unselected package libjack-jackd2-0:amd64.
2025-08-09T02:15:10.1340748Z Preparing to unpack .../20-libjack-jackd2-0_1.9.20~dfsg-1_amd64.deb ...
2025-08-09T02:15:10.1349853Z Unpacking libjack-jackd2-0:amd64 (1.9.20~dfsg-1) ...
2025-08-09T02:15:10.1618297Z Selecting previously unselected package libmp3lame0:amd64.
2025-08-09T02:15:10.1779937Z Preparing to unpack .../21-libmp3lame0_3.100-3build2_amd64.deb ...
2025-08-09T02:15:10.1791810Z Unpacking libmp3lame0:amd64 (3.100-3build2) ...
2025-08-09T02:15:10.2030661Z Selecting previously unselected package libmpg123-0:amd64.
2025-08-09T02:15:10.2194358Z Preparing to unpack .../22-libmpg123-0_1.29.3-1ubuntu0.1_amd64.deb ...
2025-08-09T02:15:10.2210613Z Unpacking libmpg123-0:amd64 (1.29.3-1ubuntu0.1) ...
2025-08-09T02:15:10.2459875Z Selecting previously unselected package libasyncns0:amd64.
2025-08-09T02:15:10.2623936Z Preparing to unpack .../23-libasyncns0_0.8-6build2_amd64.deb ...
2025-08-09T02:15:10.2632079Z Unpacking libasyncns0:amd64 (0.8-6build2) ...
2025-08-09T02:15:10.2847153Z Selecting previously unselected package libsndfile1:amd64.
2025-08-09T02:15:10.3010288Z Preparing to unpack .../24-libsndfile1_1.0.31-2ubuntu0.2_amd64.deb ...
2025-08-09T02:15:10.3025650Z Unpacking libsndfile1:amd64 (1.0.31-2ubuntu0.2) ...
2025-08-09T02:15:10.3297985Z Selecting previously unselected package libpulse0:amd64.
2025-08-09T02:15:10.3461973Z Preparing to unpack .../25-libpulse0_1%3a15.99.1+dfsg1-1ubuntu2.2_amd64.deb ...
2025-08-09T02:15:10.3534966Z Unpacking libpulse0:amd64 (1:15.99.1+dfsg1-1ubuntu2.2) ...
2025-08-09T02:15:10.3800916Z Selecting previously unselected package libspeex1:amd64.
2025-08-09T02:15:10.3966287Z Preparing to unpack .../26-libspeex1_1.2~rc1.2-1.1ubuntu3_amd64.deb ...
2025-08-09T02:15:10.3977912Z Unpacking libspeex1:amd64 (1.2~rc1.2-1.1ubuntu3) ...
2025-08-09T02:15:10.4203351Z Selecting previously unselected package libshout3:amd64.
2025-08-09T02:15:10.4367031Z Preparing to unpack .../27-libshout3_2.4.5-1build3_amd64.deb ...
2025-08-09T02:15:10.4379029Z Unpacking libshout3:amd64 (2.4.5-1build3) ...
2025-08-09T02:15:10.4597604Z Selecting previously unselected package libtag1v5-vanilla:amd64.
2025-08-09T02:15:10.4760231Z Preparing to unpack .../28-libtag1v5-vanilla_1.11.1+dfsg.1-3ubuntu3_amd64.deb ...
2025-08-09T02:15:10.4769050Z Unpacking libtag1v5-vanilla:amd64 (1.11.1+dfsg.1-3ubuntu3) ...
2025-08-09T02:15:10.5007129Z Selecting previously unselected package libtag1v5:amd64.
2025-08-09T02:15:10.5169723Z Preparing to unpack .../29-libtag1v5_1.11.1+dfsg.1-3ubuntu3_amd64.deb ...
2025-08-09T02:15:10.5179743Z Unpacking libtag1v5:amd64 (1.11.1+dfsg.1-3ubuntu3) ...
2025-08-09T02:15:10.5389277Z Selecting previously unselected package libtwolame0:amd64.
2025-08-09T02:15:10.5562995Z Preparing to unpack .../30-libtwolame0_0.4.0-2build2_amd64.deb ...
2025-08-09T02:15:10.5571468Z Unpacking libtwolame0:amd64 (0.4.0-2build2) ...
2025-08-09T02:15:10.5781353Z Selecting previously unselected package libv4lconvert0:amd64.
2025-08-09T02:15:10.5942931Z Preparing to unpack .../31-libv4lconvert0_1.22.1-2build1_amd64.deb ...
2025-08-09T02:15:10.5951909Z Unpacking libv4lconvert0:amd64 (1.22.1-2build1) ...
2025-08-09T02:15:10.6175695Z Selecting previously unselected package libv4l-0:amd64.
2025-08-09T02:15:10.6336796Z Preparing to unpack .../32-libv4l-0_1.22.1-2build1_amd64.deb ...
2025-08-09T02:15:10.6345200Z Unpacking libv4l-0:amd64 (1.22.1-2build1) ...
2025-08-09T02:15:10.6574886Z Selecting previously unselected package libvpx7:amd64.
2025-08-09T02:15:10.6738744Z Preparing to unpack .../33-libvpx7_1.11.0-2ubuntu2.4_amd64.deb ...
2025-08-09T02:15:10.6747993Z Unpacking libvpx7:amd64 (1.11.0-2ubuntu2.4) ...
2025-08-09T02:15:10.7111372Z Selecting previously unselected package libwavpack1:amd64.
2025-08-09T02:15:10.7276007Z Preparing to unpack .../34-libwavpack1_5.4.0-1build2_amd64.deb ...
2025-08-09T02:15:10.7286212Z Unpacking libwavpack1:amd64 (5.4.0-1build2) ...
2025-08-09T02:15:10.7507337Z Selecting previously unselected package gstreamer1.0-plugins-good:amd64.
2025-08-09T02:15:10.7668015Z Preparing to unpack .../35-gstreamer1.0-plugins-good_1.20.3-0ubuntu1.3_amd64.deb ...
2025-08-09T02:15:10.7678025Z Unpacking gstreamer1.0-plugins-good:amd64 (1.20.3-0ubuntu1.3) ...
2025-08-09T02:15:10.8247021Z Selecting previously unselected package libxv1:amd64.
2025-08-09T02:15:10.8416561Z Preparing to unpack .../36-libxv1_2%3a1.0.11-1build2_amd64.deb ...
2025-08-09T02:15:10.8424942Z Unpacking libxv1:amd64 (2:1.0.11-1build2) ...
2025-08-09T02:15:10.8638447Z Selecting previously unselected package gstreamer1.0-x:amd64.
2025-08-09T02:15:10.8802482Z Preparing to unpack .../37-gstreamer1.0-x_1.20.1-1ubuntu0.4_amd64.deb ...
2025-08-09T02:15:10.8813900Z Unpacking gstreamer1.0-x:amd64 (1.20.1-1ubuntu0.4) ...
2025-08-09T02:15:10.9046604Z Selecting previously unselected package libnl-route-3-200:amd64.
2025-08-09T02:15:10.9209297Z Preparing to unpack .../38-libnl-route-3-200_3.5.0-0.1_amd64.deb ...
2025-08-09T02:15:10.9217820Z Unpacking libnl-route-3-200:amd64 (3.5.0-0.1) ...
2025-08-09T02:15:10.9488553Z Selecting previously unselected package libibverbs1:amd64.
2025-08-09T02:15:10.9653730Z Preparing to unpack .../39-libibverbs1_39.0-1_amd64.deb ...
2025-08-09T02:15:10.9664815Z Unpacking libibverbs1:amd64 (39.0-1) ...
2025-08-09T02:15:10.9935267Z Selecting previously unselected package ibverbs-providers:amd64.
2025-08-09T02:15:11.0100154Z Preparing to unpack .../40-ibverbs-providers_39.0-1_amd64.deb ...
2025-08-09T02:15:11.0225745Z Unpacking ibverbs-providers:amd64 (39.0-1) ...
2025-08-09T02:15:11.0534873Z Selecting previously unselected package ipxe-qemu.
2025-08-09T02:15:11.0698006Z Preparing to unpack .../41-ipxe-qemu_1.21.1+git-20220113.fbbdc3926-0ubuntu1_all.deb ...
2025-08-09T02:15:11.0707915Z Unpacking ipxe-qemu (1.21.1+git-20220113.fbbdc3926-0ubuntu1) ...
2025-08-09T02:15:11.1099717Z Selecting previously unselected package ipxe-qemu-256k-compat-efi-roms.
2025-08-09T02:15:11.1263696Z Preparing to unpack .../42-ipxe-qemu-256k-compat-efi-roms_1.0.0+git-20150424.a25a16d-0ubuntu4_all.deb ...
2025-08-09T02:15:11.1272591Z Unpacking ipxe-qemu-256k-compat-efi-roms (1.0.0+git-20150424.a25a16d-0ubuntu4) ...
2025-08-09T02:15:11.1806012Z Selecting previously unselected package isolinux.
2025-08-09T02:15:11.1971868Z Preparing to unpack .../43-isolinux_3%3a6.04~git20190206.bf6db5b4+dfsg1-3ubuntu1_all.deb ...
2025-08-09T02:15:11.1982083Z Unpacking isolinux (3:6.04~git20190206.bf6db5b4+dfsg1-3ubuntu1) ...
2025-08-09T02:15:11.2224448Z Selecting previously unselected package libboost-iostreams1.74.0:amd64.
2025-08-09T02:15:11.2388012Z Preparing to unpack .../44-libboost-iostreams1.74.0_1.74.0-14ubuntu3_amd64.deb ...
2025-08-09T02:15:11.2397691Z Unpacking libboost-iostreams1.74.0:amd64 (1.74.0-14ubuntu3) ...
2025-08-09T02:15:11.2683180Z Selecting previously unselected package libboost-thread1.74.0:amd64.
2025-08-09T02:15:11.2845773Z Preparing to unpack .../45-libboost-thread1.74.0_1.74.0-14ubuntu3_amd64.deb ...
2025-08-09T02:15:11.2860768Z Unpacking libboost-thread1.74.0:amd64 (1.74.0-14ubuntu3) ...
2025-08-09T02:15:11.3161364Z Selecting previously unselected package libbrlapi0.8:amd64.
2025-08-09T02:15:11.3324515Z Preparing to unpack .../46-libbrlapi0.8_6.4-4ubuntu3_amd64.deb ...
2025-08-09T02:15:11.3335431Z Unpacking libbrlapi0.8:amd64 (6.4-4ubuntu3) ...
2025-08-09T02:15:11.3561784Z Selecting previously unselected package libpcsclite1:amd64.
2025-08-09T02:15:11.3724398Z Preparing to unpack .../47-libpcsclite1_1.9.5-3ubuntu1_amd64.deb ...
2025-08-09T02:15:11.3734426Z Unpacking libpcsclite1:amd64 (1.9.5-3ubuntu1) ...
2025-08-09T02:15:11.3966311Z Selecting previously unselected package libcacard0:amd64.
2025-08-09T02:15:11.4132526Z Preparing to unpack .../48-libcacard0_1%3a2.8.0-3build2_amd64.deb ...
2025-08-09T02:15:11.4145275Z Unpacking libcacard0:amd64 (1:2.8.0-3build2) ...
2025-08-09T02:15:11.4377602Z Selecting previously unselected package libdaxctl1:amd64.
2025-08-09T02:15:11.4543188Z Preparing to unpack .../49-libdaxctl1_72.1-1_amd64.deb ...
2025-08-09T02:15:11.4552420Z Unpacking libdaxctl1:amd64 (72.1-1) ...
2025-08-09T02:15:11.4780933Z Selecting previously unselected package libdecor-0-0:amd64.
2025-08-09T02:15:11.4945959Z Preparing to unpack .../50-libdecor-0-0_0.1.0-3build1_amd64.deb ...
2025-08-09T02:15:11.4957604Z Unpacking libdecor-0-0:amd64 (0.1.0-3build1) ...
2025-08-09T02:15:11.5166445Z Selecting previously unselected package libdecor-0-plugin-1-cairo:amd64.
2025-08-09T02:15:11.5330965Z Preparing to unpack .../51-libdecor-0-plugin-1-cairo_0.1.0-3build1_amd64.deb ...
2025-08-09T02:15:11.5339231Z Unpacking libdecor-0-plugin-1-cairo:amd64 (0.1.0-3build1) ...
2025-08-09T02:15:11.5558595Z Selecting previously unselected package libelf-dev:amd64.
2025-08-09T02:15:11.5722834Z Preparing to unpack .../52-libelf-dev_0.186-1ubuntu0.1_amd64.deb ...
2025-08-09T02:15:11.5731988Z Unpacking libelf-dev:amd64 (0.186-1ubuntu0.1) ...
2025-08-09T02:15:11.6047522Z Selecting previously unselected package libgfxdr0:amd64.
2025-08-09T02:15:11.6210081Z Preparing to unpack .../53-libgfxdr0_10.1-1ubuntu0.2_amd64.deb ...
2025-08-09T02:15:11.6220463Z Unpacking libgfxdr0:amd64 (10.1-1ubuntu0.2) ...
2025-08-09T02:15:11.6461462Z Selecting previously unselected package libglusterfs0:amd64.
2025-08-09T02:15:11.6623465Z Preparing to unpack .../54-libglusterfs0_10.1-1ubuntu0.2_amd64.deb ...
2025-08-09T02:15:11.6635405Z Unpacking libglusterfs0:amd64 (10.1-1ubuntu0.2) ...
2025-08-09T02:15:11.6897736Z Selecting previously unselected package libgfrpc0:amd64.
2025-08-09T02:15:11.7063286Z Preparing to unpack .../55-libgfrpc0_10.1-1ubuntu0.2_amd64.deb ...
2025-08-09T02:15:11.7077960Z Unpacking libgfrpc0:amd64 (10.1-1ubuntu0.2) ...
2025-08-09T02:15:11.7307505Z Selecting previously unselected package libgfapi0:amd64.
2025-08-09T02:15:11.7470315Z Preparing to unpack .../56-libgfapi0_10.1-1ubuntu0.2_amd64.deb ...
2025-08-09T02:15:11.7482731Z Unpacking libgfapi0:amd64 (10.1-1ubuntu0.2) ...
2025-08-09T02:15:11.7726733Z Selecting previously unselected package librdmacm1:amd64.
2025-08-09T02:15:11.7890842Z Preparing to unpack .../57-librdmacm1_39.0-1_amd64.deb ...
2025-08-09T02:15:11.7900181Z Unpacking librdmacm1:amd64 (39.0-1) ...
2025-08-09T02:15:11.8138685Z Selecting previously unselected package libiscsi7:amd64.
2025-08-09T02:15:11.8301302Z Preparing to unpack .../58-libiscsi7_1.19.0-3build2_amd64.deb ...
2025-08-09T02:15:11.8319759Z Unpacking libiscsi7:amd64 (1.19.0-3build2) ...
2025-08-09T02:15:11.8547170Z Selecting previously unselected package liblinear4:amd64.
2025-08-09T02:15:11.8711208Z Preparing to unpack .../59-liblinear4_2.3.0+dfsg-5_amd64.deb ...
2025-08-09T02:15:11.8734451Z Unpacking liblinear4:amd64 (2.3.0+dfsg-5) ...
2025-08-09T02:15:11.8985741Z Selecting previously unselected package libndctl6:amd64.
2025-08-09T02:15:11.9150037Z Preparing to unpack .../60-libndctl6_72.1-1_amd64.deb ...
2025-08-09T02:15:11.9160101Z Unpacking libndctl6:amd64 (72.1-1) ...
2025-08-09T02:15:11.9387338Z Selecting previously unselected package libpmem1:amd64.
2025-08-09T02:15:11.9551871Z Preparing to unpack .../61-libpmem1_1.11.1-3build1_amd64.deb ...
2025-08-09T02:15:11.9564497Z Unpacking libpmem1:amd64 (1.11.1-3build1) ...
2025-08-09T02:15:11.9826773Z Selecting previously unselected package libpmemobj1:amd64.
2025-08-09T02:15:11.9989645Z Preparing to unpack .../62-libpmemobj1_1.11.1-3build1_amd64.deb ...
2025-08-09T02:15:12.0000891Z Unpacking libpmemobj1:amd64 (1.11.1-3build1) ...
2025-08-09T02:15:12.0273745Z Selecting previously unselected package librados2.
2025-08-09T02:15:12.0439625Z Preparing to unpack .../63-librados2_17.2.7-0ubuntu0.22.04.2_amd64.deb ...
2025-08-09T02:15:12.0455164Z Unpacking librados2 (17.2.7-0ubuntu0.22.04.2) ...
2025-08-09T02:15:12.1121697Z Selecting previously unselected package librbd1.
2025-08-09T02:15:12.1284614Z Preparing to unpack .../64-librbd1_17.2.7-0ubuntu0.22.04.2_amd64.deb ...
2025-08-09T02:15:12.1294529Z Unpacking librbd1 (17.2.7-0ubuntu0.22.04.2) ...
2025-08-09T02:15:12.1987131Z Selecting previously unselected package libsdl2-2.0-0:amd64.
2025-08-09T02:15:12.2152898Z Preparing to unpack .../65-libsdl2-2.0-0_2.0.20+dfsg-2ubuntu1.22.04.1_amd64.deb ...
2025-08-09T02:15:12.2164285Z Unpacking libsdl2-2.0-0:amd64 (2.0.20+dfsg-2ubuntu1.22.04.1) ...
2025-08-09T02:15:12.2486527Z Selecting previously unselected package libspice-server1:amd64.
2025-08-09T02:15:12.2650768Z Preparing to unpack .../66-libspice-server1_0.15.0-2ubuntu4_amd64.deb ...
2025-08-09T02:15:12.2665010Z Unpacking libspice-server1:amd64 (0.15.0-2ubuntu4) ...
2025-08-09T02:15:12.2945649Z Selecting previously unselected package liburing2:amd64.
2025-08-09T02:15:12.3108226Z Preparing to unpack .../67-liburing2_2.1-2build1_amd64.deb ...
2025-08-09T02:15:12.3118538Z Unpacking liburing2:amd64 (2.1-2build1) ...
2025-08-09T02:15:12.3362758Z Selecting previously unselected package libusbredirparser1:amd64.
2025-08-09T02:15:12.3520608Z Preparing to unpack .../68-libusbredirparser1_0.11.0-2build1_amd64.deb ...
2025-08-09T02:15:12.3530315Z Unpacking libusbredirparser1:amd64 (0.11.0-2build1) ...
2025-08-09T02:15:12.3764880Z Selecting previously unselected package libvirglrenderer1:amd64.
2025-08-09T02:15:12.3923766Z Preparing to unpack .../69-libvirglrenderer1_0.9.1-1~exp1ubuntu2_amd64.deb ...
2025-08-09T02:15:12.3936945Z Unpacking libvirglrenderer1:amd64 (0.9.1-1~exp1ubuntu2) ...
2025-08-09T02:15:12.4179423Z Selecting previously unselected package libvte-2.91-common.
2025-08-09T02:15:12.4337037Z Preparing to unpack .../70-libvte-2.91-common_0.68.0-1ubuntu0.1_amd64.deb ...
2025-08-09T02:15:12.4354496Z Unpacking libvte-2.91-common (0.68.0-1ubuntu0.1) ...
2025-08-09T02:15:12.4594900Z Selecting previously unselected package libvte-2.91-0:amd64.
2025-08-09T02:15:12.4753897Z Preparing to unpack .../71-libvte-2.91-0_0.68.0-1ubuntu0.1_amd64.deb ...
2025-08-09T02:15:12.4762940Z Unpacking libvte-2.91-0:amd64 (0.68.0-1ubuntu0.1) ...
2025-08-09T02:15:12.5011724Z Selecting previously unselected package debootstrap.
2025-08-09T02:15:12.5171369Z Preparing to unpack .../72-debootstrap_1.0.126+nmu1ubuntu0.8_all.deb ...
2025-08-09T02:15:12.5185474Z Unpacking debootstrap (1.0.126+nmu1ubuntu0.8) ...
2025-08-09T02:15:12.5487023Z Selecting previously unselected package live-build.
2025-08-09T02:15:12.5648925Z Preparing to unpack .../73-live-build_3.0~a57-1ubuntu41.22.04.1_all.deb ...
2025-08-09T02:15:12.5659540Z Unpacking live-build (3.0~a57-1ubuntu41.22.04.1) ...
2025-08-09T02:15:12.6406782Z Selecting previously unselected package lua-lpeg:amd64.
2025-08-09T02:15:12.6570908Z Preparing to unpack .../74-lua-lpeg_1.0.2-1_amd64.deb ...
2025-08-09T02:15:12.6584486Z Unpacking lua-lpeg:amd64 (1.0.2-1) ...
2025-08-09T02:15:12.6836250Z Selecting previously unselected package mtools.
2025-08-09T02:15:12.6996013Z Preparing to unpack .../75-mtools_4.0.33-1+really4.0.32-1build1_amd64.deb ...
2025-08-09T02:15:12.7004642Z Unpacking mtools (4.0.33-1+really4.0.32-1build1) ...
2025-08-09T02:15:12.7475025Z Selecting previously unselected package nmap-common.
2025-08-09T02:15:12.7638615Z Preparing to unpack .../76-nmap-common_7.91+dfsg1+really7.80+dfsg1-2ubuntu0.1_all.deb ...
2025-08-09T02:15:12.7647421Z Unpacking nmap-common (7.91+dfsg1+really7.80+dfsg1-2ubuntu0.1) ...
2025-08-09T02:15:12.9597503Z Selecting previously unselected package pv.
2025-08-09T02:15:12.9764823Z Preparing to unpack .../77-pv_1.6.6-1build2_amd64.deb ...
2025-08-09T02:15:12.9773342Z Unpacking pv (1.6.6-1build2) ...
2025-08-09T02:15:13.0012537Z Selecting previously unselected package libfdt1:amd64.
2025-08-09T02:15:13.0176895Z Preparing to unpack .../78-libfdt1_1.6.1-1_amd64.deb ...
2025-08-09T02:15:13.0186451Z Unpacking libfdt1:amd64 (1.6.1-1) ...
2025-08-09T02:15:13.0439014Z Selecting previously unselected package qemu-system-common.
2025-08-09T02:15:13.0602813Z Preparing to unpack .../79-qemu-system-common_1%3a6.2+dfsg-2ubuntu6.26_amd64.deb ...
2025-08-09T02:15:13.0615250Z Unpacking qemu-system-common (1:6.2+dfsg-2ubuntu6.26) ...
2025-08-09T02:15:13.1386363Z Selecting previously unselected package qemu-system-data.
2025-08-09T02:15:13.1550654Z Preparing to unpack .../80-qemu-system-data_1%3a6.2+dfsg-2ubuntu6.26_all.deb ...
2025-08-09T02:15:13.1560016Z Unpacking qemu-system-data (1:6.2+dfsg-2ubuntu6.26) ...
2025-08-09T02:15:13.2250614Z Selecting previously unselected package seabios.
2025-08-09T02:15:13.2415490Z Preparing to unpack .../81-seabios_1.15.0-1_all.deb ...
2025-08-09T02:15:13.2425476Z Unpacking seabios (1.15.0-1) ...
2025-08-09T02:15:13.2687724Z Selecting previously unselected package qemu-system-x86.
2025-08-09T02:15:13.2852460Z Preparing to unpack .../82-qemu-system-x86_1%3a6.2+dfsg-2ubuntu6.26_amd64.deb ...
2025-08-09T02:15:13.2986783Z Unpacking qemu-system-x86 (1:6.2+dfsg-2ubuntu6.26) ...
2025-08-09T02:15:13.4479148Z Selecting previously unselected package qemu-utils.
2025-08-09T02:15:13.4644186Z Preparing to unpack .../83-qemu-utils_1%3a6.2+dfsg-2ubuntu6.26_amd64.deb ...
2025-08-09T02:15:13.4655428Z Unpacking qemu-utils (1:6.2+dfsg-2ubuntu6.26) ...
2025-08-09T02:15:13.5135076Z Selecting previously unselected package qemu-block-extra.
2025-08-09T02:15:13.5302724Z Preparing to unpack .../84-qemu-block-extra_1%3a6.2+dfsg-2ubuntu6.26_amd64.deb ...
2025-08-09T02:15:13.5315660Z Unpacking qemu-block-extra (1:6.2+dfsg-2ubuntu6.26) ...
2025-08-09T02:15:13.5549833Z Selecting previously unselected package qemu-system-gui.
2025-08-09T02:15:13.5714308Z Preparing to unpack .../85-qemu-system-gui_1%3a6.2+dfsg-2ubuntu6.26_amd64.deb ...
2025-08-09T02:15:13.5724514Z Unpacking qemu-system-gui (1:6.2+dfsg-2ubuntu6.26) ...
2025-08-09T02:15:13.5957888Z Selecting previously unselected package syslinux-common.
2025-08-09T02:15:13.6126657Z Preparing to unpack .../86-syslinux-common_3%3a6.04~git20190206.bf6db5b4+dfsg1-3ubuntu1_all.deb ...
2025-08-09T02:15:13.6141261Z Unpacking syslinux-common (3:6.04~git20190206.bf6db5b4+dfsg1-3ubuntu1) ...
2025-08-09T02:15:13.6722599Z Selecting previously unselected package syslinux-utils.
2025-08-09T02:15:13.6888929Z Preparing to unpack .../87-syslinux-utils_3%3a6.04~git20190206.bf6db5b4+dfsg1-3ubuntu1_amd64.deb ...
2025-08-09T02:15:13.6898485Z Unpacking syslinux-utils (3:6.04~git20190206.bf6db5b4+dfsg1-3ubuntu1) ...
2025-08-09T02:15:13.7171483Z Selecting previously unselected package nmap.
2025-08-09T02:15:13.7337676Z Preparing to unpack .../88-nmap_7.91+dfsg1+really7.80+dfsg1-2ubuntu0.1_amd64.deb ...
2025-08-09T02:15:13.7346210Z Unpacking nmap (7.91+dfsg1+really7.80+dfsg1-2ubuntu0.1) ...
2025-08-09T02:15:13.8030064Z Selecting previously unselected package ovmf.
2025-08-09T02:15:13.8195307Z Preparing to unpack .../89-ovmf_2022.02-3ubuntu0.22.04.3_all.deb ...
2025-08-09T02:15:13.8204618Z Unpacking ovmf (2022.02-3ubuntu0.22.04.3) ...
2025-08-09T02:15:13.9118418Z Setting up genisoimage (9:1.1.11-3.2ubuntu1) ...
2025-08-09T02:15:13.9146821Z Setting up libcdparanoia0:amd64 (3.10.2+debian-14build2) ...
2025-08-09T02:15:13.9167910Z Setting up lua-lpeg:amd64 (1.0.2-1) ...
2025-08-09T02:15:13.9193325Z Setting up debootstrap (1.0.126+nmu1ubuntu0.8) ...
2025-08-09T02:15:13.9219923Z Setting up libraw1394-11:amd64 (2.1.2-2build2) ...
2025-08-09T02:15:13.9247841Z Setting up libtag1v5-vanilla:amd64 (1.11.1+dfsg.1-3ubuntu3) ...
2025-08-09T02:15:13.9271650Z Setting up libmpg123-0:amd64 (1.29.3-1ubuntu0.1) ...
2025-08-09T02:15:13.9311344Z Setting up isolinux (3:6.04~git20190206.bf6db5b4+dfsg1-3ubuntu1) ...
2025-08-09T02:15:13.9339205Z Setting up libspeex1:amd64 (1.2~rc1.2-1.1ubuntu3) ...
2025-08-09T02:15:13.9369502Z Setting up libcaca0:amd64 (0.99.beta19-2.2ubuntu4) ...
2025-08-09T02:15:13.9406003Z Setting up libtwolame0:amd64 (0.4.0-2build2) ...
2025-08-09T02:15:13.9433785Z Setting up libvte-2.91-common (0.68.0-1ubuntu0.1) ...
2025-08-09T02:15:13.9479297Z Setting up libvisual-0.4-0:amd64 (0.4.0-17build2) ...
2025-08-09T02:15:13.9503607Z Setting up mtools (4.0.33-1+really4.0.32-1build1) ...
2025-08-09T02:15:13.9637773Z Setting up libboost-iostreams1.74.0:amd64 (1.74.0-14ubuntu3) ...
2025-08-09T02:15:13.9661483Z Setting up msr-tools (1.3-4) ...
2025-08-09T02:15:13.9684873Z Setting up syslinux-common (3:6.04~git20190206.bf6db5b4+dfsg1-3ubuntu1) ...
2025-08-09T02:15:13.9709260Z Setting up live-build (3.0~a57-1ubuntu41.22.04.1) ...
2025-08-09T02:15:13.9732503Z Setting up libfdt1:amd64 (1.6.1-1) ...
2025-08-09T02:15:13.9756601Z Setting up libvte-2.91-0:amd64 (0.68.0-1ubuntu0.1) ...
2025-08-09T02:15:13.9780549Z Setting up libusbredirparser1:amd64 (0.11.0-2build1) ...
2025-08-09T02:15:13.9804309Z Setting up liblinear4:amd64 (2.3.0+dfsg-5) ...
2025-08-09T02:15:13.9829822Z Setting up libflac8:amd64 (1.3.3-2ubuntu0.2) ...
2025-08-09T02:15:13.9852657Z Setting up syslinux-utils (3:6.04~git20190206.bf6db5b4+dfsg1-3ubuntu1) ...
2025-08-09T02:15:13.9873805Z Setting up libnl-route-3-200:amd64 (3.5.0-0.1) ...
2025-08-09T02:15:13.9899370Z Setting up ovmf (2022.02-3ubuntu0.22.04.3) ...
2025-08-09T02:15:13.9922834Z Setting up libglusterfs0:amd64 (10.1-1ubuntu0.2) ...
2025-08-09T02:15:13.9947271Z Setting up libvirglrenderer1:amd64 (0.9.1-1~exp1ubuntu2) ...
2025-08-09T02:15:13.9973005Z Setting up libopus0:amd64 (1.3.1-0.1build2) ...
2025-08-09T02:15:13.9996276Z Setting up libxv1:amd64 (2:1.0.11-1build2) ...
2025-08-09T02:15:14.0022010Z Setting up liborc-0.4-0:amd64 (1:0.4.32-2ubuntu0.1) ...
2025-08-09T02:15:14.0045780Z Setting up libelf-dev:amd64 (0.186-1ubuntu0.1) ...
2025-08-09T02:15:14.0070738Z Setting up libpcsclite1:amd64 (1.9.5-3ubuntu1) ...
2025-08-09T02:15:14.0095681Z Setting up libdaxctl1:amd64 (72.1-1) ...
2025-08-09T02:15:14.0121809Z Setting up qemu-system-data (1:6.2+dfsg-2ubuntu6.26) ...
2025-08-09T02:15:14.0144049Z Setting up seabios (1.15.0-1) ...
2025-08-09T02:15:14.0168400Z Setting up nmap-common (7.91+dfsg1+really7.80+dfsg1-2ubuntu0.1) ...
2025-08-09T02:15:14.0468624Z Setting up libtag1v5:amd64 (1.11.1+dfsg.1-3ubuntu3) ...
2025-08-09T02:15:14.0490823Z Setting up cpu-checker (0.7-1.3build1) ...
2025-08-09T02:15:14.0516448Z Setting up libdv4:amd64 (1.0.0-14build1) ...
2025-08-09T02:15:14.0539865Z Setting up libasyncns0:amd64 (0.8-6build2) ...
2025-08-09T02:15:14.0563846Z Setting up pv (1.6.6-1build2) ...
2025-08-09T02:15:14.0599922Z Setting up libwavpack1:amd64 (5.4.0-1build2) ...
2025-08-09T02:15:14.0627132Z Setting up ipxe-qemu (1.21.1+git-20220113.fbbdc3926-0ubuntu1) ...
2025-08-09T02:15:14.0649723Z Setting up libtheora0:amd64 (1.1.1+dfsg.1-15ubuntu4) ...
2025-08-09T02:15:14.0675433Z Setting up libv4lconvert0:amd64 (1.22.1-2build1) ...
2025-08-09T02:15:14.0698935Z Setting up libdecor-0-0:amd64 (0.1.0-3build1) ...
2025-08-09T02:15:14.0721867Z Setting up libndctl6:amd64 (72.1-1) ...
2025-08-09T02:15:14.0754166Z Setting up ipxe-qemu-256k-compat-efi-roms (1.0.0+git-20150424.a25a16d-0ubuntu4) ...
2025-08-09T02:15:14.0777842Z Setting up libvpx7:amd64 (1.11.0-2ubuntu2.4) ...
2025-08-09T02:15:14.0799231Z Setting up libbrlapi0.8:amd64 (6.4-4ubuntu3) ...
2025-08-09T02:15:14.0822733Z Setting up liburing2:amd64 (2.1-2build1) ...
2025-08-09T02:15:14.0847021Z Setting up libsamplerate0:amd64 (0.2.2-1build1) ...
2025-08-09T02:15:14.0869373Z Setting up libpmem1:amd64 (1.11.1-3build1) ...
2025-08-09T02:15:14.0895147Z Setting up libmp3lame0:amd64 (3.100-3build2) ...
2025-08-09T02:15:14.0925117Z Setting up libvorbisenc2:amd64 (1.3.7-1build2) ...
2025-08-09T02:15:14.0952530Z Setting up libgfxdr0:amd64 (10.1-1ubuntu0.2) ...
2025-08-09T02:15:14.0980264Z Setting up libboost-thread1.74.0:amd64 (1.74.0-14ubuntu3) ...
2025-08-09T02:15:14.1007325Z Setting up libaa1:amd64 (1.4p5-50build1) ...
2025-08-09T02:15:14.1035255Z Setting up libiec61883-0:amd64 (1.2.0-4build3) ...
2025-08-09T02:15:14.1066709Z Setting up libavc1394-0:amd64 (0.5.4-5build2) ...
2025-08-09T02:15:14.1091372Z Setting up libibverbs1:amd64 (39.0-1) ...
2025-08-09T02:15:14.1568769Z Setting up ibverbs-providers:amd64 (39.0-1) ...
2025-08-09T02:15:14.1833024Z Setting up libgstreamer-plugins-base1.0-0:amd64 (1.20.1-1ubuntu0.4) ...
2025-08-09T02:15:14.1861847Z Setting up nmap (7.91+dfsg1+really7.80+dfsg1-2ubuntu0.1) ...
2025-08-09T02:15:14.1890738Z Setting up libcacard0:amd64 (1:2.8.0-3build2) ...
2025-08-09T02:15:14.1915159Z Setting up libv4l-0:amd64 (1.22.1-2build1) ...
2025-08-09T02:15:14.1938756Z Setting up libgstreamer-plugins-good1.0-0:amd64 (1.20.3-0ubuntu1.3) ...
2025-08-09T02:15:14.1965292Z Setting up gstreamer1.0-plugins-base:amd64 (1.20.1-1ubuntu0.4) ...
2025-08-09T02:15:14.1989321Z Setting up libshout3:amd64 (2.4.5-1build3) ...
2025-08-09T02:15:14.2015159Z Setting up libpmemobj1:amd64 (1.11.1-3build1) ...
2025-08-09T02:15:14.2042534Z Setting up libdecor-0-plugin-1-cairo:amd64 (0.1.0-3build1) ...
2025-08-09T02:15:14.2064903Z Setting up libjack-jackd2-0:amd64 (1.9.20~dfsg-1) ...
2025-08-09T02:15:14.2087805Z Setting up libsndfile1:amd64 (1.0.31-2ubuntu0.2) ...
2025-08-09T02:15:14.2112909Z Setting up qemu-utils (1:6.2+dfsg-2ubuntu6.26) ...
2025-08-09T02:15:14.2134545Z Setting up libgfrpc0:amd64 (10.1-1ubuntu0.2) ...
2025-08-09T02:15:14.2160652Z Setting up librdmacm1:amd64 (39.0-1) ...
2025-08-09T02:15:14.2186418Z Setting up librados2 (17.2.7-0ubuntu0.22.04.2) ...
2025-08-09T02:15:14.2338622Z Setting up gstreamer1.0-x:amd64 (1.20.1-1ubuntu0.4) ...
2025-08-09T02:15:14.2361488Z Setting up libpulse0:amd64 (1:15.99.1+dfsg1-1ubuntu2.2) ...
2025-08-09T02:15:14.2439320Z Setting up gstreamer1.0-plugins-good:amd64 (1.20.3-0ubuntu1.3) ...
2025-08-09T02:15:14.2463584Z Setting up libspice-server1:amd64 (0.15.0-2ubuntu4) ...
2025-08-09T02:15:14.2488345Z Setting up librbd1 (17.2.7-0ubuntu0.22.04.2) ...
2025-08-09T02:15:14.2514085Z Setting up libgfapi0:amd64 (10.1-1ubuntu0.2) ...
2025-08-09T02:15:14.2541391Z Setting up libiscsi7:amd64 (1.19.0-3build2) ...
2025-08-09T02:15:14.2564202Z Setting up libsdl2-2.0-0:amd64 (2.0.20+dfsg-2ubuntu1.22.04.1) ...
2025-08-09T02:15:14.2592340Z Setting up qemu-block-extra (1:6.2+dfsg-2ubuntu6.26) ...
2025-08-09T02:15:14.5300014Z Created symlink /etc/systemd/system/multi-user.target.wants/run-qemu.mount → /lib/systemd/system/run-qemu.mount.
2025-08-09T02:15:14.9787417Z Setting up qemu-system-common (1:6.2+dfsg-2ubuntu6.26) ...
2025-08-09T02:15:15.0886866Z Created symlink /etc/systemd/system/multi-user.target.wants/qemu-kvm.service → /lib/systemd/system/qemu-kvm.service.
2025-08-09T02:15:15.9308263Z Setting up qemu-system-x86 (1:6.2+dfsg-2ubuntu6.26) ...
2025-08-09T02:15:15.9343385Z Setting up qemu-system-gui (1:6.2+dfsg-2ubuntu6.26) ...
2025-08-09T02:15:15.9372078Z Processing triggers for man-db (2.10.2-1) ...
2025-08-09T02:15:16.6209544Z Processing triggers for install-info (6.8-4build1) ...
2025-08-09T02:15:17.2724251Z Processing triggers for hicolor-icon-theme (0.17-2) ...
2025-08-09T02:15:18.1468643Z Processing triggers for libc-bin (2.35-0ubuntu3.10) ...
2025-08-09T02:15:18.4112373Z NEEDRESTART-VER: 3.5
2025-08-09T02:15:18.6822834Z NEEDRESTART-KCUR: 6.8.0-1031-azure
2025-08-09T02:15:18.6823325Z NEEDRESTART-KEXP: 6.8.0-1031-azure
2025-08-09T02:15:18.6823710Z NEEDRESTART-KSTA: 1
2025-08-09T02:15:18.6824080Z NEEDRESTART-SVC: hosted-compute-agent.service
2025-08-09T02:15:19.9716728Z ##[group]Run echo "CLUSTER_MODE=main" >> $GITHUB_ENV
2025-08-09T02:15:19.9717112Z [36;1mecho "CLUSTER_MODE=main" >> $GITHUB_ENV[0m
2025-08-09T02:15:19.9717392Z [36;1mecho "ENABLE_GUI=false" >> $GITHUB_ENV[0m
2025-08-09T02:15:19.9717677Z [36;1mecho "SKIP_QEMU_TEST=true" >> $GITHUB_ENV[0m
2025-08-09T02:15:19.9717998Z [36;1mecho "BUILD_THREADS=2" >> $GITHUB_ENV  # Limit for CI[0m
2025-08-09T02:15:19.9718439Z [36;1mecho "SKIP_CONNECTIVITY_CHECK=true" >> $GITHUB_ENV  # Skip redundant check in CI[0m
2025-08-09T02:15:19.9746128Z shell: /usr/bin/bash -e {0}
2025-08-09T02:15:19.9746359Z ##[endgroup]
2025-08-09T02:15:19.9818006Z ##[group]Run chmod +x ainux-builder.sh
2025-08-09T02:15:19.9818330Z [36;1mchmod +x ainux-builder.sh[0m
2025-08-09T02:15:19.9818574Z [36;1m[0m
2025-08-09T02:15:19.9818739Z [36;1m# Add debug output[0m
2025-08-09T02:15:19.9818941Z [36;1mset -x[0m
2025-08-09T02:15:19.9819098Z [36;1m[0m
2025-08-09T02:15:19.9819279Z [36;1m# Run build with timeout (2 hours max)[0m
2025-08-09T02:15:19.9819562Z [36;1mtimeout 7200 ./ainux-builder.sh || {[0m
2025-08-09T02:15:19.9819830Z [36;1m  echo "Build timed out or failed"[0m
2025-08-09T02:15:19.9820125Z [36;1m  echo "=== Last 100 lines of any available logs ==="[0m
2025-08-09T02:15:19.9820596Z [36;1m  find ~/ainux-build/logs -name "*.log" -exec tail -50 {} \; 2>/dev/null || echo "No log files found"[0m
2025-08-09T02:15:19.9820987Z [36;1m  [0m
2025-08-09T02:15:19.9821167Z [36;1m  echo "=== Environment Variables ==="[0m
2025-08-09T02:15:19.9821488Z [36;1m  env | grep -E "(CLUSTER_MODE|ENABLE_GUI|SKIP_|BUILD_)" || true[0m
2025-08-09T02:15:19.9821812Z [36;1m  [0m
2025-08-09T02:15:19.9821978Z [36;1m  echo "=== Disk Usage ==="[0m
2025-08-09T02:15:19.9822437Z [36;1m  df -h || true[0m
2025-08-09T02:15:19.9822629Z [36;1m  [0m
2025-08-09T02:15:19.9822799Z [36;1m  echo "=== Memory Usage ==="[0m
2025-08-09T02:15:19.9823027Z [36;1m  free -h || true[0m
2025-08-09T02:15:19.9823209Z [36;1m  [0m
2025-08-09T02:15:19.9823352Z [36;1m  exit 1[0m
2025-08-09T02:15:19.9823508Z [36;1m}[0m
2025-08-09T02:15:19.9847273Z shell: /usr/bin/bash -e {0}
2025-08-09T02:15:19.9847490Z env:
2025-08-09T02:15:19.9847643Z   CLUSTER_MODE: main
2025-08-09T02:15:19.9847834Z   ENABLE_GUI: false
2025-08-09T02:15:19.9848008Z   SKIP_QEMU_TEST: true
2025-08-09T02:15:19.9848179Z   BUILD_THREADS: 2
2025-08-09T02:15:19.9848359Z   SKIP_CONNECTIVITY_CHECK: true
2025-08-09T02:15:19.9848562Z ##[endgroup]
2025-08-09T02:15:19.9900073Z + timeout 7200 ./ainux-builder.sh
2025-08-09T02:15:19.9976144Z 
2025-08-09T02:15:19.9976857Z [0;35m[PHASE][0m Starting Ainux OS AI Cluster Builder Process
2025-08-09T02:15:19.9977298Z 
2025-08-09T02:15:19.9977310Z 
2025-08-09T02:15:19.9977581Z [0;35m[PHASE][0m Checking Prerequisites
2025-08-09T02:15:19.9977905Z 
2025-08-09T02:15:20.0023829Z [0;34m[INFO][0m Detected Ubuntu 22.04 LTS - supported
2025-08-09T02:15:20.0052550Z [0;34m[INFO][0m Disk space check passed: 36GB available
2025-08-09T02:15:20.0053294Z [0;34m[INFO][0m Checking internet connectivity...
2025-08-09T02:15:20.0054143Z [1;33m[WARNING][0m Skipping connectivity check (SKIP_CONNECTIVITY_CHECK=true)
2025-08-09T02:15:20.0054963Z [0;32m[SUCCESS][0m Prerequisites check passed
2025-08-09T02:15:20.0055325Z 
2025-08-09T02:15:20.0055733Z [0;35m[PHASE][0m Initializing Ainux OS AI Cluster Build Environment
2025-08-09T02:15:20.0056191Z 
2025-08-09T02:15:20.0056454Z [0;34m[INFO][0m Build Configuration:
2025-08-09T02:15:20.0057002Z [0;34m[INFO][0m   Kernel Version: 6.6.58
2025-08-09T02:15:20.0057545Z [0;34m[INFO][0m   Cluster Mode: main
2025-08-09T02:15:20.0057972Z [0;34m[INFO][0m   Build Threads: 2
2025-08-09T02:15:20.0058570Z [0;34m[INFO][0m   GUI Enabled: false
2025-08-09T02:15:20.0059001Z [0;34m[INFO][0m   Build Directory: /home/runner/ainux-build
2025-08-09T02:15:20.0059465Z [0;34m[INFO][0m Installing build dependencies...
2025-08-09T02:15:20.0059961Z [0;34m[INFO][0m Detected CI environment - applying optimizations...
2025-08-09T02:15:21.5862733Z 
2025-08-09T02:15:21.5863488Z WARNING: apt does not have a stable CLI interface. Use with caution in scripts.
2025-08-09T02:15:21.5863849Z 
2025-08-09T02:15:21.6251210Z Reading package lists...
2025-08-09T02:15:21.7900434Z Building dependency tree...
2025-08-09T02:15:21.7912968Z Reading state information...
2025-08-09T02:15:21.9258548Z bc is already the newest version (1.07.1-3build1).
2025-08-09T02:15:21.9259092Z bison is already the newest version (2:3.8.2+dfsg-1build1).
2025-08-09T02:15:21.9259623Z build-essential is already the newest version (12.9ubuntu3).
2025-08-09T02:15:21.9260683Z dosfstools is already the newest version (4.2-1build3).
2025-08-09T02:15:21.9261168Z flex is already the newest version (2.6.4-8build2).
2025-08-09T02:15:21.9261611Z gcc is already the newest version (4:11.2.0-1ubuntu1).
2025-08-09T02:15:21.9262110Z genisoimage is already the newest version (9:1.1.11-3.2ubuntu1).
2025-08-09T02:15:21.9262901Z make is already the newest version (4.3-4.1build1).
2025-08-09T02:15:21.9263335Z mtools is already the newest version (4.0.33-1+really4.0.32-1build1).
2025-08-09T02:15:21.9263765Z pv is already the newest version (1.6.6-1build2).
2025-08-09T02:15:21.9264182Z squashfs-tools is already the newest version (1:4.5-3build1).
2025-08-09T02:15:21.9264721Z isolinux is already the newest version (3:6.04~git20190206.bf6db5b4+dfsg1-3ubuntu1).
2025-08-09T02:15:21.9265377Z syslinux-utils is already the newest version (3:6.04~git20190206.bf6db5b4+dfsg1-3ubuntu1).
2025-08-09T02:15:21.9265899Z xorriso is already the newest version (1.5.4-2).
2025-08-09T02:15:21.9266292Z curl is already the newest version (7.81.0-1ubuntu1.20).
2025-08-09T02:15:21.9266746Z debootstrap is already the newest version (1.0.126+nmu1ubuntu0.8).
2025-08-09T02:15:21.9267250Z grub-efi-amd64-bin is already the newest version (2.06-2ubuntu14.8).
2025-08-09T02:15:21.9267728Z grub-pc-bin is already the newest version (2.06-2ubuntu7.2).
2025-08-09T02:15:21.9268160Z libelf-dev is already the newest version (0.186-1ubuntu0.1).
2025-08-09T02:15:21.9268611Z libncurses-dev is already the newest version (6.3-2ubuntu0.1).
2025-08-09T02:15:21.9269063Z libssl-dev is already the newest version (3.0.2-0ubuntu1.19).
2025-08-09T02:15:21.9269539Z live-build is already the newest version (3.0~a57-1ubuntu41.22.04.1).
2025-08-09T02:15:21.9270054Z qemu-system-x86 is already the newest version (1:6.2+dfsg-2ubuntu6.26).
2025-08-09T02:15:21.9270530Z rsync is already the newest version (3.2.7-0ubuntu0.22.04.4).
2025-08-09T02:15:21.9270945Z wget is already the newest version (1.21.2-2ubuntu1.1).
2025-08-09T02:15:21.9271421Z nmap is already the newest version (7.91+dfsg1+really7.80+dfsg1-2ubuntu0.1).
2025-08-09T02:15:21.9271963Z python3-pip is already the newest version (22.0.2+dfsg-1ubuntu0.6).
2025-08-09T02:15:21.9272549Z git is already the newest version (1:2.50.1-0ppa1~ubuntu22.04.1).
2025-08-09T02:15:21.9638733Z The following NEW packages will be installed:
2025-08-09T02:15:21.9643529Z   dialog
2025-08-09T02:15:21.9923647Z 0 upgraded, 1 newly installed, 0 to remove and 16 not upgraded.
2025-08-09T02:15:22.0260192Z Need to get 303 kB of archives.
2025-08-09T02:15:22.0260973Z After this operation, 1258 kB of additional disk space will be used.
2025-08-09T02:15:22.0261614Z Get:1 file:/etc/apt/apt-mirrors.txt Mirrorlist [144 B]
2025-08-09T02:15:22.1244173Z Get:2 http://azure.archive.ubuntu.com/ubuntu jammy/universe amd64 dialog amd64 1.3-20211214-1 [303 kB]
2025-08-09T02:15:22.4975318Z Fetched 303 kB in 0s (1630 kB/s)
2025-08-09T02:15:22.5181723Z Selecting previously unselected package dialog.
2025-08-09T02:15:22.5250190Z (Reading database ... 
2025-08-09T02:15:22.5250641Z (Reading database ... 5%
2025-08-09T02:15:22.5251309Z (Reading database ... 10%
2025-08-09T02:15:22.5251637Z (Reading database ... 15%
2025-08-09T02:15:22.5251950Z (Reading database ... 20%
2025-08-09T02:15:22.5252447Z (Reading database ... 25%
2025-08-09T02:15:22.5252773Z (Reading database ... 30%
2025-08-09T02:15:22.5253095Z (Reading database ... 35%
2025-08-09T02:15:22.5253414Z (Reading database ... 40%
2025-08-09T02:15:22.5253736Z (Reading database ... 45%
2025-08-09T02:15:22.5254053Z (Reading database ... 50%
2025-08-09T02:15:22.5303504Z (Reading database ... 55%
2025-08-09T02:15:22.5337744Z (Reading database ... 60%
2025-08-09T02:15:22.5356690Z (Reading database ... 65%
2025-08-09T02:15:22.5440091Z (Reading database ... 70%
2025-08-09T02:15:22.5603229Z (Reading database ... 75%
2025-08-09T02:15:22.5635946Z (Reading database ... 80%
2025-08-09T02:15:22.5904039Z (Reading database ... 85%
2025-08-09T02:15:22.5975244Z (Reading database ... 90%
2025-08-09T02:15:22.6123861Z (Reading database ... 95%
2025-08-09T02:15:22.6124685Z (Reading database ... 100%
2025-08-09T02:15:22.6125209Z (Reading database ... 270634 files and directories currently installed.)
2025-08-09T02:15:22.6175083Z Preparing to unpack .../dialog_1.3-20211214-1_amd64.deb ...
2025-08-09T02:15:22.6185968Z Unpacking dialog (1.3-20211214-1) ...
2025-08-09T02:15:22.7802024Z Setting up dialog (1.3-20211214-1) ...
2025-08-09T02:15:22.7834134Z Processing triggers for man-db (2.10.2-1) ...
2025-08-09T02:15:23.3215632Z NEEDRESTART-VER: 3.5
2025-08-09T02:15:23.5549541Z NEEDRESTART-KCUR: 6.8.0-1031-azure
2025-08-09T02:15:23.5549853Z NEEDRESTART-KEXP: 6.8.0-1031-azure
2025-08-09T02:15:23.5550089Z NEEDRESTART-KSTA: 1
2025-08-09T02:15:23.5550319Z NEEDRESTART-SVC: hosted-compute-agent.service
2025-08-09T02:15:24.9343720Z [0;34m[INFO][0m Applying CI space optimizations...
2025-08-09T02:15:25.8454748Z Reading package lists...
2025-08-09T02:15:26.0162738Z Building dependency tree...
2025-08-09T02:15:26.0175376Z Reading state information...
2025-08-09T02:15:26.1558885Z The following packages will be REMOVED:
2025-08-09T02:15:26.1559771Z   apport-symptoms landscape-common libintl-perl libintl-xs-perl libisns0
2025-08-09T02:15:26.1560679Z   liblldb-13 liblldb-15 libmodule-find-perl libmodule-scandeps-perl libmspack0
2025-08-09T02:15:26.1561702Z   libopeniscsiusr libproc-processtable-perl libsort-naturally-perl
2025-08-09T02:15:26.1562937Z   libterm-readkey-perl libxmlsec1 libxmlsec1-openssl lxd-agent-loader
2025-08-09T02:15:26.1563688Z   needrestart open-iscsi open-vm-tools python3-apport python3-automat
2025-08-09T02:15:26.1564438Z   python3-bcrypt python3-click python3-colorama python3-constantly
2025-08-09T02:15:26.1565144Z   python3-hamcrest python3-hyperlink python3-incremental
2025-08-09T02:15:26.1565828Z   python3-problem-report python3-pyasn1 python3-pyasn1-modules
2025-08-09T02:15:26.1566519Z   python3-service-identity python3-systemd python3-twisted
2025-08-09T02:15:26.1567093Z   python3-zope.interface zerofree
2025-08-09T02:15:26.4152921Z 0 upgraded, 0 newly installed, 37 to remove and 14 not upgraded.
2025-08-09T02:15:26.4153556Z After this operation, 62.7 MB disk space will be freed.
2025-08-09T02:15:26.4373439Z (Reading database ... 
2025-08-09T02:15:26.4374093Z (Reading database ... 5%
2025-08-09T02:15:26.4393042Z (Reading database ... 10%
2025-08-09T02:15:26.4393477Z (Reading database ... 15%
2025-08-09T02:15:26.4393868Z (Reading database ... 20%
2025-08-09T02:15:26.4394199Z (Reading database ... 25%
2025-08-09T02:15:26.4394496Z (Reading database ... 30%
2025-08-09T02:15:26.4394779Z (Reading database ... 35%
2025-08-09T02:15:26.4395082Z (Reading database ... 40%
2025-08-09T02:15:26.4395375Z (Reading database ... 45%
2025-08-09T02:15:26.4395678Z (Reading database ... 50%
2025-08-09T02:15:26.4431844Z (Reading database ... 55%
2025-08-09T02:15:26.4465743Z (Reading database ... 60%
2025-08-09T02:15:26.4484366Z (Reading database ... 65%
2025-08-09T02:15:26.4566063Z (Reading database ... 70%
2025-08-09T02:15:26.4725889Z (Reading database ... 75%
2025-08-09T02:15:26.4757422Z (Reading database ... 80%
2025-08-09T02:15:26.5021224Z (Reading database ... 85%
2025-08-09T02:15:26.5092808Z (Reading database ... 90%
2025-08-09T02:15:26.5245100Z (Reading database ... 95%
2025-08-09T02:15:26.5245622Z (Reading database ... 100%
2025-08-09T02:15:26.5246360Z (Reading database ... 270787 files and directories currently installed.)
2025-08-09T02:15:26.5298683Z Removing apport-symptoms (0.24) ...
2025-08-09T02:15:26.5504738Z Removing landscape-common (23.02-0ubuntu1~22.04.4) ...
2025-08-09T02:15:26.6696506Z Removing libintl-xs-perl (1.26-3build2) ...
2025-08-09T02:15:26.6919186Z Removing needrestart (3.5-5ubuntu2.4) ...
2025-08-09T02:15:26.7498701Z Removing libintl-perl (1.26-3build2) ...
2025-08-09T02:15:26.7824434Z Removing open-iscsi (2.1.5-1ubuntu1.1) ...
2025-08-09T02:15:26.9718585Z Warning: Stopping iscsid.service, but it can still be activated by:
2025-08-09T02:15:26.9719203Z   iscsid.socket
2025-08-09T02:15:28.3986948Z Removing libisns0:amd64 (0.101-0ubuntu2) ...
2025-08-09T02:15:28.4211422Z Removing liblldb-13 (1:13.0.1-2ubuntu2.2) ...
2025-08-09T02:15:28.4536066Z Removing liblldb-15 (1:15.0.7-0ubuntu0.22.04.3) ...
2025-08-09T02:15:28.4778703Z Removing libmodule-find-perl (0.15-1) ...
2025-08-09T02:15:28.5003691Z Removing libmodule-scandeps-perl (1.31-1ubuntu0.1) ...
2025-08-09T02:15:28.5204326Z Removing open-vm-tools (2:12.3.5-3~ubuntu0.22.04.2) ...
2025-08-09T02:15:29.5329130Z Removing libmspack0:amd64 (0.10.1-2build2) ...
2025-08-09T02:15:29.5555891Z Removing libopeniscsiusr (2.1.5-1ubuntu1.1) ...
2025-08-09T02:15:29.5834208Z Removing libproc-processtable-perl:amd64 (0.634-1build1) ...
2025-08-09T02:15:29.6042506Z Removing libsort-naturally-perl (1.03-2) ...
2025-08-09T02:15:29.6246663Z Removing libterm-readkey-perl (2.38-1build4) ...
2025-08-09T02:15:29.6458942Z Removing libxmlsec1-openssl:amd64 (1.2.33-1build2) ...
2025-08-09T02:15:29.6652499Z Removing libxmlsec1:amd64 (1.2.33-1build2) ...
2025-08-09T02:15:29.6851092Z Removing lxd-agent-loader (0.5) ...
2025-08-09T02:15:30.1763260Z Removing python3-apport (2.20.11-0ubuntu82.9) ...
2025-08-09T02:15:30.2736352Z Removing python3-twisted (22.1.0-2ubuntu2.6) ...
2025-08-09T02:15:30.6454198Z Removing python3-automat (20.2.0-1) ...
2025-08-09T02:15:30.7421333Z Removing python3-bcrypt (3.2.0-1build1) ...
2025-08-09T02:15:30.8268377Z Removing python3-click (8.0.3-1) ...
2025-08-09T02:15:30.9201694Z Removing python3-colorama (0.4.4-1) ...
2025-08-09T02:15:31.0090863Z Removing python3-constantly (15.1.0-2) ...
2025-08-09T02:15:31.1001670Z Removing python3-hamcrest (2.0.2-2) ...
2025-08-09T02:15:31.2026256Z Removing python3-hyperlink (21.0.0-3) ...
2025-08-09T02:15:31.2963170Z Removing python3-incremental (21.3.0-1) ...
2025-08-09T02:15:31.3905002Z Removing python3-problem-report (2.20.11-0ubuntu82.9) ...
2025-08-09T02:15:31.4808856Z Removing python3-service-identity (18.1.0-6) ...
2025-08-09T02:15:31.5689980Z Removing python3-pyasn1-modules (0.2.1-1) ...
2025-08-09T02:15:31.6605648Z Removing python3-pyasn1 (0.4.8-1) ...
2025-08-09T02:15:31.7561880Z Removing python3-systemd (234-3ubuntu2) ...
2025-08-09T02:15:31.8602018Z Removing python3-zope.interface (5.4.0-1build1) ...
2025-08-09T02:15:31.9628304Z Removing zerofree (1.1.1-1build3) ...
2025-08-09T02:15:32.0157813Z Processing triggers for libc-bin (2.35-0ubuntu3.10) ...
2025-08-09T02:15:32.0323931Z Processing triggers for man-db (2.10.2-1) ...
2025-08-09T02:15:32.3703750Z Processing triggers for initramfs-tools (0.140ubuntu13.5) ...
2025-08-09T02:15:32.4397689Z update-initramfs: Generating /boot/initrd.img-6.8.0-1031-azure
2025-08-09T02:15:46.9854091Z [0;32m[SUCCESS][0m Build environment initialized
2025-08-09T02:15:46.9855523Z 
2025-08-09T02:15:46.9855977Z [0;35m[PHASE][0m Building Custom Kernel 6.6.58 with AI Optimizations
2025-08-09T02:15:46.9856468Z 
2025-08-09T02:15:46.9856765Z [0;34m[INFO][0m Downloading Linux kernel 6.6.58...
2025-08-09T02:15:46.9857552Z [0;34m[INFO][0m CI environment detected - using optimized download strategy
2025-08-09T02:15:46.9858173Z [0;34m[INFO][0m Downloading kernel tarball (faster than git clone)...
2025-08-09T02:15:46.9893730Z --2025-08-09 02:15:46--  https://www.kernel.org/pub/linux/kernel/v6.x/linux-6.6.58.tar.xz
2025-08-09T02:15:47.0110260Z Resolving www.kernel.org (www.kernel.org)... 151.101.201.55, 2a04:4e42:2f::311
2025-08-09T02:15:47.0114507Z Connecting to www.kernel.org (www.kernel.org)|151.101.201.55|:443... connected.
2025-08-09T02:15:47.0196339Z HTTP request sent, awaiting response... 200 OK
2025-08-09T02:15:47.0196919Z Length: 140387240 (134M) [application/x-xz]
2025-08-09T02:15:47.0197570Z Saving to: ‘linux-6.6.58.tar.xz’
2025-08-09T02:15:47.0228047Z 
2025-08-09T02:15:47.0370592Z      0K ........ ........ ........ ........ ........ ........  2%  177M 1s
2025-08-09T02:15:47.0526736Z   3072K ........ ........ ........ ........ ........ ........  4%  191M 1s
2025-08-09T02:15:47.0646167Z   6144K ........ ........ ........ ........ ........ ........  6%  251M 1s
2025-08-09T02:15:47.0767698Z   9216K ........ ........ ........ ........ ........ ........  8%  248M 1s
2025-08-09T02:15:47.0905571Z  12288K ........ ........ ........ ........ ........ ........ 11%  215M 1s
2025-08-09T02:15:47.1046884Z  15360K ........ ........ ........ ........ ........ ........ 13%  212M 1s
2025-08-09T02:15:47.1145029Z  18432K ........ ........ ........ ........ ........ ........ 15%  307M 1s
2025-08-09T02:15:47.1240762Z  21504K ........ ........ ........ ........ ........ ........ 17%  314M 0s
2025-08-09T02:15:47.1334916Z  24576K ........ ........ ........ ........ ........ ........ 20%  323M 0s
2025-08-09T02:15:47.1424018Z  27648K ........ ........ ........ ........ ........ ........ 22%  345M 0s
2025-08-09T02:15:47.1524248Z  30720K ........ ........ ........ ........ ........ ........ 24%  290M 0s
2025-08-09T02:15:47.1636276Z  33792K ........ ........ ........ ........ ........ ........ 26%  273M 0s
2025-08-09T02:15:47.1748433Z  36864K ........ ........ ........ ........ ........ ........ 29%  263M 0s
2025-08-09T02:15:47.1875422Z  39936K ........ ........ ........ ........ ........ ........ 31%  273M 0s
2025-08-09T02:15:47.2017938Z  43008K ........ ........ ........ ........ ........ ........ 33%  189M 0s
2025-08-09T02:15:47.2175840Z  46080K ........ ........ ........ ........ ........ ........ 35%  189M 0s
2025-08-09T02:15:47.2275570Z  49152K ........ ........ ........ ........ ........ ........ 38%  303M 0s
2025-08-09T02:15:47.2374220Z  52224K ........ ........ ........ ........ ........ ........ 40%  311M 0s
2025-08-09T02:15:47.2543837Z  55296K ........ ........ ........ ........ ........ ........ 42%  174M 0s
2025-08-09T02:15:47.2646927Z  58368K ........ ........ ........ ........ ........ ........ 44%  292M 0s
2025-08-09T02:15:47.2800548Z  61440K ........ ........ ........ ........ ........ ........ 47%  198M 0s
2025-08-09T02:15:47.2930008Z  64512K ........ ........ ........ ........ ........ ........ 49%  229M 0s
2025-08-09T02:15:47.3061713Z  67584K ........ ........ ........ ........ ........ ........ 51%  227M 0s
2025-08-09T02:15:47.3197471Z  70656K ........ ........ ........ ........ ........ ........ 53%  221M 0s
2025-08-09T02:15:47.3302846Z  73728K ........ ........ ........ ........ ........ ........ 56%  284M 0s
2025-08-09T02:15:47.3474516Z  76800K ........ ........ ........ ........ ........ ........ 58%  177M 0s
2025-08-09T02:15:47.3579390Z  79872K ........ ........ ........ ........ ........ ........ 60%  283M 0s
2025-08-09T02:15:47.3662677Z  82944K ........ ........ ........ ........ ........ ........ 62%  356M 0s
2025-08-09T02:15:47.3768552Z  86016K ........ ........ ........ ........ ........ ........ 64%  283M 0s
2025-08-09T02:15:47.3871944Z  89088K ........ ........ ........ ........ ........ ........ 67%  293M 0s
2025-08-09T02:15:47.3986414Z  92160K ........ ........ ........ ........ ........ ........ 69%  275M 0s
2025-08-09T02:15:47.4228973Z  95232K ........ ........ ........ ........ ........ ........ 71%  121M 0s
2025-08-09T02:15:47.4310277Z  98304K ........ ........ ........ ........ ........ ........ 73%  368M 0s
2025-08-09T02:15:47.4394365Z 101376K ........ ........ ........ ........ ........ ........ 76%  366M 0s
2025-08-09T02:15:47.4480068Z 104448K ........ ........ ........ ........ ........ ........ 78%  347M 0s
2025-08-09T02:15:47.4678427Z 107520K ........ ........ ........ ........ ........ ........ 80%  152M 0s
2025-08-09T02:15:47.4789287Z 110592K ........ ........ ........ ........ ........ ........ 82%  301M 0s
2025-08-09T02:15:47.4885374Z 113664K ........ ........ ........ ........ ........ ........ 85%  278M 0s
2025-08-09T02:15:47.4963956Z 116736K ........ ........ ........ ........ ........ ........ 87%  377M 0s
2025-08-09T02:15:47.5047337Z 119808K ........ ........ ........ ........ ........ ........ 89%  362M 0s
2025-08-09T02:15:47.5289575Z 122880K ........ ........ ........ ........ ........ ........ 91%  124M 0s
2025-08-09T02:15:47.5431245Z 125952K ........ ........ ........ ........ ........ ........ 94%  212M 0s
2025-08-09T02:15:47.5518406Z 129024K ........ ........ ........ ........ ........ ........ 96%  341M 0s
2025-08-09T02:15:47.5609034Z 132096K ........ ........ ........ ........ ........ ........ 98%  346M 0s
2025-08-09T02:15:47.5682078Z 135168K ........ ........ ........ ......                    100%  240M=0.5s
2025-08-09T02:15:47.5682615Z 
2025-08-09T02:15:47.5683404Z 2025-08-09 02:15:47 (244 MB/s) - ‘linux-6.6.58.tar.xz’ saved [140387240/140387240]
2025-08-09T02:15:47.5683927Z 
2025-08-09T02:15:47.5696602Z [0;34m[INFO][0m ✓ Kernel tarball downloaded successfully from kernel.org
2025-08-09T02:15:57.0003873Z [0;34m[INFO][0m Extracting kernel source...
2025-08-09T02:15:57.0004675Z [0;32m[SUCCESS][0m Kernel source extracted successfully
2025-08-09T02:15:57.0005411Z [0;34m[INFO][0m Applying AI/NPU optimization patches...
2025-08-09T02:15:57.0048524Z [0;34m[INFO][0m Script directory: /home/runner/ainux-build/kernel/linux
2025-08-09T02:15:57.0049506Z [0;34m[INFO][0m Initial patch directory: /home/runner/ainux-build/kernel/linux/patches
2025-08-09T02:15:57.0053590Z [0;34m[INFO][0m Current working directory: /home/runner/ainux-build/kernel/linux
2025-08-09T02:15:57.0054491Z [0;34m[INFO][0m Script location: ./ainux-builder.sh
2025-08-09T02:15:57.0055306Z [0;34m[INFO][0m Primary patch directory not found, trying alternatives...
2025-08-09T02:15:57.0077610Z [0;34m[INFO][0m Found patches at CI path: /home/runner/work/ainux/ainux/patches
2025-08-09T02:15:57.0078649Z [0;34m[INFO][0m Using local patches from repository: /home/runner/work/ainux/ainux/patches
2025-08-09T02:15:57.0114627Z [0;34m[INFO][0m Available patches: 6.6-cluster-networking-simple 6.6-cluster-networking 6.6-npu-support 6.6-rocm-optimizations-simple 6.6-rocm-optimizations 
2025-08-09T02:15:57.0115887Z [0;34m[INFO][0m Applying NPU support patch...
2025-08-09T02:15:57.1050290Z patching file drivers/Kconfig
2025-08-09T02:15:57.1051055Z Hunk #1 succeeded at 243 with fuzz 2 (offset 3 lines).
2025-08-09T02:15:57.1051866Z patching file drivers/Makefile
2025-08-09T02:15:57.1053472Z patching file drivers/npu/Kconfig
2025-08-09T02:15:57.1054843Z patching file drivers/npu/Makefile
2025-08-09T02:15:57.1055874Z patching file drivers/npu/npu-core.c
2025-08-09T02:15:57.1058238Z patching file drivers/npu/rockchip-npu.c
2025-08-09T02:15:57.1060189Z patching file include/uapi/linux/npu.h
2025-08-09T02:15:57.1067281Z [0;34m[INFO][0m Applying simplified ROCm optimization patch...
2025-08-09T02:15:57.1081714Z patching file drivers/gpu/drm/amd/amdgpu/amdgpu_cs.c
2025-08-09T02:15:57.1082323Z Hunk #1 succeeded at 1274 with fuzz 3.
2025-08-09T02:15:57.1088059Z [0;34m[INFO][0m Applying simplified cluster networking patch...
2025-08-09T02:15:57.1104926Z patching file net/core/dev.c
2025-08-09T02:15:57.1110677Z Hunk #1 succeeded at 5354 with fuzz 2 (offset -166 lines).
2025-08-09T02:15:57.1117753Z [0;34m[INFO][0m Configuring kernel for AI workloads...
2025-08-09T02:15:57.2340790Z [0;34m[INFO][0m Applying AI hardware optimizations to kernel config...
2025-08-09T02:15:57.2341494Z [0;34m[INFO][0m Enabling mandatory NPU support for AI cluster...
2025-08-09T02:15:57.3276760Z [0;34m[INFO][0m Enabling mandatory AMD ROCm support...
2025-08-09T02:15:57.7471943Z   HOSTCC  scripts/basic/fixdep
2025-08-09T02:15:57.9212927Z   HOSTCC  scripts/kconfig/conf.o
2025-08-09T02:15:58.0848421Z   HOSTCC  scripts/kconfig/confdata.o
2025-08-09T02:15:58.3099346Z   HOSTCC  scripts/kconfig/expr.o
2025-08-09T02:15:58.4948525Z   LEX     scripts/kconfig/lexer.lex.c
2025-08-09T02:15:58.5038057Z   YACC    scripts/kconfig/parser.tab.[ch]
2025-08-09T02:15:58.5906879Z   HOSTCC  scripts/kconfig/lexer.lex.o
2025-08-09T02:15:58.8255336Z   HOSTCC  scripts/kconfig/menu.o
2025-08-09T02:15:58.9818983Z   HOSTCC  scripts/kconfig/parser.tab.o
2025-08-09T02:15:59.1738963Z   HOSTCC  scripts/kconfig/preprocess.o
2025-08-09T02:15:59.2830301Z   HOSTCC  scripts/kconfig/symbol.o
2025-08-09T02:15:59.5358005Z   HOSTCC  scripts/kconfig/util.o
2025-08-09T02:15:59.5827743Z   HOSTLD  scripts/kconfig/conf
2025-08-09T02:16:06.9089580Z ##[error]The operation was canceled.
2025-08-09T02:16:06.9173328Z Post job cleanup.
2025-08-09T02:16:07.0104949Z [command]/usr/bin/git version
2025-08-09T02:16:07.0139610Z git version 2.50.1
2025-08-09T02:16:07.0182453Z Temporarily overriding HOME='/home/runner/work/_temp/48694601-246d-40c8-b249-e7652c2ea231' before making global git config changes
2025-08-09T02:16:07.0183511Z Adding repository directory to the temporary git global config as a safe directory
2025-08-09T02:16:07.0194901Z [command]/usr/bin/git config --global --add safe.directory /home/runner/work/ainux/ainux
2025-08-09T02:16:07.0227096Z [command]/usr/bin/git config --local --name-only --get-regexp core\.sshCommand
2025-08-09T02:16:07.0258879Z [command]/usr/bin/git submodule foreach --recursive sh -c "git config --local --name-only --get-regexp 'core\.sshCommand' && git config --local --unset-all 'core.sshCommand' || :"
2025-08-09T02:16:07.0480654Z [command]/usr/bin/git config --local --name-only --get-regexp http\.https\:\/\/github\.com\/\.extraheader
2025-08-09T02:16:07.0501570Z http.https://github.com/.extraheader
2025-08-09T02:16:07.0514819Z [command]/usr/bin/git config --local --unset-all http.https://github.com/.extraheader
2025-08-09T02:16:07.0544979Z [command]/usr/bin/git submodule foreach --recursive sh -c "git config --local --name-only --get-regexp 'http\.https\:\/\/github\.com\/\.extraheader' && git config --local --unset-all 'http.https://github.com/.extraheader' || :"
2025-08-09T02:16:07.0875558Z Cleaning up orphan processes
2025-08-09T02:16:07.1118526Z Terminate orphan process: pid (3873) (timeout)
2025-08-09T02:16:07.1134500Z Terminate orphan process: pid (3874) (ainux-builder.sh)
2025-08-09T02:16:07.1316489Z Terminate orphan process: pid (9551) (make)
2025-08-09T02:16:07.1550643Z Terminate orphan process: pid (9552) (make)
2025-08-09T02:16:07.1736823Z Terminate orphan process: pid (9645) (make)
2025-08-09T02:16:07.1956871Z Terminate orphan process: pid (9714) (conf)
2025-08-09T02:16:07.2147762Z Terminate orphan process: pid (9764) (sh)
2025-08-09T02:16:07.2189960Z Terminate orphan process: pid (9765) (rust_is_available.sh)
2025-08-09T02:16:07.2223480Z Terminate orphan process: pid (9786) (bindgen)
