2025-08-09T00:48:38.9782363Z Current runner version: '2.327.1'
2025-08-09T00:48:38.9813059Z ##[group]Runner Image Provisioner
2025-08-09T00:48:38.9814400Z Hosted Compute Agent
2025-08-09T00:48:38.9815201Z Version: 20250711.363
2025-08-09T00:48:38.9816290Z Commit: 6785254374ce925a23743850c1cb91912ce5c14c
2025-08-09T00:48:38.9817421Z Build Date: 2025-07-11T20:04:25Z
2025-08-09T00:48:38.9818270Z ##[endgroup]
2025-08-09T00:48:38.9819164Z ##[group]Operating System
2025-08-09T00:48:38.9819998Z Ubuntu
2025-08-09T00:48:38.9820742Z 22.04.5
2025-08-09T00:48:38.9821544Z LTS
2025-08-09T00:48:38.9822288Z ##[endgroup]
2025-08-09T00:48:38.9823008Z ##[group]Runner Image
2025-08-09T00:48:38.9824585Z Image: ubuntu-22.04
2025-08-09T00:48:38.9825450Z Version: 20250804.2.0
2025-08-09T00:48:38.9827081Z Included Software: https://github.com/actions/runner-images/blob/ubuntu22/20250804.2/images/ubuntu/Ubuntu2204-Readme.md
2025-08-09T00:48:38.9829624Z Image Release: https://github.com/actions/runner-images/releases/tag/ubuntu22%2F20250804.2
2025-08-09T00:48:38.9831300Z ##[endgroup]
2025-08-09T00:48:38.9835548Z ##[group]GITHUB_TOKEN Permissions
2025-08-09T00:48:38.9838675Z Actions: write
2025-08-09T00:48:38.9839571Z Attestations: write
2025-08-09T00:48:38.9840424Z Checks: write
2025-08-09T00:48:38.9841289Z Contents: write
2025-08-09T00:48:38.9842048Z Deployments: write
2025-08-09T00:48:38.9842868Z Discussions: write
2025-08-09T00:48:38.9843576Z Issues: write
2025-08-09T00:48:38.9844735Z Metadata: read
2025-08-09T00:48:38.9845509Z Models: read
2025-08-09T00:48:38.9846265Z Packages: write
2025-08-09T00:48:38.9847098Z Pages: write
2025-08-09T00:48:38.9847880Z PullRequests: write
2025-08-09T00:48:38.9848698Z RepositoryProjects: write
2025-08-09T00:48:38.9849696Z SecurityEvents: write
2025-08-09T00:48:38.9850682Z Statuses: write
2025-08-09T00:48:38.9851390Z ##[endgroup]
2025-08-09T00:48:38.9854793Z Secret source: Actions
2025-08-09T00:48:38.9856191Z Prepare workflow directory
2025-08-09T00:48:39.0303423Z Prepare all required actions
2025-08-09T00:48:39.0358920Z Getting action download info
2025-08-09T00:48:39.3263084Z ##[group]Download immutable action package 'actions/checkout@v4'
2025-08-09T00:48:39.3264036Z Version: 4.2.2
2025-08-09T00:48:39.3265304Z Digest: sha256:ccb2698953eaebd21c7bf6268a94f9c26518a7e38e27e0b83c1fe1ad049819b1
2025-08-09T00:48:39.3266497Z Source commit SHA: 11bd71901bbe5b1630ceea73d27597364c9af683
2025-08-09T00:48:39.3267163Z ##[endgroup]
2025-08-09T00:48:39.4187907Z ##[group]Download immutable action package 'actions/upload-artifact@v4'
2025-08-09T00:48:39.4188666Z Version: 4.6.2
2025-08-09T00:48:39.4189404Z Digest: sha256:290722aa3281d5caf23d0acdc3dbeb3424786a1a01a9cc97e72f147225e37c38
2025-08-09T00:48:39.4190391Z Source commit SHA: ea165f8d65b6e75b540449e92b4886f43607fa02
2025-08-09T00:48:39.4191028Z ##[endgroup]
2025-08-09T00:48:39.7352694Z Complete job name: build-test (main, true)
2025-08-09T00:48:39.8008925Z ##[group]Run actions/checkout@v4
2025-08-09T00:48:39.8009721Z with:
2025-08-09T00:48:39.8010077Z   lfs: true
2025-08-09T00:48:39.8010450Z   repository: yaotagroep/ainux
2025-08-09T00:48:39.8011083Z   token: ***
2025-08-09T00:48:39.8011454Z   ssh-strict: true
2025-08-09T00:48:39.8011829Z   ssh-user: git
2025-08-09T00:48:39.8012222Z   persist-credentials: true
2025-08-09T00:48:39.8012647Z   clean: true
2025-08-09T00:48:39.8013033Z   sparse-checkout-cone-mode: true
2025-08-09T00:48:39.8013482Z   fetch-depth: 1
2025-08-09T00:48:39.8013853Z   fetch-tags: false
2025-08-09T00:48:39.8014394Z   show-progress: true
2025-08-09T00:48:39.8014791Z   submodules: false
2025-08-09T00:48:39.8015165Z   set-safe-directory: true
2025-08-09T00:48:39.8015820Z ##[endgroup]
2025-08-09T00:48:39.9067569Z Syncing repository: yaotagroep/ainux
2025-08-09T00:48:39.9069195Z ##[group]Getting Git version info
2025-08-09T00:48:39.9069826Z Working directory is '/home/runner/work/ainux/ainux'
2025-08-09T00:48:39.9070750Z [command]/usr/bin/git version
2025-08-09T00:48:39.9112516Z git version 2.50.1
2025-08-09T00:48:39.9156441Z [command]/usr/bin/git lfs version
2025-08-09T00:48:40.8880392Z git-lfs/3.7.0 (GitHub; linux amd64; go 1.24.4)
2025-08-09T00:48:40.8894486Z ##[endgroup]
2025-08-09T00:48:40.8909865Z Temporarily overriding HOME='/home/runner/work/_temp/d5bb8277-6639-4b44-9b2c-298f60ef0191' before making global git config changes
2025-08-09T00:48:40.8911325Z Adding repository directory to the temporary git global config as a safe directory
2025-08-09T00:48:40.8915255Z [command]/usr/bin/git config --global --add safe.directory /home/runner/work/ainux/ainux
2025-08-09T00:48:40.8947871Z Deleting the contents of '/home/runner/work/ainux/ainux'
2025-08-09T00:48:40.8951156Z ##[group]Initializing the repository
2025-08-09T00:48:40.8954783Z [command]/usr/bin/git init /home/runner/work/ainux/ainux
2025-08-09T00:48:40.9029291Z hint: Using 'master' as the name for the initial branch. This default branch name
2025-08-09T00:48:40.9030770Z hint: is subject to change. To configure the initial branch name to use in all
2025-08-09T00:48:40.9032276Z hint: of your new repositories, which will suppress this warning, call:
2025-08-09T00:48:40.9033047Z hint:
2025-08-09T00:48:40.9033543Z hint: 	git config --global init.defaultBranch <name>
2025-08-09T00:48:40.9034540Z hint:
2025-08-09T00:48:40.9035164Z hint: Names commonly chosen instead of 'master' are 'main', 'trunk' and
2025-08-09T00:48:40.9036089Z hint: 'development'. The just-created branch can be renamed via this command:
2025-08-09T00:48:40.9037271Z hint:
2025-08-09T00:48:40.9037991Z hint: 	git branch -m <name>
2025-08-09T00:48:40.9038657Z hint:
2025-08-09T00:48:40.9039262Z hint: Disable this message with "git config set advice.defaultBranchName false"
2025-08-09T00:48:40.9040199Z Initialized empty Git repository in /home/runner/work/ainux/ainux/.git/
2025-08-09T00:48:40.9042893Z [command]/usr/bin/git remote add origin https://github.com/yaotagroep/ainux
2025-08-09T00:48:40.9073272Z ##[endgroup]
2025-08-09T00:48:40.9074049Z ##[group]Disabling automatic garbage collection
2025-08-09T00:48:40.9077266Z [command]/usr/bin/git config --local gc.auto 0
2025-08-09T00:48:40.9101658Z ##[endgroup]
2025-08-09T00:48:40.9102361Z ##[group]Setting up auth
2025-08-09T00:48:40.9110029Z [command]/usr/bin/git config --local --name-only --get-regexp core\.sshCommand
2025-08-09T00:48:40.9140485Z [command]/usr/bin/git submodule foreach --recursive sh -c "git config --local --name-only --get-regexp 'core\.sshCommand' && git config --local --unset-all 'core.sshCommand' || :"
2025-08-09T00:48:40.9373907Z [command]/usr/bin/git config --local --name-only --get-regexp http\.https\:\/\/github\.com\/\.extraheader
2025-08-09T00:48:40.9405391Z [command]/usr/bin/git submodule foreach --recursive sh -c "git config --local --name-only --get-regexp 'http\.https\:\/\/github\.com\/\.extraheader' && git config --local --unset-all 'http.https://github.com/.extraheader' || :"
2025-08-09T00:48:40.9630497Z [command]/usr/bin/git config --local http.https://github.com/.extraheader AUTHORIZATION: basic ***
2025-08-09T00:48:40.9662309Z ##[endgroup]
2025-08-09T00:48:40.9665920Z [command]/usr/bin/git lfs install --local
2025-08-09T00:48:41.0075340Z Updated Git hooks.
2025-08-09T00:48:41.0076114Z Git LFS initialized.
2025-08-09T00:48:41.0089588Z ##[group]Fetching the repository
2025-08-09T00:48:41.0099439Z [command]/usr/bin/git -c protocol.version=2 fetch --no-tags --prune --no-recurse-submodules --depth=1 origin +8a9c55df94bfbdcdb2b513d732b435246cae438e:refs/remotes/origin/main
2025-08-09T00:48:41.2063032Z From https://github.com/yaotagroep/ainux
2025-08-09T00:48:41.2064358Z  * [new ref]         8a9c55df94bfbdcdb2b513d732b435246cae438e -> origin/main
2025-08-09T00:48:41.2088586Z ##[endgroup]
2025-08-09T00:48:41.2090178Z ##[group]Determining the checkout info
2025-08-09T00:48:41.2091998Z ##[endgroup]
2025-08-09T00:48:41.2093249Z ##[group]Fetching LFS objects
2025-08-09T00:48:41.2095099Z [command]/usr/bin/git lfs fetch origin refs/remotes/origin/main
2025-08-09T00:48:41.2309787Z Fetching reference refs/remotes/origin/main
2025-08-09T00:48:41.2567469Z ##[endgroup]
2025-08-09T00:48:41.2568210Z [command]/usr/bin/git sparse-checkout disable
2025-08-09T00:48:41.2604431Z [command]/usr/bin/git config --local --unset-all extensions.worktreeConfig
2025-08-09T00:48:41.2629885Z ##[group]Checking out the ref
2025-08-09T00:48:41.2633304Z [command]/usr/bin/git checkout --progress --force -B main refs/remotes/origin/main
2025-08-09T00:48:41.2786985Z Switched to a new branch 'main'
2025-08-09T00:48:41.2789455Z branch 'main' set up to track 'origin/main'.
2025-08-09T00:48:41.3016887Z ##[endgroup]
2025-08-09T00:48:41.3049050Z [command]/usr/bin/git log -1 --format=%H
2025-08-09T00:48:41.3071373Z 8a9c55df94bfbdcdb2b513d732b435246cae438e
2025-08-09T00:48:41.3275855Z ##[group]Run echo "⏳ Reclaiming space..."
2025-08-09T00:48:41.3277246Z [36;1mecho "⏳ Reclaiming space..."[0m
2025-08-09T00:48:41.3278834Z [36;1msudo rm -rf /usr/local/lib/android[0m
2025-08-09T00:48:41.3280191Z [36;1msudo rm -rf /usr/local/share/boost[0m
2025-08-09T00:48:41.3281496Z [36;1msudo rm -rf /usr/share/dotnet[0m
2025-08-09T00:48:41.3282697Z [36;1msudo rm -rf /opt/ghc[0m
2025-08-09T00:48:41.3283840Z [36;1msudo rm -rf /opt/hostedtoolcache[0m
2025-08-09T00:48:41.3285184Z [36;1msudo apt-get clean[0m
2025-08-09T00:48:41.3286300Z [36;1msudo rm -rf "$AGENT_TOOLSDIRECTORY"[0m
2025-08-09T00:48:41.3287515Z [36;1mdf -h[0m
2025-08-09T00:48:41.3288337Z [36;1m [0m
2025-08-09T00:48:41.3319943Z shell: /usr/bin/bash -e {0}
2025-08-09T00:48:41.3320991Z ##[endgroup]
2025-08-09T00:48:41.3393403Z ⏳ Reclaiming space...
2025-08-09T00:51:37.0048300Z Filesystem      Size  Used Avail Use% Mounted on
2025-08-09T00:51:37.0049049Z /dev/root        73G   36G   37G  50% /
2025-08-09T00:51:37.0049599Z tmpfs           7.9G  172K  7.9G   1% /dev/shm
2025-08-09T00:51:37.0050021Z tmpfs           3.2G  1.1M  3.2G   1% /run
2025-08-09T00:51:37.0050505Z tmpfs           5.0M     0  5.0M   0% /run/lock
2025-08-09T00:51:37.0050939Z /dev/sda15      105M  6.1M   99M   6% /boot/efi
2025-08-09T00:51:37.0051385Z /dev/sdb1        74G  4.1G   66G   6% /mnt
2025-08-09T00:51:37.0051811Z tmpfs           1.6G   12K  1.6G   1% /run/user/1001
2025-08-09T00:51:37.0088978Z ##[group]Run sudo apt-get update
2025-08-09T00:51:37.0089294Z [36;1msudo apt-get update[0m
2025-08-09T00:51:37.0089521Z [36;1msudo apt-get install -y \[0m
2025-08-09T00:51:37.0089891Z [36;1m  git build-essential libncurses-dev bison flex libssl-dev \[0m
2025-08-09T00:51:37.0090308Z [36;1m  libelf-dev bc gcc make debootstrap live-build squashfs-tools \[0m
2025-08-09T00:51:37.0090708Z [36;1m  dosfstools xorriso isolinux syslinux-utils genisoimage \[0m
2025-08-09T00:51:37.0091091Z [36;1m  qemu-system-x86 python3-pip nmap curl wget rsync pv \[0m
2025-08-09T00:51:37.0091440Z [36;1m  grub-pc-bin grub-efi-amd64-bin mtools[0m
2025-08-09T00:51:37.0091693Z [36;1m  [0m
2025-08-09T00:51:37.0119529Z shell: /usr/bin/bash -e {0}
2025-08-09T00:51:37.0119755Z ##[endgroup]
2025-08-09T00:51:37.2141401Z Get:1 file:/etc/apt/apt-mirrors.txt Mirrorlist [144 B]
2025-08-09T00:51:37.2348575Z Get:6 https://packages.microsoft.com/repos/azure-cli jammy InRelease [3596 B]
2025-08-09T00:51:37.2600572Z Hit:2 http://azure.archive.ubuntu.com/ubuntu jammy InRelease
2025-08-09T00:51:37.2602227Z Get:7 https://packages.microsoft.com/ubuntu/22.04/prod jammy InRelease [3632 B]
2025-08-09T00:51:37.2698874Z Get:3 http://azure.archive.ubuntu.com/ubuntu jammy-updates InRelease [128 kB]
2025-08-09T00:51:37.2737345Z Get:4 http://azure.archive.ubuntu.com/ubuntu jammy-backports InRelease [127 kB]
2025-08-09T00:51:37.2765049Z Get:5 http://azure.archive.ubuntu.com/ubuntu jammy-security InRelease [129 kB]
2025-08-09T00:51:37.3817800Z Get:8 https://packages.microsoft.com/repos/azure-cli jammy/main amd64 Packages [2575 B]
2025-08-09T00:51:37.5328236Z Get:9 https://packages.microsoft.com/ubuntu/22.04/prod jammy/main arm64 Packages [75.0 kB]
2025-08-09T00:51:37.5395573Z Get:10 https://packages.microsoft.com/ubuntu/22.04/prod jammy/main amd64 Packages [239 kB]
2025-08-09T00:51:37.7927971Z Get:11 http://azure.archive.ubuntu.com/ubuntu jammy-security/main Translation-en [379 kB]
2025-08-09T00:51:48.8938959Z Fetched 1087 kB in 1s (1597 kB/s)
2025-08-09T00:51:49.7022011Z Reading package lists...
2025-08-09T00:51:49.7602143Z Reading package lists...
2025-08-09T00:51:49.9176145Z Building dependency tree...
2025-08-09T00:51:49.9187567Z Reading state information...
2025-08-09T00:51:50.0633167Z bc is already the newest version (1.07.1-3build1).
2025-08-09T00:51:50.0633635Z bc set to manually installed.
2025-08-09T00:51:50.0634062Z bison is already the newest version (2:3.8.2+dfsg-1build1).
2025-08-09T00:51:50.0634940Z build-essential is already the newest version (12.9ubuntu3).
2025-08-09T00:51:50.0635436Z build-essential set to manually installed.
2025-08-09T00:51:50.0635883Z dosfstools is already the newest version (4.2-1build3).
2025-08-09T00:51:50.0636342Z dosfstools set to manually installed.
2025-08-09T00:51:50.0636773Z flex is already the newest version (2.6.4-8build2).
2025-08-09T00:51:50.0637271Z gcc is already the newest version (4:11.2.0-1ubuntu1).
2025-08-09T00:51:50.0637816Z make is already the newest version (4.3-4.1build1).
2025-08-09T00:51:50.0638385Z squashfs-tools is already the newest version (1:4.5-3build1).
2025-08-09T00:51:50.0638924Z squashfs-tools set to manually installed.
2025-08-09T00:51:50.0639405Z xorriso is already the newest version (1.5.4-2).
2025-08-09T00:51:50.0639932Z curl is already the newest version (7.81.0-1ubuntu1.20).
2025-08-09T00:51:50.0640543Z grub-efi-amd64-bin is already the newest version (2.06-2ubuntu14.8).
2025-08-09T00:51:50.0641148Z grub-efi-amd64-bin set to manually installed.
2025-08-09T00:51:50.0641702Z grub-pc-bin is already the newest version (2.06-2ubuntu7.2).
2025-08-09T00:51:50.0642248Z grub-pc-bin set to manually installed.
2025-08-09T00:51:50.0642804Z libncurses-dev is already the newest version (6.3-2ubuntu0.1).
2025-08-09T00:51:50.0643380Z libncurses-dev set to manually installed.
2025-08-09T00:51:50.0643917Z libssl-dev is already the newest version (3.0.2-0ubuntu1.19).
2025-08-09T00:51:50.0644753Z rsync is already the newest version (3.2.7-0ubuntu0.22.04.4).
2025-08-09T00:51:50.0645847Z wget is already the newest version (1.21.2-2ubuntu1.1).
2025-08-09T00:51:50.0646480Z python3-pip is already the newest version (22.0.2+dfsg-1ubuntu0.6).
2025-08-09T00:51:50.0647139Z git is already the newest version (1:2.50.1-0ppa1~ubuntu22.04.1).
2025-08-09T00:51:50.0647733Z The following additional packages will be installed:
2025-08-09T00:51:50.0648514Z   cpu-checker gstreamer1.0-plugins-base gstreamer1.0-plugins-good
2025-08-09T00:51:50.0649273Z   gstreamer1.0-x ibverbs-providers ipxe-qemu ipxe-qemu-256k-compat-efi-roms
2025-08-09T00:51:50.0649975Z   libaa1 libasyncns0 libavc1394-0 libboost-iostreams1.74.0
2025-08-09T00:51:50.0650675Z   libboost-thread1.74.0 libbrlapi0.8 libcaca0 libcacard0 libcdparanoia0
2025-08-09T00:51:50.0651456Z   libdaxctl1 libdecor-0-0 libdecor-0-plugin-1-cairo libdv4 libfdt1 libflac8
2025-08-09T00:51:50.0652255Z   libgfapi0 libgfrpc0 libgfxdr0 libglusterfs0 libgstreamer-plugins-base1.0-0
2025-08-09T00:51:50.0653063Z   libgstreamer-plugins-good1.0-0 libibverbs1 libiec61883-0 libiscsi7
2025-08-09T00:51:50.0653753Z   libjack-jackd2-0 liblinear4 libmp3lame0 libmpg123-0 libndctl6
2025-08-09T00:51:50.0654685Z   libnl-route-3-200 libopus0 liborc-0.4-0 libpcsclite1 libpmem1 libpmemobj1
2025-08-09T00:51:50.0655298Z   libpulse0 librados2 libraw1394-11 librbd1 librdmacm1 libsamplerate0
2025-08-09T00:51:50.0655739Z   libsdl2-2.0-0 libshout3 libsndfile1 libspeex1 libspice-server1 libtag1v5
2025-08-09T00:51:50.0656173Z   libtag1v5-vanilla libtheora0 libtwolame0 liburing2 libusbredirparser1
2025-08-09T00:51:50.0656618Z   libv4l-0 libv4lconvert0 libvirglrenderer1 libvisual-0.4-0 libvorbisenc2
2025-08-09T00:51:50.0657041Z   libvpx7 libvte-2.91-0 libvte-2.91-common libwavpack1 libxv1 lua-lpeg
2025-08-09T00:51:50.0657432Z   msr-tools nmap-common ovmf qemu-block-extra qemu-system-common
2025-08-09T00:51:50.0657832Z   qemu-system-data qemu-system-gui qemu-utils seabios syslinux-common
2025-08-09T00:51:50.0658146Z Suggested packages:
2025-08-09T00:51:50.0658682Z   squid-deb-proxy-client debian-archive-keyring arch-test wodim cdrkit-doc
2025-08-09T00:51:50.0659134Z   gvfs libdv-bin oss-compat libvisual-0.4-plugins jackd2 liblinear-tools
2025-08-09T00:51:50.0659533Z   liblinear-dev opus-tools pcscd pulseaudio libraw1394-doc speex
2025-08-09T00:51:50.0659963Z   gstreamer1.0-libav gstreamer1.0-plugins-ugly memtest86+ | memtest86 syslinux
2025-08-09T00:51:50.0660409Z   | grub win32-loader gnu-fdisk floppyd ncat ndiff zenmap doc-base samba vde2
2025-08-09T00:51:50.0660760Z   libcrypt-passwdmd5-perl
2025-08-09T00:51:50.0961193Z The following NEW packages will be installed:
2025-08-09T00:51:50.0961949Z   cpu-checker debootstrap genisoimage gstreamer1.0-plugins-base
2025-08-09T00:51:50.0962833Z   gstreamer1.0-plugins-good gstreamer1.0-x ibverbs-providers ipxe-qemu
2025-08-09T00:51:50.0963787Z   ipxe-qemu-256k-compat-efi-roms isolinux libaa1 libasyncns0 libavc1394-0
2025-08-09T00:51:50.0965092Z   libboost-iostreams1.74.0 libboost-thread1.74.0 libbrlapi0.8 libcaca0
2025-08-09T00:51:50.0966114Z   libcacard0 libcdparanoia0 libdaxctl1 libdecor-0-0 libdecor-0-plugin-1-cairo
2025-08-09T00:51:50.0967105Z   libdv4 libelf-dev libfdt1 libflac8 libgfapi0 libgfrpc0 libgfxdr0
2025-08-09T00:51:50.0968045Z   libglusterfs0 libgstreamer-plugins-base1.0-0 libgstreamer-plugins-good1.0-0
2025-08-09T00:51:50.0969162Z   libibverbs1 libiec61883-0 libiscsi7 libjack-jackd2-0 liblinear4 libmp3lame0
2025-08-09T00:51:50.0970036Z   libmpg123-0 libndctl6 libnl-route-3-200 libopus0 liborc-0.4-0 libpcsclite1
2025-08-09T00:51:50.0970885Z   libpmem1 libpmemobj1 libpulse0 librados2 libraw1394-11 librbd1 librdmacm1
2025-08-09T00:51:50.0971713Z   libsamplerate0 libsdl2-2.0-0 libshout3 libsndfile1 libspeex1
2025-08-09T00:51:50.0972488Z   libspice-server1 libtag1v5 libtag1v5-vanilla libtheora0 libtwolame0
2025-08-09T00:51:50.0973311Z   liburing2 libusbredirparser1 libv4l-0 libv4lconvert0 libvirglrenderer1
2025-08-09T00:51:50.0974107Z   libvisual-0.4-0 libvorbisenc2 libvpx7 libvte-2.91-0 libvte-2.91-common
2025-08-09T00:51:50.0977812Z   libwavpack1 libxv1 live-build lua-lpeg msr-tools mtools nmap nmap-common
2025-08-09T00:51:50.0978722Z   ovmf pv qemu-block-extra qemu-system-common qemu-system-data qemu-system-gui
2025-08-09T00:51:50.0979658Z   qemu-system-x86 qemu-utils seabios syslinux-common syslinux-utils
2025-08-09T00:51:50.1141748Z 0 upgraded, 90 newly installed, 0 to remove and 16 not upgraded.
2025-08-09T00:51:50.1142345Z Need to get 53.2 MB of archives.
2025-08-09T00:51:50.1142884Z After this operation, 193 MB of additional disk space will be used.
2025-08-09T00:51:50.1143555Z Get:1 file:/etc/apt/apt-mirrors.txt Mirrorlist [144 B]
2025-08-09T00:51:50.1490479Z Get:2 http://azure.archive.ubuntu.com/ubuntu jammy/main amd64 msr-tools amd64 1.3-4 [10.3 kB]
2025-08-09T00:51:50.1629542Z Get:3 http://azure.archive.ubuntu.com/ubuntu jammy/main amd64 cpu-checker amd64 0.7-1.3build1 [6800 B]
2025-08-09T00:51:50.1845286Z Get:4 http://azure.archive.ubuntu.com/ubuntu jammy/main amd64 genisoimage amd64 9:1.1.11-3.2ubuntu1 [370 kB]
2025-08-09T00:51:50.2092233Z Get:5 http://azure.archive.ubuntu.com/ubuntu jammy/main amd64 libcdparanoia0 amd64 3.10.2+debian-14build2 [49.3 kB]
2025-08-09T00:51:50.2230089Z Get:6 http://azure.archive.ubuntu.com/ubuntu jammy-updates/main amd64 liborc-0.4-0 amd64 1:0.4.32-2ubuntu0.1 [228 kB]
2025-08-09T00:51:50.2388433Z Get:7 http://azure.archive.ubuntu.com/ubuntu jammy-updates/main amd64 libgstreamer-plugins-base1.0-0 amd64 1.20.1-1ubuntu0.4 [848 kB]
2025-08-09T00:51:50.2688607Z Get:8 http://azure.archive.ubuntu.com/ubuntu jammy/main amd64 libopus0 amd64 1.3.1-0.1build2 [203 kB]
2025-08-09T00:51:50.2867038Z Get:9 http://azure.archive.ubuntu.com/ubuntu jammy/main amd64 libtheora0 amd64 1.1.1+dfsg.1-15ubuntu4 [209 kB]
2025-08-09T00:51:50.3031257Z Get:10 http://azure.archive.ubuntu.com/ubuntu jammy/main amd64 libvisual-0.4-0 amd64 0.4.0-17build2 [108 kB]
2025-08-09T00:51:50.3177640Z Get:11 http://azure.archive.ubuntu.com/ubuntu jammy/main amd64 libvorbisenc2 amd64 1.3.7-1build2 [82.6 kB]
2025-08-09T00:51:50.3321743Z Get:12 http://azure.archive.ubuntu.com/ubuntu jammy-updates/main amd64 gstreamer1.0-plugins-base amd64 1.20.1-1ubuntu0.4 [712 kB]
2025-08-09T00:51:50.3607477Z Get:13 http://azure.archive.ubuntu.com/ubuntu jammy/main amd64 libaa1 amd64 1.4p5-50build1 [51.9 kB]
2025-08-09T00:51:50.3747193Z Get:14 http://azure.archive.ubuntu.com/ubuntu jammy/main amd64 libraw1394-11 amd64 2.1.2-2build2 [27.0 kB]
2025-08-09T00:51:50.3906705Z Get:15 http://azure.archive.ubuntu.com/ubuntu jammy/main amd64 libavc1394-0 amd64 0.5.4-5build2 [17.0 kB]
2025-08-09T00:51:50.4065371Z Get:16 http://azure.archive.ubuntu.com/ubuntu jammy/main amd64 libcaca0 amd64 0.99.beta19-2.2ubuntu4 [224 kB]
2025-08-09T00:51:50.4232184Z Get:17 http://azure.archive.ubuntu.com/ubuntu jammy/main amd64 libdv4 amd64 1.0.0-14build1 [61.9 kB]
2025-08-09T00:51:50.4376656Z Get:18 http://azure.archive.ubuntu.com/ubuntu jammy-updates/main amd64 libflac8 amd64 1.3.3-2ubuntu0.2 [111 kB]
2025-08-09T00:51:50.4525886Z Get:19 http://azure.archive.ubuntu.com/ubuntu jammy-updates/main amd64 libgstreamer-plugins-good1.0-0 amd64 1.20.3-0ubuntu1.3 [30.1 kB]
2025-08-09T00:51:50.5093434Z Get:20 http://azure.archive.ubuntu.com/ubuntu jammy/main amd64 libiec61883-0 amd64 1.2.0-4build3 [25.9 kB]
2025-08-09T00:51:50.5234462Z Get:21 http://azure.archive.ubuntu.com/ubuntu jammy/main amd64 libsamplerate0 amd64 0.2.2-1build1 [1359 kB]
2025-08-09T00:51:50.5638162Z Get:22 http://azure.archive.ubuntu.com/ubuntu jammy/main amd64 libjack-jackd2-0 amd64 1.9.20~dfsg-1 [293 kB]
2025-08-09T00:51:50.5820080Z Get:23 http://azure.archive.ubuntu.com/ubuntu jammy/main amd64 libmp3lame0 amd64 3.100-3build2 [141 kB]
2025-08-09T00:51:50.5984864Z Get:24 http://azure.archive.ubuntu.com/ubuntu jammy-updates/main amd64 libmpg123-0 amd64 1.29.3-1ubuntu0.1 [172 kB]
2025-08-09T00:51:50.6138202Z Get:25 http://azure.archive.ubuntu.com/ubuntu jammy/main amd64 libasyncns0 amd64 0.8-6build2 [12.8 kB]
2025-08-09T00:51:50.6275523Z Get:26 http://azure.archive.ubuntu.com/ubuntu jammy-updates/main amd64 libsndfile1 amd64 1.0.31-2ubuntu0.2 [196 kB]
2025-08-09T00:51:50.6438815Z Get:27 http://azure.archive.ubuntu.com/ubuntu jammy-updates/main amd64 libpulse0 amd64 1:15.99.1+dfsg1-1ubuntu2.2 [298 kB]
2025-08-09T00:51:50.6614443Z Get:28 http://azure.archive.ubuntu.com/ubuntu jammy/main amd64 libspeex1 amd64 1.2~rc1.2-1.1ubuntu3 [57.9 kB]
2025-08-09T00:51:50.6763767Z Get:29 http://azure.archive.ubuntu.com/ubuntu jammy/main amd64 libshout3 amd64 2.4.5-1build3 [54.5 kB]
2025-08-09T00:51:50.6906253Z Get:30 http://azure.archive.ubuntu.com/ubuntu jammy/main amd64 libtag1v5-vanilla amd64 1.11.1+dfsg.1-3ubuntu3 [304 kB]
2025-08-09T00:51:50.7090496Z Get:31 http://azure.archive.ubuntu.com/ubuntu jammy/main amd64 libtag1v5 amd64 1.11.1+dfsg.1-3ubuntu3 [11.5 kB]
2025-08-09T00:51:50.7229404Z Get:32 http://azure.archive.ubuntu.com/ubuntu jammy/main amd64 libtwolame0 amd64 0.4.0-2build2 [52.5 kB]
2025-08-09T00:51:50.7367420Z Get:33 http://azure.archive.ubuntu.com/ubuntu jammy/main amd64 libv4lconvert0 amd64 1.22.1-2build1 [82.4 kB]
2025-08-09T00:51:50.7552763Z Get:34 http://azure.archive.ubuntu.com/ubuntu jammy/main amd64 libv4l-0 amd64 1.22.1-2build1 [44.9 kB]
2025-08-09T00:51:50.7698539Z Get:35 http://azure.archive.ubuntu.com/ubuntu jammy-updates/main amd64 libvpx7 amd64 1.11.0-2ubuntu2.4 [1078 kB]
2025-08-09T00:51:50.8140930Z Get:36 http://azure.archive.ubuntu.com/ubuntu jammy/main amd64 libwavpack1 amd64 5.4.0-1build2 [83.7 kB]
2025-08-09T00:51:50.8285489Z Get:37 http://azure.archive.ubuntu.com/ubuntu jammy-updates/main amd64 gstreamer1.0-plugins-good amd64 1.20.3-0ubuntu1.3 [2010 kB]
2025-08-09T00:51:50.8797242Z Get:38 http://azure.archive.ubuntu.com/ubuntu jammy/main amd64 libxv1 amd64 2:1.0.11-1build2 [11.2 kB]
2025-08-09T00:51:50.9377508Z Get:39 http://azure.archive.ubuntu.com/ubuntu jammy-updates/main amd64 gstreamer1.0-x amd64 1.20.1-1ubuntu0.4 [85.1 kB]
2025-08-09T00:51:50.9530778Z Get:40 http://azure.archive.ubuntu.com/ubuntu jammy/main amd64 libnl-route-3-200 amd64 3.5.0-0.1 [180 kB]
2025-08-09T00:51:50.9704918Z Get:41 http://azure.archive.ubuntu.com/ubuntu jammy/main amd64 libibverbs1 amd64 39.0-1 [69.3 kB]
2025-08-09T00:51:50.9858958Z Get:42 http://azure.archive.ubuntu.com/ubuntu jammy/main amd64 ibverbs-providers amd64 39.0-1 [341 kB]
2025-08-09T00:51:51.0035309Z Get:43 http://azure.archive.ubuntu.com/ubuntu jammy/main amd64 ipxe-qemu all 1.21.1+git-20220113.fbbdc3926-0ubuntu1 [1569 kB]
2025-08-09T00:51:51.0473458Z Get:44 http://azure.archive.ubuntu.com/ubuntu jammy/main amd64 ipxe-qemu-256k-compat-efi-roms all 1.0.0+git-20150424.a25a16d-0ubuntu4 [552 kB]
2025-08-09T00:51:51.0766623Z Get:45 http://azure.archive.ubuntu.com/ubuntu jammy/universe amd64 isolinux all 3:6.04~git20190206.bf6db5b4+dfsg1-3ubuntu1 [60.1 kB]
2025-08-09T00:51:51.0905268Z Get:46 http://azure.archive.ubuntu.com/ubuntu jammy/main amd64 libboost-iostreams1.74.0 amd64 1.74.0-14ubuntu3 [245 kB]
2025-08-09T00:51:51.1065079Z Get:47 http://azure.archive.ubuntu.com/ubuntu jammy/main amd64 libboost-thread1.74.0 amd64 1.74.0-14ubuntu3 [262 kB]
2025-08-09T00:51:51.1228345Z Get:48 http://azure.archive.ubuntu.com/ubuntu jammy-updates/main amd64 libbrlapi0.8 amd64 6.4-4ubuntu3 [28.7 kB]
2025-08-09T00:51:51.1446135Z Get:49 http://azure.archive.ubuntu.com/ubuntu jammy-updates/main amd64 libpcsclite1 amd64 1.9.5-3ubuntu1 [19.8 kB]
2025-08-09T00:51:51.1582656Z Get:50 http://azure.archive.ubuntu.com/ubuntu jammy/main amd64 libcacard0 amd64 1:2.8.0-3build2 [38.0 kB]
2025-08-09T00:51:51.1722242Z Get:51 http://azure.archive.ubuntu.com/ubuntu jammy/main amd64 libdaxctl1 amd64 72.1-1 [19.8 kB]
2025-08-09T00:51:51.1856602Z Get:52 http://azure.archive.ubuntu.com/ubuntu jammy/main amd64 libdecor-0-0 amd64 0.1.0-3build1 [15.1 kB]
2025-08-09T00:51:51.2002136Z Get:53 http://azure.archive.ubuntu.com/ubuntu jammy/main amd64 libdecor-0-plugin-1-cairo amd64 0.1.0-3build1 [20.4 kB]
2025-08-09T00:51:51.2146518Z Get:54 http://azure.archive.ubuntu.com/ubuntu jammy-updates/main amd64 libelf-dev amd64 0.186-1ubuntu0.1 [64.4 kB]
2025-08-09T00:51:51.2287258Z Get:55 http://azure.archive.ubuntu.com/ubuntu jammy-updates/main amd64 libgfxdr0 amd64 10.1-1ubuntu0.2 [22.3 kB]
2025-08-09T00:51:51.2422345Z Get:56 http://azure.archive.ubuntu.com/ubuntu jammy-updates/main amd64 libglusterfs0 amd64 10.1-1ubuntu0.2 [287 kB]
2025-08-09T00:51:51.3040686Z Get:57 http://azure.archive.ubuntu.com/ubuntu jammy-updates/main amd64 libgfrpc0 amd64 10.1-1ubuntu0.2 [47.1 kB]
2025-08-09T00:51:51.3180350Z Get:58 http://azure.archive.ubuntu.com/ubuntu jammy-updates/main amd64 libgfapi0 amd64 10.1-1ubuntu0.2 [77.3 kB]
2025-08-09T00:51:51.3319828Z Get:59 http://azure.archive.ubuntu.com/ubuntu jammy/main amd64 librdmacm1 amd64 39.0-1 [71.2 kB]
2025-08-09T00:51:51.3461973Z Get:60 http://azure.archive.ubuntu.com/ubuntu jammy/main amd64 libiscsi7 amd64 1.19.0-3build2 [70.6 kB]
2025-08-09T00:51:51.3612537Z Get:61 http://azure.archive.ubuntu.com/ubuntu jammy/universe amd64 liblinear4 amd64 2.3.0+dfsg-5 [41.4 kB]
2025-08-09T00:51:51.3759482Z Get:62 http://azure.archive.ubuntu.com/ubuntu jammy/main amd64 libndctl6 amd64 72.1-1 [57.7 kB]
2025-08-09T00:51:51.3923903Z Get:63 http://azure.archive.ubuntu.com/ubuntu jammy/main amd64 libpmem1 amd64 1.11.1-3build1 [81.4 kB]
2025-08-09T00:51:51.4094957Z Get:64 http://azure.archive.ubuntu.com/ubuntu jammy/main amd64 libpmemobj1 amd64 1.11.1-3build1 [124 kB]
2025-08-09T00:51:51.4258626Z Get:65 http://azure.archive.ubuntu.com/ubuntu jammy-updates/main amd64 librados2 amd64 17.2.7-0ubuntu0.22.04.2 [3594 kB]
2025-08-09T00:51:51.4925151Z Get:66 http://azure.archive.ubuntu.com/ubuntu jammy-updates/main amd64 librbd1 amd64 17.2.7-0ubuntu0.22.04.2 [3548 kB]
2025-08-09T00:51:51.5599499Z Get:67 http://azure.archive.ubuntu.com/ubuntu jammy-updates/main amd64 libsdl2-2.0-0 amd64 2.0.20+dfsg-2ubuntu1.22.04.1 [582 kB]
2025-08-09T00:51:51.5874754Z Get:68 http://azure.archive.ubuntu.com/ubuntu jammy/main amd64 libspice-server1 amd64 0.15.0-2ubuntu4 [351 kB]
2025-08-09T00:51:51.6065730Z Get:69 http://azure.archive.ubuntu.com/ubuntu jammy/main amd64 liburing2 amd64 2.1-2build1 [10.3 kB]
2025-08-09T00:51:51.6201107Z Get:70 http://azure.archive.ubuntu.com/ubuntu jammy/main amd64 libusbredirparser1 amd64 0.11.0-2build1 [15.9 kB]
2025-08-09T00:51:51.6353174Z Get:71 http://azure.archive.ubuntu.com/ubuntu jammy/main amd64 libvirglrenderer1 amd64 0.9.1-1~exp1ubuntu2 [188 kB]
2025-08-09T00:51:51.6510119Z Get:72 http://azure.archive.ubuntu.com/ubuntu jammy-updates/main amd64 libvte-2.91-common amd64 0.68.0-1ubuntu0.1 [9408 B]
2025-08-09T00:51:51.6659865Z Get:73 http://azure.archive.ubuntu.com/ubuntu jammy-updates/main amd64 libvte-2.91-0 amd64 0.68.0-1ubuntu0.1 [214 kB]
2025-08-09T00:51:51.6838826Z Get:74 http://azure.archive.ubuntu.com/ubuntu jammy-updates/main amd64 debootstrap all 1.0.126+nmu1ubuntu0.8 [40.6 kB]
2025-08-09T00:51:51.6993882Z Get:75 http://azure.archive.ubuntu.com/ubuntu jammy-updates/main amd64 live-build all 3.0~a57-1ubuntu41.22.04.1 [132 kB]
2025-08-09T00:51:51.7631070Z Get:76 http://azure.archive.ubuntu.com/ubuntu jammy/universe amd64 lua-lpeg amd64 1.0.2-1 [31.4 kB]
2025-08-09T00:51:51.7771191Z Get:77 http://azure.archive.ubuntu.com/ubuntu jammy/main amd64 mtools amd64 4.0.33-1+really4.0.32-1build1 [201 kB]
2025-08-09T00:51:51.7940031Z Get:78 http://azure.archive.ubuntu.com/ubuntu jammy-updates/universe amd64 nmap-common all 7.91+dfsg1+really7.80+dfsg1-2ubuntu0.1 [3940 kB]
2025-08-09T00:51:51.8613840Z Get:79 http://azure.archive.ubuntu.com/ubuntu jammy/main amd64 pv amd64 1.6.6-1build2 [44.5 kB]
2025-08-09T00:51:51.8768334Z Get:80 http://azure.archive.ubuntu.com/ubuntu jammy/main amd64 libfdt1 amd64 1.6.1-1 [20.0 kB]
2025-08-09T00:51:51.8935682Z Get:81 http://azure.archive.ubuntu.com/ubuntu jammy-updates/main amd64 qemu-system-common amd64 1:6.2+dfsg-2ubuntu6.26 [2047 kB]
2025-08-09T00:51:51.9600959Z Get:82 http://azure.archive.ubuntu.com/ubuntu jammy-updates/main amd64 qemu-system-data all 1:6.2+dfsg-2ubuntu6.26 [1430 kB]
2025-08-09T00:51:52.0064445Z Get:83 http://azure.archive.ubuntu.com/ubuntu jammy/main amd64 seabios all 1.15.0-1 [174 kB]
2025-08-09T00:51:52.0243933Z Get:84 http://azure.archive.ubuntu.com/ubuntu jammy-updates/main amd64 qemu-system-x86 amd64 1:6.2+dfsg-2ubuntu6.26 [10.1 MB]
2025-08-09T00:51:52.1418372Z Get:85 http://azure.archive.ubuntu.com/ubuntu jammy-updates/main amd64 qemu-utils amd64 1:6.2+dfsg-2ubuntu6.26 [1527 kB]
2025-08-09T00:51:52.1812421Z Get:86 http://azure.archive.ubuntu.com/ubuntu jammy-updates/main amd64 qemu-block-extra amd64 1:6.2+dfsg-2ubuntu6.26 [68.2 kB]
2025-08-09T00:51:52.1956021Z Get:87 http://azure.archive.ubuntu.com/ubuntu jammy-updates/main amd64 qemu-system-gui amd64 1:6.2+dfsg-2ubuntu6.26 [220 kB]
2025-08-09T00:51:52.2104807Z Get:88 http://azure.archive.ubuntu.com/ubuntu jammy/main amd64 syslinux-common all 3:6.04~git20190206.bf6db5b4+dfsg1-3ubuntu1 [1271 kB]
2025-08-09T00:51:52.2427868Z Get:89 http://azure.archive.ubuntu.com/ubuntu jammy/universe amd64 syslinux-utils amd64 3:6.04~git20190206.bf6db5b4+dfsg1-3ubuntu1 [50.9 kB]
2025-08-09T00:51:52.2567900Z Get:90 http://azure.archive.ubuntu.com/ubuntu jammy-updates/universe amd64 nmap amd64 7.91+dfsg1+really7.80+dfsg1-2ubuntu0.1 [1731 kB]
2025-08-09T00:51:52.2957744Z Get:91 http://azure.archive.ubuntu.com/ubuntu jammy-updates/main amd64 ovmf all 2022.02-3ubuntu0.22.04.3 [7561 kB]
2025-08-09T00:51:52.7700329Z Fetched 53.2 MB in 2s (23.6 MB/s)
2025-08-09T00:51:52.8402346Z Selecting previously unselected package msr-tools.
2025-08-09T00:51:52.9319388Z (Reading database ... 
2025-08-09T00:51:52.9319718Z (Reading database ... 5%
2025-08-09T00:51:52.9319941Z (Reading database ... 10%
2025-08-09T00:51:52.9320143Z (Reading database ... 15%
2025-08-09T00:51:52.9320338Z (Reading database ... 20%
2025-08-09T00:51:52.9320622Z (Reading database ... 25%
2025-08-09T00:51:52.9320955Z (Reading database ... 30%
2025-08-09T00:51:52.9321292Z (Reading database ... 35%
2025-08-09T00:51:52.9321521Z (Reading database ... 40%
2025-08-09T00:51:52.9321707Z (Reading database ... 45%
2025-08-09T00:51:52.9321884Z (Reading database ... 50%
2025-08-09T00:51:53.7234819Z (Reading database ... 55%
2025-08-09T00:51:54.2689251Z (Reading database ... 60%
2025-08-09T00:51:54.9850891Z (Reading database ... 65%
2025-08-09T00:51:56.0211336Z (Reading database ... 70%
2025-08-09T00:51:57.0548486Z (Reading database ... 75%
2025-08-09T00:51:58.3947861Z (Reading database ... 80%
2025-08-09T00:51:59.6948529Z (Reading database ... 85%
2025-08-09T00:52:00.8838328Z (Reading database ... 90%
2025-08-09T00:52:02.1196138Z (Reading database ... 95%
2025-08-09T00:52:02.1196509Z (Reading database ... 100%
2025-08-09T00:52:02.1196917Z (Reading database ... 267991 files and directories currently installed.)
2025-08-09T00:52:02.1253036Z Preparing to unpack .../00-msr-tools_1.3-4_amd64.deb ...
2025-08-09T00:52:02.1282172Z Unpacking msr-tools (1.3-4) ...
2025-08-09T00:52:02.2013654Z Selecting previously unselected package cpu-checker.
2025-08-09T00:52:02.2173939Z Preparing to unpack .../01-cpu-checker_0.7-1.3build1_amd64.deb ...
2025-08-09T00:52:02.2182940Z Unpacking cpu-checker (0.7-1.3build1) ...
2025-08-09T00:52:02.2808578Z Selecting previously unselected package genisoimage.
2025-08-09T00:52:02.2970495Z Preparing to unpack .../02-genisoimage_9%3a1.1.11-3.2ubuntu1_amd64.deb ...
2025-08-09T00:52:02.2979398Z Unpacking genisoimage (9:1.1.11-3.2ubuntu1) ...
2025-08-09T00:52:02.4808574Z Selecting previously unselected package libcdparanoia0:amd64.
2025-08-09T00:52:02.4970663Z Preparing to unpack .../03-libcdparanoia0_3.10.2+debian-14build2_amd64.deb ...
2025-08-09T00:52:02.5001581Z Unpacking libcdparanoia0:amd64 (3.10.2+debian-14build2) ...
2025-08-09T00:52:02.5423699Z Selecting previously unselected package liborc-0.4-0:amd64.
2025-08-09T00:52:02.5586200Z Preparing to unpack .../04-liborc-0.4-0_1%3a0.4.32-2ubuntu0.1_amd64.deb ...
2025-08-09T00:52:02.5596708Z Unpacking liborc-0.4-0:amd64 (1:0.4.32-2ubuntu0.1) ...
2025-08-09T00:52:02.5886578Z Selecting previously unselected package libgstreamer-plugins-base1.0-0:amd64.
2025-08-09T00:52:02.6046163Z Preparing to unpack .../05-libgstreamer-plugins-base1.0-0_1.20.1-1ubuntu0.4_amd64.deb ...
2025-08-09T00:52:02.6061726Z Unpacking libgstreamer-plugins-base1.0-0:amd64 (1.20.1-1ubuntu0.4) ...
2025-08-09T00:52:02.6421931Z Selecting previously unselected package libopus0:amd64.
2025-08-09T00:52:02.6581408Z Preparing to unpack .../06-libopus0_1.3.1-0.1build2_amd64.deb ...
2025-08-09T00:52:02.6591206Z Unpacking libopus0:amd64 (1.3.1-0.1build2) ...
2025-08-09T00:52:02.6840079Z Selecting previously unselected package libtheora0:amd64.
2025-08-09T00:52:02.6999691Z Preparing to unpack .../07-libtheora0_1.1.1+dfsg.1-15ubuntu4_amd64.deb ...
2025-08-09T00:52:02.7012035Z Unpacking libtheora0:amd64 (1.1.1+dfsg.1-15ubuntu4) ...
2025-08-09T00:52:02.7267619Z Selecting previously unselected package libvisual-0.4-0:amd64.
2025-08-09T00:52:02.7427269Z Preparing to unpack .../08-libvisual-0.4-0_0.4.0-17build2_amd64.deb ...
2025-08-09T00:52:02.7441395Z Unpacking libvisual-0.4-0:amd64 (0.4.0-17build2) ...
2025-08-09T00:52:02.7677366Z Selecting previously unselected package libvorbisenc2:amd64.
2025-08-09T00:52:02.7838066Z Preparing to unpack .../09-libvorbisenc2_1.3.7-1build2_amd64.deb ...
2025-08-09T00:52:02.7846723Z Unpacking libvorbisenc2:amd64 (1.3.7-1build2) ...
2025-08-09T00:52:02.8073904Z Selecting previously unselected package gstreamer1.0-plugins-base:amd64.
2025-08-09T00:52:02.8235678Z Preparing to unpack .../10-gstreamer1.0-plugins-base_1.20.1-1ubuntu0.4_amd64.deb ...
2025-08-09T00:52:02.8245072Z Unpacking gstreamer1.0-plugins-base:amd64 (1.20.1-1ubuntu0.4) ...
2025-08-09T00:52:02.8583096Z Selecting previously unselected package libaa1:amd64.
2025-08-09T00:52:02.8742658Z Preparing to unpack .../11-libaa1_1.4p5-50build1_amd64.deb ...
2025-08-09T00:52:02.8756523Z Unpacking libaa1:amd64 (1.4p5-50build1) ...
2025-08-09T00:52:02.8996546Z Selecting previously unselected package libraw1394-11:amd64.
2025-08-09T00:52:02.9155984Z Preparing to unpack .../12-libraw1394-11_2.1.2-2build2_amd64.deb ...
2025-08-09T00:52:02.9168477Z Unpacking libraw1394-11:amd64 (2.1.2-2build2) ...
2025-08-09T00:52:02.9397712Z Selecting previously unselected package libavc1394-0:amd64.
2025-08-09T00:52:02.9556724Z Preparing to unpack .../13-libavc1394-0_0.5.4-5build2_amd64.deb ...
2025-08-09T00:52:02.9568818Z Unpacking libavc1394-0:amd64 (0.5.4-5build2) ...
2025-08-09T00:52:02.9798145Z Selecting previously unselected package libcaca0:amd64.
2025-08-09T00:52:02.9956904Z Preparing to unpack .../14-libcaca0_0.99.beta19-2.2ubuntu4_amd64.deb ...
2025-08-09T00:52:02.9966007Z Unpacking libcaca0:amd64 (0.99.beta19-2.2ubuntu4) ...
2025-08-09T00:52:03.0224640Z Selecting previously unselected package libdv4:amd64.
2025-08-09T00:52:03.0380777Z Preparing to unpack .../15-libdv4_1.0.0-14build1_amd64.deb ...
2025-08-09T00:52:03.0392209Z Unpacking libdv4:amd64 (1.0.0-14build1) ...
2025-08-09T00:52:03.0634549Z Selecting previously unselected package libflac8:amd64.
2025-08-09T00:52:03.0806782Z Preparing to unpack .../16-libflac8_1.3.3-2ubuntu0.2_amd64.deb ...
2025-08-09T00:52:03.0819282Z Unpacking libflac8:amd64 (1.3.3-2ubuntu0.2) ...
2025-08-09T00:52:03.1057223Z Selecting previously unselected package libgstreamer-plugins-good1.0-0:amd64.
2025-08-09T00:52:03.1218668Z Preparing to unpack .../17-libgstreamer-plugins-good1.0-0_1.20.3-0ubuntu1.3_amd64.deb ...
2025-08-09T00:52:03.1228314Z Unpacking libgstreamer-plugins-good1.0-0:amd64 (1.20.3-0ubuntu1.3) ...
2025-08-09T00:52:03.1451181Z Selecting previously unselected package libiec61883-0:amd64.
2025-08-09T00:52:03.1611362Z Preparing to unpack .../18-libiec61883-0_1.2.0-4build3_amd64.deb ...
2025-08-09T00:52:03.1620891Z Unpacking libiec61883-0:amd64 (1.2.0-4build3) ...
2025-08-09T00:52:03.1848993Z Selecting previously unselected package libsamplerate0:amd64.
2025-08-09T00:52:03.2010818Z Preparing to unpack .../19-libsamplerate0_0.2.2-1build1_amd64.deb ...
2025-08-09T00:52:03.2019392Z Unpacking libsamplerate0:amd64 (0.2.2-1build1) ...
2025-08-09T00:52:03.2407395Z Selecting previously unselected package libjack-jackd2-0:amd64.
2025-08-09T00:52:03.2569352Z Preparing to unpack .../20-libjack-jackd2-0_1.9.20~dfsg-1_amd64.deb ...
2025-08-09T00:52:03.2579870Z Unpacking libjack-jackd2-0:amd64 (1.9.20~dfsg-1) ...
2025-08-09T00:52:03.2859073Z Selecting previously unselected package libmp3lame0:amd64.
2025-08-09T00:52:03.3020843Z Preparing to unpack .../21-libmp3lame0_3.100-3build2_amd64.deb ...
2025-08-09T00:52:03.3031495Z Unpacking libmp3lame0:amd64 (3.100-3build2) ...
2025-08-09T00:52:03.3272896Z Selecting previously unselected package libmpg123-0:amd64.
2025-08-09T00:52:03.3436024Z Preparing to unpack .../22-libmpg123-0_1.29.3-1ubuntu0.1_amd64.deb ...
2025-08-09T00:52:03.3450886Z Unpacking libmpg123-0:amd64 (1.29.3-1ubuntu0.1) ...
2025-08-09T00:52:03.3707303Z Selecting previously unselected package libasyncns0:amd64.
2025-08-09T00:52:03.3868920Z Preparing to unpack .../23-libasyncns0_0.8-6build2_amd64.deb ...
2025-08-09T00:52:03.3883701Z Unpacking libasyncns0:amd64 (0.8-6build2) ...
2025-08-09T00:52:03.4123068Z Selecting previously unselected package libsndfile1:amd64.
2025-08-09T00:52:03.4283228Z Preparing to unpack .../24-libsndfile1_1.0.31-2ubuntu0.2_amd64.deb ...
2025-08-09T00:52:03.4294582Z Unpacking libsndfile1:amd64 (1.0.31-2ubuntu0.2) ...
2025-08-09T00:52:03.4573826Z Selecting previously unselected package libpulse0:amd64.
2025-08-09T00:52:03.4735712Z Preparing to unpack .../25-libpulse0_1%3a15.99.1+dfsg1-1ubuntu2.2_amd64.deb ...
2025-08-09T00:52:03.4957122Z Unpacking libpulse0:amd64 (1:15.99.1+dfsg1-1ubuntu2.2) ...
2025-08-09T00:52:03.5222794Z Selecting previously unselected package libspeex1:amd64.
2025-08-09T00:52:03.5383648Z Preparing to unpack .../26-libspeex1_1.2~rc1.2-1.1ubuntu3_amd64.deb ...
2025-08-09T00:52:03.5397881Z Unpacking libspeex1:amd64 (1.2~rc1.2-1.1ubuntu3) ...
2025-08-09T00:52:03.5636606Z Selecting previously unselected package libshout3:amd64.
2025-08-09T00:52:03.5800280Z Preparing to unpack .../27-libshout3_2.4.5-1build3_amd64.deb ...
2025-08-09T00:52:03.5817485Z Unpacking libshout3:amd64 (2.4.5-1build3) ...
2025-08-09T00:52:03.6080586Z Selecting previously unselected package libtag1v5-vanilla:amd64.
2025-08-09T00:52:03.6241115Z Preparing to unpack .../28-libtag1v5-vanilla_1.11.1+dfsg.1-3ubuntu3_amd64.deb ...
2025-08-09T00:52:03.6249851Z Unpacking libtag1v5-vanilla:amd64 (1.11.1+dfsg.1-3ubuntu3) ...
2025-08-09T00:52:03.6501934Z Selecting previously unselected package libtag1v5:amd64.
2025-08-09T00:52:03.6662769Z Preparing to unpack .../29-libtag1v5_1.11.1+dfsg.1-3ubuntu3_amd64.deb ...
2025-08-09T00:52:03.6674335Z Unpacking libtag1v5:amd64 (1.11.1+dfsg.1-3ubuntu3) ...
2025-08-09T00:52:03.6897936Z Selecting previously unselected package libtwolame0:amd64.
2025-08-09T00:52:03.7057249Z Preparing to unpack .../30-libtwolame0_0.4.0-2build2_amd64.deb ...
2025-08-09T00:52:03.7067190Z Unpacking libtwolame0:amd64 (0.4.0-2build2) ...
2025-08-09T00:52:03.7308443Z Selecting previously unselected package libv4lconvert0:amd64.
2025-08-09T00:52:03.7462639Z Preparing to unpack .../31-libv4lconvert0_1.22.1-2build1_amd64.deb ...
2025-08-09T00:52:03.7476148Z Unpacking libv4lconvert0:amd64 (1.22.1-2build1) ...
2025-08-09T00:52:03.7716746Z Selecting previously unselected package libv4l-0:amd64.
2025-08-09T00:52:03.7873921Z Preparing to unpack .../32-libv4l-0_1.22.1-2build1_amd64.deb ...
2025-08-09T00:52:03.7882489Z Unpacking libv4l-0:amd64 (1.22.1-2build1) ...
2025-08-09T00:52:03.8131619Z Selecting previously unselected package libvpx7:amd64.
2025-08-09T00:52:03.8289294Z Preparing to unpack .../33-libvpx7_1.11.0-2ubuntu2.4_amd64.deb ...
2025-08-09T00:52:03.8299504Z Unpacking libvpx7:amd64 (1.11.0-2ubuntu2.4) ...
2025-08-09T00:52:03.8671757Z Selecting previously unselected package libwavpack1:amd64.
2025-08-09T00:52:03.8833579Z Preparing to unpack .../34-libwavpack1_5.4.0-1build2_amd64.deb ...
2025-08-09T00:52:03.8842869Z Unpacking libwavpack1:amd64 (5.4.0-1build2) ...
2025-08-09T00:52:03.9070127Z Selecting previously unselected package gstreamer1.0-plugins-good:amd64.
2025-08-09T00:52:03.9231669Z Preparing to unpack .../35-gstreamer1.0-plugins-good_1.20.3-0ubuntu1.3_amd64.deb ...
2025-08-09T00:52:03.9246006Z Unpacking gstreamer1.0-plugins-good:amd64 (1.20.3-0ubuntu1.3) ...
2025-08-09T00:52:03.9828921Z Selecting previously unselected package libxv1:amd64.
2025-08-09T00:52:03.9991486Z Preparing to unpack .../36-libxv1_2%3a1.0.11-1build2_amd64.deb ...
2025-08-09T00:52:04.0012721Z Unpacking libxv1:amd64 (2:1.0.11-1build2) ...
2025-08-09T00:52:04.0236635Z Selecting previously unselected package gstreamer1.0-x:amd64.
2025-08-09T00:52:04.0394798Z Preparing to unpack .../37-gstreamer1.0-x_1.20.1-1ubuntu0.4_amd64.deb ...
2025-08-09T00:52:04.0406056Z Unpacking gstreamer1.0-x:amd64 (1.20.1-1ubuntu0.4) ...
2025-08-09T00:52:04.0633632Z Selecting previously unselected package libnl-route-3-200:amd64.
2025-08-09T00:52:04.0838228Z Preparing to unpack .../38-libnl-route-3-200_3.5.0-0.1_amd64.deb ...
2025-08-09T00:52:04.0854747Z Unpacking libnl-route-3-200:amd64 (3.5.0-0.1) ...
2025-08-09T00:52:04.1111094Z Selecting previously unselected package libibverbs1:amd64.
2025-08-09T00:52:04.1272089Z Preparing to unpack .../39-libibverbs1_39.0-1_amd64.deb ...
2025-08-09T00:52:04.1282811Z Unpacking libibverbs1:amd64 (39.0-1) ...
2025-08-09T00:52:04.1548688Z Selecting previously unselected package ibverbs-providers:amd64.
2025-08-09T00:52:04.1708911Z Preparing to unpack .../40-ibverbs-providers_39.0-1_amd64.deb ...
2025-08-09T00:52:04.1844659Z Unpacking ibverbs-providers:amd64 (39.0-1) ...
2025-08-09T00:52:04.2133539Z Selecting previously unselected package ipxe-qemu.
2025-08-09T00:52:04.2296233Z Preparing to unpack .../41-ipxe-qemu_1.21.1+git-20220113.fbbdc3926-0ubuntu1_all.deb ...
2025-08-09T00:52:04.2308789Z Unpacking ipxe-qemu (1.21.1+git-20220113.fbbdc3926-0ubuntu1) ...
2025-08-09T00:52:04.2678227Z Selecting previously unselected package ipxe-qemu-256k-compat-efi-roms.
2025-08-09T00:52:04.2839478Z Preparing to unpack .../42-ipxe-qemu-256k-compat-efi-roms_1.0.0+git-20150424.a25a16d-0ubuntu4_all.deb ...
2025-08-09T00:52:04.2849786Z Unpacking ipxe-qemu-256k-compat-efi-roms (1.0.0+git-20150424.a25a16d-0ubuntu4) ...
2025-08-09T00:52:04.3355663Z Selecting previously unselected package isolinux.
2025-08-09T00:52:04.3515907Z Preparing to unpack .../43-isolinux_3%3a6.04~git20190206.bf6db5b4+dfsg1-3ubuntu1_all.deb ...
2025-08-09T00:52:04.3527918Z Unpacking isolinux (3:6.04~git20190206.bf6db5b4+dfsg1-3ubuntu1) ...
2025-08-09T00:52:04.3766435Z Selecting previously unselected package libboost-iostreams1.74.0:amd64.
2025-08-09T00:52:04.3926552Z Preparing to unpack .../44-libboost-iostreams1.74.0_1.74.0-14ubuntu3_amd64.deb ...
2025-08-09T00:52:04.3938071Z Unpacking libboost-iostreams1.74.0:amd64 (1.74.0-14ubuntu3) ...
2025-08-09T00:52:04.4235348Z Selecting previously unselected package libboost-thread1.74.0:amd64.
2025-08-09T00:52:04.4395267Z Preparing to unpack .../45-libboost-thread1.74.0_1.74.0-14ubuntu3_amd64.deb ...
2025-08-09T00:52:04.4408396Z Unpacking libboost-thread1.74.0:amd64 (1.74.0-14ubuntu3) ...
2025-08-09T00:52:04.4704352Z Selecting previously unselected package libbrlapi0.8:amd64.
2025-08-09T00:52:04.4865949Z Preparing to unpack .../46-libbrlapi0.8_6.4-4ubuntu3_amd64.deb ...
2025-08-09T00:52:04.4876957Z Unpacking libbrlapi0.8:amd64 (6.4-4ubuntu3) ...
2025-08-09T00:52:04.5120704Z Selecting previously unselected package libpcsclite1:amd64.
2025-08-09T00:52:04.5282104Z Preparing to unpack .../47-libpcsclite1_1.9.5-3ubuntu1_amd64.deb ...
2025-08-09T00:52:04.5294326Z Unpacking libpcsclite1:amd64 (1.9.5-3ubuntu1) ...
2025-08-09T00:52:04.5540336Z Selecting previously unselected package libcacard0:amd64.
2025-08-09T00:52:04.5703377Z Preparing to unpack .../48-libcacard0_1%3a2.8.0-3build2_amd64.deb ...
2025-08-09T00:52:04.5711849Z Unpacking libcacard0:amd64 (1:2.8.0-3build2) ...
2025-08-09T00:52:04.5956141Z Selecting previously unselected package libdaxctl1:amd64.
2025-08-09T00:52:04.6118165Z Preparing to unpack .../49-libdaxctl1_72.1-1_amd64.deb ...
2025-08-09T00:52:04.6134382Z Unpacking libdaxctl1:amd64 (72.1-1) ...
2025-08-09T00:52:04.6383682Z Selecting previously unselected package libdecor-0-0:amd64.
2025-08-09T00:52:04.6544513Z Preparing to unpack .../50-libdecor-0-0_0.1.0-3build1_amd64.deb ...
2025-08-09T00:52:04.6559774Z Unpacking libdecor-0-0:amd64 (0.1.0-3build1) ...
2025-08-09T00:52:04.6769509Z Selecting previously unselected package libdecor-0-plugin-1-cairo:amd64.
2025-08-09T00:52:04.6930046Z Preparing to unpack .../51-libdecor-0-plugin-1-cairo_0.1.0-3build1_amd64.deb ...
2025-08-09T00:52:04.6949475Z Unpacking libdecor-0-plugin-1-cairo:amd64 (0.1.0-3build1) ...
2025-08-09T00:52:04.7151721Z Selecting previously unselected package libelf-dev:amd64.
2025-08-09T00:52:04.7306456Z Preparing to unpack .../52-libelf-dev_0.186-1ubuntu0.1_amd64.deb ...
2025-08-09T00:52:04.7317950Z Unpacking libelf-dev:amd64 (0.186-1ubuntu0.1) ...
2025-08-09T00:52:04.7815839Z Selecting previously unselected package libgfxdr0:amd64.
2025-08-09T00:52:04.7976406Z Preparing to unpack .../53-libgfxdr0_10.1-1ubuntu0.2_amd64.deb ...
2025-08-09T00:52:04.7987248Z Unpacking libgfxdr0:amd64 (10.1-1ubuntu0.2) ...
2025-08-09T00:52:04.8239043Z Selecting previously unselected package libglusterfs0:amd64.
2025-08-09T00:52:04.8399025Z Preparing to unpack .../54-libglusterfs0_10.1-1ubuntu0.2_amd64.deb ...
2025-08-09T00:52:04.8416794Z Unpacking libglusterfs0:amd64 (10.1-1ubuntu0.2) ...
2025-08-09T00:52:04.8664061Z Selecting previously unselected package libgfrpc0:amd64.
2025-08-09T00:52:04.8822505Z Preparing to unpack .../55-libgfrpc0_10.1-1ubuntu0.2_amd64.deb ...
2025-08-09T00:52:04.8832090Z Unpacking libgfrpc0:amd64 (10.1-1ubuntu0.2) ...
2025-08-09T00:52:04.9061162Z Selecting previously unselected package libgfapi0:amd64.
2025-08-09T00:52:04.9221747Z Preparing to unpack .../56-libgfapi0_10.1-1ubuntu0.2_amd64.deb ...
2025-08-09T00:52:04.9236584Z Unpacking libgfapi0:amd64 (10.1-1ubuntu0.2) ...
2025-08-09T00:52:04.9467290Z Selecting previously unselected package librdmacm1:amd64.
2025-08-09T00:52:04.9623918Z Preparing to unpack .../57-librdmacm1_39.0-1_amd64.deb ...
2025-08-09T00:52:04.9637974Z Unpacking librdmacm1:amd64 (39.0-1) ...
2025-08-09T00:52:04.9867327Z Selecting previously unselected package libiscsi7:amd64.
2025-08-09T00:52:05.0024945Z Preparing to unpack .../58-libiscsi7_1.19.0-3build2_amd64.deb ...
2025-08-09T00:52:05.0034402Z Unpacking libiscsi7:amd64 (1.19.0-3build2) ...
2025-08-09T00:52:05.0260007Z Selecting previously unselected package liblinear4:amd64.
2025-08-09T00:52:05.0417545Z Preparing to unpack .../59-liblinear4_2.3.0+dfsg-5_amd64.deb ...
2025-08-09T00:52:05.0428283Z Unpacking liblinear4:amd64 (2.3.0+dfsg-5) ...
2025-08-09T00:52:05.0680444Z Selecting previously unselected package libndctl6:amd64.
2025-08-09T00:52:05.0867697Z Preparing to unpack .../60-libndctl6_72.1-1_amd64.deb ...
2025-08-09T00:52:05.0876925Z Unpacking libndctl6:amd64 (72.1-1) ...
2025-08-09T00:52:05.1110387Z Selecting previously unselected package libpmem1:amd64.
2025-08-09T00:52:05.1270740Z Preparing to unpack .../61-libpmem1_1.11.1-3build1_amd64.deb ...
2025-08-09T00:52:05.1280125Z Unpacking libpmem1:amd64 (1.11.1-3build1) ...
2025-08-09T00:52:05.1578375Z Selecting previously unselected package libpmemobj1:amd64.
2025-08-09T00:52:05.1737893Z Preparing to unpack .../62-libpmemobj1_1.11.1-3build1_amd64.deb ...
2025-08-09T00:52:05.1746945Z Unpacking libpmemobj1:amd64 (1.11.1-3build1) ...
2025-08-09T00:52:05.2013016Z Selecting previously unselected package librados2.
2025-08-09T00:52:05.2170717Z Preparing to unpack .../63-librados2_17.2.7-0ubuntu0.22.04.2_amd64.deb ...
2025-08-09T00:52:05.2180080Z Unpacking librados2 (17.2.7-0ubuntu0.22.04.2) ...
2025-08-09T00:52:05.2844993Z Selecting previously unselected package librbd1.
2025-08-09T00:52:05.3004689Z Preparing to unpack .../64-librbd1_17.2.7-0ubuntu0.22.04.2_amd64.deb ...
2025-08-09T00:52:05.3014582Z Unpacking librbd1 (17.2.7-0ubuntu0.22.04.2) ...
2025-08-09T00:52:05.3758157Z Selecting previously unselected package libsdl2-2.0-0:amd64.
2025-08-09T00:52:05.3920329Z Preparing to unpack .../65-libsdl2-2.0-0_2.0.20+dfsg-2ubuntu1.22.04.1_amd64.deb ...
2025-08-09T00:52:05.3929326Z Unpacking libsdl2-2.0-0:amd64 (2.0.20+dfsg-2ubuntu1.22.04.1) ...
2025-08-09T00:52:05.4227272Z Selecting previously unselected package libspice-server1:amd64.
2025-08-09T00:52:05.4390291Z Preparing to unpack .../66-libspice-server1_0.15.0-2ubuntu4_amd64.deb ...
2025-08-09T00:52:05.4400906Z Unpacking libspice-server1:amd64 (0.15.0-2ubuntu4) ...
2025-08-09T00:52:05.4689227Z Selecting previously unselected package liburing2:amd64.
2025-08-09T00:52:05.4849165Z Preparing to unpack .../67-liburing2_2.1-2build1_amd64.deb ...
2025-08-09T00:52:05.4860354Z Unpacking liburing2:amd64 (2.1-2build1) ...
2025-08-09T00:52:05.5077048Z Selecting previously unselected package libusbredirparser1:amd64.
2025-08-09T00:52:05.5236934Z Preparing to unpack .../68-libusbredirparser1_0.11.0-2build1_amd64.deb ...
2025-08-09T00:52:05.5247336Z Unpacking libusbredirparser1:amd64 (0.11.0-2build1) ...
2025-08-09T00:52:05.5471168Z Selecting previously unselected package libvirglrenderer1:amd64.
2025-08-09T00:52:05.5629945Z Preparing to unpack .../69-libvirglrenderer1_0.9.1-1~exp1ubuntu2_amd64.deb ...
2025-08-09T00:52:05.5639321Z Unpacking libvirglrenderer1:amd64 (0.9.1-1~exp1ubuntu2) ...
2025-08-09T00:52:05.5870688Z Selecting previously unselected package libvte-2.91-common.
2025-08-09T00:52:05.6033052Z Preparing to unpack .../70-libvte-2.91-common_0.68.0-1ubuntu0.1_amd64.deb ...
2025-08-09T00:52:05.6045188Z Unpacking libvte-2.91-common (0.68.0-1ubuntu0.1) ...
2025-08-09T00:52:05.6281892Z Selecting previously unselected package libvte-2.91-0:amd64.
2025-08-09T00:52:05.6442992Z Preparing to unpack .../71-libvte-2.91-0_0.68.0-1ubuntu0.1_amd64.deb ...
2025-08-09T00:52:05.6452026Z Unpacking libvte-2.91-0:amd64 (0.68.0-1ubuntu0.1) ...
2025-08-09T00:52:05.6673389Z Selecting previously unselected package debootstrap.
2025-08-09T00:52:05.6831034Z Preparing to unpack .../72-debootstrap_1.0.126+nmu1ubuntu0.8_all.deb ...
2025-08-09T00:52:05.6840977Z Unpacking debootstrap (1.0.126+nmu1ubuntu0.8) ...
2025-08-09T00:52:05.7266390Z Selecting previously unselected package live-build.
2025-08-09T00:52:05.7424902Z Preparing to unpack .../73-live-build_3.0~a57-1ubuntu41.22.04.1_all.deb ...
2025-08-09T00:52:05.7435953Z Unpacking live-build (3.0~a57-1ubuntu41.22.04.1) ...
2025-08-09T00:52:05.9267384Z Selecting previously unselected package lua-lpeg:amd64.
2025-08-09T00:52:05.9429450Z Preparing to unpack .../74-lua-lpeg_1.0.2-1_amd64.deb ...
2025-08-09T00:52:05.9442245Z Unpacking lua-lpeg:amd64 (1.0.2-1) ...
2025-08-09T00:52:05.9685500Z Selecting previously unselected package mtools.
2025-08-09T00:52:05.9847226Z Preparing to unpack .../75-mtools_4.0.33-1+really4.0.32-1build1_amd64.deb ...
2025-08-09T00:52:05.9856626Z Unpacking mtools (4.0.33-1+really4.0.32-1build1) ...
2025-08-09T00:52:06.3398983Z Selecting previously unselected package nmap-common.
2025-08-09T00:52:06.3562641Z Preparing to unpack .../76-nmap-common_7.91+dfsg1+really7.80+dfsg1-2ubuntu0.1_all.deb ...
2025-08-09T00:52:06.3570926Z Unpacking nmap-common (7.91+dfsg1+really7.80+dfsg1-2ubuntu0.1) ...
2025-08-09T00:52:06.5560860Z Selecting previously unselected package pv.
2025-08-09T00:52:06.5725915Z Preparing to unpack .../77-pv_1.6.6-1build2_amd64.deb ...
2025-08-09T00:52:06.5735510Z Unpacking pv (1.6.6-1build2) ...
2025-08-09T00:52:06.6124654Z Selecting previously unselected package libfdt1:amd64.
2025-08-09T00:52:06.6285790Z Preparing to unpack .../78-libfdt1_1.6.1-1_amd64.deb ...
2025-08-09T00:52:06.6295854Z Unpacking libfdt1:amd64 (1.6.1-1) ...
2025-08-09T00:52:06.6526494Z Selecting previously unselected package qemu-system-common.
2025-08-09T00:52:06.6688969Z Preparing to unpack .../79-qemu-system-common_1%3a6.2+dfsg-2ubuntu6.26_amd64.deb ...
2025-08-09T00:52:06.6719910Z Unpacking qemu-system-common (1:6.2+dfsg-2ubuntu6.26) ...
2025-08-09T00:52:06.7949223Z Selecting previously unselected package qemu-system-data.
2025-08-09T00:52:06.8111920Z Preparing to unpack .../80-qemu-system-data_1%3a6.2+dfsg-2ubuntu6.26_all.deb ...
2025-08-09T00:52:06.8120293Z Unpacking qemu-system-data (1:6.2+dfsg-2ubuntu6.26) ...
2025-08-09T00:52:06.8777046Z Selecting previously unselected package seabios.
2025-08-09T00:52:06.8941475Z Preparing to unpack .../81-seabios_1.15.0-1_all.deb ...
2025-08-09T00:52:06.8960235Z Unpacking seabios (1.15.0-1) ...
2025-08-09T00:52:06.9218956Z Selecting previously unselected package qemu-system-x86.
2025-08-09T00:52:06.9380451Z Preparing to unpack .../82-qemu-system-x86_1%3a6.2+dfsg-2ubuntu6.26_amd64.deb ...
2025-08-09T00:52:06.9527943Z Unpacking qemu-system-x86 (1:6.2+dfsg-2ubuntu6.26) ...
2025-08-09T00:52:07.1415352Z Selecting previously unselected package qemu-utils.
2025-08-09T00:52:07.1578234Z Preparing to unpack .../83-qemu-utils_1%3a6.2+dfsg-2ubuntu6.26_amd64.deb ...
2025-08-09T00:52:07.1589592Z Unpacking qemu-utils (1:6.2+dfsg-2ubuntu6.26) ...
2025-08-09T00:52:07.2501290Z Selecting previously unselected package qemu-block-extra.
2025-08-09T00:52:07.2665341Z Preparing to unpack .../84-qemu-block-extra_1%3a6.2+dfsg-2ubuntu6.26_amd64.deb ...
2025-08-09T00:52:07.2673652Z Unpacking qemu-block-extra (1:6.2+dfsg-2ubuntu6.26) ...
2025-08-09T00:52:07.2930427Z Selecting previously unselected package qemu-system-gui.
2025-08-09T00:52:07.3096340Z Preparing to unpack .../85-qemu-system-gui_1%3a6.2+dfsg-2ubuntu6.26_amd64.deb ...
2025-08-09T00:52:07.3106683Z Unpacking qemu-system-gui (1:6.2+dfsg-2ubuntu6.26) ...
2025-08-09T00:52:07.3367408Z Selecting previously unselected package syslinux-common.
2025-08-09T00:52:07.3531855Z Preparing to unpack .../86-syslinux-common_3%3a6.04~git20190206.bf6db5b4+dfsg1-3ubuntu1_all.deb ...
2025-08-09T00:52:07.3549767Z Unpacking syslinux-common (3:6.04~git20190206.bf6db5b4+dfsg1-3ubuntu1) ...
2025-08-09T00:52:07.4182440Z Selecting previously unselected package syslinux-utils.
2025-08-09T00:52:07.4345159Z Preparing to unpack .../87-syslinux-utils_3%3a6.04~git20190206.bf6db5b4+dfsg1-3ubuntu1_amd64.deb ...
2025-08-09T00:52:07.4354454Z Unpacking syslinux-utils (3:6.04~git20190206.bf6db5b4+dfsg1-3ubuntu1) ...
2025-08-09T00:52:07.5542055Z Selecting previously unselected package nmap.
2025-08-09T00:52:07.5704732Z Preparing to unpack .../88-nmap_7.91+dfsg1+really7.80+dfsg1-2ubuntu0.1_amd64.deb ...
2025-08-09T00:52:07.5714644Z Unpacking nmap (7.91+dfsg1+really7.80+dfsg1-2ubuntu0.1) ...
2025-08-09T00:52:07.6751423Z Selecting previously unselected package ovmf.
2025-08-09T00:52:07.6913641Z Preparing to unpack .../89-ovmf_2022.02-3ubuntu0.22.04.3_all.deb ...
2025-08-09T00:52:07.6929163Z Unpacking ovmf (2022.02-3ubuntu0.22.04.3) ...
2025-08-09T00:52:07.7861982Z Setting up genisoimage (9:1.1.11-3.2ubuntu1) ...
2025-08-09T00:52:07.7906815Z Setting up libcdparanoia0:amd64 (3.10.2+debian-14build2) ...
2025-08-09T00:52:07.7944091Z Setting up lua-lpeg:amd64 (1.0.2-1) ...
2025-08-09T00:52:07.7981395Z Setting up debootstrap (1.0.126+nmu1ubuntu0.8) ...
2025-08-09T00:52:07.8016172Z Setting up libraw1394-11:amd64 (2.1.2-2build2) ...
2025-08-09T00:52:07.8054008Z Setting up libtag1v5-vanilla:amd64 (1.11.1+dfsg.1-3ubuntu3) ...
2025-08-09T00:52:07.8084676Z Setting up libmpg123-0:amd64 (1.29.3-1ubuntu0.1) ...
2025-08-09T00:52:07.8126332Z Setting up isolinux (3:6.04~git20190206.bf6db5b4+dfsg1-3ubuntu1) ...
2025-08-09T00:52:07.8158720Z Setting up libspeex1:amd64 (1.2~rc1.2-1.1ubuntu3) ...
2025-08-09T00:52:07.8185639Z Setting up libcaca0:amd64 (0.99.beta19-2.2ubuntu4) ...
2025-08-09T00:52:07.8225314Z Setting up libtwolame0:amd64 (0.4.0-2build2) ...
2025-08-09T00:52:07.8261004Z Setting up libvte-2.91-common (0.68.0-1ubuntu0.1) ...
2025-08-09T00:52:07.8316581Z Setting up libvisual-0.4-0:amd64 (0.4.0-17build2) ...
2025-08-09T00:52:07.8350537Z Setting up mtools (4.0.33-1+really4.0.32-1build1) ...
2025-08-09T00:52:07.8408157Z Setting up libboost-iostreams1.74.0:amd64 (1.74.0-14ubuntu3) ...
2025-08-09T00:52:07.8439887Z Setting up msr-tools (1.3-4) ...
2025-08-09T00:52:07.8466043Z Setting up syslinux-common (3:6.04~git20190206.bf6db5b4+dfsg1-3ubuntu1) ...
2025-08-09T00:52:07.8496430Z Setting up live-build (3.0~a57-1ubuntu41.22.04.1) ...
2025-08-09T00:52:07.8529292Z Setting up libfdt1:amd64 (1.6.1-1) ...
2025-08-09T00:52:07.8553541Z Setting up libvte-2.91-0:amd64 (0.68.0-1ubuntu0.1) ...
2025-08-09T00:52:07.8596582Z Setting up libusbredirparser1:amd64 (0.11.0-2build1) ...
2025-08-09T00:52:07.8629732Z Setting up liblinear4:amd64 (2.3.0+dfsg-5) ...
2025-08-09T00:52:07.8658851Z Setting up libflac8:amd64 (1.3.3-2ubuntu0.2) ...
2025-08-09T00:52:07.8699148Z Setting up syslinux-utils (3:6.04~git20190206.bf6db5b4+dfsg1-3ubuntu1) ...
2025-08-09T00:52:07.8731995Z Setting up libnl-route-3-200:amd64 (3.5.0-0.1) ...
2025-08-09T00:52:07.8760102Z Setting up ovmf (2022.02-3ubuntu0.22.04.3) ...
2025-08-09T00:52:07.8783719Z Setting up libglusterfs0:amd64 (10.1-1ubuntu0.2) ...
2025-08-09T00:52:07.8806242Z Setting up libvirglrenderer1:amd64 (0.9.1-1~exp1ubuntu2) ...
2025-08-09T00:52:07.8831378Z Setting up libopus0:amd64 (1.3.1-0.1build2) ...
2025-08-09T00:52:07.8852326Z Setting up libxv1:amd64 (2:1.0.11-1build2) ...
2025-08-09T00:52:07.8876000Z Setting up liborc-0.4-0:amd64 (1:0.4.32-2ubuntu0.1) ...
2025-08-09T00:52:07.8900287Z Setting up libelf-dev:amd64 (0.186-1ubuntu0.1) ...
2025-08-09T00:52:07.8923044Z Setting up libpcsclite1:amd64 (1.9.5-3ubuntu1) ...
2025-08-09T00:52:07.8947017Z Setting up libdaxctl1:amd64 (72.1-1) ...
2025-08-09T00:52:07.8972827Z Setting up qemu-system-data (1:6.2+dfsg-2ubuntu6.26) ...
2025-08-09T00:52:07.8995324Z Setting up seabios (1.15.0-1) ...
2025-08-09T00:52:07.9017633Z Setting up nmap-common (7.91+dfsg1+really7.80+dfsg1-2ubuntu0.1) ...
2025-08-09T00:52:07.9195937Z Setting up libtag1v5:amd64 (1.11.1+dfsg.1-3ubuntu3) ...
2025-08-09T00:52:07.9221799Z Setting up cpu-checker (0.7-1.3build1) ...
2025-08-09T00:52:07.9243792Z Setting up libdv4:amd64 (1.0.0-14build1) ...
2025-08-09T00:52:07.9269801Z Setting up libasyncns0:amd64 (0.8-6build2) ...
2025-08-09T00:52:07.9292805Z Setting up pv (1.6.6-1build2) ...
2025-08-09T00:52:07.9319217Z Setting up libwavpack1:amd64 (5.4.0-1build2) ...
2025-08-09T00:52:07.9341937Z Setting up ipxe-qemu (1.21.1+git-20220113.fbbdc3926-0ubuntu1) ...
2025-08-09T00:52:07.9364596Z Setting up libtheora0:amd64 (1.1.1+dfsg.1-15ubuntu4) ...
2025-08-09T00:52:07.9394504Z Setting up libv4lconvert0:amd64 (1.22.1-2build1) ...
2025-08-09T00:52:07.9420325Z Setting up libdecor-0-0:amd64 (0.1.0-3build1) ...
2025-08-09T00:52:07.9445070Z Setting up libndctl6:amd64 (72.1-1) ...
2025-08-09T00:52:07.9473289Z Setting up ipxe-qemu-256k-compat-efi-roms (1.0.0+git-20150424.a25a16d-0ubuntu4) ...
2025-08-09T00:52:07.9497835Z Setting up libvpx7:amd64 (1.11.0-2ubuntu2.4) ...
2025-08-09T00:52:07.9521698Z Setting up libbrlapi0.8:amd64 (6.4-4ubuntu3) ...
2025-08-09T00:52:07.9549213Z Setting up liburing2:amd64 (2.1-2build1) ...
2025-08-09T00:52:07.9576367Z Setting up libsamplerate0:amd64 (0.2.2-1build1) ...
2025-08-09T00:52:07.9598678Z Setting up libpmem1:amd64 (1.11.1-3build1) ...
2025-08-09T00:52:07.9621566Z Setting up libmp3lame0:amd64 (3.100-3build2) ...
2025-08-09T00:52:07.9646346Z Setting up libvorbisenc2:amd64 (1.3.7-1build2) ...
2025-08-09T00:52:07.9667401Z Setting up libgfxdr0:amd64 (10.1-1ubuntu0.2) ...
2025-08-09T00:52:07.9690441Z Setting up libboost-thread1.74.0:amd64 (1.74.0-14ubuntu3) ...
2025-08-09T00:52:07.9716880Z Setting up libaa1:amd64 (1.4p5-50build1) ...
2025-08-09T00:52:07.9741102Z Setting up libiec61883-0:amd64 (1.2.0-4build3) ...
2025-08-09T00:52:07.9765142Z Setting up libavc1394-0:amd64 (0.5.4-5build2) ...
2025-08-09T00:52:07.9788433Z Setting up libibverbs1:amd64 (39.0-1) ...
2025-08-09T00:52:08.0466744Z Setting up ibverbs-providers:amd64 (39.0-1) ...
2025-08-09T00:52:08.0720901Z Setting up libgstreamer-plugins-base1.0-0:amd64 (1.20.1-1ubuntu0.4) ...
2025-08-09T00:52:08.0760025Z Setting up nmap (7.91+dfsg1+really7.80+dfsg1-2ubuntu0.1) ...
2025-08-09T00:52:08.0811220Z Setting up libcacard0:amd64 (1:2.8.0-3build2) ...
2025-08-09T00:52:08.0857722Z Setting up libv4l-0:amd64 (1.22.1-2build1) ...
2025-08-09T00:52:08.0883404Z Setting up libgstreamer-plugins-good1.0-0:amd64 (1.20.3-0ubuntu1.3) ...
2025-08-09T00:52:08.0926268Z Setting up gstreamer1.0-plugins-base:amd64 (1.20.1-1ubuntu0.4) ...
2025-08-09T00:52:08.0971498Z Setting up libshout3:amd64 (2.4.5-1build3) ...
2025-08-09T00:52:08.1008980Z Setting up libpmemobj1:amd64 (1.11.1-3build1) ...
2025-08-09T00:52:08.1034752Z Setting up libdecor-0-plugin-1-cairo:amd64 (0.1.0-3build1) ...
2025-08-09T00:52:08.1058259Z Setting up libjack-jackd2-0:amd64 (1.9.20~dfsg-1) ...
2025-08-09T00:52:08.1092685Z Setting up libsndfile1:amd64 (1.0.31-2ubuntu0.2) ...
2025-08-09T00:52:08.1119466Z Setting up qemu-utils (1:6.2+dfsg-2ubuntu6.26) ...
2025-08-09T00:52:08.1151696Z Setting up libgfrpc0:amd64 (10.1-1ubuntu0.2) ...
2025-08-09T00:52:08.1189761Z Setting up librdmacm1:amd64 (39.0-1) ...
2025-08-09T00:52:08.1230536Z Setting up librados2 (17.2.7-0ubuntu0.22.04.2) ...
2025-08-09T00:52:08.1415623Z Setting up gstreamer1.0-x:amd64 (1.20.1-1ubuntu0.4) ...
2025-08-09T00:52:08.1456729Z Setting up libpulse0:amd64 (1:15.99.1+dfsg1-1ubuntu2.2) ...
2025-08-09T00:52:08.1546329Z Setting up gstreamer1.0-plugins-good:amd64 (1.20.3-0ubuntu1.3) ...
2025-08-09T00:52:08.1580458Z Setting up libspice-server1:amd64 (0.15.0-2ubuntu4) ...
2025-08-09T00:52:08.1623628Z Setting up librbd1 (17.2.7-0ubuntu0.22.04.2) ...
2025-08-09T00:52:08.1673674Z Setting up libgfapi0:amd64 (10.1-1ubuntu0.2) ...
2025-08-09T00:52:08.1706306Z Setting up libiscsi7:amd64 (1.19.0-3build2) ...
2025-08-09T00:52:08.1743557Z Setting up libsdl2-2.0-0:amd64 (2.0.20+dfsg-2ubuntu1.22.04.1) ...
2025-08-09T00:52:08.1770275Z Setting up qemu-block-extra (1:6.2+dfsg-2ubuntu6.26) ...
2025-08-09T00:52:08.4830946Z Created symlink /etc/systemd/system/multi-user.target.wants/run-qemu.mount → /lib/systemd/system/run-qemu.mount.
2025-08-09T00:52:08.9224965Z Setting up qemu-system-common (1:6.2+dfsg-2ubuntu6.26) ...
2025-08-09T00:52:09.0315167Z Created symlink /etc/systemd/system/multi-user.target.wants/qemu-kvm.service → /lib/systemd/system/qemu-kvm.service.
2025-08-09T00:52:09.8811259Z Setting up qemu-system-x86 (1:6.2+dfsg-2ubuntu6.26) ...
2025-08-09T00:52:09.8841102Z Setting up qemu-system-gui (1:6.2+dfsg-2ubuntu6.26) ...
2025-08-09T00:52:09.8875397Z Processing triggers for man-db (2.10.2-1) ...
2025-08-09T00:52:11.5833107Z Processing triggers for install-info (6.8-4build1) ...
2025-08-09T00:52:11.9005424Z Processing triggers for hicolor-icon-theme (0.17-2) ...
2025-08-09T00:52:13.0634591Z Processing triggers for libc-bin (2.35-0ubuntu3.10) ...
2025-08-09T00:52:13.5890679Z NEEDRESTART-VER: 3.5
2025-08-09T00:52:14.5282877Z NEEDRESTART-KCUR: 6.8.0-1031-azure
2025-08-09T00:52:14.5283178Z NEEDRESTART-KEXP: 6.8.0-1031-azure
2025-08-09T00:52:14.5283419Z NEEDRESTART-KSTA: 1
2025-08-09T00:52:14.5283647Z NEEDRESTART-SVC: hosted-compute-agent.service
2025-08-09T00:52:15.8348214Z ##[group]Run echo "CLUSTER_MODE=main" >> $GITHUB_ENV
2025-08-09T00:52:15.8348581Z [36;1mecho "CLUSTER_MODE=main" >> $GITHUB_ENV[0m
2025-08-09T00:52:15.8348856Z [36;1mecho "ENABLE_GUI=true" >> $GITHUB_ENV[0m
2025-08-09T00:52:15.8349129Z [36;1mecho "SKIP_QEMU_TEST=true" >> $GITHUB_ENV[0m
2025-08-09T00:52:15.8349434Z [36;1mecho "BUILD_THREADS=2" >> $GITHUB_ENV  # Limit for CI[0m
2025-08-09T00:52:15.8349871Z [36;1mecho "SKIP_CONNECTIVITY_CHECK=true" >> $GITHUB_ENV  # Skip redundant check in CI[0m
2025-08-09T00:52:15.8377283Z shell: /usr/bin/bash -e {0}
2025-08-09T00:52:15.8377508Z ##[endgroup]
2025-08-09T00:52:15.8450460Z ##[group]Run chmod +x ainux-builder.sh
2025-08-09T00:52:15.8450781Z [36;1mchmod +x ainux-builder.sh[0m
2025-08-09T00:52:15.8451005Z [36;1m[0m
2025-08-09T00:52:15.8451166Z [36;1m# Add debug output[0m
2025-08-09T00:52:15.8451368Z [36;1mset -x[0m
2025-08-09T00:52:15.8451528Z [36;1m[0m
2025-08-09T00:52:15.8451716Z [36;1m# Run build with timeout (2 hours max)[0m
2025-08-09T00:52:15.8451996Z [36;1mtimeout 7200 ./ainux-builder.sh || {[0m
2025-08-09T00:52:15.8452264Z [36;1m  echo "Build timed out or failed"[0m
2025-08-09T00:52:15.8452555Z [36;1m  echo "=== Last 100 lines of any available logs ==="[0m
2025-08-09T00:52:15.8453023Z [36;1m  find ~/ainux-build/logs -name "*.log" -exec tail -50 {} \; 2>/dev/null || echo "No log files found"[0m
2025-08-09T00:52:15.8453406Z [36;1m  [0m
2025-08-09T00:52:15.8453587Z [36;1m  echo "=== Environment Variables ==="[0m
2025-08-09T00:52:15.8453932Z [36;1m  env | grep -E "(CLUSTER_MODE|ENABLE_GUI|SKIP_|BUILD_)" || true[0m
2025-08-09T00:52:15.8454515Z [36;1m  [0m
2025-08-09T00:52:15.8454689Z [36;1m  echo "=== Disk Usage ==="[0m
2025-08-09T00:52:15.8454915Z [36;1m  df -h || true[0m
2025-08-09T00:52:15.8455095Z [36;1m  [0m
2025-08-09T00:52:15.8455266Z [36;1m  echo "=== Memory Usage ==="[0m
2025-08-09T00:52:15.8455496Z [36;1m  free -h || true[0m
2025-08-09T00:52:15.8455677Z [36;1m  [0m
2025-08-09T00:52:15.8455827Z [36;1m  exit 1[0m
2025-08-09T00:52:15.8455983Z [36;1m}[0m
2025-08-09T00:52:15.8480886Z shell: /usr/bin/bash -e {0}
2025-08-09T00:52:15.8481114Z env:
2025-08-09T00:52:15.8481268Z   CLUSTER_MODE: main
2025-08-09T00:52:15.8481453Z   ENABLE_GUI: true
2025-08-09T00:52:15.8481629Z   SKIP_QEMU_TEST: true
2025-08-09T00:52:15.8481805Z   BUILD_THREADS: 2
2025-08-09T00:52:15.8481989Z   SKIP_CONNECTIVITY_CHECK: true
2025-08-09T00:52:15.8482192Z ##[endgroup]
2025-08-09T00:52:15.8533776Z + timeout 7200 ./ainux-builder.sh
2025-08-09T00:52:15.8602446Z 
2025-08-09T00:52:15.8603064Z [0;35m[PHASE][0m Starting Ainux OS AI Cluster Builder Process
2025-08-09T00:52:15.8603469Z 
2025-08-09T00:52:15.8603478Z 
2025-08-09T00:52:15.8603698Z [0;35m[PHASE][0m Checking Prerequisites
2025-08-09T00:52:15.8603912Z 
2025-08-09T00:52:15.8649953Z [0;34m[INFO][0m Detected Ubuntu 22.04 LTS - supported
2025-08-09T00:52:15.8678354Z [0;34m[INFO][0m Disk space check passed: 36GB available
2025-08-09T00:52:15.8679005Z [0;34m[INFO][0m Checking internet connectivity...
2025-08-09T00:52:15.8679770Z [1;33m[WARNING][0m Skipping connectivity check (SKIP_CONNECTIVITY_CHECK=true)
2025-08-09T00:52:15.8680510Z [0;32m[SUCCESS][0m Prerequisites check passed
2025-08-09T00:52:15.8680834Z 
2025-08-09T00:52:15.8681195Z [0;35m[PHASE][0m Initializing Ainux OS AI Cluster Build Environment
2025-08-09T00:52:15.8681584Z 
2025-08-09T00:52:15.8681784Z [0;34m[INFO][0m Build Configuration:
2025-08-09T00:52:15.8682282Z [0;34m[INFO][0m   Kernel Version: 6.6.58
2025-08-09T00:52:15.8682713Z [0;34m[INFO][0m   Cluster Mode: main
2025-08-09T00:52:15.8682987Z [0;34m[INFO][0m   Build Threads: 2
2025-08-09T00:52:15.8683460Z [0;34m[INFO][0m   GUI Enabled: true
2025-08-09T00:52:15.8683796Z [0;34m[INFO][0m   Build Directory: /home/runner/ainux-build
2025-08-09T00:52:15.8684354Z [0;34m[INFO][0m Installing build dependencies...
2025-08-09T00:52:15.8777980Z 
2025-08-09T00:52:15.8778586Z WARNING: apt does not have a stable CLI interface. Use with caution in scripts.
2025-08-09T00:52:15.8779077Z 
2025-08-09T00:52:17.5442017Z 16 packages can be upgraded. Run 'apt list --upgradable' to see them.
2025-08-09T00:52:17.5557225Z 
2025-08-09T00:52:17.5557802Z WARNING: apt does not have a stable CLI interface. Use with caution in scripts.
2025-08-09T00:52:17.5558289Z 
2025-08-09T00:52:17.5942474Z Reading package lists...
2025-08-09T00:52:17.7640609Z Building dependency tree...
2025-08-09T00:52:17.7652969Z Reading state information...
2025-08-09T00:52:17.9149029Z bc is already the newest version (1.07.1-3build1).
2025-08-09T00:52:17.9150046Z bison is already the newest version (2:3.8.2+dfsg-1build1).
2025-08-09T00:52:17.9150634Z build-essential is already the newest version (12.9ubuntu3).
2025-08-09T00:52:17.9151181Z dosfstools is already the newest version (4.2-1build3).
2025-08-09T00:52:17.9151674Z flex is already the newest version (2.6.4-8build2).
2025-08-09T00:52:17.9152157Z gcc is already the newest version (4:11.2.0-1ubuntu1).
2025-08-09T00:52:17.9152708Z genisoimage is already the newest version (9:1.1.11-3.2ubuntu1).
2025-08-09T00:52:17.9153280Z make is already the newest version (4.3-4.1build1).
2025-08-09T00:52:17.9153699Z mtools is already the newest version (4.0.33-1+really4.0.32-1build1).
2025-08-09T00:52:17.9154047Z pv is already the newest version (1.6.6-1build2).
2025-08-09T00:52:17.9154616Z squashfs-tools is already the newest version (1:4.5-3build1).
2025-08-09T00:52:17.9155063Z isolinux is already the newest version (3:6.04~git20190206.bf6db5b4+dfsg1-3ubuntu1).
2025-08-09T00:52:17.9155579Z syslinux-utils is already the newest version (3:6.04~git20190206.bf6db5b4+dfsg1-3ubuntu1).
2025-08-09T00:52:17.9155987Z xorriso is already the newest version (1.5.4-2).
2025-08-09T00:52:17.9156292Z curl is already the newest version (7.81.0-1ubuntu1.20).
2025-08-09T00:52:17.9156648Z debootstrap is already the newest version (1.0.126+nmu1ubuntu0.8).
2025-08-09T00:52:17.9157044Z grub-efi-amd64-bin is already the newest version (2.06-2ubuntu14.8).
2025-08-09T00:52:17.9157414Z grub-pc-bin is already the newest version (2.06-2ubuntu7.2).
2025-08-09T00:52:17.9157751Z libelf-dev is already the newest version (0.186-1ubuntu0.1).
2025-08-09T00:52:17.9158098Z libncurses-dev is already the newest version (6.3-2ubuntu0.1).
2025-08-09T00:52:17.9158447Z libssl-dev is already the newest version (3.0.2-0ubuntu1.19).
2025-08-09T00:52:17.9158812Z live-build is already the newest version (3.0~a57-1ubuntu41.22.04.1).
2025-08-09T00:52:17.9159209Z qemu-system-x86 is already the newest version (1:6.2+dfsg-2ubuntu6.26).
2025-08-09T00:52:17.9159581Z rsync is already the newest version (3.2.7-0ubuntu0.22.04.4).
2025-08-09T00:52:17.9159910Z wget is already the newest version (1.21.2-2ubuntu1.1).
2025-08-09T00:52:17.9160278Z nmap is already the newest version (7.91+dfsg1+really7.80+dfsg1-2ubuntu0.1).
2025-08-09T00:52:17.9160695Z python3-pip is already the newest version (22.0.2+dfsg-1ubuntu0.6).
2025-08-09T00:52:17.9161069Z git is already the newest version (1:2.50.1-0ppa1~ubuntu22.04.1).
2025-08-09T00:52:17.9496284Z The following NEW packages will be installed:
2025-08-09T00:52:17.9500804Z   dialog
2025-08-09T00:52:17.9779751Z 0 upgraded, 1 newly installed, 0 to remove and 16 not upgraded.
2025-08-09T00:52:18.0103849Z Need to get 303 kB of archives.
2025-08-09T00:52:18.0104522Z After this operation, 1258 kB of additional disk space will be used.
2025-08-09T00:52:18.0104930Z Get:1 file:/etc/apt/apt-mirrors.txt Mirrorlist [144 B]
2025-08-09T00:52:18.0574392Z Get:2 http://azure.archive.ubuntu.com/ubuntu jammy/universe amd64 dialog amd64 1.3-20211214-1 [303 kB]
2025-08-09T00:52:18.3495729Z Fetched 303 kB in 0s (4912 kB/s)
2025-08-09T00:52:18.3715206Z Selecting previously unselected package dialog.
2025-08-09T00:52:18.3783987Z (Reading database ... 
2025-08-09T00:52:18.3784496Z (Reading database ... 5%
2025-08-09T00:52:18.3784832Z (Reading database ... 10%
2025-08-09T00:52:18.3785166Z (Reading database ... 15%
2025-08-09T00:52:18.3785482Z (Reading database ... 20%
2025-08-09T00:52:18.3785788Z (Reading database ... 25%
2025-08-09T00:52:18.3786112Z (Reading database ... 30%
2025-08-09T00:52:18.3786433Z (Reading database ... 35%
2025-08-09T00:52:18.3786743Z (Reading database ... 40%
2025-08-09T00:52:18.3787057Z (Reading database ... 45%
2025-08-09T00:52:18.3787339Z (Reading database ... 50%
2025-08-09T00:52:18.3838761Z (Reading database ... 55%
2025-08-09T00:52:18.3872405Z (Reading database ... 60%
2025-08-09T00:52:18.3890173Z (Reading database ... 65%
2025-08-09T00:52:18.3972728Z (Reading database ... 70%
2025-08-09T00:52:18.4128792Z (Reading database ... 75%
2025-08-09T00:52:18.4158984Z (Reading database ... 80%
2025-08-09T00:52:18.4413264Z (Reading database ... 85%
2025-08-09T00:52:18.4486194Z (Reading database ... 90%
2025-08-09T00:52:18.4619228Z (Reading database ... 95%
2025-08-09T00:52:18.4619645Z (Reading database ... 100%
2025-08-09T00:52:18.4620266Z (Reading database ... 270634 files and directories currently installed.)
2025-08-09T00:52:18.4666435Z Preparing to unpack .../dialog_1.3-20211214-1_amd64.deb ...
2025-08-09T00:52:18.4702319Z Unpacking dialog (1.3-20211214-1) ...
2025-08-09T00:52:18.7117897Z Setting up dialog (1.3-20211214-1) ...
2025-08-09T00:52:18.7145474Z Processing triggers for man-db (2.10.2-1) ...
2025-08-09T00:52:19.2605182Z NEEDRESTART-VER: 3.5
2025-08-09T00:52:19.4904706Z NEEDRESTART-KCUR: 6.8.0-1031-azure
2025-08-09T00:52:19.4905045Z NEEDRESTART-KEXP: 6.8.0-1031-azure
2025-08-09T00:52:19.4905296Z NEEDRESTART-KSTA: 1
2025-08-09T00:52:19.4905528Z NEEDRESTART-SVC: hosted-compute-agent.service
2025-08-09T00:52:20.8510415Z [0;32m[SUCCESS][0m Build environment initialized
2025-08-09T00:52:20.8510811Z 
2025-08-09T00:52:20.8511223Z [0;35m[PHASE][0m Building Custom Kernel 6.6.58 with AI Optimizations
2025-08-09T00:52:20.8511491Z 
2025-08-09T00:52:20.8511662Z [0;34m[INFO][0m Downloading Linux kernel 6.6.58...
2025-08-09T00:52:20.8525308Z Cloning into 'linux'...
2025-08-09T00:52:52.6614060Z ##[error]The operation was canceled.
2025-08-09T00:52:52.6698139Z Post job cleanup.
2025-08-09T00:52:52.7661074Z [command]/usr/bin/git version
2025-08-09T00:52:52.7698710Z git version 2.50.1
2025-08-09T00:52:52.7743132Z Temporarily overriding HOME='/home/runner/work/_temp/0d9d4a22-35cc-48da-80d5-27d531ecb7b9' before making global git config changes
2025-08-09T00:52:52.7745971Z Adding repository directory to the temporary git global config as a safe directory
2025-08-09T00:52:52.7760226Z [command]/usr/bin/git config --global --add safe.directory /home/runner/work/ainux/ainux
2025-08-09T00:52:52.7805495Z [command]/usr/bin/git config --local --name-only --get-regexp core\.sshCommand
2025-08-09T00:52:52.7841498Z [command]/usr/bin/git submodule foreach --recursive sh -c "git config --local --name-only --get-regexp 'core\.sshCommand' && git config --local --unset-all 'core.sshCommand' || :"
2025-08-09T00:52:52.8105814Z [command]/usr/bin/git config --local --name-only --get-regexp http\.https\:\/\/github\.com\/\.extraheader
2025-08-09T00:52:52.8127829Z http.https://github.com/.extraheader
2025-08-09T00:52:52.8141237Z [command]/usr/bin/git config --local --unset-all http.https://github.com/.extraheader
2025-08-09T00:52:52.8174781Z [command]/usr/bin/git submodule foreach --recursive sh -c "git config --local --name-only --get-regexp 'http\.https\:\/\/github\.com\/\.extraheader' && git config --local --unset-all 'http.https://github.com/.extraheader' || :"
2025-08-09T00:52:52.8521149Z Cleaning up orphan processes
2025-08-09T00:52:52.8762866Z Terminate orphan process: pid (3954) (timeout)
2025-08-09T00:52:52.8782759Z Terminate orphan process: pid (3955) (ainux-builder.sh)
2025-08-09T00:52:52.8943455Z Terminate orphan process: pid (4595) (git)
2025-08-09T00:52:52.9081308Z Terminate orphan process: pid (4596) (git)
