2025-08-09T09:55:36.9589493Z Current runner version: '2.327.1'
2025-08-09T09:55:36.9612845Z ##[group]Runner Image Provisioner
2025-08-09T09:55:36.9613682Z Hosted Compute Agent
2025-08-09T09:55:36.9614246Z Version: 20250711.363
2025-08-09T09:55:36.9614850Z Commit: 6785254374ce925a23743850c1cb91912ce5c14c
2025-08-09T09:55:36.9615583Z Build Date: 2025-07-11T20:04:25Z
2025-08-09T09:55:36.9616173Z ##[endgroup]
2025-08-09T09:55:36.9616677Z ##[group]Operating System
2025-08-09T09:55:36.9617313Z Ubuntu
2025-08-09T09:55:36.9618074Z 22.04.5
2025-08-09T09:55:36.9618634Z LTS
2025-08-09T09:55:36.9619108Z ##[endgroup]
2025-08-09T09:55:36.9619618Z ##[group]Runner Image
2025-08-09T09:55:36.9620161Z Image: ubuntu-22.04
2025-08-09T09:55:36.9620655Z Version: 20250804.2.0
2025-08-09T09:55:36.9621659Z Included Software: https://github.com/actions/runner-images/blob/ubuntu22/20250804.2/images/ubuntu/Ubuntu2204-Readme.md
2025-08-09T09:55:36.9623133Z Image Release: https://github.com/actions/runner-images/releases/tag/ubuntu22%2F20250804.2
2025-08-09T09:55:36.9624148Z ##[endgroup]
2025-08-09T09:55:36.9626453Z ##[group]GITHUB_TOKEN Permissions
2025-08-09T09:55:36.9628902Z Actions: write
2025-08-09T09:55:36.9629529Z Attestations: write
2025-08-09T09:55:36.9630190Z Checks: write
2025-08-09T09:55:36.9631021Z Contents: write
2025-08-09T09:55:36.9631926Z Deployments: write
2025-08-09T09:55:36.9632749Z Discussions: write
2025-08-09T09:55:36.9633837Z Issues: write
2025-08-09T09:55:36.9634639Z Metadata: read
2025-08-09T09:55:36.9635444Z Models: read
2025-08-09T09:55:36.9636997Z Packages: write
2025-08-09T09:55:36.9638149Z Pages: write
2025-08-09T09:55:36.9639014Z PullRequests: write
2025-08-09T09:55:36.9640115Z RepositoryProjects: write
2025-08-09T09:55:36.9641135Z SecurityEvents: write
2025-08-09T09:55:36.9642135Z Statuses: write
2025-08-09T09:55:36.9643055Z ##[endgroup]
2025-08-09T09:55:36.9646632Z Secret source: Actions
2025-08-09T09:55:36.9647903Z Prepare workflow directory
2025-08-09T09:55:37.0085603Z Prepare all required actions
2025-08-09T09:55:37.0140179Z Getting action download info
2025-08-09T09:55:37.2838181Z ##[group]Download immutable action package 'actions/checkout@v4'
2025-08-09T09:55:37.2839205Z Version: 4.2.2
2025-08-09T09:55:37.2840319Z Digest: sha256:ccb2698953eaebd21c7bf6268a94f9c26518a7e38e27e0b83c1fe1ad049819b1
2025-08-09T09:55:37.2841434Z Source commit SHA: 11bd71901bbe5b1630ceea73d27597364c9af683
2025-08-09T09:55:37.2842136Z ##[endgroup]
2025-08-09T09:55:37.3973263Z ##[group]Download immutable action package 'actions/upload-artifact@v4'
2025-08-09T09:55:37.3974095Z Version: 4.6.2
2025-08-09T09:55:37.3974773Z Digest: sha256:290722aa3281d5caf23d0acdc3dbeb3424786a1a01a9cc97e72f147225e37c38
2025-08-09T09:55:37.3975813Z Source commit SHA: ea165f8d65b6e75b540449e92b4886f43607fa02
2025-08-09T09:55:37.3976450Z ##[endgroup]
2025-08-09T09:55:37.5826595Z Complete job name: build-test (sub, false)
2025-08-09T09:55:37.6483832Z ##[group]Run actions/checkout@v4
2025-08-09T09:55:37.6484650Z with:
2025-08-09T09:55:37.6485004Z   lfs: true
2025-08-09T09:55:37.6485377Z   repository: yaotagroep/ainux
2025-08-09T09:55:37.6486009Z   token: ***
2025-08-09T09:55:37.6486383Z   ssh-strict: true
2025-08-09T09:55:37.6486762Z   ssh-user: git
2025-08-09T09:55:37.6487149Z   persist-credentials: true
2025-08-09T09:55:37.6487575Z   clean: true
2025-08-09T09:55:37.6488142Z   sparse-checkout-cone-mode: true
2025-08-09T09:55:37.6488606Z   fetch-depth: 1
2025-08-09T09:55:37.6488976Z   fetch-tags: false
2025-08-09T09:55:37.6489352Z   show-progress: true
2025-08-09T09:55:37.6489742Z   submodules: false
2025-08-09T09:55:37.6490129Z   set-safe-directory: true
2025-08-09T09:55:37.6490774Z ##[endgroup]
2025-08-09T09:55:37.7534988Z Syncing repository: yaotagroep/ainux
2025-08-09T09:55:37.7536621Z ##[group]Getting Git version info
2025-08-09T09:55:37.7537244Z Working directory is '/home/runner/work/ainux/ainux'
2025-08-09T09:55:37.7538626Z [command]/usr/bin/git version
2025-08-09T09:55:37.7620792Z git version 2.50.1
2025-08-09T09:55:37.7669719Z [command]/usr/bin/git lfs version
2025-08-09T09:55:38.5187330Z git-lfs/3.7.0 (GitHub; linux amd64; go 1.24.4)
2025-08-09T09:55:38.5202815Z ##[endgroup]
2025-08-09T09:55:38.5222868Z Temporarily overriding HOME='/home/runner/work/_temp/15b086d5-1128-4215-a6ab-f0d29949fa4c' before making global git config changes
2025-08-09T09:55:38.5225183Z Adding repository directory to the temporary git global config as a safe directory
2025-08-09T09:55:38.5230818Z [command]/usr/bin/git config --global --add safe.directory /home/runner/work/ainux/ainux
2025-08-09T09:55:38.5271005Z Deleting the contents of '/home/runner/work/ainux/ainux'
2025-08-09T09:55:38.5275081Z ##[group]Initializing the repository
2025-08-09T09:55:38.5279978Z [command]/usr/bin/git init /home/runner/work/ainux/ainux
2025-08-09T09:55:38.5370323Z hint: Using 'master' as the name for the initial branch. This default branch name
2025-08-09T09:55:38.5371834Z hint: is subject to change. To configure the initial branch name to use in all
2025-08-09T09:55:38.5373677Z hint: of your new repositories, which will suppress this warning, call:
2025-08-09T09:55:38.5375087Z hint:
2025-08-09T09:55:38.5376015Z hint: 	git config --global init.defaultBranch <name>
2025-08-09T09:55:38.5377198Z hint:
2025-08-09T09:55:38.5378616Z hint: Names commonly chosen instead of 'master' are 'main', 'trunk' and
2025-08-09T09:55:38.5380633Z hint: 'development'. The just-created branch can be renamed via this command:
2025-08-09T09:55:38.5382103Z hint:
2025-08-09T09:55:38.5382763Z hint: 	git branch -m <name>
2025-08-09T09:55:38.5383574Z hint:
2025-08-09T09:55:38.5384781Z hint: Disable this message with "git config set advice.defaultBranchName false"
2025-08-09T09:55:38.5386917Z Initialized empty Git repository in /home/runner/work/ainux/ainux/.git/
2025-08-09T09:55:38.5390222Z [command]/usr/bin/git remote add origin https://github.com/yaotagroep/ainux
2025-08-09T09:55:38.5425324Z ##[endgroup]
2025-08-09T09:55:38.5426516Z ##[group]Disabling automatic garbage collection
2025-08-09T09:55:38.5429248Z [command]/usr/bin/git config --local gc.auto 0
2025-08-09T09:55:38.5454742Z ##[endgroup]
2025-08-09T09:55:38.5456051Z ##[group]Setting up auth
2025-08-09T09:55:38.5462176Z [command]/usr/bin/git config --local --name-only --get-regexp core\.sshCommand
2025-08-09T09:55:38.5493324Z [command]/usr/bin/git submodule foreach --recursive sh -c "git config --local --name-only --get-regexp 'core\.sshCommand' && git config --local --unset-all 'core.sshCommand' || :"
2025-08-09T09:55:38.5735857Z [command]/usr/bin/git config --local --name-only --get-regexp http\.https\:\/\/github\.com\/\.extraheader
2025-08-09T09:55:38.5766116Z [command]/usr/bin/git submodule foreach --recursive sh -c "git config --local --name-only --get-regexp 'http\.https\:\/\/github\.com\/\.extraheader' && git config --local --unset-all 'http.https://github.com/.extraheader' || :"
2025-08-09T09:55:38.5991487Z [command]/usr/bin/git config --local http.https://github.com/.extraheader AUTHORIZATION: basic ***
2025-08-09T09:55:38.6024137Z ##[endgroup]
2025-08-09T09:55:38.6028352Z [command]/usr/bin/git lfs install --local
2025-08-09T09:55:38.6420682Z Updated Git hooks.
2025-08-09T09:55:38.6421611Z Git LFS initialized.
2025-08-09T09:55:38.6436095Z ##[group]Fetching the repository
2025-08-09T09:55:38.6446848Z [command]/usr/bin/git -c protocol.version=2 fetch --no-tags --prune --no-recurse-submodules --depth=1 origin +ce2e66a2aa7ee8c471971acb4ff3d32bea462474:refs/remotes/origin/main
2025-08-09T09:55:39.1267563Z From https://github.com/yaotagroep/ainux
2025-08-09T09:55:39.1270439Z  * [new ref]         ce2e66a2aa7ee8c471971acb4ff3d32bea462474 -> origin/main
2025-08-09T09:55:39.1294928Z ##[endgroup]
2025-08-09T09:55:39.1296141Z ##[group]Determining the checkout info
2025-08-09T09:55:39.1297998Z ##[endgroup]
2025-08-09T09:55:39.1299038Z ##[group]Fetching LFS objects
2025-08-09T09:55:39.1302556Z [command]/usr/bin/git lfs fetch origin refs/remotes/origin/main
2025-08-09T09:55:39.1514004Z Fetching reference refs/remotes/origin/main
2025-08-09T09:55:39.2291326Z ##[endgroup]
2025-08-09T09:55:39.2292667Z [command]/usr/bin/git sparse-checkout disable
2025-08-09T09:55:39.2330819Z [command]/usr/bin/git config --local --unset-all extensions.worktreeConfig
2025-08-09T09:55:39.2358193Z ##[group]Checking out the ref
2025-08-09T09:55:39.2361342Z [command]/usr/bin/git checkout --progress --force -B main refs/remotes/origin/main
2025-08-09T09:55:39.2917056Z Switched to a new branch 'main'
2025-08-09T09:55:39.2918892Z branch 'main' set up to track 'origin/main'.
2025-08-09T09:55:39.3166475Z ##[endgroup]
2025-08-09T09:55:39.3200065Z [command]/usr/bin/git log -1 --format=%H
2025-08-09T09:55:39.3222429Z ce2e66a2aa7ee8c471971acb4ff3d32bea462474
2025-08-09T09:55:39.3425605Z ##[group]Run echo "⏳ Reclaiming space..."
2025-08-09T09:55:39.3427074Z [36;1mecho "⏳ Reclaiming space..."[0m
2025-08-09T09:55:39.3428617Z [36;1msudo rm -rf /usr/local/lib/android[0m
2025-08-09T09:55:39.3430035Z [36;1msudo rm -rf /usr/local/share/boost[0m
2025-08-09T09:55:39.3431381Z [36;1msudo rm -rf /usr/share/dotnet[0m
2025-08-09T09:55:39.3432638Z [36;1msudo rm -rf /opt/ghc[0m
2025-08-09T09:55:39.3433837Z [36;1msudo rm -rf /opt/hostedtoolcache[0m
2025-08-09T09:55:39.3435126Z [36;1msudo apt-get clean[0m
2025-08-09T09:55:39.3436308Z [36;1msudo rm -rf "$AGENT_TOOLSDIRECTORY"[0m
2025-08-09T09:55:39.3437597Z [36;1mdf -h[0m
2025-08-09T09:55:39.3438742Z [36;1m [0m
2025-08-09T09:55:39.3470849Z shell: /usr/bin/bash -e {0}
2025-08-09T09:55:39.3471974Z ##[endgroup]
2025-08-09T09:55:39.3545274Z ⏳ Reclaiming space...
2025-08-09T09:57:42.5479334Z Filesystem      Size  Used Avail Use% Mounted on
2025-08-09T09:57:42.5479774Z /dev/root        73G   36G   37G  50% /
2025-08-09T09:57:42.5480234Z tmpfs           7.9G  172K  7.9G   1% /dev/shm
2025-08-09T09:57:42.5480553Z tmpfs           3.2G  1.1M  3.2G   1% /run
2025-08-09T09:57:42.5480831Z tmpfs           5.0M     0  5.0M   0% /run/lock
2025-08-09T09:57:42.5481093Z /dev/sda15      105M  6.1M   99M   6% /boot/efi
2025-08-09T09:57:42.5481352Z /dev/sdb1        74G  6.2G   64G   9% /mnt
2025-08-09T09:57:42.5481807Z tmpfs           1.6G   12K  1.6G   1% /run/user/1001
2025-08-09T09:57:42.5513891Z ##[group]Run sudo apt-get update
2025-08-09T09:57:42.5514175Z [36;1msudo apt-get update[0m
2025-08-09T09:57:42.5514396Z [36;1msudo apt-get install -y \[0m
2025-08-09T09:57:42.5514742Z [36;1m  git build-essential libncurses-dev bison flex libssl-dev \[0m
2025-08-09T09:57:42.5515146Z [36;1m  libelf-dev bc gcc make debootstrap live-build squashfs-tools \[0m
2025-08-09T09:57:42.5515535Z [36;1m  dosfstools xorriso isolinux syslinux-utils genisoimage \[0m
2025-08-09T09:57:42.5515902Z [36;1m  qemu-system-x86 python3-pip nmap curl wget rsync pv \[0m
2025-08-09T09:57:42.5516219Z [36;1m  grub-pc-bin grub-efi-amd64-bin mtools[0m
2025-08-09T09:57:42.5516454Z [36;1m  [0m
2025-08-09T09:57:42.5544512Z shell: /usr/bin/bash -e {0}
2025-08-09T09:57:42.5544727Z ##[endgroup]
2025-08-09T09:57:42.6540713Z Get:1 file:/etc/apt/apt-mirrors.txt Mirrorlist [144 B]
2025-08-09T09:57:42.6823196Z Hit:2 http://azure.archive.ubuntu.com/ubuntu jammy InRelease
2025-08-09T09:57:42.6825245Z Get:6 https://packages.microsoft.com/repos/azure-cli jammy InRelease [3596 B]
2025-08-09T09:57:42.6844302Z Get:3 http://azure.archive.ubuntu.com/ubuntu jammy-updates InRelease [128 kB]
2025-08-09T09:57:42.6851066Z Get:7 https://packages.microsoft.com/ubuntu/22.04/prod jammy InRelease [3632 B]
2025-08-09T09:57:42.6897557Z Get:4 http://azure.archive.ubuntu.com/ubuntu jammy-backports InRelease [127 kB]
2025-08-09T09:57:42.6924953Z Get:5 http://azure.archive.ubuntu.com/ubuntu jammy-security InRelease [129 kB]
2025-08-09T09:57:42.8350392Z Get:8 https://packages.microsoft.com/repos/azure-cli jammy/main amd64 Packages [2575 B]
2025-08-09T09:57:42.8823187Z Get:9 https://packages.microsoft.com/ubuntu/22.04/prod jammy/main amd64 Packages [239 kB]
2025-08-09T09:57:42.8883345Z Get:10 https://packages.microsoft.com/ubuntu/22.04/prod jammy/main arm64 Packages [75.0 kB]
2025-08-09T09:57:43.1186065Z Get:11 http://azure.archive.ubuntu.com/ubuntu jammy-security/main Translation-en [379 kB]
2025-08-09T09:57:45.7499253Z Fetched 1087 kB in 1s (1933 kB/s)
2025-08-09T09:57:46.5763249Z Reading package lists...
2025-08-09T09:57:46.6347444Z Reading package lists...
2025-08-09T09:57:46.8147543Z Building dependency tree...
2025-08-09T09:57:46.8159028Z Reading state information...
2025-08-09T09:57:46.9681091Z bc is already the newest version (1.07.1-3build1).
2025-08-09T09:57:46.9681751Z bc set to manually installed.
2025-08-09T09:57:46.9682316Z bison is already the newest version (2:3.8.2+dfsg-1build1).
2025-08-09T09:57:46.9683061Z build-essential is already the newest version (12.9ubuntu3).
2025-08-09T09:57:46.9683684Z build-essential set to manually installed.
2025-08-09T09:57:46.9683984Z dosfstools is already the newest version (4.2-1build3).
2025-08-09T09:57:46.9684264Z dosfstools set to manually installed.
2025-08-09T09:57:46.9684538Z flex is already the newest version (2.6.4-8build2).
2025-08-09T09:57:46.9684848Z gcc is already the newest version (4:11.2.0-1ubuntu1).
2025-08-09T09:57:46.9685171Z make is already the newest version (4.3-4.1build1).
2025-08-09T09:57:46.9685507Z squashfs-tools is already the newest version (1:4.5-3build1).
2025-08-09T09:57:46.9685810Z squashfs-tools set to manually installed.
2025-08-09T09:57:46.9686075Z xorriso is already the newest version (1.5.4-2).
2025-08-09T09:57:46.9686363Z curl is already the newest version (7.81.0-1ubuntu1.20).
2025-08-09T09:57:46.9686711Z grub-efi-amd64-bin is already the newest version (2.06-2ubuntu14.8).
2025-08-09T09:57:46.9687050Z grub-efi-amd64-bin set to manually installed.
2025-08-09T09:57:46.9687351Z grub-pc-bin is already the newest version (2.06-2ubuntu7.2).
2025-08-09T09:57:46.9687876Z grub-pc-bin set to manually installed.
2025-08-09T09:57:46.9688389Z libncurses-dev is already the newest version (6.3-2ubuntu0.1).
2025-08-09T09:57:46.9688893Z libncurses-dev set to manually installed.
2025-08-09T09:57:46.9689379Z libssl-dev is already the newest version (3.0.2-0ubuntu1.19).
2025-08-09T09:57:46.9689916Z rsync is already the newest version (3.2.7-0ubuntu0.22.04.4).
2025-08-09T09:57:46.9690628Z wget is already the newest version (1.21.2-2ubuntu1.1).
2025-08-09T09:57:46.9690991Z python3-pip is already the newest version (22.0.2+dfsg-1ubuntu0.6).
2025-08-09T09:57:46.9691382Z git is already the newest version (1:2.50.1-0ppa1~ubuntu22.04.1).
2025-08-09T09:57:46.9691715Z The following additional packages will be installed:
2025-08-09T09:57:46.9692073Z   cpu-checker gstreamer1.0-plugins-base gstreamer1.0-plugins-good
2025-08-09T09:57:46.9692508Z   gstreamer1.0-x ibverbs-providers ipxe-qemu ipxe-qemu-256k-compat-efi-roms
2025-08-09T09:57:46.9692910Z   libaa1 libasyncns0 libavc1394-0 libboost-iostreams1.74.0
2025-08-09T09:57:46.9693287Z   libboost-thread1.74.0 libbrlapi0.8 libcaca0 libcacard0 libcdparanoia0
2025-08-09T09:57:46.9693725Z   libdaxctl1 libdecor-0-0 libdecor-0-plugin-1-cairo libdv4 libfdt1 libflac8
2025-08-09T09:57:46.9694196Z   libgfapi0 libgfrpc0 libgfxdr0 libglusterfs0 libgstreamer-plugins-base1.0-0
2025-08-09T09:57:46.9694639Z   libgstreamer-plugins-good1.0-0 libibverbs1 libiec61883-0 libiscsi7
2025-08-09T09:57:46.9695313Z   libjack-jackd2-0 liblinear4 libmp3lame0 libmpg123-0 libndctl6
2025-08-09T09:57:46.9695782Z   libnl-route-3-200 libopus0 liborc-0.4-0 libpcsclite1 libpmem1 libpmemobj1
2025-08-09T09:57:46.9696198Z   libpulse0 librados2 libraw1394-11 librbd1 librdmacm1 libsamplerate0
2025-08-09T09:57:46.9696610Z   libsdl2-2.0-0 libshout3 libsndfile1 libspeex1 libspice-server1 libtag1v5
2025-08-09T09:57:46.9697025Z   libtag1v5-vanilla libtheora0 libtwolame0 liburing2 libusbredirparser1
2025-08-09T09:57:46.9697446Z   libv4l-0 libv4lconvert0 libvirglrenderer1 libvisual-0.4-0 libvorbisenc2
2025-08-09T09:57:46.9698043Z   libvpx7 libvte-2.91-0 libvte-2.91-common libwavpack1 libxv1 lua-lpeg
2025-08-09T09:57:46.9698423Z   msr-tools nmap-common ovmf qemu-block-extra qemu-system-common
2025-08-09T09:57:46.9698802Z   qemu-system-data qemu-system-gui qemu-utils seabios syslinux-common
2025-08-09T09:57:46.9699120Z Suggested packages:
2025-08-09T09:57:46.9699626Z   squid-deb-proxy-client debian-archive-keyring arch-test wodim cdrkit-doc
2025-08-09T09:57:46.9700050Z   gvfs libdv-bin oss-compat libvisual-0.4-plugins jackd2 liblinear-tools
2025-08-09T09:57:46.9700435Z   liblinear-dev opus-tools pcscd pulseaudio libraw1394-doc speex
2025-08-09T09:57:46.9700845Z   gstreamer1.0-libav gstreamer1.0-plugins-ugly memtest86+ | memtest86 syslinux
2025-08-09T09:57:46.9701288Z   | grub win32-loader gnu-fdisk floppyd ncat ndiff zenmap doc-base samba vde2
2025-08-09T09:57:46.9701618Z   libcrypt-passwdmd5-perl
2025-08-09T09:57:47.0008002Z The following NEW packages will be installed:
2025-08-09T09:57:47.0008775Z   cpu-checker debootstrap genisoimage gstreamer1.0-plugins-base
2025-08-09T09:57:47.0009565Z   gstreamer1.0-plugins-good gstreamer1.0-x ibverbs-providers ipxe-qemu
2025-08-09T09:57:47.0010377Z   ipxe-qemu-256k-compat-efi-roms isolinux libaa1 libasyncns0 libavc1394-0
2025-08-09T09:57:47.0011047Z   libboost-iostreams1.74.0 libboost-thread1.74.0 libbrlapi0.8 libcaca0
2025-08-09T09:57:47.0011813Z   libcacard0 libcdparanoia0 libdaxctl1 libdecor-0-0 libdecor-0-plugin-1-cairo
2025-08-09T09:57:47.0012362Z   libdv4 libelf-dev libfdt1 libflac8 libgfapi0 libgfrpc0 libgfxdr0
2025-08-09T09:57:47.0012937Z   libglusterfs0 libgstreamer-plugins-base1.0-0 libgstreamer-plugins-good1.0-0
2025-08-09T09:57:47.0013544Z   libibverbs1 libiec61883-0 libiscsi7 libjack-jackd2-0 liblinear4 libmp3lame0
2025-08-09T09:57:47.0014228Z   libmpg123-0 libndctl6 libnl-route-3-200 libopus0 liborc-0.4-0 libpcsclite1
2025-08-09T09:57:47.0014810Z   libpmem1 libpmemobj1 libpulse0 librados2 libraw1394-11 librbd1 librdmacm1
2025-08-09T09:57:47.0015241Z   libsamplerate0 libsdl2-2.0-0 libshout3 libsndfile1 libspeex1
2025-08-09T09:57:47.0015812Z   libspice-server1 libtag1v5 libtag1v5-vanilla libtheora0 libtwolame0
2025-08-09T09:57:47.0016372Z   liburing2 libusbredirparser1 libv4l-0 libv4lconvert0 libvirglrenderer1
2025-08-09T09:57:47.0016817Z   libvisual-0.4-0 libvorbisenc2 libvpx7 libvte-2.91-0 libvte-2.91-common
2025-08-09T09:57:47.0017614Z   libwavpack1 libxv1 live-build lua-lpeg msr-tools mtools nmap nmap-common
2025-08-09T09:57:47.0018260Z   ovmf pv qemu-block-extra qemu-system-common qemu-system-data qemu-system-gui
2025-08-09T09:57:47.0018700Z   qemu-system-x86 qemu-utils seabios syslinux-common syslinux-utils
2025-08-09T09:57:47.0195643Z 0 upgraded, 90 newly installed, 0 to remove and 16 not upgraded.
2025-08-09T09:57:47.0196187Z Need to get 53.2 MB of archives.
2025-08-09T09:57:47.0196706Z After this operation, 193 MB of additional disk space will be used.
2025-08-09T09:57:47.0197320Z Get:1 file:/etc/apt/apt-mirrors.txt Mirrorlist [144 B]
2025-08-09T09:57:47.0557344Z Get:2 http://azure.archive.ubuntu.com/ubuntu jammy/main amd64 msr-tools amd64 1.3-4 [10.3 kB]
2025-08-09T09:57:47.0757093Z Get:3 http://azure.archive.ubuntu.com/ubuntu jammy/main amd64 cpu-checker amd64 0.7-1.3build1 [6800 B]
2025-08-09T09:57:47.0961783Z Get:4 http://azure.archive.ubuntu.com/ubuntu jammy/main amd64 genisoimage amd64 9:1.1.11-3.2ubuntu1 [370 kB]
2025-08-09T09:57:47.1196125Z Get:5 http://azure.archive.ubuntu.com/ubuntu jammy/main amd64 libcdparanoia0 amd64 3.10.2+debian-14build2 [49.3 kB]
2025-08-09T09:57:47.1420484Z Get:6 http://azure.archive.ubuntu.com/ubuntu jammy-updates/main amd64 liborc-0.4-0 amd64 1:0.4.32-2ubuntu0.1 [228 kB]
2025-08-09T09:57:47.1627080Z Get:7 http://azure.archive.ubuntu.com/ubuntu jammy-updates/main amd64 libgstreamer-plugins-base1.0-0 amd64 1.20.1-1ubuntu0.4 [848 kB]
2025-08-09T09:57:47.2038523Z Get:8 http://azure.archive.ubuntu.com/ubuntu jammy/main amd64 libopus0 amd64 1.3.1-0.1build2 [203 kB]
2025-08-09T09:57:47.2246459Z Get:9 http://azure.archive.ubuntu.com/ubuntu jammy/main amd64 libtheora0 amd64 1.1.1+dfsg.1-15ubuntu4 [209 kB]
2025-08-09T09:57:47.2462587Z Get:10 http://azure.archive.ubuntu.com/ubuntu jammy/main amd64 libvisual-0.4-0 amd64 0.4.0-17build2 [108 kB]
2025-08-09T09:57:47.2658065Z Get:11 http://azure.archive.ubuntu.com/ubuntu jammy/main amd64 libvorbisenc2 amd64 1.3.7-1build2 [82.6 kB]
2025-08-09T09:57:47.2860934Z Get:12 http://azure.archive.ubuntu.com/ubuntu jammy-updates/main amd64 gstreamer1.0-plugins-base amd64 1.20.1-1ubuntu0.4 [712 kB]
2025-08-09T09:57:47.3272302Z Get:13 http://azure.archive.ubuntu.com/ubuntu jammy/main amd64 libaa1 amd64 1.4p5-50build1 [51.9 kB]
2025-08-09T09:57:47.3470725Z Get:14 http://azure.archive.ubuntu.com/ubuntu jammy/main amd64 libraw1394-11 amd64 2.1.2-2build2 [27.0 kB]
2025-08-09T09:57:47.3663751Z Get:15 http://azure.archive.ubuntu.com/ubuntu jammy/main amd64 libavc1394-0 amd64 0.5.4-5build2 [17.0 kB]
2025-08-09T09:57:47.3857323Z Get:16 http://azure.archive.ubuntu.com/ubuntu jammy/main amd64 libcaca0 amd64 0.99.beta19-2.2ubuntu4 [224 kB]
2025-08-09T09:57:47.4085645Z Get:17 http://azure.archive.ubuntu.com/ubuntu jammy/main amd64 libdv4 amd64 1.0.0-14build1 [61.9 kB]
2025-08-09T09:57:47.4286051Z Get:18 http://azure.archive.ubuntu.com/ubuntu jammy-updates/main amd64 libflac8 amd64 1.3.3-2ubuntu0.2 [111 kB]
2025-08-09T09:57:47.4493457Z Get:19 http://azure.archive.ubuntu.com/ubuntu jammy-updates/main amd64 libgstreamer-plugins-good1.0-0 amd64 1.20.3-0ubuntu1.3 [30.1 kB]
2025-08-09T09:57:47.5113369Z Get:20 http://azure.archive.ubuntu.com/ubuntu jammy/main amd64 libiec61883-0 amd64 1.2.0-4build3 [25.9 kB]
2025-08-09T09:57:47.5315093Z Get:21 http://azure.archive.ubuntu.com/ubuntu jammy/main amd64 libsamplerate0 amd64 0.2.2-1build1 [1359 kB]
2025-08-09T09:57:47.5866312Z Get:22 http://azure.archive.ubuntu.com/ubuntu jammy/main amd64 libjack-jackd2-0 amd64 1.9.20~dfsg-1 [293 kB]
2025-08-09T09:57:47.6102935Z Get:23 http://azure.archive.ubuntu.com/ubuntu jammy/main amd64 libmp3lame0 amd64 3.100-3build2 [141 kB]
2025-08-09T09:57:47.6301519Z Get:24 http://azure.archive.ubuntu.com/ubuntu jammy-updates/main amd64 libmpg123-0 amd64 1.29.3-1ubuntu0.1 [172 kB]
2025-08-09T09:57:47.6506062Z Get:25 http://azure.archive.ubuntu.com/ubuntu jammy/main amd64 libasyncns0 amd64 0.8-6build2 [12.8 kB]
2025-08-09T09:57:47.6696724Z Get:26 http://azure.archive.ubuntu.com/ubuntu jammy-updates/main amd64 libsndfile1 amd64 1.0.31-2ubuntu0.2 [196 kB]
2025-08-09T09:57:47.6906801Z Get:27 http://azure.archive.ubuntu.com/ubuntu jammy-updates/main amd64 libpulse0 amd64 1:15.99.1+dfsg1-1ubuntu2.2 [298 kB]
2025-08-09T09:57:47.7134986Z Get:28 http://azure.archive.ubuntu.com/ubuntu jammy/main amd64 libspeex1 amd64 1.2~rc1.2-1.1ubuntu3 [57.9 kB]
2025-08-09T09:57:47.7333714Z Get:29 http://azure.archive.ubuntu.com/ubuntu jammy/main amd64 libshout3 amd64 2.4.5-1build3 [54.5 kB]
2025-08-09T09:57:47.7531365Z Get:30 http://azure.archive.ubuntu.com/ubuntu jammy/main amd64 libtag1v5-vanilla amd64 1.11.1+dfsg.1-3ubuntu3 [304 kB]
2025-08-09T09:57:47.7757997Z Get:31 http://azure.archive.ubuntu.com/ubuntu jammy/main amd64 libtag1v5 amd64 1.11.1+dfsg.1-3ubuntu3 [11.5 kB]
2025-08-09T09:57:47.7947500Z Get:32 http://azure.archive.ubuntu.com/ubuntu jammy/main amd64 libtwolame0 amd64 0.4.0-2build2 [52.5 kB]
2025-08-09T09:57:47.8139156Z Get:33 http://azure.archive.ubuntu.com/ubuntu jammy/main amd64 libv4lconvert0 amd64 1.22.1-2build1 [82.4 kB]
2025-08-09T09:57:47.8338671Z Get:34 http://azure.archive.ubuntu.com/ubuntu jammy/main amd64 libv4l-0 amd64 1.22.1-2build1 [44.9 kB]
2025-08-09T09:57:47.8763155Z Get:35 http://azure.archive.ubuntu.com/ubuntu jammy-updates/main amd64 libvpx7 amd64 1.11.0-2ubuntu2.4 [1078 kB]
2025-08-09T09:57:47.9332320Z Get:36 http://azure.archive.ubuntu.com/ubuntu jammy/main amd64 libwavpack1 amd64 5.4.0-1build2 [83.7 kB]
2025-08-09T09:57:47.9551456Z Get:37 http://azure.archive.ubuntu.com/ubuntu jammy-updates/main amd64 gstreamer1.0-plugins-good amd64 1.20.3-0ubuntu1.3 [2010 kB]
2025-08-09T09:57:48.0288586Z Get:38 http://azure.archive.ubuntu.com/ubuntu jammy/main amd64 libxv1 amd64 2:1.0.11-1build2 [11.2 kB]
2025-08-09T09:57:48.0916966Z Get:39 http://azure.archive.ubuntu.com/ubuntu jammy-updates/main amd64 gstreamer1.0-x amd64 1.20.1-1ubuntu0.4 [85.1 kB]
2025-08-09T09:57:48.1118392Z Get:40 http://azure.archive.ubuntu.com/ubuntu jammy/main amd64 libnl-route-3-200 amd64 3.5.0-0.1 [180 kB]
2025-08-09T09:57:48.1347032Z Get:41 http://azure.archive.ubuntu.com/ubuntu jammy/main amd64 libibverbs1 amd64 39.0-1 [69.3 kB]
2025-08-09T09:57:48.1546746Z Get:42 http://azure.archive.ubuntu.com/ubuntu jammy/main amd64 ibverbs-providers amd64 39.0-1 [341 kB]
2025-08-09T09:57:48.1808605Z Get:43 http://azure.archive.ubuntu.com/ubuntu jammy/main amd64 ipxe-qemu all 1.21.1+git-20220113.fbbdc3926-0ubuntu1 [1569 kB]
2025-08-09T09:57:48.2377246Z Get:44 http://azure.archive.ubuntu.com/ubuntu jammy/main amd64 ipxe-qemu-256k-compat-efi-roms all 1.0.0+git-20150424.a25a16d-0ubuntu4 [552 kB]
2025-08-09T09:57:48.2762090Z Get:45 http://azure.archive.ubuntu.com/ubuntu jammy/universe amd64 isolinux all 3:6.04~git20190206.bf6db5b4+dfsg1-3ubuntu1 [60.1 kB]
2025-08-09T09:57:48.2975055Z Get:46 http://azure.archive.ubuntu.com/ubuntu jammy/main amd64 libboost-iostreams1.74.0 amd64 1.74.0-14ubuntu3 [245 kB]
2025-08-09T09:57:48.3205456Z Get:47 http://azure.archive.ubuntu.com/ubuntu jammy/main amd64 libboost-thread1.74.0 amd64 1.74.0-14ubuntu3 [262 kB]
2025-08-09T09:57:48.3426270Z Get:48 http://azure.archive.ubuntu.com/ubuntu jammy-updates/main amd64 libbrlapi0.8 amd64 6.4-4ubuntu3 [28.7 kB]
2025-08-09T09:57:48.3618859Z Get:49 http://azure.archive.ubuntu.com/ubuntu jammy-updates/main amd64 libpcsclite1 amd64 1.9.5-3ubuntu1 [19.8 kB]
2025-08-09T09:57:48.3810178Z Get:50 http://azure.archive.ubuntu.com/ubuntu jammy/main amd64 libcacard0 amd64 1:2.8.0-3build2 [38.0 kB]
2025-08-09T09:57:48.4006386Z Get:51 http://azure.archive.ubuntu.com/ubuntu jammy/main amd64 libdaxctl1 amd64 72.1-1 [19.8 kB]
2025-08-09T09:57:48.4204912Z Get:52 http://azure.archive.ubuntu.com/ubuntu jammy/main amd64 libdecor-0-0 amd64 0.1.0-3build1 [15.1 kB]
2025-08-09T09:57:48.4399429Z Get:53 http://azure.archive.ubuntu.com/ubuntu jammy/main amd64 libdecor-0-plugin-1-cairo amd64 0.1.0-3build1 [20.4 kB]
2025-08-09T09:57:48.4595514Z Get:54 http://azure.archive.ubuntu.com/ubuntu jammy-updates/main amd64 libelf-dev amd64 0.186-1ubuntu0.1 [64.4 kB]
2025-08-09T09:57:48.4794416Z Get:55 http://azure.archive.ubuntu.com/ubuntu jammy-updates/main amd64 libgfxdr0 amd64 10.1-1ubuntu0.2 [22.3 kB]
2025-08-09T09:57:48.4993705Z Get:56 http://azure.archive.ubuntu.com/ubuntu jammy-updates/main amd64 libglusterfs0 amd64 10.1-1ubuntu0.2 [287 kB]
2025-08-09T09:57:48.5672356Z Get:57 http://azure.archive.ubuntu.com/ubuntu jammy-updates/main amd64 libgfrpc0 amd64 10.1-1ubuntu0.2 [47.1 kB]
2025-08-09T09:57:48.5892911Z Get:58 http://azure.archive.ubuntu.com/ubuntu jammy-updates/main amd64 libgfapi0 amd64 10.1-1ubuntu0.2 [77.3 kB]
2025-08-09T09:57:48.6084476Z Get:59 http://azure.archive.ubuntu.com/ubuntu jammy/main amd64 librdmacm1 amd64 39.0-1 [71.2 kB]
2025-08-09T09:57:48.6284636Z Get:60 http://azure.archive.ubuntu.com/ubuntu jammy/main amd64 libiscsi7 amd64 1.19.0-3build2 [70.6 kB]
2025-08-09T09:57:48.6484310Z Get:61 http://azure.archive.ubuntu.com/ubuntu jammy/universe amd64 liblinear4 amd64 2.3.0+dfsg-5 [41.4 kB]
2025-08-09T09:57:48.6679239Z Get:62 http://azure.archive.ubuntu.com/ubuntu jammy/main amd64 libndctl6 amd64 72.1-1 [57.7 kB]
2025-08-09T09:57:48.6875250Z Get:63 http://azure.archive.ubuntu.com/ubuntu jammy/main amd64 libpmem1 amd64 1.11.1-3build1 [81.4 kB]
2025-08-09T09:57:48.7071662Z Get:64 http://azure.archive.ubuntu.com/ubuntu jammy/main amd64 libpmemobj1 amd64 1.11.1-3build1 [124 kB]
2025-08-09T09:57:48.7297331Z Get:65 http://azure.archive.ubuntu.com/ubuntu jammy-updates/main amd64 librados2 amd64 17.2.7-0ubuntu0.22.04.2 [3594 kB]
2025-08-09T09:57:48.8198297Z Get:66 http://azure.archive.ubuntu.com/ubuntu jammy-updates/main amd64 librbd1 amd64 17.2.7-0ubuntu0.22.04.2 [3548 kB]
2025-08-09T09:57:48.9063321Z Get:67 http://azure.archive.ubuntu.com/ubuntu jammy-updates/main amd64 libsdl2-2.0-0 amd64 2.0.20+dfsg-2ubuntu1.22.04.1 [582 kB]
2025-08-09T09:57:48.9439174Z Get:68 http://azure.archive.ubuntu.com/ubuntu jammy/main amd64 libspice-server1 amd64 0.15.0-2ubuntu4 [351 kB]
2025-08-09T09:57:48.9678463Z Get:69 http://azure.archive.ubuntu.com/ubuntu jammy/main amd64 liburing2 amd64 2.1-2build1 [10.3 kB]
2025-08-09T09:57:48.9866563Z Get:70 http://azure.archive.ubuntu.com/ubuntu jammy/main amd64 libusbredirparser1 amd64 0.11.0-2build1 [15.9 kB]
2025-08-09T09:57:49.0054602Z Get:71 http://azure.archive.ubuntu.com/ubuntu jammy/main amd64 libvirglrenderer1 amd64 0.9.1-1~exp1ubuntu2 [188 kB]
2025-08-09T09:57:49.0280391Z Get:72 http://azure.archive.ubuntu.com/ubuntu jammy-updates/main amd64 libvte-2.91-common amd64 0.68.0-1ubuntu0.1 [9408 B]
2025-08-09T09:57:49.0471398Z Get:73 http://azure.archive.ubuntu.com/ubuntu jammy-updates/main amd64 libvte-2.91-0 amd64 0.68.0-1ubuntu0.1 [214 kB]
2025-08-09T09:57:49.0699184Z Get:74 http://azure.archive.ubuntu.com/ubuntu jammy-updates/main amd64 debootstrap all 1.0.126+nmu1ubuntu0.8 [40.6 kB]
2025-08-09T09:57:49.0890018Z Get:75 http://azure.archive.ubuntu.com/ubuntu jammy-updates/main amd64 live-build all 3.0~a57-1ubuntu41.22.04.1 [132 kB]
2025-08-09T09:57:49.1550901Z Get:76 http://azure.archive.ubuntu.com/ubuntu jammy/universe amd64 lua-lpeg amd64 1.0.2-1 [31.4 kB]
2025-08-09T09:57:49.1755578Z Get:77 http://azure.archive.ubuntu.com/ubuntu jammy/main amd64 mtools amd64 4.0.33-1+really4.0.32-1build1 [201 kB]
2025-08-09T09:57:49.1963283Z Get:78 http://azure.archive.ubuntu.com/ubuntu jammy-updates/universe amd64 nmap-common all 7.91+dfsg1+really7.80+dfsg1-2ubuntu0.1 [3940 kB]
2025-08-09T09:57:49.2890591Z Get:79 http://azure.archive.ubuntu.com/ubuntu jammy/main amd64 pv amd64 1.6.6-1build2 [44.5 kB]
2025-08-09T09:57:49.3085277Z Get:80 http://azure.archive.ubuntu.com/ubuntu jammy/main amd64 libfdt1 amd64 1.6.1-1 [20.0 kB]
2025-08-09T09:57:49.3276268Z Get:81 http://azure.archive.ubuntu.com/ubuntu jammy-updates/main amd64 qemu-system-common amd64 1:6.2+dfsg-2ubuntu6.26 [2047 kB]
2025-08-09T09:57:49.3898956Z Get:82 http://azure.archive.ubuntu.com/ubuntu jammy-updates/main amd64 qemu-system-data all 1:6.2+dfsg-2ubuntu6.26 [1430 kB]
2025-08-09T09:57:49.4464891Z Get:83 http://azure.archive.ubuntu.com/ubuntu jammy/main amd64 seabios all 1.15.0-1 [174 kB]
2025-08-09T09:57:49.4668823Z Get:84 http://azure.archive.ubuntu.com/ubuntu jammy-updates/main amd64 qemu-system-x86 amd64 1:6.2+dfsg-2ubuntu6.26 [10.1 MB]
2025-08-09T09:57:49.6286421Z Get:85 http://azure.archive.ubuntu.com/ubuntu jammy-updates/main amd64 qemu-utils amd64 1:6.2+dfsg-2ubuntu6.26 [1527 kB]
2025-08-09T09:57:49.6834745Z Get:86 http://azure.archive.ubuntu.com/ubuntu jammy-updates/main amd64 qemu-block-extra amd64 1:6.2+dfsg-2ubuntu6.26 [68.2 kB]
2025-08-09T09:57:49.7032706Z Get:87 http://azure.archive.ubuntu.com/ubuntu jammy-updates/main amd64 qemu-system-gui amd64 1:6.2+dfsg-2ubuntu6.26 [220 kB]
2025-08-09T09:57:49.7277982Z Get:88 http://azure.archive.ubuntu.com/ubuntu jammy/main amd64 syslinux-common all 3:6.04~git20190206.bf6db5b4+dfsg1-3ubuntu1 [1271 kB]
2025-08-09T09:57:49.7812242Z Get:89 http://azure.archive.ubuntu.com/ubuntu jammy/universe amd64 syslinux-utils amd64 3:6.04~git20190206.bf6db5b4+dfsg1-3ubuntu1 [50.9 kB]
2025-08-09T09:57:49.8018446Z Get:90 http://azure.archive.ubuntu.com/ubuntu jammy-updates/universe amd64 nmap amd64 7.91+dfsg1+really7.80+dfsg1-2ubuntu0.1 [1731 kB]
2025-08-09T09:57:49.8584216Z Get:91 http://azure.archive.ubuntu.com/ubuntu jammy-updates/main amd64 ovmf all 2022.02-3ubuntu0.22.04.3 [7561 kB]
2025-08-09T09:57:50.3730011Z Fetched 53.2 MB in 3s (18.0 MB/s)
2025-08-09T09:57:50.3996201Z Selecting previously unselected package msr-tools.
2025-08-09T09:57:50.4407890Z (Reading database ... 
2025-08-09T09:57:50.4408253Z (Reading database ... 5%
2025-08-09T09:57:50.4408576Z (Reading database ... 10%
2025-08-09T09:57:50.4408880Z (Reading database ... 15%
2025-08-09T09:57:50.4409084Z (Reading database ... 20%
2025-08-09T09:57:50.4409265Z (Reading database ... 25%
2025-08-09T09:57:50.4409447Z (Reading database ... 30%
2025-08-09T09:57:50.4409624Z (Reading database ... 35%
2025-08-09T09:57:50.4409814Z (Reading database ... 40%
2025-08-09T09:57:50.4410003Z (Reading database ... 45%
2025-08-09T09:57:50.4410182Z (Reading database ... 50%
2025-08-09T09:57:50.5026460Z (Reading database ... 55%
2025-08-09T09:57:50.5525051Z (Reading database ... 60%
2025-08-09T09:57:50.5853391Z (Reading database ... 65%
2025-08-09T09:57:50.6424134Z (Reading database ... 70%
2025-08-09T09:57:50.7235787Z (Reading database ... 75%
2025-08-09T09:57:50.7922418Z (Reading database ... 80%
2025-08-09T09:57:50.8889116Z (Reading database ... 85%
2025-08-09T09:57:50.9677231Z (Reading database ... 90%
2025-08-09T09:57:51.0391638Z (Reading database ... 95%
2025-08-09T09:57:51.0392096Z (Reading database ... 100%
2025-08-09T09:57:51.0392712Z (Reading database ... 267991 files and directories currently installed.)
2025-08-09T09:57:51.0446420Z Preparing to unpack .../00-msr-tools_1.3-4_amd64.deb ...
2025-08-09T09:57:51.0479026Z Unpacking msr-tools (1.3-4) ...
2025-08-09T09:57:51.0809240Z Selecting previously unselected package cpu-checker.
2025-08-09T09:57:51.0973482Z Preparing to unpack .../01-cpu-checker_0.7-1.3build1_amd64.deb ...
2025-08-09T09:57:51.1003319Z Unpacking cpu-checker (0.7-1.3build1) ...
2025-08-09T09:57:51.1261630Z Selecting previously unselected package genisoimage.
2025-08-09T09:57:51.1425242Z Preparing to unpack .../02-genisoimage_9%3a1.1.11-3.2ubuntu1_amd64.deb ...
2025-08-09T09:57:51.1449364Z Unpacking genisoimage (9:1.1.11-3.2ubuntu1) ...
2025-08-09T09:57:51.1821778Z Selecting previously unselected package libcdparanoia0:amd64.
2025-08-09T09:57:51.1984999Z Preparing to unpack .../03-libcdparanoia0_3.10.2+debian-14build2_amd64.deb ...
2025-08-09T09:57:51.2025115Z Unpacking libcdparanoia0:amd64 (3.10.2+debian-14build2) ...
2025-08-09T09:57:51.2314112Z Selecting previously unselected package liborc-0.4-0:amd64.
2025-08-09T09:57:51.2476719Z Preparing to unpack .../04-liborc-0.4-0_1%3a0.4.32-2ubuntu0.1_amd64.deb ...
2025-08-09T09:57:51.2495853Z Unpacking liborc-0.4-0:amd64 (1:0.4.32-2ubuntu0.1) ...
2025-08-09T09:57:51.2818475Z Selecting previously unselected package libgstreamer-plugins-base1.0-0:amd64.
2025-08-09T09:57:51.2982631Z Preparing to unpack .../05-libgstreamer-plugins-base1.0-0_1.20.1-1ubuntu0.4_amd64.deb ...
2025-08-09T09:57:51.3005214Z Unpacking libgstreamer-plugins-base1.0-0:amd64 (1.20.1-1ubuntu0.4) ...
2025-08-09T09:57:51.3424292Z Selecting previously unselected package libopus0:amd64.
2025-08-09T09:57:51.3585679Z Preparing to unpack .../06-libopus0_1.3.1-0.1build2_amd64.deb ...
2025-08-09T09:57:51.3600912Z Unpacking libopus0:amd64 (1.3.1-0.1build2) ...
2025-08-09T09:57:51.3922021Z Selecting previously unselected package libtheora0:amd64.
2025-08-09T09:57:51.4085554Z Preparing to unpack .../07-libtheora0_1.1.1+dfsg.1-15ubuntu4_amd64.deb ...
2025-08-09T09:57:51.4099690Z Unpacking libtheora0:amd64 (1.1.1+dfsg.1-15ubuntu4) ...
2025-08-09T09:57:51.4393418Z Selecting previously unselected package libvisual-0.4-0:amd64.
2025-08-09T09:57:51.4554640Z Preparing to unpack .../08-libvisual-0.4-0_0.4.0-17build2_amd64.deb ...
2025-08-09T09:57:51.4564725Z Unpacking libvisual-0.4-0:amd64 (0.4.0-17build2) ...
2025-08-09T09:57:51.4825140Z Selecting previously unselected package libvorbisenc2:amd64.
2025-08-09T09:57:51.4989677Z Preparing to unpack .../09-libvorbisenc2_1.3.7-1build2_amd64.deb ...
2025-08-09T09:57:51.5046031Z Unpacking libvorbisenc2:amd64 (1.3.7-1build2) ...
2025-08-09T09:57:51.5762749Z Selecting previously unselected package gstreamer1.0-plugins-base:amd64.
2025-08-09T09:57:51.5926656Z Preparing to unpack .../10-gstreamer1.0-plugins-base_1.20.1-1ubuntu0.4_amd64.deb ...
2025-08-09T09:57:51.5934626Z Unpacking gstreamer1.0-plugins-base:amd64 (1.20.1-1ubuntu0.4) ...
2025-08-09T09:57:51.6308714Z Selecting previously unselected package libaa1:amd64.
2025-08-09T09:57:51.6471040Z Preparing to unpack .../11-libaa1_1.4p5-50build1_amd64.deb ...
2025-08-09T09:57:51.6489376Z Unpacking libaa1:amd64 (1.4p5-50build1) ...
2025-08-09T09:57:51.6781971Z Selecting previously unselected package libraw1394-11:amd64.
2025-08-09T09:57:51.6945338Z Preparing to unpack .../12-libraw1394-11_2.1.2-2build2_amd64.deb ...
2025-08-09T09:57:51.6958907Z Unpacking libraw1394-11:amd64 (2.1.2-2build2) ...
2025-08-09T09:57:51.7225472Z Selecting previously unselected package libavc1394-0:amd64.
2025-08-09T09:57:51.7389743Z Preparing to unpack .../13-libavc1394-0_0.5.4-5build2_amd64.deb ...
2025-08-09T09:57:51.7402851Z Unpacking libavc1394-0:amd64 (0.5.4-5build2) ...
2025-08-09T09:57:51.7636556Z Selecting previously unselected package libcaca0:amd64.
2025-08-09T09:57:51.7799521Z Preparing to unpack .../14-libcaca0_0.99.beta19-2.2ubuntu4_amd64.deb ...
2025-08-09T09:57:51.7819876Z Unpacking libcaca0:amd64 (0.99.beta19-2.2ubuntu4) ...
2025-08-09T09:57:51.8144051Z Selecting previously unselected package libdv4:amd64.
2025-08-09T09:57:51.8309250Z Preparing to unpack .../15-libdv4_1.0.0-14build1_amd64.deb ...
2025-08-09T09:57:51.8331849Z Unpacking libdv4:amd64 (1.0.0-14build1) ...
2025-08-09T09:57:51.8675147Z Selecting previously unselected package libflac8:amd64.
2025-08-09T09:57:51.8838606Z Preparing to unpack .../16-libflac8_1.3.3-2ubuntu0.2_amd64.deb ...
2025-08-09T09:57:51.8852107Z Unpacking libflac8:amd64 (1.3.3-2ubuntu0.2) ...
2025-08-09T09:57:51.9150916Z Selecting previously unselected package libgstreamer-plugins-good1.0-0:amd64.
2025-08-09T09:57:51.9316111Z Preparing to unpack .../17-libgstreamer-plugins-good1.0-0_1.20.3-0ubuntu1.3_amd64.deb ...
2025-08-09T09:57:51.9345653Z Unpacking libgstreamer-plugins-good1.0-0:amd64 (1.20.3-0ubuntu1.3) ...
2025-08-09T09:57:51.9658292Z Selecting previously unselected package libiec61883-0:amd64.
2025-08-09T09:57:51.9822332Z Preparing to unpack .../18-libiec61883-0_1.2.0-4build3_amd64.deb ...
2025-08-09T09:57:51.9835743Z Unpacking libiec61883-0:amd64 (1.2.0-4build3) ...
2025-08-09T09:57:52.0103693Z Selecting previously unselected package libsamplerate0:amd64.
2025-08-09T09:57:52.0270955Z Preparing to unpack .../19-libsamplerate0_0.2.2-1build1_amd64.deb ...
2025-08-09T09:57:52.0282380Z Unpacking libsamplerate0:amd64 (0.2.2-1build1) ...
2025-08-09T09:57:52.0634538Z Selecting previously unselected package libjack-jackd2-0:amd64.
2025-08-09T09:57:52.0801589Z Preparing to unpack .../20-libjack-jackd2-0_1.9.20~dfsg-1_amd64.deb ...
2025-08-09T09:57:52.0814657Z Unpacking libjack-jackd2-0:amd64 (1.9.20~dfsg-1) ...
2025-08-09T09:57:52.1124058Z Selecting previously unselected package libmp3lame0:amd64.
2025-08-09T09:57:52.1286474Z Preparing to unpack .../21-libmp3lame0_3.100-3build2_amd64.deb ...
2025-08-09T09:57:52.1299879Z Unpacking libmp3lame0:amd64 (3.100-3build2) ...
2025-08-09T09:57:52.1591395Z Selecting previously unselected package libmpg123-0:amd64.
2025-08-09T09:57:52.1754038Z Preparing to unpack .../22-libmpg123-0_1.29.3-1ubuntu0.1_amd64.deb ...
2025-08-09T09:57:52.1769454Z Unpacking libmpg123-0:amd64 (1.29.3-1ubuntu0.1) ...
2025-08-09T09:57:52.2178008Z Selecting previously unselected package libasyncns0:amd64.
2025-08-09T09:57:52.2340752Z Preparing to unpack .../23-libasyncns0_0.8-6build2_amd64.deb ...
2025-08-09T09:57:52.2356228Z Unpacking libasyncns0:amd64 (0.8-6build2) ...
2025-08-09T09:57:52.2643744Z Selecting previously unselected package libsndfile1:amd64.
2025-08-09T09:57:52.2809399Z Preparing to unpack .../24-libsndfile1_1.0.31-2ubuntu0.2_amd64.deb ...
2025-08-09T09:57:52.2822683Z Unpacking libsndfile1:amd64 (1.0.31-2ubuntu0.2) ...
2025-08-09T09:57:52.3145592Z Selecting previously unselected package libpulse0:amd64.
2025-08-09T09:57:52.3309180Z Preparing to unpack .../25-libpulse0_1%3a15.99.1+dfsg1-1ubuntu2.2_amd64.deb ...
2025-08-09T09:57:52.3389005Z Unpacking libpulse0:amd64 (1:15.99.1+dfsg1-1ubuntu2.2) ...
2025-08-09T09:57:52.3689997Z Selecting previously unselected package libspeex1:amd64.
2025-08-09T09:57:52.3854068Z Preparing to unpack .../26-libspeex1_1.2~rc1.2-1.1ubuntu3_amd64.deb ...
2025-08-09T09:57:52.3866531Z Unpacking libspeex1:amd64 (1.2~rc1.2-1.1ubuntu3) ...
2025-08-09T09:57:52.4158784Z Selecting previously unselected package libshout3:amd64.
2025-08-09T09:57:52.4321829Z Preparing to unpack .../27-libshout3_2.4.5-1build3_amd64.deb ...
2025-08-09T09:57:52.4341208Z Unpacking libshout3:amd64 (2.4.5-1build3) ...
2025-08-09T09:57:52.4633658Z Selecting previously unselected package libtag1v5-vanilla:amd64.
2025-08-09T09:57:52.4796960Z Preparing to unpack .../28-libtag1v5-vanilla_1.11.1+dfsg.1-3ubuntu3_amd64.deb ...
2025-08-09T09:57:52.4816639Z Unpacking libtag1v5-vanilla:amd64 (1.11.1+dfsg.1-3ubuntu3) ...
2025-08-09T09:57:52.5123270Z Selecting previously unselected package libtag1v5:amd64.
2025-08-09T09:57:52.5286469Z Preparing to unpack .../29-libtag1v5_1.11.1+dfsg.1-3ubuntu3_amd64.deb ...
2025-08-09T09:57:52.5298557Z Unpacking libtag1v5:amd64 (1.11.1+dfsg.1-3ubuntu3) ...
2025-08-09T09:57:52.5547348Z Selecting previously unselected package libtwolame0:amd64.
2025-08-09T09:57:52.5710858Z Preparing to unpack .../30-libtwolame0_0.4.0-2build2_amd64.deb ...
2025-08-09T09:57:52.5737049Z Unpacking libtwolame0:amd64 (0.4.0-2build2) ...
2025-08-09T09:57:52.6018316Z Selecting previously unselected package libv4lconvert0:amd64.
2025-08-09T09:57:52.6180311Z Preparing to unpack .../31-libv4lconvert0_1.22.1-2build1_amd64.deb ...
2025-08-09T09:57:52.6196869Z Unpacking libv4lconvert0:amd64 (1.22.1-2build1) ...
2025-08-09T09:57:52.6502940Z Selecting previously unselected package libv4l-0:amd64.
2025-08-09T09:57:52.6666516Z Preparing to unpack .../32-libv4l-0_1.22.1-2build1_amd64.deb ...
2025-08-09T09:57:52.6684204Z Unpacking libv4l-0:amd64 (1.22.1-2build1) ...
2025-08-09T09:57:52.6982152Z Selecting previously unselected package libvpx7:amd64.
2025-08-09T09:57:52.7145876Z Preparing to unpack .../33-libvpx7_1.11.0-2ubuntu2.4_amd64.deb ...
2025-08-09T09:57:52.7163501Z Unpacking libvpx7:amd64 (1.11.0-2ubuntu2.4) ...
2025-08-09T09:57:52.7617629Z Selecting previously unselected package libwavpack1:amd64.
2025-08-09T09:57:52.7780930Z Preparing to unpack .../34-libwavpack1_5.4.0-1build2_amd64.deb ...
2025-08-09T09:57:52.7807817Z Unpacking libwavpack1:amd64 (5.4.0-1build2) ...
2025-08-09T09:57:52.8090951Z Selecting previously unselected package gstreamer1.0-plugins-good:amd64.
2025-08-09T09:57:52.8255613Z Preparing to unpack .../35-gstreamer1.0-plugins-good_1.20.3-0ubuntu1.3_amd64.deb ...
2025-08-09T09:57:52.8268554Z Unpacking gstreamer1.0-plugins-good:amd64 (1.20.3-0ubuntu1.3) ...
2025-08-09T09:57:52.8870189Z Selecting previously unselected package libxv1:amd64.
2025-08-09T09:57:52.9033763Z Preparing to unpack .../36-libxv1_2%3a1.0.11-1build2_amd64.deb ...
2025-08-09T09:57:52.9061479Z Unpacking libxv1:amd64 (2:1.0.11-1build2) ...
2025-08-09T09:57:52.9319092Z Selecting previously unselected package gstreamer1.0-x:amd64.
2025-08-09T09:57:52.9482717Z Preparing to unpack .../37-gstreamer1.0-x_1.20.1-1ubuntu0.4_amd64.deb ...
2025-08-09T09:57:52.9524362Z Unpacking gstreamer1.0-x:amd64 (1.20.1-1ubuntu0.4) ...
2025-08-09T09:57:52.9838998Z Selecting previously unselected package libnl-route-3-200:amd64.
2025-08-09T09:57:53.0003162Z Preparing to unpack .../38-libnl-route-3-200_3.5.0-0.1_amd64.deb ...
2025-08-09T09:57:53.0023221Z Unpacking libnl-route-3-200:amd64 (3.5.0-0.1) ...
2025-08-09T09:57:53.0323138Z Selecting previously unselected package libibverbs1:amd64.
2025-08-09T09:57:53.0487614Z Preparing to unpack .../39-libibverbs1_39.0-1_amd64.deb ...
2025-08-09T09:57:53.0500258Z Unpacking libibverbs1:amd64 (39.0-1) ...
2025-08-09T09:57:53.0798120Z Selecting previously unselected package ibverbs-providers:amd64.
2025-08-09T09:57:53.0962143Z Preparing to unpack .../40-ibverbs-providers_39.0-1_amd64.deb ...
2025-08-09T09:57:53.1102607Z Unpacking ibverbs-providers:amd64 (39.0-1) ...
2025-08-09T09:57:53.1423102Z Selecting previously unselected package ipxe-qemu.
2025-08-09T09:57:53.1587149Z Preparing to unpack .../41-ipxe-qemu_1.21.1+git-20220113.fbbdc3926-0ubuntu1_all.deb ...
2025-08-09T09:57:53.1604840Z Unpacking ipxe-qemu (1.21.1+git-20220113.fbbdc3926-0ubuntu1) ...
2025-08-09T09:57:53.2021748Z Selecting previously unselected package ipxe-qemu-256k-compat-efi-roms.
2025-08-09T09:57:53.2186311Z Preparing to unpack .../42-ipxe-qemu-256k-compat-efi-roms_1.0.0+git-20150424.a25a16d-0ubuntu4_all.deb ...
2025-08-09T09:57:53.2199870Z Unpacking ipxe-qemu-256k-compat-efi-roms (1.0.0+git-20150424.a25a16d-0ubuntu4) ...
2025-08-09T09:57:53.2739209Z Selecting previously unselected package isolinux.
2025-08-09T09:57:53.2906259Z Preparing to unpack .../43-isolinux_3%3a6.04~git20190206.bf6db5b4+dfsg1-3ubuntu1_all.deb ...
2025-08-09T09:57:53.2936126Z Unpacking isolinux (3:6.04~git20190206.bf6db5b4+dfsg1-3ubuntu1) ...
2025-08-09T09:57:53.3222221Z Selecting previously unselected package libboost-iostreams1.74.0:amd64.
2025-08-09T09:57:53.3384784Z Preparing to unpack .../44-libboost-iostreams1.74.0_1.74.0-14ubuntu3_amd64.deb ...
2025-08-09T09:57:53.3404494Z Unpacking libboost-iostreams1.74.0:amd64 (1.74.0-14ubuntu3) ...
2025-08-09T09:57:53.3767327Z Selecting previously unselected package libboost-thread1.74.0:amd64.
2025-08-09T09:57:53.3932107Z Preparing to unpack .../45-libboost-thread1.74.0_1.74.0-14ubuntu3_amd64.deb ...
2025-08-09T09:57:53.3958017Z Unpacking libboost-thread1.74.0:amd64 (1.74.0-14ubuntu3) ...
2025-08-09T09:57:53.4302034Z Selecting previously unselected package libbrlapi0.8:amd64.
2025-08-09T09:57:53.4463987Z Preparing to unpack .../46-libbrlapi0.8_6.4-4ubuntu3_amd64.deb ...
2025-08-09T09:57:53.4477785Z Unpacking libbrlapi0.8:amd64 (6.4-4ubuntu3) ...
2025-08-09T09:57:53.4721893Z Selecting previously unselected package libpcsclite1:amd64.
2025-08-09T09:57:53.4885596Z Preparing to unpack .../47-libpcsclite1_1.9.5-3ubuntu1_amd64.deb ...
2025-08-09T09:57:53.4900288Z Unpacking libpcsclite1:amd64 (1.9.5-3ubuntu1) ...
2025-08-09T09:57:53.5183466Z Selecting previously unselected package libcacard0:amd64.
2025-08-09T09:57:53.5345664Z Preparing to unpack .../48-libcacard0_1%3a2.8.0-3build2_amd64.deb ...
2025-08-09T09:57:53.5370639Z Unpacking libcacard0:amd64 (1:2.8.0-3build2) ...
2025-08-09T09:57:53.5647227Z Selecting previously unselected package libdaxctl1:amd64.
2025-08-09T09:57:53.5810868Z Preparing to unpack .../49-libdaxctl1_72.1-1_amd64.deb ...
2025-08-09T09:57:53.5823641Z Unpacking libdaxctl1:amd64 (72.1-1) ...
2025-08-09T09:57:53.6117182Z Selecting previously unselected package libdecor-0-0:amd64.
2025-08-09T09:57:53.6281650Z Preparing to unpack .../50-libdecor-0-0_0.1.0-3build1_amd64.deb ...
2025-08-09T09:57:53.6297032Z Unpacking libdecor-0-0:amd64 (0.1.0-3build1) ...
2025-08-09T09:57:53.6526087Z Selecting previously unselected package libdecor-0-plugin-1-cairo:amd64.
2025-08-09T09:57:53.6689606Z Preparing to unpack .../51-libdecor-0-plugin-1-cairo_0.1.0-3build1_amd64.deb ...
2025-08-09T09:57:53.6709691Z Unpacking libdecor-0-plugin-1-cairo:amd64 (0.1.0-3build1) ...
2025-08-09T09:57:53.6959663Z Selecting previously unselected package libelf-dev:amd64.
2025-08-09T09:57:53.7123588Z Preparing to unpack .../52-libelf-dev_0.186-1ubuntu0.1_amd64.deb ...
2025-08-09T09:57:53.7144112Z Unpacking libelf-dev:amd64 (0.186-1ubuntu0.1) ...
2025-08-09T09:57:53.7593569Z Selecting previously unselected package libgfxdr0:amd64.
2025-08-09T09:57:53.7758868Z Preparing to unpack .../53-libgfxdr0_10.1-1ubuntu0.2_amd64.deb ...
2025-08-09T09:57:53.7768745Z Unpacking libgfxdr0:amd64 (10.1-1ubuntu0.2) ...
2025-08-09T09:57:53.8024105Z Selecting previously unselected package libglusterfs0:amd64.
2025-08-09T09:57:53.8188164Z Preparing to unpack .../54-libglusterfs0_10.1-1ubuntu0.2_amd64.deb ...
2025-08-09T09:57:53.8198892Z Unpacking libglusterfs0:amd64 (10.1-1ubuntu0.2) ...
2025-08-09T09:57:53.8496366Z Selecting previously unselected package libgfrpc0:amd64.
2025-08-09T09:57:53.8659682Z Preparing to unpack .../55-libgfrpc0_10.1-1ubuntu0.2_amd64.deb ...
2025-08-09T09:57:53.8672570Z Unpacking libgfrpc0:amd64 (10.1-1ubuntu0.2) ...
2025-08-09T09:57:53.8930884Z Selecting previously unselected package libgfapi0:amd64.
2025-08-09T09:57:53.9093349Z Preparing to unpack .../56-libgfapi0_10.1-1ubuntu0.2_amd64.deb ...
2025-08-09T09:57:53.9107787Z Unpacking libgfapi0:amd64 (10.1-1ubuntu0.2) ...
2025-08-09T09:57:53.9357874Z Selecting previously unselected package librdmacm1:amd64.
2025-08-09T09:57:53.9522014Z Preparing to unpack .../57-librdmacm1_39.0-1_amd64.deb ...
2025-08-09T09:57:53.9541364Z Unpacking librdmacm1:amd64 (39.0-1) ...
2025-08-09T09:57:53.9810095Z Selecting previously unselected package libiscsi7:amd64.
2025-08-09T09:57:53.9970741Z Preparing to unpack .../58-libiscsi7_1.19.0-3build2_amd64.deb ...
2025-08-09T09:57:53.9985629Z Unpacking libiscsi7:amd64 (1.19.0-3build2) ...
2025-08-09T09:57:54.0279316Z Selecting previously unselected package liblinear4:amd64.
2025-08-09T09:57:54.0441658Z Preparing to unpack .../59-liblinear4_2.3.0+dfsg-5_amd64.deb ...
2025-08-09T09:57:54.0468100Z Unpacking liblinear4:amd64 (2.3.0+dfsg-5) ...
2025-08-09T09:57:54.0774101Z Selecting previously unselected package libndctl6:amd64.
2025-08-09T09:57:54.0936532Z Preparing to unpack .../60-libndctl6_72.1-1_amd64.deb ...
2025-08-09T09:57:54.0950971Z Unpacking libndctl6:amd64 (72.1-1) ...
2025-08-09T09:57:54.1214185Z Selecting previously unselected package libpmem1:amd64.
2025-08-09T09:57:54.1375807Z Preparing to unpack .../61-libpmem1_1.11.1-3build1_amd64.deb ...
2025-08-09T09:57:54.1399855Z Unpacking libpmem1:amd64 (1.11.1-3build1) ...
2025-08-09T09:57:54.1703927Z Selecting previously unselected package libpmemobj1:amd64.
2025-08-09T09:57:54.1865584Z Preparing to unpack .../62-libpmemobj1_1.11.1-3build1_amd64.deb ...
2025-08-09T09:57:54.1888298Z Unpacking libpmemobj1:amd64 (1.11.1-3build1) ...
2025-08-09T09:57:54.2211033Z Selecting previously unselected package librados2.
2025-08-09T09:57:54.2372767Z Preparing to unpack .../63-librados2_17.2.7-0ubuntu0.22.04.2_amd64.deb ...
2025-08-09T09:57:54.2391432Z Unpacking librados2 (17.2.7-0ubuntu0.22.04.2) ...
2025-08-09T09:57:54.3143541Z Selecting previously unselected package librbd1.
2025-08-09T09:57:54.3308429Z Preparing to unpack .../64-librbd1_17.2.7-0ubuntu0.22.04.2_amd64.deb ...
2025-08-09T09:57:54.3330208Z Unpacking librbd1 (17.2.7-0ubuntu0.22.04.2) ...
2025-08-09T09:57:54.4070506Z Selecting previously unselected package libsdl2-2.0-0:amd64.
2025-08-09T09:57:54.4235440Z Preparing to unpack .../65-libsdl2-2.0-0_2.0.20+dfsg-2ubuntu1.22.04.1_amd64.deb ...
2025-08-09T09:57:54.4255939Z Unpacking libsdl2-2.0-0:amd64 (2.0.20+dfsg-2ubuntu1.22.04.1) ...
2025-08-09T09:57:54.4594337Z Selecting previously unselected package libspice-server1:amd64.
2025-08-09T09:57:54.4760243Z Preparing to unpack .../66-libspice-server1_0.15.0-2ubuntu4_amd64.deb ...
2025-08-09T09:57:54.4770775Z Unpacking libspice-server1:amd64 (0.15.0-2ubuntu4) ...
2025-08-09T09:57:54.5060645Z Selecting previously unselected package liburing2:amd64.
2025-08-09T09:57:54.5225603Z Preparing to unpack .../67-liburing2_2.1-2build1_amd64.deb ...
2025-08-09T09:57:54.5241546Z Unpacking liburing2:amd64 (2.1-2build1) ...
2025-08-09T09:57:54.5510838Z Selecting previously unselected package libusbredirparser1:amd64.
2025-08-09T09:57:54.5676028Z Preparing to unpack .../68-libusbredirparser1_0.11.0-2build1_amd64.deb ...
2025-08-09T09:57:54.5697852Z Unpacking libusbredirparser1:amd64 (0.11.0-2build1) ...
2025-08-09T09:57:54.5964733Z Selecting previously unselected package libvirglrenderer1:amd64.
2025-08-09T09:57:54.6129676Z Preparing to unpack .../69-libvirglrenderer1_0.9.1-1~exp1ubuntu2_amd64.deb ...
2025-08-09T09:57:54.6153110Z Unpacking libvirglrenderer1:amd64 (0.9.1-1~exp1ubuntu2) ...
2025-08-09T09:57:54.6465251Z Selecting previously unselected package libvte-2.91-common.
2025-08-09T09:57:54.6629974Z Preparing to unpack .../70-libvte-2.91-common_0.68.0-1ubuntu0.1_amd64.deb ...
2025-08-09T09:57:54.6668094Z Unpacking libvte-2.91-common (0.68.0-1ubuntu0.1) ...
2025-08-09T09:57:54.7022817Z Selecting previously unselected package libvte-2.91-0:amd64.
2025-08-09T09:57:54.7187057Z Preparing to unpack .../71-libvte-2.91-0_0.68.0-1ubuntu0.1_amd64.deb ...
2025-08-09T09:57:54.7199293Z Unpacking libvte-2.91-0:amd64 (0.68.0-1ubuntu0.1) ...
2025-08-09T09:57:54.7515505Z Selecting previously unselected package debootstrap.
2025-08-09T09:57:54.7681016Z Preparing to unpack .../72-debootstrap_1.0.126+nmu1ubuntu0.8_all.deb ...
2025-08-09T09:57:54.7704297Z Unpacking debootstrap (1.0.126+nmu1ubuntu0.8) ...
2025-08-09T09:57:54.8053589Z Selecting previously unselected package live-build.
2025-08-09T09:57:54.8218420Z Preparing to unpack .../73-live-build_3.0~a57-1ubuntu41.22.04.1_all.deb ...
2025-08-09T09:57:54.8234338Z Unpacking live-build (3.0~a57-1ubuntu41.22.04.1) ...
2025-08-09T09:57:54.9083053Z Selecting previously unselected package lua-lpeg:amd64.
2025-08-09T09:57:54.9248289Z Preparing to unpack .../74-lua-lpeg_1.0.2-1_amd64.deb ...
2025-08-09T09:57:54.9263169Z Unpacking lua-lpeg:amd64 (1.0.2-1) ...
2025-08-09T09:57:54.9572601Z Selecting previously unselected package mtools.
2025-08-09T09:57:54.9736786Z Preparing to unpack .../75-mtools_4.0.33-1+really4.0.32-1build1_amd64.deb ...
2025-08-09T09:57:54.9815902Z Unpacking mtools (4.0.33-1+really4.0.32-1build1) ...
2025-08-09T09:57:55.0346241Z Selecting previously unselected package nmap-common.
2025-08-09T09:57:55.0512241Z Preparing to unpack .../76-nmap-common_7.91+dfsg1+really7.80+dfsg1-2ubuntu0.1_all.deb ...
2025-08-09T09:57:55.0527583Z Unpacking nmap-common (7.91+dfsg1+really7.80+dfsg1-2ubuntu0.1) ...
2025-08-09T09:57:55.2506833Z Selecting previously unselected package pv.
2025-08-09T09:57:55.2674966Z Preparing to unpack .../77-pv_1.6.6-1build2_amd64.deb ...
2025-08-09T09:57:55.2683786Z Unpacking pv (1.6.6-1build2) ...
2025-08-09T09:57:55.2949307Z Selecting previously unselected package libfdt1:amd64.
2025-08-09T09:57:55.3117207Z Preparing to unpack .../78-libfdt1_1.6.1-1_amd64.deb ...
2025-08-09T09:57:55.3131019Z Unpacking libfdt1:amd64 (1.6.1-1) ...
2025-08-09T09:57:55.3406690Z Selecting previously unselected package qemu-system-common.
2025-08-09T09:57:55.3572846Z Preparing to unpack .../79-qemu-system-common_1%3a6.2+dfsg-2ubuntu6.26_amd64.deb ...
2025-08-09T09:57:55.3586291Z Unpacking qemu-system-common (1:6.2+dfsg-2ubuntu6.26) ...
2025-08-09T09:57:55.4366726Z Selecting previously unselected package qemu-system-data.
2025-08-09T09:57:55.4533818Z Preparing to unpack .../80-qemu-system-data_1%3a6.2+dfsg-2ubuntu6.26_all.deb ...
2025-08-09T09:57:55.4557580Z Unpacking qemu-system-data (1:6.2+dfsg-2ubuntu6.26) ...
2025-08-09T09:57:55.5327014Z Selecting previously unselected package seabios.
2025-08-09T09:57:55.5493935Z Preparing to unpack .../81-seabios_1.15.0-1_all.deb ...
2025-08-09T09:57:55.5505773Z Unpacking seabios (1.15.0-1) ...
2025-08-09T09:57:55.5825837Z Selecting previously unselected package qemu-system-x86.
2025-08-09T09:57:55.5992343Z Preparing to unpack .../82-qemu-system-x86_1%3a6.2+dfsg-2ubuntu6.26_amd64.deb ...
2025-08-09T09:57:55.6149248Z Unpacking qemu-system-x86 (1:6.2+dfsg-2ubuntu6.26) ...
2025-08-09T09:57:55.7687009Z Selecting previously unselected package qemu-utils.
2025-08-09T09:57:55.7853388Z Preparing to unpack .../83-qemu-utils_1%3a6.2+dfsg-2ubuntu6.26_amd64.deb ...
2025-08-09T09:57:55.7869747Z Unpacking qemu-utils (1:6.2+dfsg-2ubuntu6.26) ...
2025-08-09T09:57:55.8390098Z Selecting previously unselected package qemu-block-extra.
2025-08-09T09:57:55.8554956Z Preparing to unpack .../84-qemu-block-extra_1%3a6.2+dfsg-2ubuntu6.26_amd64.deb ...
2025-08-09T09:57:55.8578493Z Unpacking qemu-block-extra (1:6.2+dfsg-2ubuntu6.26) ...
2025-08-09T09:57:55.8861538Z Selecting previously unselected package qemu-system-gui.
2025-08-09T09:57:55.9027279Z Preparing to unpack .../85-qemu-system-gui_1%3a6.2+dfsg-2ubuntu6.26_amd64.deb ...
2025-08-09T09:57:55.9045675Z Unpacking qemu-system-gui (1:6.2+dfsg-2ubuntu6.26) ...
2025-08-09T09:57:55.9332899Z Selecting previously unselected package syslinux-common.
2025-08-09T09:57:55.9499837Z Preparing to unpack .../86-syslinux-common_3%3a6.04~git20190206.bf6db5b4+dfsg1-3ubuntu1_all.deb ...
2025-08-09T09:57:55.9511800Z Unpacking syslinux-common (3:6.04~git20190206.bf6db5b4+dfsg1-3ubuntu1) ...
2025-08-09T09:57:56.0150639Z Selecting previously unselected package syslinux-utils.
2025-08-09T09:57:56.0315527Z Preparing to unpack .../87-syslinux-utils_3%3a6.04~git20190206.bf6db5b4+dfsg1-3ubuntu1_amd64.deb ...
2025-08-09T09:57:56.0343869Z Unpacking syslinux-utils (3:6.04~git20190206.bf6db5b4+dfsg1-3ubuntu1) ...
2025-08-09T09:57:56.0710016Z Selecting previously unselected package nmap.
2025-08-09T09:57:56.0875161Z Preparing to unpack .../88-nmap_7.91+dfsg1+really7.80+dfsg1-2ubuntu0.1_amd64.deb ...
2025-08-09T09:57:56.0900505Z Unpacking nmap (7.91+dfsg1+really7.80+dfsg1-2ubuntu0.1) ...
2025-08-09T09:57:56.1426560Z Selecting previously unselected package ovmf.
2025-08-09T09:57:56.1592078Z Preparing to unpack .../89-ovmf_2022.02-3ubuntu0.22.04.3_all.deb ...
2025-08-09T09:57:56.1621645Z Unpacking ovmf (2022.02-3ubuntu0.22.04.3) ...
2025-08-09T09:57:56.2569747Z Setting up genisoimage (9:1.1.11-3.2ubuntu1) ...
2025-08-09T09:57:56.2620368Z Setting up libcdparanoia0:amd64 (3.10.2+debian-14build2) ...
2025-08-09T09:57:56.2687416Z Setting up lua-lpeg:amd64 (1.0.2-1) ...
2025-08-09T09:57:56.2723847Z Setting up debootstrap (1.0.126+nmu1ubuntu0.8) ...
2025-08-09T09:57:56.2782530Z Setting up libraw1394-11:amd64 (2.1.2-2build2) ...
2025-08-09T09:57:56.2839237Z Setting up libtag1v5-vanilla:amd64 (1.11.1+dfsg.1-3ubuntu3) ...
2025-08-09T09:57:56.2878455Z Setting up libmpg123-0:amd64 (1.29.3-1ubuntu0.1) ...
2025-08-09T09:57:56.2933955Z Setting up isolinux (3:6.04~git20190206.bf6db5b4+dfsg1-3ubuntu1) ...
2025-08-09T09:57:56.2993676Z Setting up libspeex1:amd64 (1.2~rc1.2-1.1ubuntu3) ...
2025-08-09T09:57:56.3034899Z Setting up libcaca0:amd64 (0.99.beta19-2.2ubuntu4) ...
2025-08-09T09:57:56.3147317Z Setting up libtwolame0:amd64 (0.4.0-2build2) ...
2025-08-09T09:57:56.3215301Z Setting up libvte-2.91-common (0.68.0-1ubuntu0.1) ...
2025-08-09T09:57:56.3325266Z Setting up libvisual-0.4-0:amd64 (0.4.0-17build2) ...
2025-08-09T09:57:56.3366908Z Setting up mtools (4.0.33-1+really4.0.32-1build1) ...
2025-08-09T09:57:56.3418926Z Setting up libboost-iostreams1.74.0:amd64 (1.74.0-14ubuntu3) ...
2025-08-09T09:57:56.3468593Z Setting up msr-tools (1.3-4) ...
2025-08-09T09:57:56.3540409Z Setting up syslinux-common (3:6.04~git20190206.bf6db5b4+dfsg1-3ubuntu1) ...
2025-08-09T09:57:56.3589601Z Setting up live-build (3.0~a57-1ubuntu41.22.04.1) ...
2025-08-09T09:57:56.3650957Z Setting up libfdt1:amd64 (1.6.1-1) ...
2025-08-09T09:57:56.3705655Z Setting up libvte-2.91-0:amd64 (0.68.0-1ubuntu0.1) ...
2025-08-09T09:57:56.3780813Z Setting up libusbredirparser1:amd64 (0.11.0-2build1) ...
2025-08-09T09:57:56.3825549Z Setting up liblinear4:amd64 (2.3.0+dfsg-5) ...
2025-08-09T09:57:56.3881954Z Setting up libflac8:amd64 (1.3.3-2ubuntu0.2) ...
2025-08-09T09:57:56.3920176Z Setting up syslinux-utils (3:6.04~git20190206.bf6db5b4+dfsg1-3ubuntu1) ...
2025-08-09T09:57:56.3965570Z Setting up libnl-route-3-200:amd64 (3.5.0-0.1) ...
2025-08-09T09:57:56.4019383Z Setting up ovmf (2022.02-3ubuntu0.22.04.3) ...
2025-08-09T09:57:56.4088119Z Setting up libglusterfs0:amd64 (10.1-1ubuntu0.2) ...
2025-08-09T09:57:56.4130625Z Setting up libvirglrenderer1:amd64 (0.9.1-1~exp1ubuntu2) ...
2025-08-09T09:57:56.4194093Z Setting up libopus0:amd64 (1.3.1-0.1build2) ...
2025-08-09T09:57:56.4255165Z Setting up libxv1:amd64 (2:1.0.11-1build2) ...
2025-08-09T09:57:56.4298526Z Setting up liborc-0.4-0:amd64 (1:0.4.32-2ubuntu0.1) ...
2025-08-09T09:57:56.4371400Z Setting up libelf-dev:amd64 (0.186-1ubuntu0.1) ...
2025-08-09T09:57:56.4422211Z Setting up libpcsclite1:amd64 (1.9.5-3ubuntu1) ...
2025-08-09T09:57:56.4470719Z Setting up libdaxctl1:amd64 (72.1-1) ...
2025-08-09T09:57:56.4523055Z Setting up qemu-system-data (1:6.2+dfsg-2ubuntu6.26) ...
2025-08-09T09:57:56.4550786Z Setting up seabios (1.15.0-1) ...
2025-08-09T09:57:56.4589447Z Setting up nmap-common (7.91+dfsg1+really7.80+dfsg1-2ubuntu0.1) ...
2025-08-09T09:57:56.4921802Z Setting up libtag1v5:amd64 (1.11.1+dfsg.1-3ubuntu3) ...
2025-08-09T09:57:56.4975106Z Setting up cpu-checker (0.7-1.3build1) ...
2025-08-09T09:57:56.5020023Z Setting up libdv4:amd64 (1.0.0-14build1) ...
2025-08-09T09:57:56.5064389Z Setting up libasyncns0:amd64 (0.8-6build2) ...
2025-08-09T09:57:56.5129709Z Setting up pv (1.6.6-1build2) ...
2025-08-09T09:57:56.5210368Z Setting up libwavpack1:amd64 (5.4.0-1build2) ...
2025-08-09T09:57:56.5276483Z Setting up ipxe-qemu (1.21.1+git-20220113.fbbdc3926-0ubuntu1) ...
2025-08-09T09:57:56.5341999Z Setting up libtheora0:amd64 (1.1.1+dfsg.1-15ubuntu4) ...
2025-08-09T09:57:56.5399672Z Setting up libv4lconvert0:amd64 (1.22.1-2build1) ...
2025-08-09T09:57:56.5472151Z Setting up libdecor-0-0:amd64 (0.1.0-3build1) ...
2025-08-09T09:57:56.5513872Z Setting up libndctl6:amd64 (72.1-1) ...
2025-08-09T09:57:56.5573263Z Setting up ipxe-qemu-256k-compat-efi-roms (1.0.0+git-20150424.a25a16d-0ubuntu4) ...
2025-08-09T09:57:56.5623927Z Setting up libvpx7:amd64 (1.11.0-2ubuntu2.4) ...
2025-08-09T09:57:56.5655744Z Setting up libbrlapi0.8:amd64 (6.4-4ubuntu3) ...
2025-08-09T09:57:56.5695650Z Setting up liburing2:amd64 (2.1-2build1) ...
2025-08-09T09:57:56.5734663Z Setting up libsamplerate0:amd64 (0.2.2-1build1) ...
2025-08-09T09:57:56.5789521Z Setting up libpmem1:amd64 (1.11.1-3build1) ...
2025-08-09T09:57:56.5853891Z Setting up libmp3lame0:amd64 (3.100-3build2) ...
2025-08-09T09:57:56.5894569Z Setting up libvorbisenc2:amd64 (1.3.7-1build2) ...
2025-08-09T09:57:56.5945909Z Setting up libgfxdr0:amd64 (10.1-1ubuntu0.2) ...
2025-08-09T09:57:56.5990851Z Setting up libboost-thread1.74.0:amd64 (1.74.0-14ubuntu3) ...
2025-08-09T09:57:56.6019817Z Setting up libaa1:amd64 (1.4p5-50build1) ...
2025-08-09T09:57:56.6061349Z Setting up libiec61883-0:amd64 (1.2.0-4build3) ...
2025-08-09T09:57:56.6111112Z Setting up libavc1394-0:amd64 (0.5.4-5build2) ...
2025-08-09T09:57:56.6150951Z Setting up libibverbs1:amd64 (39.0-1) ...
2025-08-09T09:57:56.6683373Z Setting up ibverbs-providers:amd64 (39.0-1) ...
2025-08-09T09:57:56.7083301Z Setting up libgstreamer-plugins-base1.0-0:amd64 (1.20.1-1ubuntu0.4) ...
2025-08-09T09:57:56.7130165Z Setting up nmap (7.91+dfsg1+really7.80+dfsg1-2ubuntu0.1) ...
2025-08-09T09:57:56.7179217Z Setting up libcacard0:amd64 (1:2.8.0-3build2) ...
2025-08-09T09:57:56.7219228Z Setting up libv4l-0:amd64 (1.22.1-2build1) ...
2025-08-09T09:57:56.7258519Z Setting up libgstreamer-plugins-good1.0-0:amd64 (1.20.3-0ubuntu1.3) ...
2025-08-09T09:57:56.7295781Z Setting up gstreamer1.0-plugins-base:amd64 (1.20.1-1ubuntu0.4) ...
2025-08-09T09:57:56.7330901Z Setting up libshout3:amd64 (2.4.5-1build3) ...
2025-08-09T09:57:56.7374238Z Setting up libpmemobj1:amd64 (1.11.1-3build1) ...
2025-08-09T09:57:56.7421372Z Setting up libdecor-0-plugin-1-cairo:amd64 (0.1.0-3build1) ...
2025-08-09T09:57:56.7479992Z Setting up libjack-jackd2-0:amd64 (1.9.20~dfsg-1) ...
2025-08-09T09:57:56.7527578Z Setting up libsndfile1:amd64 (1.0.31-2ubuntu0.2) ...
2025-08-09T09:57:56.7575259Z Setting up qemu-utils (1:6.2+dfsg-2ubuntu6.26) ...
2025-08-09T09:57:56.7612808Z Setting up libgfrpc0:amd64 (10.1-1ubuntu0.2) ...
2025-08-09T09:57:56.7678183Z Setting up librdmacm1:amd64 (39.0-1) ...
2025-08-09T09:57:56.7745627Z Setting up librados2 (17.2.7-0ubuntu0.22.04.2) ...
2025-08-09T09:57:56.7943609Z Setting up gstreamer1.0-x:amd64 (1.20.1-1ubuntu0.4) ...
2025-08-09T09:57:56.8001167Z Setting up libpulse0:amd64 (1:15.99.1+dfsg1-1ubuntu2.2) ...
2025-08-09T09:57:56.8097834Z Setting up gstreamer1.0-plugins-good:amd64 (1.20.3-0ubuntu1.3) ...
2025-08-09T09:57:56.8138608Z Setting up libspice-server1:amd64 (0.15.0-2ubuntu4) ...
2025-08-09T09:57:56.8179944Z Setting up librbd1 (17.2.7-0ubuntu0.22.04.2) ...
2025-08-09T09:57:56.8225535Z Setting up libgfapi0:amd64 (10.1-1ubuntu0.2) ...
2025-08-09T09:57:56.8272392Z Setting up libiscsi7:amd64 (1.19.0-3build2) ...
2025-08-09T09:57:56.8322644Z Setting up libsdl2-2.0-0:amd64 (2.0.20+dfsg-2ubuntu1.22.04.1) ...
2025-08-09T09:57:56.8355176Z Setting up qemu-block-extra (1:6.2+dfsg-2ubuntu6.26) ...
2025-08-09T09:57:57.1083233Z Created symlink /etc/systemd/system/multi-user.target.wants/run-qemu.mount → /lib/systemd/system/run-qemu.mount.
2025-08-09T09:57:57.5513873Z Setting up qemu-system-common (1:6.2+dfsg-2ubuntu6.26) ...
2025-08-09T09:57:57.6603656Z Created symlink /etc/systemd/system/multi-user.target.wants/qemu-kvm.service → /lib/systemd/system/qemu-kvm.service.
2025-08-09T09:57:58.4853422Z Setting up qemu-system-x86 (1:6.2+dfsg-2ubuntu6.26) ...
2025-08-09T09:57:58.4922534Z Setting up qemu-system-gui (1:6.2+dfsg-2ubuntu6.26) ...
2025-08-09T09:57:58.4970881Z Processing triggers for man-db (2.10.2-1) ...
2025-08-09T09:57:59.3620330Z Processing triggers for install-info (6.8-4build1) ...
2025-08-09T09:57:59.6069835Z Processing triggers for hicolor-icon-theme (0.17-2) ...
2025-08-09T09:58:01.8970739Z Processing triggers for libc-bin (2.35-0ubuntu3.10) ...
2025-08-09T09:58:02.1762256Z NEEDRESTART-VER: 3.5
2025-08-09T09:58:02.4784712Z NEEDRESTART-KCUR: 6.8.0-1031-azure
2025-08-09T09:58:02.4785048Z NEEDRESTART-KEXP: 6.8.0-1031-azure
2025-08-09T09:58:02.4785275Z NEEDRESTART-KSTA: 1
2025-08-09T09:58:02.4785494Z NEEDRESTART-SVC: hosted-compute-agent.service
2025-08-09T09:58:03.8276058Z ##[group]Run echo "CLUSTER_MODE=sub" >> $GITHUB_ENV
2025-08-09T09:58:03.8276421Z [36;1mecho "CLUSTER_MODE=sub" >> $GITHUB_ENV[0m
2025-08-09T09:58:03.8276694Z [36;1mecho "ENABLE_GUI=false" >> $GITHUB_ENV[0m
2025-08-09T09:58:03.8276965Z [36;1mecho "SKIP_QEMU_TEST=true" >> $GITHUB_ENV[0m
2025-08-09T09:58:03.8277277Z [36;1mecho "BUILD_THREADS=2" >> $GITHUB_ENV  # Limit for CI[0m
2025-08-09T09:58:03.8278145Z [36;1mecho "SKIP_CONNECTIVITY_CHECK=true" >> $GITHUB_ENV  # Skip redundant check in CI[0m
2025-08-09T09:58:03.8305248Z shell: /usr/bin/bash -e {0}
2025-08-09T09:58:03.8305465Z ##[endgroup]
2025-08-09T09:58:03.8376363Z ##[group]Run chmod +x ainux-builder.sh
2025-08-09T09:58:03.8376663Z [36;1mchmod +x ainux-builder.sh[0m
2025-08-09T09:58:03.8376879Z [36;1m[0m
2025-08-09T09:58:03.8377034Z [36;1m# Add debug output[0m
2025-08-09T09:58:03.8377235Z [36;1mset -x[0m
2025-08-09T09:58:03.8377389Z [36;1m[0m
2025-08-09T09:58:03.8377568Z [36;1m# Run build with timeout (2 hours max)[0m
2025-08-09T09:58:03.8378112Z [36;1mtimeout 7200 ./ainux-builder.sh || {[0m
2025-08-09T09:58:03.8378378Z [36;1m  echo "Build timed out or failed"[0m
2025-08-09T09:58:03.8378665Z [36;1m  echo "=== Last 100 lines of any available logs ==="[0m
2025-08-09T09:58:03.8379113Z [36;1m  find ~/ainux-build/logs -name "*.log" -exec tail -50 {} \; 2>/dev/null || echo "No log files found"[0m
2025-08-09T09:58:03.8379523Z [36;1m  [0m
2025-08-09T09:58:03.8379709Z [36;1m  echo "=== Environment Variables ==="[0m
2025-08-09T09:58:03.8380033Z [36;1m  env | grep -E "(CLUSTER_MODE|ENABLE_GUI|SKIP_|BUILD_)" || true[0m
2025-08-09T09:58:03.8380395Z [36;1m  [0m
2025-08-09T09:58:03.8380573Z [36;1m  echo "=== Disk Usage ==="[0m
2025-08-09T09:58:03.8380801Z [36;1m  df -h || true[0m
2025-08-09T09:58:03.8380980Z [36;1m  [0m
2025-08-09T09:58:03.8381146Z [36;1m  echo "=== Memory Usage ==="[0m
2025-08-09T09:58:03.8381375Z [36;1m  free -h || true[0m
2025-08-09T09:58:03.8381563Z [36;1m  [0m
2025-08-09T09:58:03.8381710Z [36;1m  exit 1[0m
2025-08-09T09:58:03.8381869Z [36;1m}[0m
2025-08-09T09:58:03.8405672Z shell: /usr/bin/bash -e {0}
2025-08-09T09:58:03.8405891Z env:
2025-08-09T09:58:03.8406043Z   CLUSTER_MODE: sub
2025-08-09T09:58:03.8406217Z   ENABLE_GUI: false
2025-08-09T09:58:03.8406384Z   SKIP_QEMU_TEST: true
2025-08-09T09:58:03.8406556Z   BUILD_THREADS: 2
2025-08-09T09:58:03.8406735Z   SKIP_CONNECTIVITY_CHECK: true
2025-08-09T09:58:03.8406936Z ##[endgroup]
2025-08-09T09:58:03.8457622Z + timeout 7200 ./ainux-builder.sh
2025-08-09T09:58:03.8533248Z 
2025-08-09T09:58:03.8533974Z [0;35m[PHASE][0m Starting Ainux OS AI Cluster Builder Process
2025-08-09T09:58:03.8534406Z 
2025-08-09T09:58:03.8534418Z 
2025-08-09T09:58:03.8534663Z [0;35m[PHASE][0m Checking Prerequisites
2025-08-09T09:58:03.8534978Z 
2025-08-09T09:58:03.8581243Z [0;34m[INFO][0m Detected Ubuntu 22.04 LTS - supported
2025-08-09T09:58:03.8609800Z [0;34m[INFO][0m Disk space check passed: 36GB available
2025-08-09T09:58:03.8610951Z [0;34m[INFO][0m Checking internet connectivity...
2025-08-09T09:58:03.8612350Z [1;33m[WARNING][0m Skipping connectivity check (SKIP_CONNECTIVITY_CHECK=true)
2025-08-09T09:58:03.8613081Z [0;32m[SUCCESS][0m Prerequisites check passed
2025-08-09T09:58:03.8613413Z 
2025-08-09T09:58:03.8613768Z [0;35m[PHASE][0m Initializing Ainux OS AI Cluster Build Environment
2025-08-09T09:58:03.8614165Z 
2025-08-09T09:58:03.8614380Z [0;34m[INFO][0m Build Configuration:
2025-08-09T09:58:03.8614879Z [0;34m[INFO][0m   Kernel Version: 6.6.58
2025-08-09T09:58:03.8615254Z [0;34m[INFO][0m   Cluster Mode: sub
2025-08-09T09:58:03.8615525Z [0;34m[INFO][0m   Build Threads: 2
2025-08-09T09:58:03.8616046Z [0;34m[INFO][0m   GUI Enabled: false
2025-08-09T09:58:03.8616364Z [0;34m[INFO][0m   Build Directory: /home/runner/ainux-build
2025-08-09T09:58:03.8616724Z [0;34m[INFO][0m Installing build dependencies...
2025-08-09T09:58:03.8617115Z [0;34m[INFO][0m Detected CI environment - applying optimizations...
2025-08-09T09:58:05.4148492Z 
2025-08-09T09:58:05.4149139Z WARNING: apt does not have a stable CLI interface. Use with caution in scripts.
2025-08-09T09:58:05.4149579Z 
2025-08-09T09:58:05.4533920Z Reading package lists...
2025-08-09T09:58:05.6304016Z Building dependency tree...
2025-08-09T09:58:05.6315973Z Reading state information...
2025-08-09T09:58:05.7773913Z bc is already the newest version (1.07.1-3build1).
2025-08-09T09:58:05.7774427Z bison is already the newest version (2:3.8.2+dfsg-1build1).
2025-08-09T09:58:05.7774874Z build-essential is already the newest version (12.9ubuntu3).
2025-08-09T09:58:05.7775771Z dosfstools is already the newest version (4.2-1build3).
2025-08-09T09:58:05.7776171Z flex is already the newest version (2.6.4-8build2).
2025-08-09T09:58:05.7776845Z gcc is already the newest version (4:11.2.0-1ubuntu1).
2025-08-09T09:58:05.7777522Z genisoimage is already the newest version (9:1.1.11-3.2ubuntu1).
2025-08-09T09:58:05.7778379Z make is already the newest version (4.3-4.1build1).
2025-08-09T09:58:05.7778927Z mtools is already the newest version (4.0.33-1+really4.0.32-1build1).
2025-08-09T09:58:05.7779471Z pv is already the newest version (1.6.6-1build2).
2025-08-09T09:58:05.7779988Z squashfs-tools is already the newest version (1:4.5-3build1).
2025-08-09T09:58:05.7780510Z isolinux is already the newest version (3:6.04~git20190206.bf6db5b4+dfsg1-3ubuntu1).
2025-08-09T09:58:05.7780998Z syslinux-utils is already the newest version (3:6.04~git20190206.bf6db5b4+dfsg1-3ubuntu1).
2025-08-09T09:58:05.7781399Z xorriso is already the newest version (1.5.4-2).
2025-08-09T09:58:05.7781698Z curl is already the newest version (7.81.0-1ubuntu1.20).
2025-08-09T09:58:05.7782060Z debootstrap is already the newest version (1.0.126+nmu1ubuntu0.8).
2025-08-09T09:58:05.7782463Z grub-efi-amd64-bin is already the newest version (2.06-2ubuntu14.8).
2025-08-09T09:58:05.7782840Z grub-pc-bin is already the newest version (2.06-2ubuntu7.2).
2025-08-09T09:58:05.7783184Z libelf-dev is already the newest version (0.186-1ubuntu0.1).
2025-08-09T09:58:05.7783544Z libncurses-dev is already the newest version (6.3-2ubuntu0.1).
2025-08-09T09:58:05.7783898Z libssl-dev is already the newest version (3.0.2-0ubuntu1.19).
2025-08-09T09:58:05.7784261Z live-build is already the newest version (3.0~a57-1ubuntu41.22.04.1).
2025-08-09T09:58:05.7784663Z qemu-system-x86 is already the newest version (1:6.2+dfsg-2ubuntu6.26).
2025-08-09T09:58:05.7785032Z rsync is already the newest version (3.2.7-0ubuntu0.22.04.4).
2025-08-09T09:58:05.7785350Z wget is already the newest version (1.21.2-2ubuntu1.1).
2025-08-09T09:58:05.7785726Z nmap is already the newest version (7.91+dfsg1+really7.80+dfsg1-2ubuntu0.1).
2025-08-09T09:58:05.7786141Z python3-pip is already the newest version (22.0.2+dfsg-1ubuntu0.6).
2025-08-09T09:58:05.7786518Z git is already the newest version (1:2.50.1-0ppa1~ubuntu22.04.1).
2025-08-09T09:58:05.8130388Z The following NEW packages will be installed:
2025-08-09T09:58:05.8134522Z   dialog
2025-08-09T09:58:05.8412514Z 0 upgraded, 1 newly installed, 0 to remove and 16 not upgraded.
2025-08-09T09:58:05.8746146Z Need to get 303 kB of archives.
2025-08-09T09:58:05.8746734Z After this operation, 1258 kB of additional disk space will be used.
2025-08-09T09:58:05.8747339Z Get:1 file:/etc/apt/apt-mirrors.txt Mirrorlist [144 B]
2025-08-09T09:58:05.9120765Z Get:2 http://azure.archive.ubuntu.com/ubuntu jammy/universe amd64 dialog amd64 1.3-20211214-1 [303 kB]
2025-08-09T09:58:06.2039346Z Fetched 303 kB in 0s (5642 kB/s)
2025-08-09T09:58:06.2259514Z Selecting previously unselected package dialog.
2025-08-09T09:58:06.2330500Z (Reading database ... 
2025-08-09T09:58:06.2330888Z (Reading database ... 5%
2025-08-09T09:58:06.2331538Z (Reading database ... 10%
2025-08-09T09:58:06.2331876Z (Reading database ... 15%
2025-08-09T09:58:06.2332188Z (Reading database ... 20%
2025-08-09T09:58:06.2332505Z (Reading database ... 25%
2025-08-09T09:58:06.2332815Z (Reading database ... 30%
2025-08-09T09:58:06.2333119Z (Reading database ... 35%
2025-08-09T09:58:06.2333439Z (Reading database ... 40%
2025-08-09T09:58:06.2333744Z (Reading database ... 45%
2025-08-09T09:58:06.2333942Z (Reading database ... 50%
2025-08-09T09:58:06.2388311Z (Reading database ... 55%
2025-08-09T09:58:06.2420806Z (Reading database ... 60%
2025-08-09T09:58:06.2440833Z (Reading database ... 65%
2025-08-09T09:58:06.2522298Z (Reading database ... 70%
2025-08-09T09:58:06.2688267Z (Reading database ... 75%
2025-08-09T09:58:06.2716805Z (Reading database ... 80%
2025-08-09T09:58:06.2990993Z (Reading database ... 85%
2025-08-09T09:58:06.3068732Z (Reading database ... 90%
2025-08-09T09:58:06.3218567Z (Reading database ... 95%
2025-08-09T09:58:06.3219550Z (Reading database ... 100%
2025-08-09T09:58:06.3220013Z (Reading database ... 270634 files and directories currently installed.)
2025-08-09T09:58:06.3272287Z Preparing to unpack .../dialog_1.3-20211214-1_amd64.deb ...
2025-08-09T09:58:06.3282794Z Unpacking dialog (1.3-20211214-1) ...
2025-08-09T09:58:06.5112675Z Setting up dialog (1.3-20211214-1) ...
2025-08-09T09:58:06.5151088Z Processing triggers for man-db (2.10.2-1) ...
2025-08-09T09:58:07.0666232Z NEEDRESTART-VER: 3.5
2025-08-09T09:58:07.3011792Z NEEDRESTART-KCUR: 6.8.0-1031-azure
2025-08-09T09:58:07.3012258Z NEEDRESTART-KEXP: 6.8.0-1031-azure
2025-08-09T09:58:07.3012642Z NEEDRESTART-KSTA: 1
2025-08-09T09:58:07.3013005Z NEEDRESTART-SVC: hosted-compute-agent.service
2025-08-09T09:58:08.6900833Z [0;34m[INFO][0m Applying CI space optimizations...
2025-08-09T09:58:09.6058579Z Reading package lists...
2025-08-09T09:58:09.7861576Z Building dependency tree...
2025-08-09T09:58:09.7873924Z Reading state information...
2025-08-09T09:58:09.9283679Z The following packages will be REMOVED:
2025-08-09T09:58:09.9284558Z   apport-symptoms landscape-common libintl-perl libintl-xs-perl libisns0
2025-08-09T09:58:09.9285442Z   liblldb-13 liblldb-15 libmodule-find-perl libmodule-scandeps-perl libmspack0
2025-08-09T09:58:09.9286473Z   libopeniscsiusr libproc-processtable-perl libsort-naturally-perl
2025-08-09T09:58:09.9288062Z   libterm-readkey-perl libxmlsec1 libxmlsec1-openssl lxd-agent-loader
2025-08-09T09:58:09.9288744Z   needrestart open-iscsi open-vm-tools python3-apport python3-automat
2025-08-09T09:58:09.9289349Z   python3-bcrypt python3-click python3-colorama python3-constantly
2025-08-09T09:58:09.9289853Z   python3-hamcrest python3-hyperlink python3-incremental
2025-08-09T09:58:09.9290215Z   python3-problem-report python3-pyasn1 python3-pyasn1-modules
2025-08-09T09:58:09.9290571Z   python3-service-identity python3-systemd python3-twisted
2025-08-09T09:58:09.9290873Z   python3-zope.interface zerofree
2025-08-09T09:58:10.1969265Z 0 upgraded, 0 newly installed, 37 to remove and 14 not upgraded.
2025-08-09T09:58:10.1969932Z After this operation, 62.7 MB disk space will be freed.
2025-08-09T09:58:10.2213408Z (Reading database ... 
2025-08-09T09:58:10.2213793Z (Reading database ... 5%
2025-08-09T09:58:10.2214126Z (Reading database ... 10%
2025-08-09T09:58:10.2214449Z (Reading database ... 15%
2025-08-09T09:58:10.2214772Z (Reading database ... 20%
2025-08-09T09:58:10.2215082Z (Reading database ... 25%
2025-08-09T09:58:10.2215394Z (Reading database ... 30%
2025-08-09T09:58:10.2215701Z (Reading database ... 35%
2025-08-09T09:58:10.2216021Z (Reading database ... 40%
2025-08-09T09:58:10.2239492Z (Reading database ... 45%
2025-08-09T09:58:10.2239890Z (Reading database ... 50%
2025-08-09T09:58:10.2275362Z (Reading database ... 55%
2025-08-09T09:58:10.2307153Z (Reading database ... 60%
2025-08-09T09:58:10.2327063Z (Reading database ... 65%
2025-08-09T09:58:10.2407023Z (Reading database ... 70%
2025-08-09T09:58:10.2569516Z (Reading database ... 75%
2025-08-09T09:58:10.2598948Z (Reading database ... 80%
2025-08-09T09:58:10.2863561Z (Reading database ... 85%
2025-08-09T09:58:10.2942730Z (Reading database ... 90%
2025-08-09T09:58:10.3091795Z (Reading database ... 95%
2025-08-09T09:58:10.3092127Z (Reading database ... 100%
2025-08-09T09:58:10.3092588Z (Reading database ... 270787 files and directories currently installed.)
2025-08-09T09:58:10.3144054Z Removing apport-symptoms (0.24) ...
2025-08-09T09:58:10.3433158Z Removing landscape-common (23.02-0ubuntu1~22.04.4) ...
2025-08-09T09:58:10.4751887Z Removing libintl-xs-perl (1.26-3build2) ...
2025-08-09T09:58:10.4987538Z Removing needrestart (3.5-5ubuntu2.4) ...
2025-08-09T09:58:10.5680623Z Removing libintl-perl (1.26-3build2) ...
2025-08-09T09:58:10.6018479Z Removing open-iscsi (2.1.5-1ubuntu1.1) ...
2025-08-09T09:58:10.8220123Z Warning: Stopping iscsid.service, but it can still be activated by:
2025-08-09T09:58:10.8220748Z   iscsid.socket
2025-08-09T09:58:12.2484369Z Removing libisns0:amd64 (0.101-0ubuntu2) ...
2025-08-09T09:58:12.2820289Z Removing liblldb-13 (1:13.0.1-2ubuntu2.2) ...
2025-08-09T09:58:12.3146787Z Removing liblldb-15 (1:15.0.7-0ubuntu0.22.04.3) ...
2025-08-09T09:58:12.3494149Z Removing libmodule-find-perl (0.15-1) ...
2025-08-09T09:58:12.3804486Z Removing libmodule-scandeps-perl (1.31-1ubuntu0.1) ...
2025-08-09T09:58:12.4104732Z Removing open-vm-tools (2:12.3.5-3~ubuntu0.22.04.2) ...
2025-08-09T09:58:13.4301323Z Removing libmspack0:amd64 (0.10.1-2build2) ...
2025-08-09T09:58:13.4541843Z Removing libopeniscsiusr (2.1.5-1ubuntu1.1) ...
2025-08-09T09:58:13.4728611Z Removing libproc-processtable-perl:amd64 (0.634-1build1) ...
2025-08-09T09:58:13.5071977Z Removing libsort-naturally-perl (1.03-2) ...
2025-08-09T09:58:13.5295449Z Removing libterm-readkey-perl (2.38-1build4) ...
2025-08-09T09:58:13.5582887Z Removing libxmlsec1-openssl:amd64 (1.2.33-1build2) ...
2025-08-09T09:58:13.5862298Z Removing libxmlsec1:amd64 (1.2.33-1build2) ...
2025-08-09T09:58:13.6087079Z Removing lxd-agent-loader (0.5) ...
2025-08-09T09:58:14.0806898Z Removing python3-apport (2.20.11-0ubuntu82.9) ...
2025-08-09T09:58:14.1792321Z Removing python3-twisted (22.1.0-2ubuntu2.6) ...
2025-08-09T09:58:14.5244007Z Removing python3-automat (20.2.0-1) ...
2025-08-09T09:58:14.6311102Z Removing python3-bcrypt (3.2.0-1build1) ...
2025-08-09T09:58:14.7218285Z Removing python3-click (8.0.3-1) ...
2025-08-09T09:58:14.8256570Z Removing python3-colorama (0.4.4-1) ...
2025-08-09T09:58:14.9188021Z Removing python3-constantly (15.1.0-2) ...
2025-08-09T09:58:15.0155010Z Removing python3-hamcrest (2.0.2-2) ...
2025-08-09T09:58:15.1186482Z Removing python3-hyperlink (21.0.0-3) ...
2025-08-09T09:58:15.2225204Z Removing python3-incremental (21.3.0-1) ...
2025-08-09T09:58:15.3236865Z Removing python3-problem-report (2.20.11-0ubuntu82.9) ...
2025-08-09T09:58:15.4170176Z Removing python3-service-identity (18.1.0-6) ...
2025-08-09T09:58:15.5100773Z Removing python3-pyasn1-modules (0.2.1-1) ...
2025-08-09T09:58:15.6108674Z Removing python3-pyasn1 (0.4.8-1) ...
2025-08-09T09:58:15.7135495Z Removing python3-systemd (234-3ubuntu2) ...
2025-08-09T09:58:15.8240172Z Removing python3-zope.interface (5.4.0-1build1) ...
2025-08-09T09:58:15.9407395Z Removing zerofree (1.1.1-1build3) ...
2025-08-09T09:58:16.0042784Z Processing triggers for libc-bin (2.35-0ubuntu3.10) ...
2025-08-09T09:58:16.0224588Z Processing triggers for man-db (2.10.2-1) ...
2025-08-09T09:58:16.3542731Z Processing triggers for initramfs-tools (0.140ubuntu13.5) ...
2025-08-09T09:58:16.4264215Z update-initramfs: Generating /boot/initrd.img-6.8.0-1031-azure
2025-08-09T09:58:28.4157512Z [0;32m[SUCCESS][0m Build environment initialized
2025-08-09T09:58:28.4159206Z 
2025-08-09T09:58:28.4159612Z [0;35m[PHASE][0m Building Custom Kernel 6.6.58 with AI Optimizations
2025-08-09T09:58:28.4160016Z 
2025-08-09T09:58:28.4160273Z [0;34m[INFO][0m Downloading Linux kernel 6.6.58...
2025-08-09T09:58:28.4160950Z [0;34m[INFO][0m CI environment detected - using optimized download strategy
2025-08-09T09:58:28.4161743Z [0;34m[INFO][0m Downloading kernel tarball (faster than git clone)...
2025-08-09T09:58:28.4435758Z --2025-08-09 09:58:28--  https://www.kernel.org/pub/linux/kernel/v6.x/linux-6.6.58.tar.xz
2025-08-09T09:58:28.6266185Z Resolving www.kernel.org (www.kernel.org)... 151.101.45.55, 2a04:4e42:77::311
2025-08-09T09:58:28.6369313Z Connecting to www.kernel.org (www.kernel.org)|151.101.45.55|:443... connected.
2025-08-09T09:58:28.6784678Z HTTP request sent, awaiting response... 200 OK
2025-08-09T09:58:28.6785303Z Length: 140387240 (134M) [application/x-xz]
2025-08-09T09:58:28.6785873Z Saving to: ‘linux-6.6.58.tar.xz’
2025-08-09T09:58:28.6915558Z 
2025-08-09T09:58:28.7465673Z      0K ........ ........ ........ ........ ........ ........  2% 44.2M 3s
2025-08-09T09:58:28.7592845Z   3072K ........ ........ ........ ........ ........ ........  4%  236M 2s
2025-08-09T09:58:28.7667544Z   6144K ........ ........ ........ ........ ........ ........  6%  395M 1s
2025-08-09T09:58:28.7764934Z   9216K ........ ........ ........ ........ ........ ........  8%  313M 1s
2025-08-09T09:58:28.7858277Z  12288K ........ ........ ........ ........ ........ ........ 11%  317M 1s
2025-08-09T09:58:28.7942762Z  15360K ........ ........ ........ ........ ........ ........ 13%  358M 1s
2025-08-09T09:58:28.8039707Z  18432K ........ ........ ........ ........ ........ ........ 15%  307M 1s
2025-08-09T09:58:28.8129877Z  21504K ........ ........ ........ ........ ........ ........ 17%  390M 1s
2025-08-09T09:58:28.8216462Z  24576K ........ ........ ........ ........ ........ ........ 20%  301M 1s
2025-08-09T09:58:28.8305132Z  27648K ........ ........ ........ ........ ........ ........ 22%  340M 1s
2025-08-09T09:58:28.8392283Z  30720K ........ ........ ........ ........ ........ ........ 24%  344M 0s
2025-08-09T09:58:28.8479074Z  33792K ........ ........ ........ ........ ........ ........ 26%  344M 0s
2025-08-09T09:58:28.8596371Z  36864K ........ ........ ........ ........ ........ ........ 29%  255M 0s
2025-08-09T09:58:28.8705201Z  39936K ........ ........ ........ ........ ........ ........ 31%  277M 0s
2025-08-09T09:58:28.8789147Z  43008K ........ ........ ........ ........ ........ ........ 33%  361M 0s
2025-08-09T09:58:28.8880625Z  46080K ........ ........ ........ ........ ........ ........ 35%  325M 0s
2025-08-09T09:58:28.8968037Z  49152K ........ ........ ........ ........ ........ ........ 38%  343M 0s
2025-08-09T09:58:28.9054051Z  52224K ........ ........ ........ ........ ........ ........ 40%  349M 0s
2025-08-09T09:58:28.9140592Z  55296K ........ ........ ........ ........ ........ ........ 42%  347M 0s
2025-08-09T09:58:28.9232886Z  58368K ........ ........ ........ ........ ........ ........ 44%  325M 0s
2025-08-09T09:58:28.9327921Z  61440K ........ ........ ........ ........ ........ ........ 47%  319M 0s
2025-08-09T09:58:28.9413709Z  64512K ........ ........ ........ ........ ........ ........ 49%  345M 0s
2025-08-09T09:58:28.9501556Z  67584K ........ ........ ........ ........ ........ ........ 51%  359M 0s
2025-08-09T09:58:28.9590984Z  70656K ........ ........ ........ ........ ........ ........ 53%  332M 0s
2025-08-09T09:58:28.9673157Z  73728K ........ ........ ........ ........ ........ ........ 56%  357M 0s
2025-08-09T09:58:28.9755087Z  76800K ........ ........ ........ ........ ........ ........ 58%  364M 0s
2025-08-09T09:58:28.9853414Z  79872K ........ ........ ........ ........ ........ ........ 60%  305M 0s
2025-08-09T09:58:28.9945705Z  82944K ........ ........ ........ ........ ........ ........ 62%  323M 0s
2025-08-09T09:58:29.0021716Z  86016K ........ ........ ........ ........ ........ ........ 64%  394M 0s
2025-08-09T09:58:29.0116636Z  89088K ........ ........ ........ ........ ........ ........ 67%  316M 0s
2025-08-09T09:58:29.0461366Z  92160K ........ ........ ........ ........ ........ ........ 69% 87.0M 0s
2025-08-09T09:58:29.0709209Z  95232K ........ ........ ........ ........ ........ ........ 71%  121M 0s
2025-08-09T09:58:29.0822419Z  98304K ........ ........ ........ ........ ........ ........ 73%  266M 0s
2025-08-09T09:58:29.0954165Z 101376K ........ ........ ........ ........ ........ ........ 76%  226M 0s
2025-08-09T09:58:29.1061579Z 104448K ........ ........ ........ ........ ........ ........ 78%  287M 0s
2025-08-09T09:58:29.1161428Z 107520K ........ ........ ........ ........ ........ ........ 80%  291M 0s
2025-08-09T09:58:29.1263016Z 110592K ........ ........ ........ ........ ........ ........ 82%  296M 0s
2025-08-09T09:58:29.1367302Z 113664K ........ ........ ........ ........ ........ ........ 85%  287M 0s
2025-08-09T09:58:29.1480034Z 116736K ........ ........ ........ ........ ........ ........ 87%  269M 0s
2025-08-09T09:58:29.1582066Z 119808K ........ ........ ........ ........ ........ ........ 89%  293M 0s
2025-08-09T09:58:29.1684949Z 122880K ........ ........ ........ ........ ........ ........ 91%  292M 0s
2025-08-09T09:58:29.1787378Z 125952K ........ ........ ........ ........ ........ ........ 94%  290M 0s
2025-08-09T09:58:29.1889390Z 129024K ........ ........ ........ ........ ........ ........ 96%  297M 0s
2025-08-09T09:58:29.1985306Z 132096K ........ ........ ........ ........ ........ ........ 98%  313M 0s
2025-08-09T09:58:29.2049860Z 135168K ........ ........ ........ ......                    100%  284M=0.5s
2025-08-09T09:58:29.2050210Z 
2025-08-09T09:58:29.2050948Z 2025-08-09 09:58:29 (254 MB/s) - ‘linux-6.6.58.tar.xz’ saved [140387240/140387240]
2025-08-09T09:58:29.2051428Z 
2025-08-09T09:58:29.2064328Z [0;34m[INFO][0m ✓ Kernel tarball downloaded successfully from kernel.org
2025-08-09T09:58:29.2065138Z [0;34m[INFO][0m Extracting kernel source...
2025-08-09T09:58:38.5593438Z [0;32m[SUCCESS][0m Kernel source extracted successfully
2025-08-09T09:58:38.5593966Z [0;34m[INFO][0m Applying AI/NPU optimization patches...
2025-08-09T09:58:38.5638148Z [0;34m[INFO][0m Script directory: /home/runner/ainux-build/kernel/linux
2025-08-09T09:58:38.5639075Z [0;34m[INFO][0m Initial patch directory: /home/runner/ainux-build/kernel/linux/patches
2025-08-09T09:58:38.5643254Z [0;34m[INFO][0m Current working directory: /home/runner/ainux-build/kernel/linux
2025-08-09T09:58:38.5643854Z [0;34m[INFO][0m Script location: ./ainux-builder.sh
2025-08-09T09:58:38.5644382Z [0;34m[INFO][0m Primary patch directory not found, trying alternatives...
2025-08-09T09:58:38.5666351Z [0;34m[INFO][0m Found patches at CI path: /home/runner/work/ainux/ainux/patches
2025-08-09T09:58:38.5666999Z [0;34m[INFO][0m Using local patches from repository: /home/runner/work/ainux/ainux/patches
2025-08-09T09:58:38.5703209Z [0;34m[INFO][0m Available patches: 6.6-cluster-networking-simple 6.6-cluster-networking 6.6-npu-kconfig-fix 6.6-npu-support 6.6-rocm-optimizations-simple 6.6-rocm-optimizations 6.6-tpu-support tpu-integration 
2025-08-09T09:58:38.5704196Z [0;34m[INFO][0m Applying NPU support patch...
2025-08-09T09:58:38.5831190Z patching file drivers/Kconfig
2025-08-09T09:58:38.5831787Z Hunk #1 succeeded at 243 with fuzz 2 (offset 3 lines).
2025-08-09T09:58:38.5832359Z patching file drivers/Makefile
2025-08-09T09:58:38.5833377Z patching file drivers/npu/Kconfig
2025-08-09T09:58:38.5834671Z patching file drivers/npu/Makefile
2025-08-09T09:58:38.5835435Z patching file drivers/npu/npu-core.c
2025-08-09T09:58:38.5837876Z patching file drivers/npu/rockchip-npu.c
2025-08-09T09:58:38.5840044Z patching file include/uapi/linux/npu.h
2025-08-09T09:58:38.5841097Z patching file drivers/npu/arm-ethos-npu.c
2025-08-09T09:58:38.5842067Z patching file drivers/npu/intel-vpu.c
2025-08-09T09:58:38.5842796Z patching file drivers/npu/qualcomm-npu.c
2025-08-09T09:58:38.5843608Z patching file drivers/npu/mediatek-apu.c
2025-08-09T09:58:38.5844435Z patching file drivers/npu/google-tpu.c
2025-08-09T09:58:38.5845296Z patching file drivers/npu/npu-debug.c
2025-08-09T09:58:38.5851634Z [0;34m[INFO][0m Applying simplified ROCm optimization patch...
2025-08-09T09:58:38.5865547Z patching file drivers/gpu/drm/amd/amdgpu/amdgpu_cs.c
2025-08-09T09:58:38.5866077Z Hunk #1 succeeded at 1274 with fuzz 3.
2025-08-09T09:58:38.5872809Z [0;34m[INFO][0m Applying simplified cluster networking patch...
2025-08-09T09:58:38.5889361Z patching file net/core/dev.c
2025-08-09T09:58:38.5895143Z Hunk #1 succeeded at 5354 with fuzz 2 (offset -166 lines).
2025-08-09T09:58:38.5902301Z [0;34m[INFO][0m Configuring kernel for AI workloads...
2025-08-09T09:58:38.6463711Z [0;34m[INFO][0m Applying AI hardware optimizations to kernel config...
2025-08-09T09:58:38.6464548Z [0;34m[INFO][0m Enabling mandatory NPU support for AI cluster...
2025-08-09T09:58:38.7396836Z [0;34m[INFO][0m Enabling mandatory AMD ROCm support...
2025-08-09T09:58:39.1621096Z   HOSTCC  scripts/basic/fixdep
2025-08-09T09:58:39.4409643Z   HOSTCC  scripts/kconfig/conf.o
2025-08-09T09:58:39.6660838Z   HOSTCC  scripts/kconfig/confdata.o
2025-08-09T09:58:39.9266375Z   HOSTCC  scripts/kconfig/expr.o
2025-08-09T09:58:40.1102546Z   LEX     scripts/kconfig/lexer.lex.c
2025-08-09T09:58:40.1558654Z   YACC    scripts/kconfig/parser.tab.[ch]
2025-08-09T09:58:40.3823555Z   HOSTCC  scripts/kconfig/lexer.lex.o
2025-08-09T09:58:40.6177367Z   HOSTCC  scripts/kconfig/menu.o
2025-08-09T09:58:40.7769544Z   HOSTCC  scripts/kconfig/parser.tab.o
2025-08-09T09:58:40.9805633Z   HOSTCC  scripts/kconfig/preprocess.o
2025-08-09T09:58:41.0789285Z   HOSTCC  scripts/kconfig/symbol.o
2025-08-09T09:58:41.3365386Z   HOSTCC  scripts/kconfig/util.o
2025-08-09T09:58:41.3828508Z   HOSTLD  scripts/kconfig/conf
2025-08-09T09:58:49.7379945Z drivers/Kconfig:248: unexpected 'menu' within if block
2025-08-09T09:58:50.1172350Z <none>:34: syntax error
2025-08-09T09:58:50.1172682Z drivers/Kconfig:2: missing end statement for this entry
2025-08-09T09:58:50.1184519Z make[2]: *** [scripts/kconfig/Makefile:77: oldconfig] Error 1
2025-08-09T09:58:50.1187164Z make[1]: *** [/home/runner/ainux-build/kernel/linux/Makefile:697: oldconfig] Error 2
2025-08-09T09:58:50.1189645Z make: *** [Makefile:234: __sub-make] Error 2
2025-08-09T09:58:50.1301396Z ##[error]The operation was canceled.
2025-08-09T09:58:50.1384497Z Post job cleanup.
2025-08-09T09:58:50.2308870Z [command]/usr/bin/git version
2025-08-09T09:58:50.2342849Z git version 2.50.1
2025-08-09T09:58:50.2384840Z Temporarily overriding HOME='/home/runner/work/_temp/bf0a8503-9576-49bc-b9cd-feeea3414126' before making global git config changes
2025-08-09T09:58:50.2385697Z Adding repository directory to the temporary git global config as a safe directory
2025-08-09T09:58:50.2390191Z [command]/usr/bin/git config --global --add safe.directory /home/runner/work/ainux/ainux
2025-08-09T09:58:50.2424092Z [command]/usr/bin/git config --local --name-only --get-regexp core\.sshCommand
2025-08-09T09:58:50.2455142Z [command]/usr/bin/git submodule foreach --recursive sh -c "git config --local --name-only --get-regexp 'core\.sshCommand' && git config --local --unset-all 'core.sshCommand' || :"
2025-08-09T09:58:50.2674285Z [command]/usr/bin/git config --local --name-only --get-regexp http\.https\:\/\/github\.com\/\.extraheader
2025-08-09T09:58:50.2694435Z http.https://github.com/.extraheader
2025-08-09T09:58:50.2706265Z [command]/usr/bin/git config --local --unset-all http.https://github.com/.extraheader
2025-08-09T09:58:50.2735810Z [command]/usr/bin/git submodule foreach --recursive sh -c "git config --local --name-only --get-regexp 'http\.https\:\/\/github\.com\/\.extraheader' && git config --local --unset-all 'http.https://github.com/.extraheader' || :"
2025-08-09T09:58:50.3059712Z Cleaning up orphan processes
