2025-08-09T09:55:37.2360912Z Current runner version: '2.327.1'
2025-08-09T09:55:37.2389487Z ##[group]Runner Image Provisioner
2025-08-09T09:55:37.2390251Z Hosted Compute Agent
2025-08-09T09:55:37.2390737Z Version: 20250711.363
2025-08-09T09:55:37.2391439Z Commit: 6785254374ce925a23743850c1cb91912ce5c14c
2025-08-09T09:55:37.2392077Z Build Date: 2025-07-11T20:04:25Z
2025-08-09T09:55:37.2392652Z ##[endgroup]
2025-08-09T09:55:37.2393212Z ##[group]Operating System
2025-08-09T09:55:37.2393767Z Ubuntu
2025-08-09T09:55:37.2394206Z 22.04.5
2025-08-09T09:55:37.2394952Z LTS
2025-08-09T09:55:37.2395428Z ##[endgroup]
2025-08-09T09:55:37.2395881Z ##[group]Runner Image
2025-08-09T09:55:37.2396487Z Image: ubuntu-22.04
2025-08-09T09:55:37.2396949Z Version: 20250804.2.0
2025-08-09T09:55:37.2397928Z Included Software: https://github.com/actions/runner-images/blob/ubuntu22/20250804.2/images/ubuntu/Ubuntu2204-Readme.md
2025-08-09T09:55:37.2399496Z Image Release: https://github.com/actions/runner-images/releases/tag/ubuntu22%2F20250804.2
2025-08-09T09:55:37.2400553Z ##[endgroup]
2025-08-09T09:55:37.2404497Z ##[group]GITHUB_TOKEN Permissions
2025-08-09T09:55:37.2407344Z Actions: write
2025-08-09T09:55:37.2408163Z Attestations: write
2025-08-09T09:55:37.2408985Z Checks: write
2025-08-09T09:55:37.2409717Z Contents: write
2025-08-09T09:55:37.2410558Z Deployments: write
2025-08-09T09:55:37.2411319Z Discussions: write
2025-08-09T09:55:37.2412113Z Issues: write
2025-08-09T09:55:37.2413258Z Metadata: read
2025-08-09T09:55:37.2414200Z Models: read
2025-08-09T09:55:37.2415272Z Packages: write
2025-08-09T09:55:37.2416161Z Pages: write
2025-08-09T09:55:37.2417086Z PullRequests: write
2025-08-09T09:55:37.2417891Z RepositoryProjects: write
2025-08-09T09:55:37.2418766Z SecurityEvents: write
2025-08-09T09:55:37.2419938Z Statuses: write
2025-08-09T09:55:37.2420777Z ##[endgroup]
2025-08-09T09:55:37.2424360Z Secret source: Actions
2025-08-09T09:55:37.2426194Z Prepare workflow directory
2025-08-09T09:55:37.2880995Z Prepare all required actions
2025-08-09T09:55:37.2937070Z Getting action download info
2025-08-09T09:55:37.5985968Z ##[group]Download immutable action package 'actions/checkout@v4'
2025-08-09T09:55:37.5987073Z Version: 4.2.2
2025-08-09T09:55:37.5988108Z Digest: sha256:ccb2698953eaebd21c7bf6268a94f9c26518a7e38e27e0b83c1fe1ad049819b1
2025-08-09T09:55:37.5989232Z Source commit SHA: 11bd71901bbe5b1630ceea73d27597364c9af683
2025-08-09T09:55:37.5990021Z ##[endgroup]
2025-08-09T09:55:37.7109342Z ##[group]Download immutable action package 'actions/upload-artifact@v4'
2025-08-09T09:55:37.7110643Z Version: 4.6.2
2025-08-09T09:55:37.7111854Z Digest: sha256:290722aa3281d5caf23d0acdc3dbeb3424786a1a01a9cc97e72f147225e37c38
2025-08-09T09:55:37.7113718Z Source commit SHA: ea165f8d65b6e75b540449e92b4886f43607fa02
2025-08-09T09:55:37.7115177Z ##[endgroup]
2025-08-09T09:55:37.9043608Z Complete job name: build-test (main, false)
2025-08-09T09:55:37.9717364Z ##[group]Run actions/checkout@v4
2025-08-09T09:55:37.9718199Z with:
2025-08-09T09:55:37.9718550Z   lfs: true
2025-08-09T09:55:37.9718935Z   repository: yaotagroep/ainux
2025-08-09T09:55:37.9719577Z   token: ***
2025-08-09T09:55:37.9719945Z   ssh-strict: true
2025-08-09T09:55:37.9720329Z   ssh-user: git
2025-08-09T09:55:37.9720723Z   persist-credentials: true
2025-08-09T09:55:37.9721157Z   clean: true
2025-08-09T09:55:37.9721536Z   sparse-checkout-cone-mode: true
2025-08-09T09:55:37.9722000Z   fetch-depth: 1
2025-08-09T09:55:37.9722363Z   fetch-tags: false
2025-08-09T09:55:37.9722748Z   show-progress: true
2025-08-09T09:55:37.9723145Z   submodules: false
2025-08-09T09:55:37.9723533Z   set-safe-directory: true
2025-08-09T09:55:37.9724157Z ##[endgroup]
2025-08-09T09:55:38.0789437Z Syncing repository: yaotagroep/ainux
2025-08-09T09:55:38.0791102Z ##[group]Getting Git version info
2025-08-09T09:55:38.0791744Z Working directory is '/home/runner/work/ainux/ainux'
2025-08-09T09:55:38.0792672Z [command]/usr/bin/git version
2025-08-09T09:55:38.0879156Z git version 2.50.1
2025-08-09T09:55:38.0923425Z [command]/usr/bin/git lfs version
2025-08-09T09:55:39.4205965Z git-lfs/3.7.0 (GitHub; linux amd64; go 1.24.4)
2025-08-09T09:55:39.4219841Z ##[endgroup]
2025-08-09T09:55:39.4235557Z Temporarily overriding HOME='/home/runner/work/_temp/e0dc1f18-fbed-467a-bae3-185069710306' before making global git config changes
2025-08-09T09:55:39.4237816Z Adding repository directory to the temporary git global config as a safe directory
2025-08-09T09:55:39.4240910Z [command]/usr/bin/git config --global --add safe.directory /home/runner/work/ainux/ainux
2025-08-09T09:55:39.4275265Z Deleting the contents of '/home/runner/work/ainux/ainux'
2025-08-09T09:55:39.4278971Z ##[group]Initializing the repository
2025-08-09T09:55:39.4282527Z [command]/usr/bin/git init /home/runner/work/ainux/ainux
2025-08-09T09:55:39.4343165Z hint: Using 'master' as the name for the initial branch. This default branch name
2025-08-09T09:55:39.4345309Z hint: is subject to change. To configure the initial branch name to use in all
2025-08-09T09:55:39.4347097Z hint: of your new repositories, which will suppress this warning, call:
2025-08-09T09:55:39.4349097Z hint:
2025-08-09T09:55:39.4350396Z hint: 	git config --global init.defaultBranch <name>
2025-08-09T09:55:39.4351855Z hint:
2025-08-09T09:55:39.4353274Z hint: Names commonly chosen instead of 'master' are 'main', 'trunk' and
2025-08-09T09:55:39.4355394Z hint: 'development'. The just-created branch can be renamed via this command:
2025-08-09T09:55:39.4356864Z hint:
2025-08-09T09:55:39.4357641Z hint: 	git branch -m <name>
2025-08-09T09:55:39.4358920Z hint:
2025-08-09T09:55:39.4360852Z hint: Disable this message with "git config set advice.defaultBranchName false"
2025-08-09T09:55:39.4363890Z Initialized empty Git repository in /home/runner/work/ainux/ainux/.git/
2025-08-09T09:55:39.4368275Z [command]/usr/bin/git remote add origin https://github.com/yaotagroep/ainux
2025-08-09T09:55:39.4396337Z ##[endgroup]
2025-08-09T09:55:39.4399233Z ##[group]Disabling automatic garbage collection
2025-08-09T09:55:39.4401696Z [command]/usr/bin/git config --local gc.auto 0
2025-08-09T09:55:39.4428494Z ##[endgroup]
2025-08-09T09:55:39.4431169Z ##[group]Setting up auth
2025-08-09T09:55:39.4435606Z [command]/usr/bin/git config --local --name-only --get-regexp core\.sshCommand
2025-08-09T09:55:39.4467727Z [command]/usr/bin/git submodule foreach --recursive sh -c "git config --local --name-only --get-regexp 'core\.sshCommand' && git config --local --unset-all 'core.sshCommand' || :"
2025-08-09T09:55:39.4703361Z [command]/usr/bin/git config --local --name-only --get-regexp http\.https\:\/\/github\.com\/\.extraheader
2025-08-09T09:55:39.4732773Z [command]/usr/bin/git submodule foreach --recursive sh -c "git config --local --name-only --get-regexp 'http\.https\:\/\/github\.com\/\.extraheader' && git config --local --unset-all 'http.https://github.com/.extraheader' || :"
2025-08-09T09:55:39.4955219Z [command]/usr/bin/git config --local http.https://github.com/.extraheader AUTHORIZATION: basic ***
2025-08-09T09:55:39.4988999Z ##[endgroup]
2025-08-09T09:55:39.4992140Z [command]/usr/bin/git lfs install --local
2025-08-09T09:55:39.5329916Z Updated Git hooks.
2025-08-09T09:55:39.5331654Z Git LFS initialized.
2025-08-09T09:55:39.5347730Z ##[group]Fetching the repository
2025-08-09T09:55:39.5358518Z [command]/usr/bin/git -c protocol.version=2 fetch --no-tags --prune --no-recurse-submodules --depth=1 origin +ce2e66a2aa7ee8c471971acb4ff3d32bea462474:refs/remotes/origin/main
2025-08-09T09:55:39.9881118Z From https://github.com/yaotagroep/ainux
2025-08-09T09:55:39.9881948Z  * [new ref]         ce2e66a2aa7ee8c471971acb4ff3d32bea462474 -> origin/main
2025-08-09T09:55:39.9909856Z ##[endgroup]
2025-08-09T09:55:39.9910379Z ##[group]Determining the checkout info
2025-08-09T09:55:39.9911845Z ##[endgroup]
2025-08-09T09:55:39.9912482Z ##[group]Fetching LFS objects
2025-08-09T09:55:39.9917336Z [command]/usr/bin/git lfs fetch origin refs/remotes/origin/main
2025-08-09T09:55:40.0135600Z Fetching reference refs/remotes/origin/main
2025-08-09T09:55:40.0928057Z ##[endgroup]
2025-08-09T09:55:40.0928575Z [command]/usr/bin/git sparse-checkout disable
2025-08-09T09:55:40.0969051Z [command]/usr/bin/git config --local --unset-all extensions.worktreeConfig
2025-08-09T09:55:40.0994383Z ##[group]Checking out the ref
2025-08-09T09:55:40.0997984Z [command]/usr/bin/git checkout --progress --force -B main refs/remotes/origin/main
2025-08-09T09:55:40.1549834Z Switched to a new branch 'main'
2025-08-09T09:55:40.1550617Z branch 'main' set up to track 'origin/main'.
2025-08-09T09:55:40.1796888Z ##[endgroup]
2025-08-09T09:55:40.1833214Z [command]/usr/bin/git log -1 --format=%H
2025-08-09T09:55:40.1855667Z ce2e66a2aa7ee8c471971acb4ff3d32bea462474
2025-08-09T09:55:40.2029093Z ##[group]Run echo "⏳ Reclaiming space..."
2025-08-09T09:55:40.2029525Z [36;1mecho "⏳ Reclaiming space..."[0m
2025-08-09T09:55:40.2029877Z [36;1msudo rm -rf /usr/local/lib/android[0m
2025-08-09T09:55:40.2030215Z [36;1msudo rm -rf /usr/local/share/boost[0m
2025-08-09T09:55:40.2030507Z [36;1msudo rm -rf /usr/share/dotnet[0m
2025-08-09T09:55:40.2030801Z [36;1msudo rm -rf /opt/ghc[0m
2025-08-09T09:55:40.2031113Z [36;1msudo rm -rf /opt/hostedtoolcache[0m
2025-08-09T09:55:40.2031416Z [36;1msudo apt-get clean[0m
2025-08-09T09:55:40.2031698Z [36;1msudo rm -rf "$AGENT_TOOLSDIRECTORY"[0m
2025-08-09T09:55:40.2031987Z [36;1mdf -h[0m
2025-08-09T09:55:40.2032187Z [36;1m [0m
2025-08-09T09:55:40.2066689Z shell: /usr/bin/bash -e {0}
2025-08-09T09:55:40.2067017Z ##[endgroup]
2025-08-09T09:55:40.2132790Z ⏳ Reclaiming space...
2025-08-09T09:57:36.5728815Z Filesystem      Size  Used Avail Use% Mounted on
2025-08-09T09:57:36.5729741Z /dev/root        73G   36G   37G  50% /
2025-08-09T09:57:36.5730229Z tmpfs           7.9G  172K  7.9G   1% /dev/shm
2025-08-09T09:57:36.5730627Z tmpfs           3.2G  1.1M  3.2G   1% /run
2025-08-09T09:57:36.5731051Z tmpfs           5.0M     0  5.0M   0% /run/lock
2025-08-09T09:57:36.5731506Z /dev/sda15      105M  6.1M   99M   6% /boot/efi
2025-08-09T09:57:36.5731977Z /dev/sdb1        74G  9.2G   61G  14% /mnt
2025-08-09T09:57:36.5732459Z tmpfs           1.6G   12K  1.6G   1% /run/user/1001
2025-08-09T09:57:36.5766679Z ##[group]Run sudo apt-get update
2025-08-09T09:57:36.5766984Z [36;1msudo apt-get update[0m
2025-08-09T09:57:36.5767227Z [36;1msudo apt-get install -y \[0m
2025-08-09T09:57:36.5767587Z [36;1m  git build-essential libncurses-dev bison flex libssl-dev \[0m
2025-08-09T09:57:36.5767998Z [36;1m  libelf-dev bc gcc make debootstrap live-build squashfs-tools \[0m
2025-08-09T09:57:36.5768387Z [36;1m  dosfstools xorriso isolinux syslinux-utils genisoimage \[0m
2025-08-09T09:57:36.5768773Z [36;1m  qemu-system-x86 python3-pip nmap curl wget rsync pv \[0m
2025-08-09T09:57:36.5769113Z [36;1m  grub-pc-bin grub-efi-amd64-bin mtools[0m
2025-08-09T09:57:36.5769371Z [36;1m  [0m
2025-08-09T09:57:36.5796860Z shell: /usr/bin/bash -e {0}
2025-08-09T09:57:36.5797077Z ##[endgroup]
2025-08-09T09:57:36.6730045Z Get:1 file:/etc/apt/apt-mirrors.txt Mirrorlist [144 B]
2025-08-09T09:57:36.7051796Z Hit:2 http://azure.archive.ubuntu.com/ubuntu jammy InRelease
2025-08-09T09:57:36.7093419Z Get:3 http://azure.archive.ubuntu.com/ubuntu jammy-updates InRelease [128 kB]
2025-08-09T09:57:36.7141751Z Get:4 http://azure.archive.ubuntu.com/ubuntu jammy-backports InRelease [127 kB]
2025-08-09T09:57:36.7155469Z Get:5 http://azure.archive.ubuntu.com/ubuntu jammy-security InRelease [129 kB]
2025-08-09T09:57:36.7172590Z Get:6 https://packages.microsoft.com/repos/azure-cli jammy InRelease [3596 B]
2025-08-09T09:57:36.7222624Z Get:7 https://packages.microsoft.com/ubuntu/22.04/prod jammy InRelease [3632 B]
2025-08-09T09:57:37.0653852Z Get:8 http://azure.archive.ubuntu.com/ubuntu jammy-security/main Translation-en [379 kB]
2025-08-09T09:57:37.1217987Z Get:9 https://packages.microsoft.com/repos/azure-cli jammy/main amd64 Packages [2575 B]
2025-08-09T09:57:37.1748643Z Get:10 https://packages.microsoft.com/ubuntu/22.04/prod jammy/main amd64 Packages [239 kB]
2025-08-09T09:57:37.1833142Z Get:11 https://packages.microsoft.com/ubuntu/22.04/prod jammy/main arm64 Packages [75.0 kB]
2025-08-09T09:57:39.7406668Z Fetched 1087 kB in 1s (2018 kB/s)
2025-08-09T09:57:40.5668314Z Reading package lists...
2025-08-09T09:57:40.6252523Z Reading package lists...
2025-08-09T09:57:40.8104403Z Building dependency tree...
2025-08-09T09:57:40.8115806Z Reading state information...
2025-08-09T09:57:40.9740883Z bc is already the newest version (1.07.1-3build1).
2025-08-09T09:57:40.9741675Z bc set to manually installed.
2025-08-09T09:57:40.9742221Z bison is already the newest version (2:3.8.2+dfsg-1build1).
2025-08-09T09:57:40.9743010Z build-essential is already the newest version (12.9ubuntu3).
2025-08-09T09:57:40.9743732Z build-essential set to manually installed.
2025-08-09T09:57:40.9744427Z dosfstools is already the newest version (4.2-1build3).
2025-08-09T09:57:40.9745337Z dosfstools set to manually installed.
2025-08-09T09:57:40.9745801Z flex is already the newest version (2.6.4-8build2).
2025-08-09T09:57:40.9746307Z gcc is already the newest version (4:11.2.0-1ubuntu1).
2025-08-09T09:57:40.9746846Z make is already the newest version (4.3-4.1build1).
2025-08-09T09:57:40.9747412Z squashfs-tools is already the newest version (1:4.5-3build1).
2025-08-09T09:57:40.9747921Z squashfs-tools set to manually installed.
2025-08-09T09:57:40.9748339Z xorriso is already the newest version (1.5.4-2).
2025-08-09T09:57:40.9748829Z curl is already the newest version (7.81.0-1ubuntu1.20).
2025-08-09T09:57:40.9749384Z grub-efi-amd64-bin is already the newest version (2.06-2ubuntu14.8).
2025-08-09T09:57:40.9749908Z grub-efi-amd64-bin set to manually installed.
2025-08-09T09:57:40.9750391Z grub-pc-bin is already the newest version (2.06-2ubuntu7.2).
2025-08-09T09:57:40.9750890Z grub-pc-bin set to manually installed.
2025-08-09T09:57:40.9751392Z libncurses-dev is already the newest version (6.3-2ubuntu0.1).
2025-08-09T09:57:40.9751869Z libncurses-dev set to manually installed.
2025-08-09T09:57:40.9752212Z libssl-dev is already the newest version (3.0.2-0ubuntu1.19).
2025-08-09T09:57:40.9752604Z rsync is already the newest version (3.2.7-0ubuntu0.22.04.4).
2025-08-09T09:57:40.9753654Z wget is already the newest version (1.21.2-2ubuntu1.1).
2025-08-09T09:57:40.9754367Z python3-pip is already the newest version (22.0.2+dfsg-1ubuntu0.6).
2025-08-09T09:57:40.9755257Z git is already the newest version (1:2.50.1-0ppa1~ubuntu22.04.1).
2025-08-09T09:57:40.9755921Z The following additional packages will be installed:
2025-08-09T09:57:40.9756540Z   cpu-checker gstreamer1.0-plugins-base gstreamer1.0-plugins-good
2025-08-09T09:57:40.9757007Z   gstreamer1.0-x ibverbs-providers ipxe-qemu ipxe-qemu-256k-compat-efi-roms
2025-08-09T09:57:40.9757429Z   libaa1 libasyncns0 libavc1394-0 libboost-iostreams1.74.0
2025-08-09T09:57:40.9757818Z   libboost-thread1.74.0 libbrlapi0.8 libcaca0 libcacard0 libcdparanoia0
2025-08-09T09:57:40.9758255Z   libdaxctl1 libdecor-0-0 libdecor-0-plugin-1-cairo libdv4 libfdt1 libflac8
2025-08-09T09:57:40.9758710Z   libgfapi0 libgfrpc0 libgfxdr0 libglusterfs0 libgstreamer-plugins-base1.0-0
2025-08-09T09:57:40.9759175Z   libgstreamer-plugins-good1.0-0 libibverbs1 libiec61883-0 libiscsi7
2025-08-09T09:57:40.9759596Z   libjack-jackd2-0 liblinear4 libmp3lame0 libmpg123-0 libndctl6
2025-08-09T09:57:40.9760003Z   libnl-route-3-200 libopus0 liborc-0.4-0 libpcsclite1 libpmem1 libpmemobj1
2025-08-09T09:57:40.9760426Z   libpulse0 librados2 libraw1394-11 librbd1 librdmacm1 libsamplerate0
2025-08-09T09:57:40.9760836Z   libsdl2-2.0-0 libshout3 libsndfile1 libspeex1 libspice-server1 libtag1v5
2025-08-09T09:57:40.9761267Z   libtag1v5-vanilla libtheora0 libtwolame0 liburing2 libusbredirparser1
2025-08-09T09:57:40.9761692Z   libv4l-0 libv4lconvert0 libvirglrenderer1 libvisual-0.4-0 libvorbisenc2
2025-08-09T09:57:40.9762112Z   libvpx7 libvte-2.91-0 libvte-2.91-common libwavpack1 libxv1 lua-lpeg
2025-08-09T09:57:40.9762500Z   msr-tools nmap-common ovmf qemu-block-extra qemu-system-common
2025-08-09T09:57:40.9762893Z   qemu-system-data qemu-system-gui qemu-utils seabios syslinux-common
2025-08-09T09:57:40.9763212Z Suggested packages:
2025-08-09T09:57:40.9763718Z   squid-deb-proxy-client debian-archive-keyring arch-test wodim cdrkit-doc
2025-08-09T09:57:40.9764157Z   gvfs libdv-bin oss-compat libvisual-0.4-plugins jackd2 liblinear-tools
2025-08-09T09:57:40.9764552Z   liblinear-dev opus-tools pcscd pulseaudio libraw1394-doc speex
2025-08-09T09:57:40.9765245Z   gstreamer1.0-libav gstreamer1.0-plugins-ugly memtest86+ | memtest86 syslinux
2025-08-09T09:57:40.9765701Z   | grub win32-loader gnu-fdisk floppyd ncat ndiff zenmap doc-base samba vde2
2025-08-09T09:57:40.9766052Z   libcrypt-passwdmd5-perl
2025-08-09T09:57:41.0097753Z The following NEW packages will be installed:
2025-08-09T09:57:41.0098553Z   cpu-checker debootstrap genisoimage gstreamer1.0-plugins-base
2025-08-09T09:57:41.0099480Z   gstreamer1.0-plugins-good gstreamer1.0-x ibverbs-providers ipxe-qemu
2025-08-09T09:57:41.0100446Z   ipxe-qemu-256k-compat-efi-roms isolinux libaa1 libasyncns0 libavc1394-0
2025-08-09T09:57:41.0101402Z   libboost-iostreams1.74.0 libboost-thread1.74.0 libbrlapi0.8 libcaca0
2025-08-09T09:57:41.0102447Z   libcacard0 libcdparanoia0 libdaxctl1 libdecor-0-0 libdecor-0-plugin-1-cairo
2025-08-09T09:57:41.0103384Z   libdv4 libelf-dev libfdt1 libflac8 libgfapi0 libgfrpc0 libgfxdr0
2025-08-09T09:57:41.0104360Z   libglusterfs0 libgstreamer-plugins-base1.0-0 libgstreamer-plugins-good1.0-0
2025-08-09T09:57:41.0105679Z   libibverbs1 libiec61883-0 libiscsi7 libjack-jackd2-0 liblinear4 libmp3lame0
2025-08-09T09:57:41.0106594Z   libmpg123-0 libndctl6 libnl-route-3-200 libopus0 liborc-0.4-0 libpcsclite1
2025-08-09T09:57:41.0107389Z   libpmem1 libpmemobj1 libpulse0 librados2 libraw1394-11 librbd1 librdmacm1
2025-08-09T09:57:41.0108079Z   libsamplerate0 libsdl2-2.0-0 libshout3 libsndfile1 libspeex1
2025-08-09T09:57:41.0108789Z   libspice-server1 libtag1v5 libtag1v5-vanilla libtheora0 libtwolame0
2025-08-09T09:57:41.0109547Z   liburing2 libusbredirparser1 libv4l-0 libv4lconvert0 libvirglrenderer1
2025-08-09T09:57:41.0110345Z   libvisual-0.4-0 libvorbisenc2 libvpx7 libvte-2.91-0 libvte-2.91-common
2025-08-09T09:57:41.0111569Z   libwavpack1 libxv1 live-build lua-lpeg msr-tools mtools nmap nmap-common
2025-08-09T09:57:41.0112380Z   ovmf pv qemu-block-extra qemu-system-common qemu-system-data qemu-system-gui
2025-08-09T09:57:41.0113147Z   qemu-system-x86 qemu-utils seabios syslinux-common syslinux-utils
2025-08-09T09:57:41.0289312Z 0 upgraded, 90 newly installed, 0 to remove and 16 not upgraded.
2025-08-09T09:57:41.0289686Z Need to get 53.2 MB of archives.
2025-08-09T09:57:41.0289997Z After this operation, 193 MB of additional disk space will be used.
2025-08-09T09:57:41.0290358Z Get:1 file:/etc/apt/apt-mirrors.txt Mirrorlist [144 B]
2025-08-09T09:57:41.0779763Z Get:2 http://azure.archive.ubuntu.com/ubuntu jammy/main amd64 msr-tools amd64 1.3-4 [10.3 kB]
2025-08-09T09:57:41.1075740Z Get:3 http://azure.archive.ubuntu.com/ubuntu jammy/main amd64 cpu-checker amd64 0.7-1.3build1 [6800 B]
2025-08-09T09:57:41.1369454Z Get:4 http://azure.archive.ubuntu.com/ubuntu jammy/main amd64 genisoimage amd64 9:1.1.11-3.2ubuntu1 [370 kB]
2025-08-09T09:57:41.1739278Z Get:5 http://azure.archive.ubuntu.com/ubuntu jammy/main amd64 libcdparanoia0 amd64 3.10.2+debian-14build2 [49.3 kB]
2025-08-09T09:57:41.2058777Z Get:6 http://azure.archive.ubuntu.com/ubuntu jammy-updates/main amd64 liborc-0.4-0 amd64 1:0.4.32-2ubuntu0.1 [228 kB]
2025-08-09T09:57:41.2408678Z Get:7 http://azure.archive.ubuntu.com/ubuntu jammy-updates/main amd64 libgstreamer-plugins-base1.0-0 amd64 1.20.1-1ubuntu0.4 [848 kB]
2025-08-09T09:57:41.3017908Z Get:8 http://azure.archive.ubuntu.com/ubuntu jammy/main amd64 libopus0 amd64 1.3.1-0.1build2 [203 kB]
2025-08-09T09:57:41.3377662Z Get:9 http://azure.archive.ubuntu.com/ubuntu jammy/main amd64 libtheora0 amd64 1.1.1+dfsg.1-15ubuntu4 [209 kB]
2025-08-09T09:57:41.3696294Z Get:10 http://azure.archive.ubuntu.com/ubuntu jammy/main amd64 libvisual-0.4-0 amd64 0.4.0-17build2 [108 kB]
2025-08-09T09:57:41.4000534Z Get:11 http://azure.archive.ubuntu.com/ubuntu jammy/main amd64 libvorbisenc2 amd64 1.3.7-1build2 [82.6 kB]
2025-08-09T09:57:41.4322448Z Get:12 http://azure.archive.ubuntu.com/ubuntu jammy-updates/main amd64 gstreamer1.0-plugins-base amd64 1.20.1-1ubuntu0.4 [712 kB]
2025-08-09T09:57:41.4922351Z Get:13 http://azure.archive.ubuntu.com/ubuntu jammy/main amd64 libaa1 amd64 1.4p5-50build1 [51.9 kB]
2025-08-09T09:57:41.5215411Z Get:14 http://azure.archive.ubuntu.com/ubuntu jammy/main amd64 libraw1394-11 amd64 2.1.2-2build2 [27.0 kB]
2025-08-09T09:57:41.5572010Z Get:15 http://azure.archive.ubuntu.com/ubuntu jammy/main amd64 libavc1394-0 amd64 0.5.4-5build2 [17.0 kB]
2025-08-09T09:57:41.5871071Z Get:16 http://azure.archive.ubuntu.com/ubuntu jammy/main amd64 libcaca0 amd64 0.99.beta19-2.2ubuntu4 [224 kB]
2025-08-09T09:57:41.6204847Z Get:17 http://azure.archive.ubuntu.com/ubuntu jammy/main amd64 libdv4 amd64 1.0.0-14build1 [61.9 kB]
2025-08-09T09:57:41.6515579Z Get:18 http://azure.archive.ubuntu.com/ubuntu jammy-updates/main amd64 libflac8 amd64 1.3.3-2ubuntu0.2 [111 kB]
2025-08-09T09:57:41.6834076Z Get:19 http://azure.archive.ubuntu.com/ubuntu jammy-updates/main amd64 libgstreamer-plugins-good1.0-0 amd64 1.20.3-0ubuntu1.3 [30.1 kB]
2025-08-09T09:57:41.7553711Z Get:20 http://azure.archive.ubuntu.com/ubuntu jammy/main amd64 libiec61883-0 amd64 1.2.0-4build3 [25.9 kB]
2025-08-09T09:57:41.7850242Z Get:21 http://azure.archive.ubuntu.com/ubuntu jammy/main amd64 libsamplerate0 amd64 0.2.2-1build1 [1359 kB]
2025-08-09T09:57:41.8770754Z Get:22 http://azure.archive.ubuntu.com/ubuntu jammy/main amd64 libjack-jackd2-0 amd64 1.9.20~dfsg-1 [293 kB]
2025-08-09T09:57:41.9100365Z Get:23 http://azure.archive.ubuntu.com/ubuntu jammy/main amd64 libmp3lame0 amd64 3.100-3build2 [141 kB]
2025-08-09T09:57:41.9404536Z Get:24 http://azure.archive.ubuntu.com/ubuntu jammy-updates/main amd64 libmpg123-0 amd64 1.29.3-1ubuntu0.1 [172 kB]
2025-08-09T09:57:41.9726477Z Get:25 http://azure.archive.ubuntu.com/ubuntu jammy/main amd64 libasyncns0 amd64 0.8-6build2 [12.8 kB]
2025-08-09T09:57:42.0020596Z Get:26 http://azure.archive.ubuntu.com/ubuntu jammy-updates/main amd64 libsndfile1 amd64 1.0.31-2ubuntu0.2 [196 kB]
2025-08-09T09:57:42.0337086Z Get:27 http://azure.archive.ubuntu.com/ubuntu jammy-updates/main amd64 libpulse0 amd64 1:15.99.1+dfsg1-1ubuntu2.2 [298 kB]
2025-08-09T09:57:42.0697914Z Get:28 http://azure.archive.ubuntu.com/ubuntu jammy/main amd64 libspeex1 amd64 1.2~rc1.2-1.1ubuntu3 [57.9 kB]
2025-08-09T09:57:42.0998618Z Get:29 http://azure.archive.ubuntu.com/ubuntu jammy/main amd64 libshout3 amd64 2.4.5-1build3 [54.5 kB]
2025-08-09T09:57:42.1297230Z Get:30 http://azure.archive.ubuntu.com/ubuntu jammy/main amd64 libtag1v5-vanilla amd64 1.11.1+dfsg.1-3ubuntu3 [304 kB]
2025-08-09T09:57:42.1633843Z Get:31 http://azure.archive.ubuntu.com/ubuntu jammy/main amd64 libtag1v5 amd64 1.11.1+dfsg.1-3ubuntu3 [11.5 kB]
2025-08-09T09:57:42.1931168Z Get:32 http://azure.archive.ubuntu.com/ubuntu jammy/main amd64 libtwolame0 amd64 0.4.0-2build2 [52.5 kB]
2025-08-09T09:57:42.2235369Z Get:33 http://azure.archive.ubuntu.com/ubuntu jammy/main amd64 libv4lconvert0 amd64 1.22.1-2build1 [82.4 kB]
2025-08-09T09:57:42.2546357Z Get:34 http://azure.archive.ubuntu.com/ubuntu jammy/main amd64 libv4l-0 amd64 1.22.1-2build1 [44.9 kB]
2025-08-09T09:57:42.2844109Z Get:35 http://azure.archive.ubuntu.com/ubuntu jammy-updates/main amd64 libvpx7 amd64 1.11.0-2ubuntu2.4 [1078 kB]
2025-08-09T09:57:42.3676792Z Get:36 http://azure.archive.ubuntu.com/ubuntu jammy/main amd64 libwavpack1 amd64 5.4.0-1build2 [83.7 kB]
2025-08-09T09:57:42.3985768Z Get:37 http://azure.archive.ubuntu.com/ubuntu jammy-updates/main amd64 gstreamer1.0-plugins-good amd64 1.20.3-0ubuntu1.3 [2010 kB]
2025-08-09T09:57:42.4938398Z Get:38 http://azure.archive.ubuntu.com/ubuntu jammy/main amd64 libxv1 amd64 2:1.0.11-1build2 [11.2 kB]
2025-08-09T09:57:42.5680683Z Get:39 http://azure.archive.ubuntu.com/ubuntu jammy-updates/main amd64 gstreamer1.0-x amd64 1.20.1-1ubuntu0.4 [85.1 kB]
2025-08-09T09:57:42.5981700Z Get:40 http://azure.archive.ubuntu.com/ubuntu jammy/main amd64 libnl-route-3-200 amd64 3.5.0-0.1 [180 kB]
2025-08-09T09:57:42.6293690Z Get:41 http://azure.archive.ubuntu.com/ubuntu jammy/main amd64 libibverbs1 amd64 39.0-1 [69.3 kB]
2025-08-09T09:57:42.6606558Z Get:42 http://azure.archive.ubuntu.com/ubuntu jammy/main amd64 ibverbs-providers amd64 39.0-1 [341 kB]
2025-08-09T09:57:42.6946155Z Get:43 http://azure.archive.ubuntu.com/ubuntu jammy/main amd64 ipxe-qemu all 1.21.1+git-20220113.fbbdc3926-0ubuntu1 [1569 kB]
2025-08-09T09:57:42.7838475Z Get:44 http://azure.archive.ubuntu.com/ubuntu jammy/main amd64 ipxe-qemu-256k-compat-efi-roms all 1.0.0+git-20150424.a25a16d-0ubuntu4 [552 kB]
2025-08-09T09:57:42.8575479Z Get:45 http://azure.archive.ubuntu.com/ubuntu jammy/universe amd64 isolinux all 3:6.04~git20190206.bf6db5b4+dfsg1-3ubuntu1 [60.1 kB]
2025-08-09T09:57:42.8870496Z Get:46 http://azure.archive.ubuntu.com/ubuntu jammy/main amd64 libboost-iostreams1.74.0 amd64 1.74.0-14ubuntu3 [245 kB]
2025-08-09T09:57:42.9191333Z Get:47 http://azure.archive.ubuntu.com/ubuntu jammy/main amd64 libboost-thread1.74.0 amd64 1.74.0-14ubuntu3 [262 kB]
2025-08-09T09:57:42.9533591Z Get:48 http://azure.archive.ubuntu.com/ubuntu jammy-updates/main amd64 libbrlapi0.8 amd64 6.4-4ubuntu3 [28.7 kB]
2025-08-09T09:57:42.9821946Z Get:49 http://azure.archive.ubuntu.com/ubuntu jammy-updates/main amd64 libpcsclite1 amd64 1.9.5-3ubuntu1 [19.8 kB]
2025-08-09T09:57:43.0117552Z Get:50 http://azure.archive.ubuntu.com/ubuntu jammy/main amd64 libcacard0 amd64 1:2.8.0-3build2 [38.0 kB]
2025-08-09T09:57:43.0412334Z Get:51 http://azure.archive.ubuntu.com/ubuntu jammy/main amd64 libdaxctl1 amd64 72.1-1 [19.8 kB]
2025-08-09T09:57:43.0703531Z Get:52 http://azure.archive.ubuntu.com/ubuntu jammy/main amd64 libdecor-0-0 amd64 0.1.0-3build1 [15.1 kB]
2025-08-09T09:57:43.0989228Z Get:53 http://azure.archive.ubuntu.com/ubuntu jammy/main amd64 libdecor-0-plugin-1-cairo amd64 0.1.0-3build1 [20.4 kB]
2025-08-09T09:57:43.1282220Z Get:54 http://azure.archive.ubuntu.com/ubuntu jammy-updates/main amd64 libelf-dev amd64 0.186-1ubuntu0.1 [64.4 kB]
2025-08-09T09:57:43.1577032Z Get:55 http://azure.archive.ubuntu.com/ubuntu jammy-updates/main amd64 libgfxdr0 amd64 10.1-1ubuntu0.2 [22.3 kB]
2025-08-09T09:57:43.1876412Z Get:56 http://azure.archive.ubuntu.com/ubuntu jammy-updates/main amd64 libglusterfs0 amd64 10.1-1ubuntu0.2 [287 kB]
2025-08-09T09:57:43.2669937Z Get:57 http://azure.archive.ubuntu.com/ubuntu jammy-updates/main amd64 libgfrpc0 amd64 10.1-1ubuntu0.2 [47.1 kB]
2025-08-09T09:57:43.2963380Z Get:58 http://azure.archive.ubuntu.com/ubuntu jammy-updates/main amd64 libgfapi0 amd64 10.1-1ubuntu0.2 [77.3 kB]
2025-08-09T09:57:43.3263869Z Get:59 http://azure.archive.ubuntu.com/ubuntu jammy/main amd64 librdmacm1 amd64 39.0-1 [71.2 kB]
2025-08-09T09:57:43.3557538Z Get:60 http://azure.archive.ubuntu.com/ubuntu jammy/main amd64 libiscsi7 amd64 1.19.0-3build2 [70.6 kB]
2025-08-09T09:57:43.3853121Z Get:61 http://azure.archive.ubuntu.com/ubuntu jammy/universe amd64 liblinear4 amd64 2.3.0+dfsg-5 [41.4 kB]
2025-08-09T09:57:43.4147578Z Get:62 http://azure.archive.ubuntu.com/ubuntu jammy/main amd64 libndctl6 amd64 72.1-1 [57.7 kB]
2025-08-09T09:57:43.4463491Z Get:63 http://azure.archive.ubuntu.com/ubuntu jammy/main amd64 libpmem1 amd64 1.11.1-3build1 [81.4 kB]
2025-08-09T09:57:43.4767194Z Get:64 http://azure.archive.ubuntu.com/ubuntu jammy/main amd64 libpmemobj1 amd64 1.11.1-3build1 [124 kB]
2025-08-09T09:57:43.5067191Z Get:65 http://azure.archive.ubuntu.com/ubuntu jammy-updates/main amd64 librados2 amd64 17.2.7-0ubuntu0.22.04.2 [3594 kB]
2025-08-09T09:57:43.6373694Z Get:66 http://azure.archive.ubuntu.com/ubuntu jammy-updates/main amd64 librbd1 amd64 17.2.7-0ubuntu0.22.04.2 [3548 kB]
2025-08-09T09:57:43.7748392Z Get:67 http://azure.archive.ubuntu.com/ubuntu jammy-updates/main amd64 libsdl2-2.0-0 amd64 2.0.20+dfsg-2ubuntu1.22.04.1 [582 kB]
2025-08-09T09:57:43.8340248Z Get:68 http://azure.archive.ubuntu.com/ubuntu jammy/main amd64 libspice-server1 amd64 0.15.0-2ubuntu4 [351 kB]
2025-08-09T09:57:43.8718459Z Get:69 http://azure.archive.ubuntu.com/ubuntu jammy/main amd64 liburing2 amd64 2.1-2build1 [10.3 kB]
2025-08-09T09:57:43.9015716Z Get:70 http://azure.archive.ubuntu.com/ubuntu jammy/main amd64 libusbredirparser1 amd64 0.11.0-2build1 [15.9 kB]
2025-08-09T09:57:43.9316637Z Get:71 http://azure.archive.ubuntu.com/ubuntu jammy/main amd64 libvirglrenderer1 amd64 0.9.1-1~exp1ubuntu2 [188 kB]
2025-08-09T09:57:43.9648404Z Get:72 http://azure.archive.ubuntu.com/ubuntu jammy-updates/main amd64 libvte-2.91-common amd64 0.68.0-1ubuntu0.1 [9408 B]
2025-08-09T09:57:43.9939515Z Get:73 http://azure.archive.ubuntu.com/ubuntu jammy-updates/main amd64 libvte-2.91-0 amd64 0.68.0-1ubuntu0.1 [214 kB]
2025-08-09T09:57:44.0264006Z Get:74 http://azure.archive.ubuntu.com/ubuntu jammy-updates/main amd64 debootstrap all 1.0.126+nmu1ubuntu0.8 [40.6 kB]
2025-08-09T09:57:44.0566914Z Get:75 http://azure.archive.ubuntu.com/ubuntu jammy-updates/main amd64 live-build all 3.0~a57-1ubuntu41.22.04.1 [132 kB]
2025-08-09T09:57:44.1307627Z Get:76 http://azure.archive.ubuntu.com/ubuntu jammy/universe amd64 lua-lpeg amd64 1.0.2-1 [31.4 kB]
2025-08-09T09:57:44.1611443Z Get:77 http://azure.archive.ubuntu.com/ubuntu jammy/main amd64 mtools amd64 4.0.33-1+really4.0.32-1build1 [201 kB]
2025-08-09T09:57:44.1925700Z Get:78 http://azure.archive.ubuntu.com/ubuntu jammy-updates/universe amd64 nmap-common all 7.91+dfsg1+really7.80+dfsg1-2ubuntu0.1 [3940 kB]
2025-08-09T09:57:44.2865812Z Get:79 http://azure.archive.ubuntu.com/ubuntu jammy/main amd64 pv amd64 1.6.6-1build2 [44.5 kB]
2025-08-09T09:57:44.3161348Z Get:80 http://azure.archive.ubuntu.com/ubuntu jammy/main amd64 libfdt1 amd64 1.6.1-1 [20.0 kB]
2025-08-09T09:57:44.3462090Z Get:81 http://azure.archive.ubuntu.com/ubuntu jammy-updates/main amd64 qemu-system-common amd64 1:6.2+dfsg-2ubuntu6.26 [2047 kB]
2025-08-09T09:57:44.4148278Z Get:82 http://azure.archive.ubuntu.com/ubuntu jammy-updates/main amd64 qemu-system-data all 1:6.2+dfsg-2ubuntu6.26 [1430 kB]
2025-08-09T09:57:44.4775640Z Get:83 http://azure.archive.ubuntu.com/ubuntu jammy/main amd64 seabios all 1.15.0-1 [174 kB]
2025-08-09T09:57:44.5089068Z Get:84 http://azure.archive.ubuntu.com/ubuntu jammy-updates/main amd64 qemu-system-x86 amd64 1:6.2+dfsg-2ubuntu6.26 [10.1 MB]
2025-08-09T09:57:44.6769794Z Get:85 http://azure.archive.ubuntu.com/ubuntu jammy-updates/main amd64 qemu-utils amd64 1:6.2+dfsg-2ubuntu6.26 [1527 kB]
2025-08-09T09:57:44.7618578Z Get:86 http://azure.archive.ubuntu.com/ubuntu jammy-updates/main amd64 qemu-block-extra amd64 1:6.2+dfsg-2ubuntu6.26 [68.2 kB]
2025-08-09T09:57:44.7921547Z Get:87 http://azure.archive.ubuntu.com/ubuntu jammy-updates/main amd64 qemu-system-gui amd64 1:6.2+dfsg-2ubuntu6.26 [220 kB]
2025-08-09T09:57:44.8249726Z Get:88 http://azure.archive.ubuntu.com/ubuntu jammy/main amd64 syslinux-common all 3:6.04~git20190206.bf6db5b4+dfsg1-3ubuntu1 [1271 kB]
2025-08-09T09:57:44.9200938Z Get:89 http://azure.archive.ubuntu.com/ubuntu jammy/universe amd64 syslinux-utils amd64 3:6.04~git20190206.bf6db5b4+dfsg1-3ubuntu1 [50.9 kB]
2025-08-09T09:57:44.9496268Z Get:90 http://azure.archive.ubuntu.com/ubuntu jammy-updates/universe amd64 nmap amd64 7.91+dfsg1+really7.80+dfsg1-2ubuntu0.1 [1731 kB]
2025-08-09T09:57:45.0386252Z Get:91 http://azure.archive.ubuntu.com/ubuntu jammy-updates/main amd64 ovmf all 2022.02-3ubuntu0.22.04.3 [7561 kB]
2025-08-09T09:57:45.6270072Z Fetched 53.2 MB in 4s (12.7 MB/s)
2025-08-09T09:57:45.6506352Z Selecting previously unselected package msr-tools.
2025-08-09T09:57:45.6741768Z (Reading database ... 
2025-08-09T09:57:45.6742196Z (Reading database ... 5%
2025-08-09T09:57:45.6742478Z (Reading database ... 10%
2025-08-09T09:57:45.6742759Z (Reading database ... 15%
2025-08-09T09:57:45.6743026Z (Reading database ... 20%
2025-08-09T09:57:45.6743289Z (Reading database ... 25%
2025-08-09T09:57:45.6743544Z (Reading database ... 30%
2025-08-09T09:57:45.6743806Z (Reading database ... 35%
2025-08-09T09:57:45.6744062Z (Reading database ... 40%
2025-08-09T09:57:45.6744320Z (Reading database ... 45%
2025-08-09T09:57:45.6744573Z (Reading database ... 50%
2025-08-09T09:57:45.7123092Z (Reading database ... 55%
2025-08-09T09:57:45.7398271Z (Reading database ... 60%
2025-08-09T09:57:45.7648155Z (Reading database ... 65%
2025-08-09T09:57:45.7961979Z (Reading database ... 70%
2025-08-09T09:57:45.8471837Z (Reading database ... 75%
2025-08-09T09:57:45.8794016Z (Reading database ... 80%
2025-08-09T09:57:45.9448145Z (Reading database ... 85%
2025-08-09T09:57:45.9841401Z (Reading database ... 90%
2025-08-09T09:57:46.0345075Z (Reading database ... 95%
2025-08-09T09:57:46.0345488Z (Reading database ... 100%
2025-08-09T09:57:46.0345951Z (Reading database ... 267991 files and directories currently installed.)
2025-08-09T09:57:46.0402346Z Preparing to unpack .../00-msr-tools_1.3-4_amd64.deb ...
2025-08-09T09:57:46.0429105Z Unpacking msr-tools (1.3-4) ...
2025-08-09T09:57:46.0675172Z Selecting previously unselected package cpu-checker.
2025-08-09T09:57:46.0836938Z Preparing to unpack .../01-cpu-checker_0.7-1.3build1_amd64.deb ...
2025-08-09T09:57:46.0845996Z Unpacking cpu-checker (0.7-1.3build1) ...
2025-08-09T09:57:46.1060599Z Selecting previously unselected package genisoimage.
2025-08-09T09:57:46.1222020Z Preparing to unpack .../02-genisoimage_9%3a1.1.11-3.2ubuntu1_amd64.deb ...
2025-08-09T09:57:46.1230746Z Unpacking genisoimage (9:1.1.11-3.2ubuntu1) ...
2025-08-09T09:57:46.1634478Z Selecting previously unselected package libcdparanoia0:amd64.
2025-08-09T09:57:46.1795368Z Preparing to unpack .../03-libcdparanoia0_3.10.2+debian-14build2_amd64.deb ...
2025-08-09T09:57:46.1816297Z Unpacking libcdparanoia0:amd64 (3.10.2+debian-14build2) ...
2025-08-09T09:57:46.2056315Z Selecting previously unselected package liborc-0.4-0:amd64.
2025-08-09T09:57:46.2218919Z Preparing to unpack .../04-liborc-0.4-0_1%3a0.4.32-2ubuntu0.1_amd64.deb ...
2025-08-09T09:57:46.2229318Z Unpacking liborc-0.4-0:amd64 (1:0.4.32-2ubuntu0.1) ...
2025-08-09T09:57:46.2484303Z Selecting previously unselected package libgstreamer-plugins-base1.0-0:amd64.
2025-08-09T09:57:46.2649682Z Preparing to unpack .../05-libgstreamer-plugins-base1.0-0_1.20.1-1ubuntu0.4_amd64.deb ...
2025-08-09T09:57:46.2658656Z Unpacking libgstreamer-plugins-base1.0-0:amd64 (1.20.1-1ubuntu0.4) ...
2025-08-09T09:57:46.2994390Z Selecting previously unselected package libopus0:amd64.
2025-08-09T09:57:46.3155329Z Preparing to unpack .../06-libopus0_1.3.1-0.1build2_amd64.deb ...
2025-08-09T09:57:46.3164140Z Unpacking libopus0:amd64 (1.3.1-0.1build2) ...
2025-08-09T09:57:46.3397518Z Selecting previously unselected package libtheora0:amd64.
2025-08-09T09:57:46.3559170Z Preparing to unpack .../07-libtheora0_1.1.1+dfsg.1-15ubuntu4_amd64.deb ...
2025-08-09T09:57:46.3568973Z Unpacking libtheora0:amd64 (1.1.1+dfsg.1-15ubuntu4) ...
2025-08-09T09:57:46.3839843Z Selecting previously unselected package libvisual-0.4-0:amd64.
2025-08-09T09:57:46.4001963Z Preparing to unpack .../08-libvisual-0.4-0_0.4.0-17build2_amd64.deb ...
2025-08-09T09:57:46.4010984Z Unpacking libvisual-0.4-0:amd64 (0.4.0-17build2) ...
2025-08-09T09:57:46.4238816Z Selecting previously unselected package libvorbisenc2:amd64.
2025-08-09T09:57:46.4399005Z Preparing to unpack .../09-libvorbisenc2_1.3.7-1build2_amd64.deb ...
2025-08-09T09:57:46.4408752Z Unpacking libvorbisenc2:amd64 (1.3.7-1build2) ...
2025-08-09T09:57:46.4640907Z Selecting previously unselected package gstreamer1.0-plugins-base:amd64.
2025-08-09T09:57:46.4805642Z Preparing to unpack .../10-gstreamer1.0-plugins-base_1.20.1-1ubuntu0.4_amd64.deb ...
2025-08-09T09:57:46.4814862Z Unpacking gstreamer1.0-plugins-base:amd64 (1.20.1-1ubuntu0.4) ...
2025-08-09T09:57:46.5131214Z Selecting previously unselected package libaa1:amd64.
2025-08-09T09:57:46.5293597Z Preparing to unpack .../11-libaa1_1.4p5-50build1_amd64.deb ...
2025-08-09T09:57:46.5303634Z Unpacking libaa1:amd64 (1.4p5-50build1) ...
2025-08-09T09:57:46.5534068Z Selecting previously unselected package libraw1394-11:amd64.
2025-08-09T09:57:46.5695168Z Preparing to unpack .../12-libraw1394-11_2.1.2-2build2_amd64.deb ...
2025-08-09T09:57:46.5703415Z Unpacking libraw1394-11:amd64 (2.1.2-2build2) ...
2025-08-09T09:57:46.5927223Z Selecting previously unselected package libavc1394-0:amd64.
2025-08-09T09:57:46.6089420Z Preparing to unpack .../13-libavc1394-0_0.5.4-5build2_amd64.deb ...
2025-08-09T09:57:46.6099510Z Unpacking libavc1394-0:amd64 (0.5.4-5build2) ...
2025-08-09T09:57:46.6315592Z Selecting previously unselected package libcaca0:amd64.
2025-08-09T09:57:46.6475125Z Preparing to unpack .../14-libcaca0_0.99.beta19-2.2ubuntu4_amd64.deb ...
2025-08-09T09:57:46.6483451Z Unpacking libcaca0:amd64 (0.99.beta19-2.2ubuntu4) ...
2025-08-09T09:57:46.6732048Z Selecting previously unselected package libdv4:amd64.
2025-08-09T09:57:46.6892800Z Preparing to unpack .../15-libdv4_1.0.0-14build1_amd64.deb ...
2025-08-09T09:57:46.6901840Z Unpacking libdv4:amd64 (1.0.0-14build1) ...
2025-08-09T09:57:46.7161660Z Selecting previously unselected package libflac8:amd64.
2025-08-09T09:57:46.7322115Z Preparing to unpack .../16-libflac8_1.3.3-2ubuntu0.2_amd64.deb ...
2025-08-09T09:57:46.7330394Z Unpacking libflac8:amd64 (1.3.3-2ubuntu0.2) ...
2025-08-09T09:57:46.7552564Z Selecting previously unselected package libgstreamer-plugins-good1.0-0:amd64.
2025-08-09T09:57:46.7713971Z Preparing to unpack .../17-libgstreamer-plugins-good1.0-0_1.20.3-0ubuntu1.3_amd64.deb ...
2025-08-09T09:57:46.7722789Z Unpacking libgstreamer-plugins-good1.0-0:amd64 (1.20.3-0ubuntu1.3) ...
2025-08-09T09:57:46.7951004Z Selecting previously unselected package libiec61883-0:amd64.
2025-08-09T09:57:46.8113301Z Preparing to unpack .../18-libiec61883-0_1.2.0-4build3_amd64.deb ...
2025-08-09T09:57:46.8131474Z Unpacking libiec61883-0:amd64 (1.2.0-4build3) ...
2025-08-09T09:57:46.8346848Z Selecting previously unselected package libsamplerate0:amd64.
2025-08-09T09:57:46.8507745Z Preparing to unpack .../19-libsamplerate0_0.2.2-1build1_amd64.deb ...
2025-08-09T09:57:46.8516892Z Unpacking libsamplerate0:amd64 (0.2.2-1build1) ...
2025-08-09T09:57:46.8793033Z Selecting previously unselected package libjack-jackd2-0:amd64.
2025-08-09T09:57:46.8954136Z Preparing to unpack .../20-libjack-jackd2-0_1.9.20~dfsg-1_amd64.deb ...
2025-08-09T09:57:46.8962704Z Unpacking libjack-jackd2-0:amd64 (1.9.20~dfsg-1) ...
2025-08-09T09:57:46.9219942Z Selecting previously unselected package libmp3lame0:amd64.
2025-08-09T09:57:46.9382356Z Preparing to unpack .../21-libmp3lame0_3.100-3build2_amd64.deb ...
2025-08-09T09:57:46.9392719Z Unpacking libmp3lame0:amd64 (3.100-3build2) ...
2025-08-09T09:57:46.9619872Z Selecting previously unselected package libmpg123-0:amd64.
2025-08-09T09:57:46.9780851Z Preparing to unpack .../22-libmpg123-0_1.29.3-1ubuntu0.1_amd64.deb ...
2025-08-09T09:57:46.9789396Z Unpacking libmpg123-0:amd64 (1.29.3-1ubuntu0.1) ...
2025-08-09T09:57:47.0030388Z Selecting previously unselected package libasyncns0:amd64.
2025-08-09T09:57:47.0192561Z Preparing to unpack .../23-libasyncns0_0.8-6build2_amd64.deb ...
2025-08-09T09:57:47.0201385Z Unpacking libasyncns0:amd64 (0.8-6build2) ...
2025-08-09T09:57:47.0414101Z Selecting previously unselected package libsndfile1:amd64.
2025-08-09T09:57:47.0574594Z Preparing to unpack .../24-libsndfile1_1.0.31-2ubuntu0.2_amd64.deb ...
2025-08-09T09:57:47.0583437Z Unpacking libsndfile1:amd64 (1.0.31-2ubuntu0.2) ...
2025-08-09T09:57:47.0847512Z Selecting previously unselected package libpulse0:amd64.
2025-08-09T09:57:47.1007709Z Preparing to unpack .../25-libpulse0_1%3a15.99.1+dfsg1-1ubuntu2.2_amd64.deb ...
2025-08-09T09:57:47.1081578Z Unpacking libpulse0:amd64 (1:15.99.1+dfsg1-1ubuntu2.2) ...
2025-08-09T09:57:47.1333762Z Selecting previously unselected package libspeex1:amd64.
2025-08-09T09:57:47.1496078Z Preparing to unpack .../26-libspeex1_1.2~rc1.2-1.1ubuntu3_amd64.deb ...
2025-08-09T09:57:47.1505782Z Unpacking libspeex1:amd64 (1.2~rc1.2-1.1ubuntu3) ...
2025-08-09T09:57:47.1726969Z Selecting previously unselected package libshout3:amd64.
2025-08-09T09:57:47.1888048Z Preparing to unpack .../27-libshout3_2.4.5-1build3_amd64.deb ...
2025-08-09T09:57:47.1898449Z Unpacking libshout3:amd64 (2.4.5-1build3) ...
2025-08-09T09:57:47.2135618Z Selecting previously unselected package libtag1v5-vanilla:amd64.
2025-08-09T09:57:47.2297398Z Preparing to unpack .../28-libtag1v5-vanilla_1.11.1+dfsg.1-3ubuntu3_amd64.deb ...
2025-08-09T09:57:47.2306589Z Unpacking libtag1v5-vanilla:amd64 (1.11.1+dfsg.1-3ubuntu3) ...
2025-08-09T09:57:47.2590218Z Selecting previously unselected package libtag1v5:amd64.
2025-08-09T09:57:47.2753889Z Preparing to unpack .../29-libtag1v5_1.11.1+dfsg.1-3ubuntu3_amd64.deb ...
2025-08-09T09:57:47.2763546Z Unpacking libtag1v5:amd64 (1.11.1+dfsg.1-3ubuntu3) ...
2025-08-09T09:57:47.2982485Z Selecting previously unselected package libtwolame0:amd64.
2025-08-09T09:57:47.3146066Z Preparing to unpack .../30-libtwolame0_0.4.0-2build2_amd64.deb ...
2025-08-09T09:57:47.3156853Z Unpacking libtwolame0:amd64 (0.4.0-2build2) ...
2025-08-09T09:57:47.3387629Z Selecting previously unselected package libv4lconvert0:amd64.
2025-08-09T09:57:47.3548532Z Preparing to unpack .../31-libv4lconvert0_1.22.1-2build1_amd64.deb ...
2025-08-09T09:57:47.3557800Z Unpacking libv4lconvert0:amd64 (1.22.1-2build1) ...
2025-08-09T09:57:47.3810202Z Selecting previously unselected package libv4l-0:amd64.
2025-08-09T09:57:47.3972967Z Preparing to unpack .../32-libv4l-0_1.22.1-2build1_amd64.deb ...
2025-08-09T09:57:47.3982369Z Unpacking libv4l-0:amd64 (1.22.1-2build1) ...
2025-08-09T09:57:47.4220373Z Selecting previously unselected package libvpx7:amd64.
2025-08-09T09:57:47.4382740Z Preparing to unpack .../33-libvpx7_1.11.0-2ubuntu2.4_amd64.deb ...
2025-08-09T09:57:47.4392074Z Unpacking libvpx7:amd64 (1.11.0-2ubuntu2.4) ...
2025-08-09T09:57:47.4745309Z Selecting previously unselected package libwavpack1:amd64.
2025-08-09T09:57:47.4906726Z Preparing to unpack .../34-libwavpack1_5.4.0-1build2_amd64.deb ...
2025-08-09T09:57:47.4915193Z Unpacking libwavpack1:amd64 (5.4.0-1build2) ...
2025-08-09T09:57:47.5131844Z Selecting previously unselected package gstreamer1.0-plugins-good:amd64.
2025-08-09T09:57:47.5293726Z Preparing to unpack .../35-gstreamer1.0-plugins-good_1.20.3-0ubuntu1.3_amd64.deb ...
2025-08-09T09:57:47.5301965Z Unpacking gstreamer1.0-plugins-good:amd64 (1.20.3-0ubuntu1.3) ...
2025-08-09T09:57:47.5817606Z Selecting previously unselected package libxv1:amd64.
2025-08-09T09:57:47.5980124Z Preparing to unpack .../36-libxv1_2%3a1.0.11-1build2_amd64.deb ...
2025-08-09T09:57:47.5989133Z Unpacking libxv1:amd64 (2:1.0.11-1build2) ...
2025-08-09T09:57:47.6191210Z Selecting previously unselected package gstreamer1.0-x:amd64.
2025-08-09T09:57:47.6353461Z Preparing to unpack .../37-gstreamer1.0-x_1.20.1-1ubuntu0.4_amd64.deb ...
2025-08-09T09:57:47.6362610Z Unpacking gstreamer1.0-x:amd64 (1.20.1-1ubuntu0.4) ...
2025-08-09T09:57:47.6593197Z Selecting previously unselected package libnl-route-3-200:amd64.
2025-08-09T09:57:47.6752310Z Preparing to unpack .../38-libnl-route-3-200_3.5.0-0.1_amd64.deb ...
2025-08-09T09:57:47.6761403Z Unpacking libnl-route-3-200:amd64 (3.5.0-0.1) ...
2025-08-09T09:57:47.7026161Z Selecting previously unselected package libibverbs1:amd64.
2025-08-09T09:57:47.7185668Z Preparing to unpack .../39-libibverbs1_39.0-1_amd64.deb ...
2025-08-09T09:57:47.7197205Z Unpacking libibverbs1:amd64 (39.0-1) ...
2025-08-09T09:57:47.7435221Z Selecting previously unselected package ibverbs-providers:amd64.
2025-08-09T09:57:47.7598168Z Preparing to unpack .../40-ibverbs-providers_39.0-1_amd64.deb ...
2025-08-09T09:57:47.7733735Z Unpacking ibverbs-providers:amd64 (39.0-1) ...
2025-08-09T09:57:47.8032640Z Selecting previously unselected package ipxe-qemu.
2025-08-09T09:57:47.8196329Z Preparing to unpack .../41-ipxe-qemu_1.21.1+git-20220113.fbbdc3926-0ubuntu1_all.deb ...
2025-08-09T09:57:47.8206388Z Unpacking ipxe-qemu (1.21.1+git-20220113.fbbdc3926-0ubuntu1) ...
2025-08-09T09:57:47.8571688Z Selecting previously unselected package ipxe-qemu-256k-compat-efi-roms.
2025-08-09T09:57:47.8734888Z Preparing to unpack .../42-ipxe-qemu-256k-compat-efi-roms_1.0.0+git-20150424.a25a16d-0ubuntu4_all.deb ...
2025-08-09T09:57:47.8742289Z Unpacking ipxe-qemu-256k-compat-efi-roms (1.0.0+git-20150424.a25a16d-0ubuntu4) ...
2025-08-09T09:57:47.9219076Z Selecting previously unselected package isolinux.
2025-08-09T09:57:47.9380811Z Preparing to unpack .../43-isolinux_3%3a6.04~git20190206.bf6db5b4+dfsg1-3ubuntu1_all.deb ...
2025-08-09T09:57:47.9389338Z Unpacking isolinux (3:6.04~git20190206.bf6db5b4+dfsg1-3ubuntu1) ...
2025-08-09T09:57:47.9627297Z Selecting previously unselected package libboost-iostreams1.74.0:amd64.
2025-08-09T09:57:47.9787482Z Preparing to unpack .../44-libboost-iostreams1.74.0_1.74.0-14ubuntu3_amd64.deb ...
2025-08-09T09:57:47.9796920Z Unpacking libboost-iostreams1.74.0:amd64 (1.74.0-14ubuntu3) ...
2025-08-09T09:57:48.0087687Z Selecting previously unselected package libboost-thread1.74.0:amd64.
2025-08-09T09:57:48.0247870Z Preparing to unpack .../45-libboost-thread1.74.0_1.74.0-14ubuntu3_amd64.deb ...
2025-08-09T09:57:48.0258078Z Unpacking libboost-thread1.74.0:amd64 (1.74.0-14ubuntu3) ...
2025-08-09T09:57:48.0544512Z Selecting previously unselected package libbrlapi0.8:amd64.
2025-08-09T09:57:48.0708326Z Preparing to unpack .../46-libbrlapi0.8_6.4-4ubuntu3_amd64.deb ...
2025-08-09T09:57:48.0718453Z Unpacking libbrlapi0.8:amd64 (6.4-4ubuntu3) ...
2025-08-09T09:57:48.0940492Z Selecting previously unselected package libpcsclite1:amd64.
2025-08-09T09:57:48.1100545Z Preparing to unpack .../47-libpcsclite1_1.9.5-3ubuntu1_amd64.deb ...
2025-08-09T09:57:48.1108841Z Unpacking libpcsclite1:amd64 (1.9.5-3ubuntu1) ...
2025-08-09T09:57:48.1421206Z Selecting previously unselected package libcacard0:amd64.
2025-08-09T09:57:48.1582115Z Preparing to unpack .../48-libcacard0_1%3a2.8.0-3build2_amd64.deb ...
2025-08-09T09:57:48.1590938Z Unpacking libcacard0:amd64 (1:2.8.0-3build2) ...
2025-08-09T09:57:48.1809549Z Selecting previously unselected package libdaxctl1:amd64.
2025-08-09T09:57:48.1971984Z Preparing to unpack .../49-libdaxctl1_72.1-1_amd64.deb ...
2025-08-09T09:57:48.1981351Z Unpacking libdaxctl1:amd64 (72.1-1) ...
2025-08-09T09:57:48.2210432Z Selecting previously unselected package libdecor-0-0:amd64.
2025-08-09T09:57:48.2372955Z Preparing to unpack .../50-libdecor-0-0_0.1.0-3build1_amd64.deb ...
2025-08-09T09:57:48.2381752Z Unpacking libdecor-0-0:amd64 (0.1.0-3build1) ...
2025-08-09T09:57:48.2620613Z Selecting previously unselected package libdecor-0-plugin-1-cairo:amd64.
2025-08-09T09:57:48.2782960Z Preparing to unpack .../51-libdecor-0-plugin-1-cairo_0.1.0-3build1_amd64.deb ...
2025-08-09T09:57:48.2791002Z Unpacking libdecor-0-plugin-1-cairo:amd64 (0.1.0-3build1) ...
2025-08-09T09:57:48.3009526Z Selecting previously unselected package libelf-dev:amd64.
2025-08-09T09:57:48.3171515Z Preparing to unpack .../52-libelf-dev_0.186-1ubuntu0.1_amd64.deb ...
2025-08-09T09:57:48.3181028Z Unpacking libelf-dev:amd64 (0.186-1ubuntu0.1) ...
2025-08-09T09:57:48.3454020Z Selecting previously unselected package libgfxdr0:amd64.
2025-08-09T09:57:48.3618663Z Preparing to unpack .../53-libgfxdr0_10.1-1ubuntu0.2_amd64.deb ...
2025-08-09T09:57:48.3777282Z Unpacking libgfxdr0:amd64 (10.1-1ubuntu0.2) ...
2025-08-09T09:57:48.3988618Z Selecting previously unselected package libglusterfs0:amd64.
2025-08-09T09:57:48.4150108Z Preparing to unpack .../54-libglusterfs0_10.1-1ubuntu0.2_amd64.deb ...
2025-08-09T09:57:48.4164272Z Unpacking libglusterfs0:amd64 (10.1-1ubuntu0.2) ...
2025-08-09T09:57:48.4409525Z Selecting previously unselected package libgfrpc0:amd64.
2025-08-09T09:57:48.4570055Z Preparing to unpack .../55-libgfrpc0_10.1-1ubuntu0.2_amd64.deb ...
2025-08-09T09:57:48.4578696Z Unpacking libgfrpc0:amd64 (10.1-1ubuntu0.2) ...
2025-08-09T09:57:48.4825045Z Selecting previously unselected package libgfapi0:amd64.
2025-08-09T09:57:48.4986369Z Preparing to unpack .../56-libgfapi0_10.1-1ubuntu0.2_amd64.deb ...
2025-08-09T09:57:48.4995575Z Unpacking libgfapi0:amd64 (10.1-1ubuntu0.2) ...
2025-08-09T09:57:48.5220494Z Selecting previously unselected package librdmacm1:amd64.
2025-08-09T09:57:48.5382686Z Preparing to unpack .../57-librdmacm1_39.0-1_amd64.deb ...
2025-08-09T09:57:48.5392392Z Unpacking librdmacm1:amd64 (39.0-1) ...
2025-08-09T09:57:48.5629133Z Selecting previously unselected package libiscsi7:amd64.
2025-08-09T09:57:48.5793720Z Preparing to unpack .../58-libiscsi7_1.19.0-3build2_amd64.deb ...
2025-08-09T09:57:48.5824379Z Unpacking libiscsi7:amd64 (1.19.0-3build2) ...
2025-08-09T09:57:48.6056840Z Selecting previously unselected package liblinear4:amd64.
2025-08-09T09:57:48.6217372Z Preparing to unpack .../59-liblinear4_2.3.0+dfsg-5_amd64.deb ...
2025-08-09T09:57:48.6226548Z Unpacking liblinear4:amd64 (2.3.0+dfsg-5) ...
2025-08-09T09:57:48.6470522Z Selecting previously unselected package libndctl6:amd64.
2025-08-09T09:57:48.6631024Z Preparing to unpack .../60-libndctl6_72.1-1_amd64.deb ...
2025-08-09T09:57:48.6640566Z Unpacking libndctl6:amd64 (72.1-1) ...
2025-08-09T09:57:48.6868310Z Selecting previously unselected package libpmem1:amd64.
2025-08-09T09:57:48.7029475Z Preparing to unpack .../61-libpmem1_1.11.1-3build1_amd64.deb ...
2025-08-09T09:57:48.7038129Z Unpacking libpmem1:amd64 (1.11.1-3build1) ...
2025-08-09T09:57:48.7271857Z Selecting previously unselected package libpmemobj1:amd64.
2025-08-09T09:57:48.7435457Z Preparing to unpack .../62-libpmemobj1_1.11.1-3build1_amd64.deb ...
2025-08-09T09:57:48.7444858Z Unpacking libpmemobj1:amd64 (1.11.1-3build1) ...
2025-08-09T09:57:48.7712510Z Selecting previously unselected package librados2.
2025-08-09T09:57:48.7875079Z Preparing to unpack .../63-librados2_17.2.7-0ubuntu0.22.04.2_amd64.deb ...
2025-08-09T09:57:48.7884387Z Unpacking librados2 (17.2.7-0ubuntu0.22.04.2) ...
2025-08-09T09:57:48.8573393Z Selecting previously unselected package librbd1.
2025-08-09T09:57:48.8733371Z Preparing to unpack .../64-librbd1_17.2.7-0ubuntu0.22.04.2_amd64.deb ...
2025-08-09T09:57:48.8742758Z Unpacking librbd1 (17.2.7-0ubuntu0.22.04.2) ...
2025-08-09T09:57:48.9456953Z Selecting previously unselected package libsdl2-2.0-0:amd64.
2025-08-09T09:57:48.9616826Z Preparing to unpack .../65-libsdl2-2.0-0_2.0.20+dfsg-2ubuntu1.22.04.1_amd64.deb ...
2025-08-09T09:57:48.9625636Z Unpacking libsdl2-2.0-0:amd64 (2.0.20+dfsg-2ubuntu1.22.04.1) ...
2025-08-09T09:57:48.9908172Z Selecting previously unselected package libspice-server1:amd64.
2025-08-09T09:57:49.0070350Z Preparing to unpack .../66-libspice-server1_0.15.0-2ubuntu4_amd64.deb ...
2025-08-09T09:57:49.0079269Z Unpacking libspice-server1:amd64 (0.15.0-2ubuntu4) ...
2025-08-09T09:57:49.0346713Z Selecting previously unselected package liburing2:amd64.
2025-08-09T09:57:49.0508899Z Preparing to unpack .../67-liburing2_2.1-2build1_amd64.deb ...
2025-08-09T09:57:49.0516971Z Unpacking liburing2:amd64 (2.1-2build1) ...
2025-08-09T09:57:49.0731994Z Selecting previously unselected package libusbredirparser1:amd64.
2025-08-09T09:57:49.0895365Z Preparing to unpack .../68-libusbredirparser1_0.11.0-2build1_amd64.deb ...
2025-08-09T09:57:49.0904985Z Unpacking libusbredirparser1:amd64 (0.11.0-2build1) ...
2025-08-09T09:57:49.1121822Z Selecting previously unselected package libvirglrenderer1:amd64.
2025-08-09T09:57:49.1287576Z Preparing to unpack .../69-libvirglrenderer1_0.9.1-1~exp1ubuntu2_amd64.deb ...
2025-08-09T09:57:49.1317851Z Unpacking libvirglrenderer1:amd64 (0.9.1-1~exp1ubuntu2) ...
2025-08-09T09:57:49.1551070Z Selecting previously unselected package libvte-2.91-common.
2025-08-09T09:57:49.1712397Z Preparing to unpack .../70-libvte-2.91-common_0.68.0-1ubuntu0.1_amd64.deb ...
2025-08-09T09:57:49.1722334Z Unpacking libvte-2.91-common (0.68.0-1ubuntu0.1) ...
2025-08-09T09:57:49.1949713Z Selecting previously unselected package libvte-2.91-0:amd64.
2025-08-09T09:57:49.2109697Z Preparing to unpack .../71-libvte-2.91-0_0.68.0-1ubuntu0.1_amd64.deb ...
2025-08-09T09:57:49.2118768Z Unpacking libvte-2.91-0:amd64 (0.68.0-1ubuntu0.1) ...
2025-08-09T09:57:49.2337595Z Selecting previously unselected package debootstrap.
2025-08-09T09:57:49.2499000Z Preparing to unpack .../72-debootstrap_1.0.126+nmu1ubuntu0.8_all.deb ...
2025-08-09T09:57:49.2506514Z Unpacking debootstrap (1.0.126+nmu1ubuntu0.8) ...
2025-08-09T09:57:49.2791332Z Selecting previously unselected package live-build.
2025-08-09T09:57:49.2958194Z Preparing to unpack .../73-live-build_3.0~a57-1ubuntu41.22.04.1_all.deb ...
2025-08-09T09:57:49.2968023Z Unpacking live-build (3.0~a57-1ubuntu41.22.04.1) ...
2025-08-09T09:57:49.3618855Z Selecting previously unselected package lua-lpeg:amd64.
2025-08-09T09:57:49.3780709Z Preparing to unpack .../74-lua-lpeg_1.0.2-1_amd64.deb ...
2025-08-09T09:57:49.3790095Z Unpacking lua-lpeg:amd64 (1.0.2-1) ...
2025-08-09T09:57:49.4026738Z Selecting previously unselected package mtools.
2025-08-09T09:57:49.4196060Z Preparing to unpack .../75-mtools_4.0.33-1+really4.0.32-1build1_amd64.deb ...
2025-08-09T09:57:49.4204207Z Unpacking mtools (4.0.33-1+really4.0.32-1build1) ...
2025-08-09T09:57:49.4621346Z Selecting previously unselected package nmap-common.
2025-08-09T09:57:49.4786247Z Preparing to unpack .../76-nmap-common_7.91+dfsg1+really7.80+dfsg1-2ubuntu0.1_all.deb ...
2025-08-09T09:57:49.4796558Z Unpacking nmap-common (7.91+dfsg1+really7.80+dfsg1-2ubuntu0.1) ...
2025-08-09T09:57:49.6810525Z Selecting previously unselected package pv.
2025-08-09T09:57:49.6979454Z Preparing to unpack .../77-pv_1.6.6-1build2_amd64.deb ...
2025-08-09T09:57:49.6989462Z Unpacking pv (1.6.6-1build2) ...
2025-08-09T09:57:49.7212212Z Selecting previously unselected package libfdt1:amd64.
2025-08-09T09:57:49.7377659Z Preparing to unpack .../78-libfdt1_1.6.1-1_amd64.deb ...
2025-08-09T09:57:49.7387440Z Unpacking libfdt1:amd64 (1.6.1-1) ...
2025-08-09T09:57:49.7617262Z Selecting previously unselected package qemu-system-common.
2025-08-09T09:57:49.7783695Z Preparing to unpack .../79-qemu-system-common_1%3a6.2+dfsg-2ubuntu6.26_amd64.deb ...
2025-08-09T09:57:49.7793717Z Unpacking qemu-system-common (1:6.2+dfsg-2ubuntu6.26) ...
2025-08-09T09:57:49.8515686Z Selecting previously unselected package qemu-system-data.
2025-08-09T09:57:49.8680548Z Preparing to unpack .../80-qemu-system-data_1%3a6.2+dfsg-2ubuntu6.26_all.deb ...
2025-08-09T09:57:49.8689974Z Unpacking qemu-system-data (1:6.2+dfsg-2ubuntu6.26) ...
2025-08-09T09:57:49.9292632Z Selecting previously unselected package seabios.
2025-08-09T09:57:49.9459474Z Preparing to unpack .../81-seabios_1.15.0-1_all.deb ...
2025-08-09T09:57:49.9468318Z Unpacking seabios (1.15.0-1) ...
2025-08-09T09:57:49.9734991Z Selecting previously unselected package qemu-system-x86.
2025-08-09T09:57:49.9901254Z Preparing to unpack .../82-qemu-system-x86_1%3a6.2+dfsg-2ubuntu6.26_amd64.deb ...
2025-08-09T09:57:50.0034371Z Unpacking qemu-system-x86 (1:6.2+dfsg-2ubuntu6.26) ...
2025-08-09T09:57:50.1489239Z Selecting previously unselected package qemu-utils.
2025-08-09T09:57:50.1652071Z Preparing to unpack .../83-qemu-utils_1%3a6.2+dfsg-2ubuntu6.26_amd64.deb ...
2025-08-09T09:57:50.1661354Z Unpacking qemu-utils (1:6.2+dfsg-2ubuntu6.26) ...
2025-08-09T09:57:50.2139813Z Selecting previously unselected package qemu-block-extra.
2025-08-09T09:57:50.2305065Z Preparing to unpack .../84-qemu-block-extra_1%3a6.2+dfsg-2ubuntu6.26_amd64.deb ...
2025-08-09T09:57:50.2313113Z Unpacking qemu-block-extra (1:6.2+dfsg-2ubuntu6.26) ...
2025-08-09T09:57:50.2527341Z Selecting previously unselected package qemu-system-gui.
2025-08-09T09:57:50.2691552Z Preparing to unpack .../85-qemu-system-gui_1%3a6.2+dfsg-2ubuntu6.26_amd64.deb ...
2025-08-09T09:57:50.2700692Z Unpacking qemu-system-gui (1:6.2+dfsg-2ubuntu6.26) ...
2025-08-09T09:57:50.2939907Z Selecting previously unselected package syslinux-common.
2025-08-09T09:57:50.3103758Z Preparing to unpack .../86-syslinux-common_3%3a6.04~git20190206.bf6db5b4+dfsg1-3ubuntu1_all.deb ...
2025-08-09T09:57:50.3113707Z Unpacking syslinux-common (3:6.04~git20190206.bf6db5b4+dfsg1-3ubuntu1) ...
2025-08-09T09:57:50.3729505Z Selecting previously unselected package syslinux-utils.
2025-08-09T09:57:50.3894176Z Preparing to unpack .../87-syslinux-utils_3%3a6.04~git20190206.bf6db5b4+dfsg1-3ubuntu1_amd64.deb ...
2025-08-09T09:57:50.3901989Z Unpacking syslinux-utils (3:6.04~git20190206.bf6db5b4+dfsg1-3ubuntu1) ...
2025-08-09T09:57:50.4169023Z Selecting previously unselected package nmap.
2025-08-09T09:57:50.4333408Z Preparing to unpack .../88-nmap_7.91+dfsg1+really7.80+dfsg1-2ubuntu0.1_amd64.deb ...
2025-08-09T09:57:50.4340993Z Unpacking nmap (7.91+dfsg1+really7.80+dfsg1-2ubuntu0.1) ...
2025-08-09T09:57:50.4759250Z Selecting previously unselected package ovmf.
2025-08-09T09:57:50.4923709Z Preparing to unpack .../89-ovmf_2022.02-3ubuntu0.22.04.3_all.deb ...
2025-08-09T09:57:50.4931579Z Unpacking ovmf (2022.02-3ubuntu0.22.04.3) ...
2025-08-09T09:57:50.5834314Z Setting up genisoimage (9:1.1.11-3.2ubuntu1) ...
2025-08-09T09:57:50.5858724Z Setting up libcdparanoia0:amd64 (3.10.2+debian-14build2) ...
2025-08-09T09:57:50.5878715Z Setting up lua-lpeg:amd64 (1.0.2-1) ...
2025-08-09T09:57:50.5898799Z Setting up debootstrap (1.0.126+nmu1ubuntu0.8) ...
2025-08-09T09:57:50.5919019Z Setting up libraw1394-11:amd64 (2.1.2-2build2) ...
2025-08-09T09:57:50.5939669Z Setting up libtag1v5-vanilla:amd64 (1.11.1+dfsg.1-3ubuntu3) ...
2025-08-09T09:57:50.5960410Z Setting up libmpg123-0:amd64 (1.29.3-1ubuntu0.1) ...
2025-08-09T09:57:50.5982289Z Setting up isolinux (3:6.04~git20190206.bf6db5b4+dfsg1-3ubuntu1) ...
2025-08-09T09:57:50.6004067Z Setting up libspeex1:amd64 (1.2~rc1.2-1.1ubuntu3) ...
2025-08-09T09:57:50.6023499Z Setting up libcaca0:amd64 (0.99.beta19-2.2ubuntu4) ...
2025-08-09T09:57:50.6046635Z Setting up libtwolame0:amd64 (0.4.0-2build2) ...
2025-08-09T09:57:50.6067203Z Setting up libvte-2.91-common (0.68.0-1ubuntu0.1) ...
2025-08-09T09:57:50.6106368Z Setting up libvisual-0.4-0:amd64 (0.4.0-17build2) ...
2025-08-09T09:57:50.6125587Z Setting up mtools (4.0.33-1+really4.0.32-1build1) ...
2025-08-09T09:57:50.6189938Z Setting up libboost-iostreams1.74.0:amd64 (1.74.0-14ubuntu3) ...
2025-08-09T09:57:50.6212695Z Setting up msr-tools (1.3-4) ...
2025-08-09T09:57:50.6235212Z Setting up syslinux-common (3:6.04~git20190206.bf6db5b4+dfsg1-3ubuntu1) ...
2025-08-09T09:57:50.6255211Z Setting up live-build (3.0~a57-1ubuntu41.22.04.1) ...
2025-08-09T09:57:50.6276468Z Setting up libfdt1:amd64 (1.6.1-1) ...
2025-08-09T09:57:50.6297362Z Setting up libvte-2.91-0:amd64 (0.68.0-1ubuntu0.1) ...
2025-08-09T09:57:50.6319488Z Setting up libusbredirparser1:amd64 (0.11.0-2build1) ...
2025-08-09T09:57:50.6341262Z Setting up liblinear4:amd64 (2.3.0+dfsg-5) ...
2025-08-09T09:57:50.6362233Z Setting up libflac8:amd64 (1.3.3-2ubuntu0.2) ...
2025-08-09T09:57:50.6383093Z Setting up syslinux-utils (3:6.04~git20190206.bf6db5b4+dfsg1-3ubuntu1) ...
2025-08-09T09:57:50.6405267Z Setting up libnl-route-3-200:amd64 (3.5.0-0.1) ...
2025-08-09T09:57:50.6425372Z Setting up ovmf (2022.02-3ubuntu0.22.04.3) ...
2025-08-09T09:57:50.6445528Z Setting up libglusterfs0:amd64 (10.1-1ubuntu0.2) ...
2025-08-09T09:57:50.6468998Z Setting up libvirglrenderer1:amd64 (0.9.1-1~exp1ubuntu2) ...
2025-08-09T09:57:50.6490922Z Setting up libopus0:amd64 (1.3.1-0.1build2) ...
2025-08-09T09:57:50.6511528Z Setting up libxv1:amd64 (2:1.0.11-1build2) ...
2025-08-09T09:57:50.6533422Z Setting up liborc-0.4-0:amd64 (1:0.4.32-2ubuntu0.1) ...
2025-08-09T09:57:50.6554845Z Setting up libelf-dev:amd64 (0.186-1ubuntu0.1) ...
2025-08-09T09:57:50.6575829Z Setting up libpcsclite1:amd64 (1.9.5-3ubuntu1) ...
2025-08-09T09:57:50.6597230Z Setting up libdaxctl1:amd64 (72.1-1) ...
2025-08-09T09:57:50.6645684Z Setting up qemu-system-data (1:6.2+dfsg-2ubuntu6.26) ...
2025-08-09T09:57:50.6667490Z Setting up seabios (1.15.0-1) ...
2025-08-09T09:57:50.6689879Z Setting up nmap-common (7.91+dfsg1+really7.80+dfsg1-2ubuntu0.1) ...
2025-08-09T09:57:50.6785902Z Setting up libtag1v5:amd64 (1.11.1+dfsg.1-3ubuntu3) ...
2025-08-09T09:57:50.6810112Z Setting up cpu-checker (0.7-1.3build1) ...
2025-08-09T09:57:50.6831941Z Setting up libdv4:amd64 (1.0.0-14build1) ...
2025-08-09T09:57:50.6853692Z Setting up libasyncns0:amd64 (0.8-6build2) ...
2025-08-09T09:57:50.6875017Z Setting up pv (1.6.6-1build2) ...
2025-08-09T09:57:50.6898978Z Setting up libwavpack1:amd64 (5.4.0-1build2) ...
2025-08-09T09:57:50.6919971Z Setting up ipxe-qemu (1.21.1+git-20220113.fbbdc3926-0ubuntu1) ...
2025-08-09T09:57:50.6944822Z Setting up libtheora0:amd64 (1.1.1+dfsg.1-15ubuntu4) ...
2025-08-09T09:57:50.6966360Z Setting up libv4lconvert0:amd64 (1.22.1-2build1) ...
2025-08-09T09:57:50.6988893Z Setting up libdecor-0-0:amd64 (0.1.0-3build1) ...
2025-08-09T09:57:50.7010268Z Setting up libndctl6:amd64 (72.1-1) ...
2025-08-09T09:57:50.7030969Z Setting up ipxe-qemu-256k-compat-efi-roms (1.0.0+git-20150424.a25a16d-0ubuntu4) ...
2025-08-09T09:57:50.7051670Z Setting up libvpx7:amd64 (1.11.0-2ubuntu2.4) ...
2025-08-09T09:57:50.7072899Z Setting up libbrlapi0.8:amd64 (6.4-4ubuntu3) ...
2025-08-09T09:57:50.7096597Z Setting up liburing2:amd64 (2.1-2build1) ...
2025-08-09T09:57:50.7117650Z Setting up libsamplerate0:amd64 (0.2.2-1build1) ...
2025-08-09T09:57:50.7139975Z Setting up libpmem1:amd64 (1.11.1-3build1) ...
2025-08-09T09:57:50.7162192Z Setting up libmp3lame0:amd64 (3.100-3build2) ...
2025-08-09T09:57:50.7183145Z Setting up libvorbisenc2:amd64 (1.3.7-1build2) ...
2025-08-09T09:57:50.7205640Z Setting up libgfxdr0:amd64 (10.1-1ubuntu0.2) ...
2025-08-09T09:57:50.7226932Z Setting up libboost-thread1.74.0:amd64 (1.74.0-14ubuntu3) ...
2025-08-09T09:57:50.7249283Z Setting up libaa1:amd64 (1.4p5-50build1) ...
2025-08-09T09:57:50.7271447Z Setting up libiec61883-0:amd64 (1.2.0-4build3) ...
2025-08-09T09:57:50.7293335Z Setting up libavc1394-0:amd64 (0.5.4-5build2) ...
2025-08-09T09:57:50.7316872Z Setting up libibverbs1:amd64 (39.0-1) ...
2025-08-09T09:57:50.7915765Z Setting up ibverbs-providers:amd64 (39.0-1) ...
2025-08-09T09:57:50.8158230Z Setting up libgstreamer-plugins-base1.0-0:amd64 (1.20.1-1ubuntu0.4) ...
2025-08-09T09:57:50.8179984Z Setting up nmap (7.91+dfsg1+really7.80+dfsg1-2ubuntu0.1) ...
2025-08-09T09:57:50.8201118Z Setting up libcacard0:amd64 (1:2.8.0-3build2) ...
2025-08-09T09:57:50.8234047Z Setting up libv4l-0:amd64 (1.22.1-2build1) ...
2025-08-09T09:57:50.8254166Z Setting up libgstreamer-plugins-good1.0-0:amd64 (1.20.3-0ubuntu1.3) ...
2025-08-09T09:57:50.8274869Z Setting up gstreamer1.0-plugins-base:amd64 (1.20.1-1ubuntu0.4) ...
2025-08-09T09:57:50.8295375Z Setting up libshout3:amd64 (2.4.5-1build3) ...
2025-08-09T09:57:50.8315668Z Setting up libpmemobj1:amd64 (1.11.1-3build1) ...
2025-08-09T09:57:50.8337058Z Setting up libdecor-0-plugin-1-cairo:amd64 (0.1.0-3build1) ...
2025-08-09T09:57:50.8359422Z Setting up libjack-jackd2-0:amd64 (1.9.20~dfsg-1) ...
2025-08-09T09:57:50.8383186Z Setting up libsndfile1:amd64 (1.0.31-2ubuntu0.2) ...
2025-08-09T09:57:50.8404328Z Setting up qemu-utils (1:6.2+dfsg-2ubuntu6.26) ...
2025-08-09T09:57:50.8426574Z Setting up libgfrpc0:amd64 (10.1-1ubuntu0.2) ...
2025-08-09T09:57:50.8447149Z Setting up librdmacm1:amd64 (39.0-1) ...
2025-08-09T09:57:50.8467849Z Setting up librados2 (17.2.7-0ubuntu0.22.04.2) ...
2025-08-09T09:57:50.8612253Z Setting up gstreamer1.0-x:amd64 (1.20.1-1ubuntu0.4) ...
2025-08-09T09:57:50.8632733Z Setting up libpulse0:amd64 (1:15.99.1+dfsg1-1ubuntu2.2) ...
2025-08-09T09:57:50.8702759Z Setting up gstreamer1.0-plugins-good:amd64 (1.20.3-0ubuntu1.3) ...
2025-08-09T09:57:50.8723994Z Setting up libspice-server1:amd64 (0.15.0-2ubuntu4) ...
2025-08-09T09:57:50.8743557Z Setting up librbd1 (17.2.7-0ubuntu0.22.04.2) ...
2025-08-09T09:57:50.8764153Z Setting up libgfapi0:amd64 (10.1-1ubuntu0.2) ...
2025-08-09T09:57:50.8783606Z Setting up libiscsi7:amd64 (1.19.0-3build2) ...
2025-08-09T09:57:50.8803234Z Setting up libsdl2-2.0-0:amd64 (2.0.20+dfsg-2ubuntu1.22.04.1) ...
2025-08-09T09:57:50.8823347Z Setting up qemu-block-extra (1:6.2+dfsg-2ubuntu6.26) ...
2025-08-09T09:57:51.1620555Z Created symlink /etc/systemd/system/multi-user.target.wants/run-qemu.mount → /lib/systemd/system/run-qemu.mount.
2025-08-09T09:57:51.5970532Z Setting up qemu-system-common (1:6.2+dfsg-2ubuntu6.26) ...
2025-08-09T09:57:51.7019264Z Created symlink /etc/systemd/system/multi-user.target.wants/qemu-kvm.service → /lib/systemd/system/qemu-kvm.service.
2025-08-09T09:57:52.5141499Z Setting up qemu-system-x86 (1:6.2+dfsg-2ubuntu6.26) ...
2025-08-09T09:57:52.5161421Z Setting up qemu-system-gui (1:6.2+dfsg-2ubuntu6.26) ...
2025-08-09T09:57:52.5188089Z Processing triggers for man-db (2.10.2-1) ...
2025-08-09T09:57:53.1923176Z Processing triggers for install-info (6.8-4build1) ...
2025-08-09T09:57:53.4580116Z Processing triggers for hicolor-icon-theme (0.17-2) ...
2025-08-09T09:57:53.5194833Z Processing triggers for libc-bin (2.35-0ubuntu3.10) ...
2025-08-09T09:57:53.7875304Z NEEDRESTART-VER: 3.5
2025-08-09T09:57:54.0603372Z NEEDRESTART-KCUR: 6.8.0-1031-azure
2025-08-09T09:57:54.0603913Z NEEDRESTART-KEXP: 6.8.0-1031-azure
2025-08-09T09:57:54.0604275Z NEEDRESTART-KSTA: 1
2025-08-09T09:57:54.0604603Z NEEDRESTART-SVC: hosted-compute-agent.service
2025-08-09T09:57:55.4269716Z ##[group]Run echo "CLUSTER_MODE=main" >> $GITHUB_ENV
2025-08-09T09:57:55.4270106Z [36;1mecho "CLUSTER_MODE=main" >> $GITHUB_ENV[0m
2025-08-09T09:57:55.4270387Z [36;1mecho "ENABLE_GUI=false" >> $GITHUB_ENV[0m
2025-08-09T09:57:55.4270666Z [36;1mecho "SKIP_QEMU_TEST=true" >> $GITHUB_ENV[0m
2025-08-09T09:57:55.4270981Z [36;1mecho "BUILD_THREADS=2" >> $GITHUB_ENV  # Limit for CI[0m
2025-08-09T09:57:55.4271422Z [36;1mecho "SKIP_CONNECTIVITY_CHECK=true" >> $GITHUB_ENV  # Skip redundant check in CI[0m
2025-08-09T09:57:55.4298372Z shell: /usr/bin/bash -e {0}
2025-08-09T09:57:55.4298606Z ##[endgroup]
2025-08-09T09:57:55.4372467Z ##[group]Run chmod +x ainux-builder.sh
2025-08-09T09:57:55.4372802Z [36;1mchmod +x ainux-builder.sh[0m
2025-08-09T09:57:55.4373024Z [36;1m[0m
2025-08-09T09:57:55.4373190Z [36;1m# Add debug output[0m
2025-08-09T09:57:55.4373397Z [36;1mset -x[0m
2025-08-09T09:57:55.4373556Z [36;1m[0m
2025-08-09T09:57:55.4373737Z [36;1m# Run build with timeout (2 hours max)[0m
2025-08-09T09:57:55.4374015Z [36;1mtimeout 7200 ./ainux-builder.sh || {[0m
2025-08-09T09:57:55.4374282Z [36;1m  echo "Build timed out or failed"[0m
2025-08-09T09:57:55.4374577Z [36;1m  echo "=== Last 100 lines of any available logs ==="[0m
2025-08-09T09:57:55.4375273Z [36;1m  find ~/ainux-build/logs -name "*.log" -exec tail -50 {} \; 2>/dev/null || echo "No log files found"[0m
2025-08-09T09:57:55.4375669Z [36;1m  [0m
2025-08-09T09:57:55.4375853Z [36;1m  echo "=== Environment Variables ==="[0m
2025-08-09T09:57:55.4376181Z [36;1m  env | grep -E "(CLUSTER_MODE|ENABLE_GUI|SKIP_|BUILD_)" || true[0m
2025-08-09T09:57:55.4376520Z [36;1m  [0m
2025-08-09T09:57:55.4376686Z [36;1m  echo "=== Disk Usage ==="[0m
2025-08-09T09:57:55.4376928Z [36;1m  df -h || true[0m
2025-08-09T09:57:55.4377110Z [36;1m  [0m
2025-08-09T09:57:55.4377274Z [36;1m  echo "=== Memory Usage ==="[0m
2025-08-09T09:57:55.4377505Z [36;1m  free -h || true[0m
2025-08-09T09:57:55.4377689Z [36;1m  [0m
2025-08-09T09:57:55.4377838Z [36;1m  exit 1[0m
2025-08-09T09:57:55.4377991Z [36;1m}[0m
2025-08-09T09:57:55.4403203Z shell: /usr/bin/bash -e {0}
2025-08-09T09:57:55.4403424Z env:
2025-08-09T09:57:55.4403585Z   CLUSTER_MODE: main
2025-08-09T09:57:55.4403770Z   ENABLE_GUI: false
2025-08-09T09:57:55.4403954Z   SKIP_QEMU_TEST: true
2025-08-09T09:57:55.4404131Z   BUILD_THREADS: 2
2025-08-09T09:57:55.4404318Z   SKIP_CONNECTIVITY_CHECK: true
2025-08-09T09:57:55.4404531Z ##[endgroup]
2025-08-09T09:57:55.4456724Z + timeout 7200 ./ainux-builder.sh
2025-08-09T09:57:55.4535742Z 
2025-08-09T09:57:55.4536414Z [0;35m[PHASE][0m Starting Ainux OS AI Cluster Builder Process
2025-08-09T09:57:55.4536713Z 
2025-08-09T09:57:55.4536722Z 
2025-08-09T09:57:55.4536896Z [0;35m[PHASE][0m Checking Prerequisites
2025-08-09T09:57:55.4537093Z 
2025-08-09T09:57:55.4582804Z [0;34m[INFO][0m Detected Ubuntu 22.04 LTS - supported
2025-08-09T09:57:55.4611556Z [0;34m[INFO][0m Disk space check passed: 36GB available
2025-08-09T09:57:55.4612155Z [0;34m[INFO][0m Checking internet connectivity...
2025-08-09T09:57:55.4612604Z [1;33m[WARNING][0m Skipping connectivity check (SKIP_CONNECTIVITY_CHECK=true)
2025-08-09T09:57:55.4613020Z [0;32m[SUCCESS][0m Prerequisites check passed
2025-08-09T09:57:55.4614031Z 
2025-08-09T09:57:55.4614538Z [0;35m[PHASE][0m Initializing Ainux OS AI Cluster Build Environment
2025-08-09T09:57:55.4615187Z 
2025-08-09T09:57:55.4615425Z [0;34m[INFO][0m Build Configuration:
2025-08-09T09:57:55.4615908Z [0;34m[INFO][0m   Kernel Version: 6.6.58
2025-08-09T09:57:55.4616413Z [0;34m[INFO][0m   Cluster Mode: main
2025-08-09T09:57:55.4616901Z [0;34m[INFO][0m   Build Threads: 2
2025-08-09T09:57:55.4617640Z [0;34m[INFO][0m   GUI Enabled: false
2025-08-09T09:57:55.4618102Z [0;34m[INFO][0m   Build Directory: /home/runner/ainux-build
2025-08-09T09:57:55.4618489Z [0;34m[INFO][0m Installing build dependencies...
2025-08-09T09:57:55.4618922Z [0;34m[INFO][0m Detected CI environment - applying optimizations...
2025-08-09T09:57:57.0523489Z 
2025-08-09T09:57:57.0524094Z WARNING: apt does not have a stable CLI interface. Use with caution in scripts.
2025-08-09T09:57:57.0524430Z 
2025-08-09T09:57:57.0916808Z Reading package lists...
2025-08-09T09:57:57.2833373Z Building dependency tree...
2025-08-09T09:57:57.2845499Z Reading state information...
2025-08-09T09:57:57.4437875Z bc is already the newest version (1.07.1-3build1).
2025-08-09T09:57:57.4438529Z bison is already the newest version (2:3.8.2+dfsg-1build1).
2025-08-09T09:57:57.4439186Z build-essential is already the newest version (12.9ubuntu3).
2025-08-09T09:57:57.4440248Z dosfstools is already the newest version (4.2-1build3).
2025-08-09T09:57:57.4440642Z flex is already the newest version (2.6.4-8build2).
2025-08-09T09:57:57.4440991Z gcc is already the newest version (4:11.2.0-1ubuntu1).
2025-08-09T09:57:57.4441394Z genisoimage is already the newest version (9:1.1.11-3.2ubuntu1).
2025-08-09T09:57:57.4441794Z make is already the newest version (4.3-4.1build1).
2025-08-09T09:57:57.4442191Z mtools is already the newest version (4.0.33-1+really4.0.32-1build1).
2025-08-09T09:57:57.4442594Z pv is already the newest version (1.6.6-1build2).
2025-08-09T09:57:57.4442971Z squashfs-tools is already the newest version (1:4.5-3build1).
2025-08-09T09:57:57.4443475Z isolinux is already the newest version (3:6.04~git20190206.bf6db5b4+dfsg1-3ubuntu1).
2025-08-09T09:57:57.4444085Z syslinux-utils is already the newest version (3:6.04~git20190206.bf6db5b4+dfsg1-3ubuntu1).
2025-08-09T09:57:57.4444589Z xorriso is already the newest version (1.5.4-2).
2025-08-09T09:57:57.4445301Z curl is already the newest version (7.81.0-1ubuntu1.20).
2025-08-09T09:57:57.4445725Z debootstrap is already the newest version (1.0.126+nmu1ubuntu0.8).
2025-08-09T09:57:57.4446217Z grub-efi-amd64-bin is already the newest version (2.06-2ubuntu14.8).
2025-08-09T09:57:57.4446695Z grub-pc-bin is already the newest version (2.06-2ubuntu7.2).
2025-08-09T09:57:57.4447139Z libelf-dev is already the newest version (0.186-1ubuntu0.1).
2025-08-09T09:57:57.4447591Z libncurses-dev is already the newest version (6.3-2ubuntu0.1).
2025-08-09T09:57:57.4448053Z libssl-dev is already the newest version (3.0.2-0ubuntu1.19).
2025-08-09T09:57:57.4448529Z live-build is already the newest version (3.0~a57-1ubuntu41.22.04.1).
2025-08-09T09:57:57.4449049Z qemu-system-x86 is already the newest version (1:6.2+dfsg-2ubuntu6.26).
2025-08-09T09:57:57.4449535Z rsync is already the newest version (3.2.7-0ubuntu0.22.04.4).
2025-08-09T09:57:57.4449950Z wget is already the newest version (1.21.2-2ubuntu1.1).
2025-08-09T09:57:57.4450440Z nmap is already the newest version (7.91+dfsg1+really7.80+dfsg1-2ubuntu0.1).
2025-08-09T09:57:57.4450980Z python3-pip is already the newest version (22.0.2+dfsg-1ubuntu0.6).
2025-08-09T09:57:57.4451465Z git is already the newest version (1:2.50.1-0ppa1~ubuntu22.04.1).
2025-08-09T09:57:57.4822980Z The following NEW packages will be installed:
2025-08-09T09:57:57.4828696Z   dialog
2025-08-09T09:57:57.5120224Z 0 upgraded, 1 newly installed, 0 to remove and 16 not upgraded.
2025-08-09T09:57:57.5480494Z Need to get 303 kB of archives.
2025-08-09T09:57:57.5481248Z After this operation, 1258 kB of additional disk space will be used.
2025-08-09T09:57:57.5481930Z Get:1 file:/etc/apt/apt-mirrors.txt Mirrorlist [144 B]
2025-08-09T09:57:57.5968282Z Get:2 http://azure.archive.ubuntu.com/ubuntu jammy/universe amd64 dialog amd64 1.3-20211214-1 [303 kB]
2025-08-09T09:57:57.8999091Z Fetched 303 kB in 0s (4452 kB/s)
2025-08-09T09:57:57.9211517Z Selecting previously unselected package dialog.
2025-08-09T09:57:57.9281454Z (Reading database ... 
2025-08-09T09:57:57.9281870Z (Reading database ... 5%
2025-08-09T09:57:57.9282574Z (Reading database ... 10%
2025-08-09T09:57:57.9283060Z (Reading database ... 15%
2025-08-09T09:57:57.9283392Z (Reading database ... 20%
2025-08-09T09:57:57.9283766Z (Reading database ... 25%
2025-08-09T09:57:57.9284106Z (Reading database ... 30%
2025-08-09T09:57:57.9284456Z (Reading database ... 35%
2025-08-09T09:57:57.9284968Z (Reading database ... 40%
2025-08-09T09:57:57.9285312Z (Reading database ... 45%
2025-08-09T09:57:57.9285655Z (Reading database ... 50%
2025-08-09T09:57:57.9336618Z (Reading database ... 55%
2025-08-09T09:57:57.9370735Z (Reading database ... 60%
2025-08-09T09:57:57.9389078Z (Reading database ... 65%
2025-08-09T09:57:57.9471815Z (Reading database ... 70%
2025-08-09T09:57:57.9637730Z (Reading database ... 75%
2025-08-09T09:57:57.9666135Z (Reading database ... 80%
2025-08-09T09:57:57.9949776Z (Reading database ... 85%
2025-08-09T09:57:58.0026115Z (Reading database ... 90%
2025-08-09T09:57:58.0172646Z (Reading database ... 95%
2025-08-09T09:57:58.0173663Z (Reading database ... 100%
2025-08-09T09:57:58.0174281Z (Reading database ... 270634 files and directories currently installed.)
2025-08-09T09:57:58.0226632Z Preparing to unpack .../dialog_1.3-20211214-1_amd64.deb ...
2025-08-09T09:57:58.0235629Z Unpacking dialog (1.3-20211214-1) ...
2025-08-09T09:57:58.1144284Z Setting up dialog (1.3-20211214-1) ...
2025-08-09T09:57:58.1174290Z Processing triggers for man-db (2.10.2-1) ...
2025-08-09T09:57:58.6636945Z NEEDRESTART-VER: 3.5
2025-08-09T09:57:58.8988764Z NEEDRESTART-KCUR: 6.8.0-1031-azure
2025-08-09T09:57:58.8989325Z NEEDRESTART-KEXP: 6.8.0-1031-azure
2025-08-09T09:57:58.8989778Z NEEDRESTART-KSTA: 1
2025-08-09T09:57:58.8990233Z NEEDRESTART-SVC: hosted-compute-agent.service
2025-08-09T09:58:00.2595837Z [0;34m[INFO][0m Applying CI space optimizations...
2025-08-09T09:58:01.1977024Z Reading package lists...
2025-08-09T09:58:01.3926831Z Building dependency tree...
2025-08-09T09:58:01.3939269Z Reading state information...
2025-08-09T09:58:01.5512259Z The following packages will be REMOVED:
2025-08-09T09:58:01.5513594Z   apport-symptoms landscape-common libintl-perl libintl-xs-perl libisns0
2025-08-09T09:58:01.5514355Z   liblldb-13 liblldb-15 libmodule-find-perl libmodule-scandeps-perl libmspack0
2025-08-09T09:58:01.5515448Z   libopeniscsiusr libproc-processtable-perl libsort-naturally-perl
2025-08-09T09:58:01.5517666Z   libterm-readkey-perl libxmlsec1 libxmlsec1-openssl lxd-agent-loader
2025-08-09T09:58:01.5518482Z   needrestart open-iscsi open-vm-tools python3-apport python3-automat
2025-08-09T09:58:01.5519210Z   python3-bcrypt python3-click python3-colorama python3-constantly
2025-08-09T09:58:01.5519851Z   python3-hamcrest python3-hyperlink python3-incremental
2025-08-09T09:58:01.5520369Z   python3-problem-report python3-pyasn1 python3-pyasn1-modules
2025-08-09T09:58:01.5520888Z   python3-service-identity python3-systemd python3-twisted
2025-08-09T09:58:01.5521317Z   python3-zope.interface zerofree
2025-08-09T09:58:01.8213193Z 0 upgraded, 0 newly installed, 37 to remove and 14 not upgraded.
2025-08-09T09:58:01.8213754Z After this operation, 62.7 MB disk space will be freed.
2025-08-09T09:58:01.8436523Z (Reading database ... 
2025-08-09T09:58:01.8436938Z (Reading database ... 5%
2025-08-09T09:58:01.8437301Z (Reading database ... 10%
2025-08-09T09:58:01.8437600Z (Reading database ... 15%
2025-08-09T09:58:01.8437832Z (Reading database ... 20%
2025-08-09T09:58:01.8438056Z (Reading database ... 25%
2025-08-09T09:58:01.8438284Z (Reading database ... 30%
2025-08-09T09:58:01.8438507Z (Reading database ... 35%
2025-08-09T09:58:01.8438734Z (Reading database ... 40%
2025-08-09T09:58:01.8438952Z (Reading database ... 45%
2025-08-09T09:58:01.8439181Z (Reading database ... 50%
2025-08-09T09:58:01.8491335Z (Reading database ... 55%
2025-08-09T09:58:01.8524154Z (Reading database ... 60%
2025-08-09T09:58:01.8541749Z (Reading database ... 65%
2025-08-09T09:58:01.8641090Z (Reading database ... 70%
2025-08-09T09:58:01.8786054Z (Reading database ... 75%
2025-08-09T09:58:01.8814154Z (Reading database ... 80%
2025-08-09T09:58:01.9105459Z (Reading database ... 85%
2025-08-09T09:58:01.9181656Z (Reading database ... 90%
2025-08-09T09:58:01.9336355Z (Reading database ... 95%
2025-08-09T09:58:01.9336848Z (Reading database ... 100%
2025-08-09T09:58:01.9337654Z (Reading database ... 270787 files and directories currently installed.)
2025-08-09T09:58:01.9391660Z Removing apport-symptoms (0.24) ...
2025-08-09T09:58:01.9588342Z Removing landscape-common (23.02-0ubuntu1~22.04.4) ...
2025-08-09T09:58:02.0747249Z Removing libintl-xs-perl (1.26-3build2) ...
2025-08-09T09:58:02.0922788Z Removing needrestart (3.5-5ubuntu2.4) ...
2025-08-09T09:58:02.1435108Z Removing libintl-perl (1.26-3build2) ...
2025-08-09T09:58:02.1735268Z Removing open-iscsi (2.1.5-1ubuntu1.1) ...
2025-08-09T09:58:02.4042017Z Warning: Stopping iscsid.service, but it can still be activated by:
2025-08-09T09:58:02.4042612Z   iscsid.socket
2025-08-09T09:58:03.7910126Z Removing libisns0:amd64 (0.101-0ubuntu2) ...
2025-08-09T09:58:03.8108145Z Removing liblldb-13 (1:13.0.1-2ubuntu2.2) ...
2025-08-09T09:58:03.8329493Z Removing liblldb-15 (1:15.0.7-0ubuntu0.22.04.3) ...
2025-08-09T09:58:03.8754608Z Removing libmodule-find-perl (0.15-1) ...
2025-08-09T09:58:03.8922056Z Removing libmodule-scandeps-perl (1.31-1ubuntu0.1) ...
2025-08-09T09:58:03.9082878Z Removing open-vm-tools (2:12.3.5-3~ubuntu0.22.04.2) ...
2025-08-09T09:58:04.8554335Z Removing libmspack0:amd64 (0.10.1-2build2) ...
2025-08-09T09:58:04.8721175Z Removing libopeniscsiusr (2.1.5-1ubuntu1.1) ...
2025-08-09T09:58:04.8884413Z Removing libproc-processtable-perl:amd64 (0.634-1build1) ...
2025-08-09T09:58:04.9053650Z Removing libsort-naturally-perl (1.03-2) ...
2025-08-09T09:58:04.9212030Z Removing libterm-readkey-perl (2.38-1build4) ...
2025-08-09T09:58:04.9389797Z Removing libxmlsec1-openssl:amd64 (1.2.33-1build2) ...
2025-08-09T09:58:04.9544470Z Removing libxmlsec1:amd64 (1.2.33-1build2) ...
2025-08-09T09:58:04.9702335Z Removing lxd-agent-loader (0.5) ...
2025-08-09T09:58:05.4524076Z Removing python3-apport (2.20.11-0ubuntu82.9) ...
2025-08-09T09:58:05.5445717Z Removing python3-twisted (22.1.0-2ubuntu2.6) ...
2025-08-09T09:58:05.8310346Z Removing python3-automat (20.2.0-1) ...
2025-08-09T09:58:05.9231341Z Removing python3-bcrypt (3.2.0-1build1) ...
2025-08-09T09:58:06.0087382Z Removing python3-click (8.0.3-1) ...
2025-08-09T09:58:06.1008286Z Removing python3-colorama (0.4.4-1) ...
2025-08-09T09:58:06.1871020Z Removing python3-constantly (15.1.0-2) ...
2025-08-09T09:58:06.2737691Z Removing python3-hamcrest (2.0.2-2) ...
2025-08-09T09:58:06.3735018Z Removing python3-hyperlink (21.0.0-3) ...
2025-08-09T09:58:06.4612587Z Removing python3-incremental (21.3.0-1) ...
2025-08-09T09:58:06.5477941Z Removing python3-problem-report (2.20.11-0ubuntu82.9) ...
2025-08-09T09:58:06.6343432Z Removing python3-service-identity (18.1.0-6) ...
2025-08-09T09:58:06.7214046Z Removing python3-pyasn1-modules (0.2.1-1) ...
2025-08-09T09:58:06.8112514Z Removing python3-pyasn1 (0.4.8-1) ...
2025-08-09T09:58:06.9045441Z Removing python3-systemd (234-3ubuntu2) ...
2025-08-09T09:58:06.9978333Z Removing python3-zope.interface (5.4.0-1build1) ...
2025-08-09T09:58:07.0950417Z Removing zerofree (1.1.1-1build3) ...
2025-08-09T09:58:07.1457404Z Processing triggers for libc-bin (2.35-0ubuntu3.10) ...
2025-08-09T09:58:07.1615154Z Processing triggers for man-db (2.10.2-1) ...
2025-08-09T09:58:07.4914818Z Processing triggers for initramfs-tools (0.140ubuntu13.5) ...
2025-08-09T09:58:07.5629211Z update-initramfs: Generating /boot/initrd.img-6.8.0-1031-azure
2025-08-09T09:58:20.4671235Z [0;32m[SUCCESS][0m Build environment initialized
2025-08-09T09:58:20.4673324Z 
2025-08-09T09:58:20.4673780Z [0;35m[PHASE][0m Building Custom Kernel 6.6.58 with AI Optimizations
2025-08-09T09:58:20.4674239Z 
2025-08-09T09:58:20.4674522Z [0;34m[INFO][0m Downloading Linux kernel 6.6.58...
2025-08-09T09:58:20.4675439Z [0;34m[INFO][0m CI environment detected - using optimized download strategy
2025-08-09T09:58:20.4676284Z [0;34m[INFO][0m Downloading kernel tarball (faster than git clone)...
2025-08-09T09:58:20.4724095Z --2025-08-09 09:58:20--  https://www.kernel.org/pub/linux/kernel/v6.x/linux-6.6.58.tar.xz
2025-08-09T09:58:20.6449238Z Resolving www.kernel.org (www.kernel.org)... 146.75.77.55, 2a04:4e42:83::311
2025-08-09T09:58:20.6462841Z Connecting to www.kernel.org (www.kernel.org)|146.75.77.55|:443... connected.
2025-08-09T09:58:20.6550933Z HTTP request sent, awaiting response... 200 OK
2025-08-09T09:58:20.6551374Z Length: 140387240 (134M) [application/x-xz]
2025-08-09T09:58:20.6551879Z Saving to: ‘linux-6.6.58.tar.xz’
2025-08-09T09:58:20.6574605Z 
2025-08-09T09:58:20.6705213Z      0K ........ ........ ........ ........ ........ ........  2%  199M 1s
2025-08-09T09:58:20.6795265Z   3072K ........ ........ ........ ........ ........ ........  4%  331M 1s
2025-08-09T09:58:20.6886462Z   6144K ........ ........ ........ ........ ........ ........  6%  331M 0s
2025-08-09T09:58:20.6957323Z   9216K ........ ........ ........ ........ ........ ........  8%  417M 0s
2025-08-09T09:58:20.7047237Z  12288K ........ ........ ........ ........ ........ ........ 11%  333M 0s
2025-08-09T09:58:20.7133331Z  15360K ........ ........ ........ ........ ........ ........ 13%  358M 0s
2025-08-09T09:58:20.7217107Z  18432K ........ ........ ........ ........ ........ ........ 15%  349M 0s
2025-08-09T09:58:20.7300167Z  21504K ........ ........ ........ ........ ........ ........ 17%  361M 0s
2025-08-09T09:58:20.7387434Z  24576K ........ ........ ........ ........ ........ ........ 20%  348M 0s
2025-08-09T09:58:20.7475931Z  27648K ........ ........ ........ ........ ........ ........ 22%  337M 0s
2025-08-09T09:58:20.7564989Z  30720K ........ ........ ........ ........ ........ ........ 24%  340M 0s
2025-08-09T09:58:20.7653947Z  33792K ........ ........ ........ ........ ........ ........ 26%  335M 0s
2025-08-09T09:58:20.7741130Z  36864K ........ ........ ........ ........ ........ ........ 29%  343M 0s
2025-08-09T09:58:20.7823967Z  39936K ........ ........ ........ ........ ........ ........ 31%  360M 0s
2025-08-09T09:58:20.7914160Z  43008K ........ ........ ........ ........ ........ ........ 33%  335M 0s
2025-08-09T09:58:20.8000297Z  46080K ........ ........ ........ ........ ........ ........ 35%  346M 0s
2025-08-09T09:58:20.8076874Z  49152K ........ ........ ........ ........ ........ ........ 38%  395M 0s
2025-08-09T09:58:20.8162007Z  52224K ........ ........ ........ ........ ........ ........ 40%  350M 0s
2025-08-09T09:58:20.8244263Z  55296K ........ ........ ........ ........ ........ ........ 42%  365M 0s
2025-08-09T09:58:20.8331567Z  58368K ........ ........ ........ ........ ........ ........ 44%  347M 0s
2025-08-09T09:58:20.8417737Z  61440K ........ ........ ........ ........ ........ ........ 47%  345M 0s
2025-08-09T09:58:20.8506434Z  64512K ........ ........ ........ ........ ........ ........ 49%  339M 0s
2025-08-09T09:58:20.8593842Z  67584K ........ ........ ........ ........ ........ ........ 51%  347M 0s
2025-08-09T09:58:20.8680501Z  70656K ........ ........ ........ ........ ........ ........ 53%  346M 0s
2025-08-09T09:58:20.8768899Z  73728K ........ ........ ........ ........ ........ ........ 56%  337M 0s
2025-08-09T09:58:20.8853609Z  76800K ........ ........ ........ ........ ........ ........ 58%  355M 0s
2025-08-09T09:58:20.8939548Z  79872K ........ ........ ........ ........ ........ ........ 60%  345M 0s
2025-08-09T09:58:20.9023937Z  82944K ........ ........ ........ ........ ........ ........ 62%  356M 0s
2025-08-09T09:58:20.9107813Z  86016K ........ ........ ........ ........ ........ ........ 64%  357M 0s
2025-08-09T09:58:20.9191322Z  89088K ........ ........ ........ ........ ........ ........ 67%  364M 0s
2025-08-09T09:58:20.9277799Z  92160K ........ ........ ........ ........ ........ ........ 69%  351M 0s
2025-08-09T09:58:20.9365273Z  95232K ........ ........ ........ ........ ........ ........ 71%  338M 0s
2025-08-09T09:58:20.9451023Z  98304K ........ ........ ........ ........ ........ ........ 73%  350M 0s
2025-08-09T09:58:20.9538539Z 101376K ........ ........ ........ ........ ........ ........ 76%  346M 0s
2025-08-09T09:58:20.9623434Z 104448K ........ ........ ........ ........ ........ ........ 78%  348M 0s
2025-08-09T09:58:20.9709937Z 107520K ........ ........ ........ ........ ........ ........ 80%  346M 0s
2025-08-09T09:58:20.9795857Z 110592K ........ ........ ........ ........ ........ ........ 82%  354M 0s
2025-08-09T09:58:20.9867528Z 113664K ........ ........ ........ ........ ........ ........ 85%  423M 0s
2025-08-09T09:58:20.9939897Z 116736K ........ ........ ........ ........ ........ ........ 87%  412M 0s
2025-08-09T09:58:21.0010205Z 119808K ........ ........ ........ ........ ........ ........ 89%  427M 0s
2025-08-09T09:58:21.0083232Z 122880K ........ ........ ........ ........ ........ ........ 91%  407M 0s
2025-08-09T09:58:21.0156431Z 125952K ........ ........ ........ ........ ........ ........ 94%  411M 0s
2025-08-09T09:58:21.0223031Z 129024K ........ ........ ........ ........ ........ ........ 96%  452M 0s
2025-08-09T09:58:21.0286809Z 132096K ........ ........ ........ ........ ........ ........ 98%  462M 0s
2025-08-09T09:58:21.0319012Z 135168K ........ ........ ........ ......                    100%  561M=0.4s
2025-08-09T09:58:21.0319373Z 
2025-08-09T09:58:21.0320176Z 2025-08-09 09:58:21 (355 MB/s) - ‘linux-6.6.58.tar.xz’ saved [140387240/140387240]
2025-08-09T09:58:21.0320610Z 
2025-08-09T09:58:21.0333897Z [0;34m[INFO][0m ✓ Kernel tarball downloaded successfully from kernel.org
2025-08-09T09:58:21.0334341Z [0;34m[INFO][0m Extracting kernel source...
2025-08-09T09:58:30.4389869Z [0;32m[SUCCESS][0m Kernel source extracted successfully
2025-08-09T09:58:30.4390567Z [0;34m[INFO][0m Applying AI/NPU optimization patches...
2025-08-09T09:58:30.4435127Z [0;34m[INFO][0m Script directory: /home/runner/ainux-build/kernel/linux
2025-08-09T09:58:30.4435973Z [0;34m[INFO][0m Initial patch directory: /home/runner/ainux-build/kernel/linux/patches
2025-08-09T09:58:30.4440036Z [0;34m[INFO][0m Current working directory: /home/runner/ainux-build/kernel/linux
2025-08-09T09:58:30.4440869Z [0;34m[INFO][0m Script location: ./ainux-builder.sh
2025-08-09T09:58:30.4441512Z [0;34m[INFO][0m Primary patch directory not found, trying alternatives...
2025-08-09T09:58:30.4463351Z [0;34m[INFO][0m Found patches at CI path: /home/runner/work/ainux/ainux/patches
2025-08-09T09:58:30.4464329Z [0;34m[INFO][0m Using local patches from repository: /home/runner/work/ainux/ainux/patches
2025-08-09T09:58:30.4500841Z [0;34m[INFO][0m Available patches: 6.6-cluster-networking-simple 6.6-cluster-networking 6.6-npu-kconfig-fix 6.6-npu-support 6.6-rocm-optimizations-simple 6.6-rocm-optimizations 6.6-tpu-support tpu-integration 
2025-08-09T09:58:30.4502359Z [0;34m[INFO][0m Applying NPU support patch...
2025-08-09T09:58:30.5034320Z patching file drivers/Kconfig
2025-08-09T09:58:30.5035044Z Hunk #1 succeeded at 243 with fuzz 2 (offset 3 lines).
2025-08-09T09:58:30.5035572Z patching file drivers/Makefile
2025-08-09T09:58:30.5036587Z patching file drivers/npu/Kconfig
2025-08-09T09:58:30.5037590Z patching file drivers/npu/Makefile
2025-08-09T09:58:30.5038648Z patching file drivers/npu/npu-core.c
2025-08-09T09:58:30.5041228Z patching file drivers/npu/rockchip-npu.c
2025-08-09T09:58:30.5043347Z patching file include/uapi/linux/npu.h
2025-08-09T09:58:30.5044405Z patching file drivers/npu/arm-ethos-npu.c
2025-08-09T09:58:30.5045475Z patching file drivers/npu/intel-vpu.c
2025-08-09T09:58:30.5046495Z patching file drivers/npu/qualcomm-npu.c
2025-08-09T09:58:30.5047203Z patching file drivers/npu/mediatek-apu.c
2025-08-09T09:58:30.5048284Z patching file drivers/npu/google-tpu.c
2025-08-09T09:58:30.5048990Z patching file drivers/npu/npu-debug.c
2025-08-09T09:58:30.5056370Z [0;34m[INFO][0m Applying simplified ROCm optimization patch...
2025-08-09T09:58:30.5071061Z patching file drivers/gpu/drm/amd/amdgpu/amdgpu_cs.c
2025-08-09T09:58:30.5071565Z Hunk #1 succeeded at 1274 with fuzz 3.
2025-08-09T09:58:30.5078406Z [0;34m[INFO][0m Applying simplified cluster networking patch...
2025-08-09T09:58:30.5094580Z patching file net/core/dev.c
2025-08-09T09:58:30.5100533Z Hunk #1 succeeded at 5354 with fuzz 2 (offset -166 lines).
2025-08-09T09:58:30.5107559Z [0;34m[INFO][0m Configuring kernel for AI workloads...
2025-08-09T09:58:30.5553898Z [0;34m[INFO][0m Applying AI hardware optimizations to kernel config...
2025-08-09T09:58:30.5554619Z [0;34m[INFO][0m Enabling mandatory NPU support for AI cluster...
2025-08-09T09:58:30.6491553Z [0;34m[INFO][0m Enabling mandatory AMD ROCm support...
2025-08-09T09:58:31.0680690Z   HOSTCC  scripts/basic/fixdep
2025-08-09T09:58:31.2237980Z   HOSTCC  scripts/kconfig/conf.o
2025-08-09T09:58:31.3924901Z   HOSTCC  scripts/kconfig/confdata.o
2025-08-09T09:58:31.6145720Z   HOSTCC  scripts/kconfig/expr.o
2025-08-09T09:58:31.7991141Z   LEX     scripts/kconfig/lexer.lex.c
2025-08-09T09:58:31.9089666Z   YACC    scripts/kconfig/parser.tab.[ch]
2025-08-09T09:58:32.0849081Z   HOSTCC  scripts/kconfig/lexer.lex.o
2025-08-09T09:58:32.3215441Z   HOSTCC  scripts/kconfig/menu.o
2025-08-09T09:58:32.4781689Z   HOSTCC  scripts/kconfig/parser.tab.o
2025-08-09T09:58:32.6706034Z   HOSTCC  scripts/kconfig/preprocess.o
2025-08-09T09:58:32.7699407Z   HOSTCC  scripts/kconfig/symbol.o
2025-08-09T09:58:33.0260026Z   HOSTCC  scripts/kconfig/util.o
2025-08-09T09:58:33.0737479Z   HOSTLD  scripts/kconfig/conf
2025-08-09T09:58:39.8511348Z drivers/Kconfig:248: unexpected 'menu' within if block
2025-08-09T09:58:40.2167623Z <none>:34: syntax error
2025-08-09T09:58:40.2168115Z drivers/Kconfig:2: missing end statement for this entry
2025-08-09T09:58:40.2178587Z make[2]: *** [scripts/kconfig/Makefile:77: oldconfig] Error 1
2025-08-09T09:58:40.2181636Z make[1]: *** [/home/runner/ainux-build/kernel/linux/Makefile:697: oldconfig] Error 2
2025-08-09T09:58:40.2183612Z make: *** [Makefile:234: __sub-make] Error 2
2025-08-09T09:58:40.2191927Z + echo 'Build timed out or failed'
2025-08-09T09:58:40.2192343Z Build timed out or failed
2025-08-09T09:58:40.2192712Z === Last 100 lines of any available logs ===
2025-08-09T09:58:40.2193168Z + echo '=== Last 100 lines of any available logs ==='
2025-08-09T09:58:40.2196267Z + find /home/runner/ainux-build/logs -name '*.log' -exec tail -50 '{}' ';'
2025-08-09T09:58:40.2217646Z patching file net/core/dev.c
2025-08-09T09:58:40.2218139Z Hunk #1 succeeded at 5354 with fuzz 2 (offset -166 lines).
2025-08-09T09:58:40.2227684Z patching file drivers/Kconfig
2025-08-09T09:58:40.2228169Z Hunk #1 succeeded at 243 with fuzz 2 (offset 3 lines).
2025-08-09T09:58:40.2228562Z patching file drivers/Makefile
2025-08-09T09:58:40.2228793Z patching file drivers/npu/Kconfig
2025-08-09T09:58:40.2229046Z patching file drivers/npu/Makefile
2025-08-09T09:58:40.2229297Z patching file drivers/npu/npu-core.c
2025-08-09T09:58:40.2229563Z patching file drivers/npu/rockchip-npu.c
2025-08-09T09:58:40.2229824Z patching file include/uapi/linux/npu.h
2025-08-09T09:58:40.2230094Z patching file drivers/npu/arm-ethos-npu.c
2025-08-09T09:58:40.2230352Z patching file drivers/npu/intel-vpu.c
2025-08-09T09:58:40.2230614Z patching file drivers/npu/qualcomm-npu.c
2025-08-09T09:58:40.2230872Z patching file drivers/npu/mediatek-apu.c
2025-08-09T09:58:40.2231110Z patching file drivers/npu/google-tpu.c
2025-08-09T09:58:40.2231349Z patching file drivers/npu/npu-debug.c
2025-08-09T09:58:40.2237672Z patching file drivers/gpu/drm/amd/amdgpu/amdgpu_cs.c
2025-08-09T09:58:40.2238162Z Hunk #1 succeeded at 1274 with fuzz 3.
2025-08-09T09:58:40.2241172Z + echo '=== Environment Variables ==='
2025-08-09T09:58:40.2241614Z === Environment Variables ===
2025-08-09T09:58:40.2243067Z + env
2025-08-09T09:58:40.2245689Z + grep -E '(CLUSTER_MODE|ENABLE_GUI|SKIP_|BUILD_)'
2025-08-09T09:58:40.2258594Z BUILD_THREADS=2
2025-08-09T09:58:40.2258951Z DOTNET_SKIP_FIRST_TIME_EXPERIENCE=1
2025-08-09T09:58:40.2259353Z SKIP_QEMU_TEST=true
2025-08-09T09:58:40.2259665Z CLUSTER_MODE=main
2025-08-09T09:58:40.2259872Z SKIP_CONNECTIVITY_CHECK=true
2025-08-09T09:58:40.2260113Z ENABLE_GUI=false
2025-08-09T09:58:40.2260625Z + echo '=== Disk Usage ==='
2025-08-09T09:58:40.2261291Z === Disk Usage ===
2025-08-09T09:58:40.2262545Z + df -h
2025-08-09T09:58:40.2272690Z Filesystem      Size  Used Avail Use% Mounted on
2025-08-09T09:58:40.2273159Z /dev/root        73G   38G   36G  52% /
2025-08-09T09:58:40.2273572Z tmpfs           7.9G  172K  7.9G   1% /dev/shm
2025-08-09T09:58:40.2273868Z tmpfs           3.2G  1.1M  3.2G   1% /run
2025-08-09T09:58:40.2274269Z tmpfs           5.0M     0  5.0M   0% /run/lock
2025-08-09T09:58:40.2274903Z /dev/sda15      105M  6.1M   99M   6% /boot/efi
2025-08-09T09:58:40.2275348Z /dev/sdb1        74G  9.2G   61G  14% /mnt
2025-08-09T09:58:40.2275664Z tmpfs           1.6G   12K  1.6G   1% /run/user/1001
2025-08-09T09:58:40.2275934Z tmpfs           7.9G     0  7.9G   0% /run/qemu
2025-08-09T09:58:40.2276191Z + echo '=== Memory Usage ==='
2025-08-09T09:58:40.2276389Z + free -h
2025-08-09T09:58:40.2276554Z === Memory Usage ===
2025-08-09T09:58:40.2290671Z                total        used        free      shared  buff/cache   available
2025-08-09T09:58:40.2291335Z Mem:            15Gi       651Mi        10Gi        45Mi       4.7Gi        14Gi
2025-08-09T09:58:40.2291636Z Swap:          4.0Gi          0B       4.0Gi
2025-08-09T09:58:40.2293099Z + exit 1
2025-08-09T09:58:40.2307912Z ##[error]Process completed with exit code 1.
2025-08-09T09:58:40.2397785Z Post job cleanup.
2025-08-09T09:58:40.3331789Z [command]/usr/bin/git version
2025-08-09T09:58:40.3366697Z git version 2.50.1
2025-08-09T09:58:40.3409088Z Temporarily overriding HOME='/home/runner/work/_temp/2a81c11d-da7b-4b73-9bf7-61aff53d9a6f' before making global git config changes
2025-08-09T09:58:40.3410029Z Adding repository directory to the temporary git global config as a safe directory
2025-08-09T09:58:40.3414408Z [command]/usr/bin/git config --global --add safe.directory /home/runner/work/ainux/ainux
2025-08-09T09:58:40.3449294Z [command]/usr/bin/git config --local --name-only --get-regexp core\.sshCommand
2025-08-09T09:58:40.3481165Z [command]/usr/bin/git submodule foreach --recursive sh -c "git config --local --name-only --get-regexp 'core\.sshCommand' && git config --local --unset-all 'core.sshCommand' || :"
2025-08-09T09:58:40.3704826Z [command]/usr/bin/git config --local --name-only --get-regexp http\.https\:\/\/github\.com\/\.extraheader
2025-08-09T09:58:40.3725581Z http.https://github.com/.extraheader
2025-08-09T09:58:40.3738497Z [command]/usr/bin/git config --local --unset-all http.https://github.com/.extraheader
2025-08-09T09:58:40.3769517Z [command]/usr/bin/git submodule foreach --recursive sh -c "git config --local --name-only --get-regexp 'http\.https\:\/\/github\.com\/\.extraheader' && git config --local --unset-all 'http.https://github.com/.extraheader' || :"
2025-08-09T09:58:40.4103145Z Cleaning up orphan processes
