2025-08-09T09:55:37.4032834Z Current runner version: '2.327.1'
2025-08-09T09:55:37.4065170Z ##[group]Runner Image Provisioner
2025-08-09T09:55:37.4066655Z Hosted Compute Agent
2025-08-09T09:55:37.4067533Z Version: 20250711.363
2025-08-09T09:55:37.4068672Z Commit: 6785254374ce925a23743850c1cb91912ce5c14c
2025-08-09T09:55:37.4069827Z Build Date: 2025-07-11T20:04:25Z
2025-08-09T09:55:37.4071091Z ##[endgroup]
2025-08-09T09:55:37.4072000Z ##[group]Operating System
2025-08-09T09:55:37.4072921Z Ubuntu
2025-08-09T09:55:37.4073793Z 22.04.5
2025-08-09T09:55:37.4074605Z LTS
2025-08-09T09:55:37.4075278Z ##[endgroup]
2025-08-09T09:55:37.4076475Z ##[group]Runner Image
2025-08-09T09:55:37.4077487Z Image: ubuntu-22.04
2025-08-09T09:55:37.4078293Z Version: 20250804.2.0
2025-08-09T09:55:37.4080066Z Included Software: https://github.com/actions/runner-images/blob/ubuntu22/20250804.2/images/ubuntu/Ubuntu2204-Readme.md
2025-08-09T09:55:37.4082846Z Image Release: https://github.com/actions/runner-images/releases/tag/ubuntu22%2F20250804.2
2025-08-09T09:55:37.4084658Z ##[endgroup]
2025-08-09T09:55:37.4089244Z ##[group]GITHUB_TOKEN Permissions
2025-08-09T09:55:37.4092377Z Actions: write
2025-08-09T09:55:37.4093325Z Attestations: write
2025-08-09T09:55:37.4094320Z Checks: write
2025-08-09T09:55:37.4095206Z Contents: write
2025-08-09T09:55:37.4096300Z Deployments: write
2025-08-09T09:55:37.4097138Z Discussions: write
2025-08-09T09:55:37.4098195Z Issues: write
2025-08-09T09:55:37.4099032Z Metadata: read
2025-08-09T09:55:37.4100402Z Models: read
2025-08-09T09:55:37.4101523Z Packages: write
2025-08-09T09:55:37.4102322Z Pages: write
2025-08-09T09:55:37.4103273Z PullRequests: write
2025-08-09T09:55:37.4104355Z RepositoryProjects: write
2025-08-09T09:55:37.4105274Z SecurityEvents: write
2025-08-09T09:55:37.4106533Z Statuses: write
2025-08-09T09:55:37.4107561Z ##[endgroup]
2025-08-09T09:55:37.4110776Z Secret source: Actions
2025-08-09T09:55:37.4112334Z Prepare workflow directory
2025-08-09T09:55:37.4497419Z Prepare all required actions
2025-08-09T09:55:37.4552671Z Getting action download info
2025-08-09T09:55:37.7504438Z ##[group]Download immutable action package 'actions/checkout@v4'
2025-08-09T09:55:37.7505529Z Version: 4.2.2
2025-08-09T09:55:37.7506893Z Digest: sha256:ccb2698953eaebd21c7bf6268a94f9c26518a7e38e27e0b83c1fe1ad049819b1
2025-08-09T09:55:37.7508059Z Source commit SHA: 11bd71901bbe5b1630ceea73d27597364c9af683
2025-08-09T09:55:37.7508824Z ##[endgroup]
2025-08-09T09:55:37.8668348Z ##[group]Download immutable action package 'actions/upload-artifact@v4'
2025-08-09T09:55:37.8669151Z Version: 4.6.2
2025-08-09T09:55:37.8669989Z Digest: sha256:290722aa3281d5caf23d0acdc3dbeb3424786a1a01a9cc97e72f147225e37c38
2025-08-09T09:55:37.8670922Z Source commit SHA: ea165f8d65b6e75b540449e92b4886f43607fa02
2025-08-09T09:55:37.8671562Z ##[endgroup]
2025-08-09T09:55:38.1596703Z Complete job name: build-test (main, true)
2025-08-09T09:55:38.2274413Z ##[group]Run actions/checkout@v4
2025-08-09T09:55:38.2275277Z with:
2025-08-09T09:55:38.2275654Z   lfs: true
2025-08-09T09:55:38.2276215Z   repository: yaotagroep/ainux
2025-08-09T09:55:38.2276895Z   token: ***
2025-08-09T09:55:38.2277284Z   ssh-strict: true
2025-08-09T09:55:38.2277684Z   ssh-user: git
2025-08-09T09:55:38.2278080Z   persist-credentials: true
2025-08-09T09:55:38.2278524Z   clean: true
2025-08-09T09:55:38.2278913Z   sparse-checkout-cone-mode: true
2025-08-09T09:55:38.2279386Z   fetch-depth: 1
2025-08-09T09:55:38.2279762Z   fetch-tags: false
2025-08-09T09:55:38.2280159Z   show-progress: true
2025-08-09T09:55:38.2280567Z   submodules: false
2025-08-09T09:55:38.2280959Z   set-safe-directory: true
2025-08-09T09:55:38.2281638Z ##[endgroup]
2025-08-09T09:55:38.3346537Z Syncing repository: yaotagroep/ainux
2025-08-09T09:55:38.3348433Z ##[group]Getting Git version info
2025-08-09T09:55:38.3349083Z Working directory is '/home/runner/work/ainux/ainux'
2025-08-09T09:55:38.3350060Z [command]/usr/bin/git version
2025-08-09T09:55:38.3455055Z git version 2.50.1
2025-08-09T09:55:38.3505847Z [command]/usr/bin/git lfs version
2025-08-09T09:55:39.1850252Z git-lfs/3.7.0 (GitHub; linux amd64; go 1.24.4)
2025-08-09T09:55:39.1865434Z ##[endgroup]
2025-08-09T09:55:39.1881050Z Temporarily overriding HOME='/home/runner/work/_temp/d98fe706-342a-49d3-87f0-7f55771528ca' before making global git config changes
2025-08-09T09:55:39.1883583Z Adding repository directory to the temporary git global config as a safe directory
2025-08-09T09:55:39.1886420Z [command]/usr/bin/git config --global --add safe.directory /home/runner/work/ainux/ainux
2025-08-09T09:55:39.1923925Z Deleting the contents of '/home/runner/work/ainux/ainux'
2025-08-09T09:55:39.1928012Z ##[group]Initializing the repository
2025-08-09T09:55:39.1931826Z [command]/usr/bin/git init /home/runner/work/ainux/ainux
2025-08-09T09:55:39.1998210Z hint: Using 'master' as the name for the initial branch. This default branch name
2025-08-09T09:55:39.2000162Z hint: is subject to change. To configure the initial branch name to use in all
2025-08-09T09:55:39.2001980Z hint: of your new repositories, which will suppress this warning, call:
2025-08-09T09:55:39.2003266Z hint:
2025-08-09T09:55:39.2004046Z hint: 	git config --global init.defaultBranch <name>
2025-08-09T09:55:39.2004969Z hint:
2025-08-09T09:55:39.2005661Z hint: Names commonly chosen instead of 'master' are 'main', 'trunk' and
2025-08-09T09:55:39.2007400Z hint: 'development'. The just-created branch can be renamed via this command:
2025-08-09T09:55:39.2008751Z hint:
2025-08-09T09:55:39.2009388Z hint: 	git branch -m <name>
2025-08-09T09:55:39.2010144Z hint:
2025-08-09T09:55:39.2010936Z hint: Disable this message with "git config set advice.defaultBranchName false"
2025-08-09T09:55:39.2012219Z Initialized empty Git repository in /home/runner/work/ainux/ainux/.git/
2025-08-09T09:55:39.2014652Z [command]/usr/bin/git remote add origin https://github.com/yaotagroep/ainux
2025-08-09T09:55:39.2048317Z ##[endgroup]
2025-08-09T09:55:39.2049142Z ##[group]Disabling automatic garbage collection
2025-08-09T09:55:39.2053484Z [command]/usr/bin/git config --local gc.auto 0
2025-08-09T09:55:39.2079965Z ##[endgroup]
2025-08-09T09:55:39.2081314Z ##[group]Setting up auth
2025-08-09T09:55:39.2087406Z [command]/usr/bin/git config --local --name-only --get-regexp core\.sshCommand
2025-08-09T09:55:39.2117083Z [command]/usr/bin/git submodule foreach --recursive sh -c "git config --local --name-only --get-regexp 'core\.sshCommand' && git config --local --unset-all 'core.sshCommand' || :"
2025-08-09T09:55:39.2357224Z [command]/usr/bin/git config --local --name-only --get-regexp http\.https\:\/\/github\.com\/\.extraheader
2025-08-09T09:55:39.2388118Z [command]/usr/bin/git submodule foreach --recursive sh -c "git config --local --name-only --get-regexp 'http\.https\:\/\/github\.com\/\.extraheader' && git config --local --unset-all 'http.https://github.com/.extraheader' || :"
2025-08-09T09:55:39.2618072Z [command]/usr/bin/git config --local http.https://github.com/.extraheader AUTHORIZATION: basic ***
2025-08-09T09:55:39.2653090Z ##[endgroup]
2025-08-09T09:55:39.2657409Z [command]/usr/bin/git lfs install --local
2025-08-09T09:55:39.3044958Z Updated Git hooks.
2025-08-09T09:55:39.3045842Z Git LFS initialized.
2025-08-09T09:55:39.3069853Z ##[group]Fetching the repository
2025-08-09T09:55:39.3072618Z [command]/usr/bin/git -c protocol.version=2 fetch --no-tags --prune --no-recurse-submodules --depth=1 origin +ce2e66a2aa7ee8c471971acb4ff3d32bea462474:refs/remotes/origin/main
2025-08-09T09:55:39.8788515Z From https://github.com/yaotagroep/ainux
2025-08-09T09:55:39.8791155Z  * [new ref]         ce2e66a2aa7ee8c471971acb4ff3d32bea462474 -> origin/main
2025-08-09T09:55:39.8815441Z ##[endgroup]
2025-08-09T09:55:39.8816795Z ##[group]Determining the checkout info
2025-08-09T09:55:39.8818321Z ##[endgroup]
2025-08-09T09:55:39.8819317Z ##[group]Fetching LFS objects
2025-08-09T09:55:39.8824690Z [command]/usr/bin/git lfs fetch origin refs/remotes/origin/main
2025-08-09T09:55:39.9043245Z Fetching reference refs/remotes/origin/main
2025-08-09T09:55:39.9848664Z ##[endgroup]
2025-08-09T09:55:39.9852826Z [command]/usr/bin/git sparse-checkout disable
2025-08-09T09:55:39.9894586Z [command]/usr/bin/git config --local --unset-all extensions.worktreeConfig
2025-08-09T09:55:39.9922139Z ##[group]Checking out the ref
2025-08-09T09:55:39.9925257Z [command]/usr/bin/git checkout --progress --force -B main refs/remotes/origin/main
2025-08-09T09:55:40.0473237Z Switched to a new branch 'main'
2025-08-09T09:55:40.0475210Z branch 'main' set up to track 'origin/main'.
2025-08-09T09:55:40.0724929Z ##[endgroup]
2025-08-09T09:55:40.0759275Z [command]/usr/bin/git log -1 --format=%H
2025-08-09T09:55:40.0781728Z ce2e66a2aa7ee8c471971acb4ff3d32bea462474
2025-08-09T09:55:40.0988795Z ##[group]Run echo "⏳ Reclaiming space..."
2025-08-09T09:55:40.0990291Z [36;1mecho "⏳ Reclaiming space..."[0m
2025-08-09T09:55:40.0991638Z [36;1msudo rm -rf /usr/local/lib/android[0m
2025-08-09T09:55:40.0993014Z [36;1msudo rm -rf /usr/local/share/boost[0m
2025-08-09T09:55:40.0994345Z [36;1msudo rm -rf /usr/share/dotnet[0m
2025-08-09T09:55:40.0995566Z [36;1msudo rm -rf /opt/ghc[0m
2025-08-09T09:55:40.0997007Z [36;1msudo rm -rf /opt/hostedtoolcache[0m
2025-08-09T09:55:40.0998270Z [36;1msudo apt-get clean[0m
2025-08-09T09:55:40.0999432Z [36;1msudo rm -rf "$AGENT_TOOLSDIRECTORY"[0m
2025-08-09T09:55:40.1000684Z [36;1mdf -h[0m
2025-08-09T09:55:40.1001524Z [36;1m [0m
2025-08-09T09:55:40.1033592Z shell: /usr/bin/bash -e {0}
2025-08-09T09:55:40.1034695Z ##[endgroup]
2025-08-09T09:55:40.1110460Z ⏳ Reclaiming space...
2025-08-09T09:57:23.7092102Z Filesystem      Size  Used Avail Use% Mounted on
2025-08-09T09:57:23.7092621Z /dev/root        73G   36G   37G  50% /
2025-08-09T09:57:23.7093131Z tmpfs           7.9G  172K  7.9G   1% /dev/shm
2025-08-09T09:57:23.7093541Z tmpfs           3.2G  1.1M  3.2G   1% /run
2025-08-09T09:57:23.7093949Z tmpfs           5.0M     0  5.0M   0% /run/lock
2025-08-09T09:57:23.7094347Z /dev/sda15      105M  6.1M   99M   6% /boot/efi
2025-08-09T09:57:23.7094764Z /dev/sdb1        74G  4.1G   66G   6% /mnt
2025-08-09T09:57:23.7095187Z tmpfs           1.6G   12K  1.6G   1% /run/user/1001
2025-08-09T09:57:23.7128365Z ##[group]Run sudo apt-get update
2025-08-09T09:57:23.7128658Z [36;1msudo apt-get update[0m
2025-08-09T09:57:23.7128876Z [36;1msudo apt-get install -y \[0m
2025-08-09T09:57:23.7129238Z [36;1m  git build-essential libncurses-dev bison flex libssl-dev \[0m
2025-08-09T09:57:23.7129664Z [36;1m  libelf-dev bc gcc make debootstrap live-build squashfs-tools \[0m
2025-08-09T09:57:23.7130055Z [36;1m  dosfstools xorriso isolinux syslinux-utils genisoimage \[0m
2025-08-09T09:57:23.7130432Z [36;1m  qemu-system-x86 python3-pip nmap curl wget rsync pv \[0m
2025-08-09T09:57:23.7130763Z [36;1m  grub-pc-bin grub-efi-amd64-bin mtools[0m
2025-08-09T09:57:23.7131049Z [36;1m  [0m
2025-08-09T09:57:23.7158712Z shell: /usr/bin/bash -e {0}
2025-08-09T09:57:23.7158930Z ##[endgroup]
2025-08-09T09:57:23.8104139Z Get:1 file:/etc/apt/apt-mirrors.txt Mirrorlist [144 B]
2025-08-09T09:57:23.9190910Z Get:6 https://packages.microsoft.com/repos/azure-cli jammy InRelease [3596 B]
2025-08-09T09:57:23.9321619Z Get:7 https://packages.microsoft.com/ubuntu/22.04/prod jammy InRelease [3632 B]
2025-08-09T09:57:23.9731491Z Hit:2 http://azure.archive.ubuntu.com/ubuntu jammy InRelease
2025-08-09T09:57:23.9741177Z Get:3 http://azure.archive.ubuntu.com/ubuntu jammy-updates InRelease [128 kB]
2025-08-09T09:57:23.9768039Z Get:4 http://azure.archive.ubuntu.com/ubuntu jammy-backports InRelease [127 kB]
2025-08-09T09:57:23.9785659Z Get:5 http://azure.archive.ubuntu.com/ubuntu jammy-security InRelease [129 kB]
2025-08-09T09:57:23.9810793Z Get:8 https://packages.microsoft.com/repos/azure-cli jammy/main amd64 Packages [2575 B]
2025-08-09T09:57:24.0258007Z Get:9 https://packages.microsoft.com/ubuntu/22.04/prod jammy/main amd64 Packages [239 kB]
2025-08-09T09:57:24.0707091Z Get:10 https://packages.microsoft.com/ubuntu/22.04/prod jammy/main arm64 Packages [75.0 kB]
2025-08-09T09:57:24.3406415Z Get:11 http://azure.archive.ubuntu.com/ubuntu jammy-security/main Translation-en [379 kB]
2025-08-09T09:57:26.9099179Z Fetched 1087 kB in 1s (1746 kB/s)
2025-08-09T09:57:27.7370382Z Reading package lists...
2025-08-09T09:57:27.7949047Z Reading package lists...
2025-08-09T09:57:27.9657759Z Building dependency tree...
2025-08-09T09:57:27.9668623Z Reading state information...
2025-08-09T09:57:28.1047296Z bc is already the newest version (1.07.1-3build1).
2025-08-09T09:57:28.1047845Z bc set to manually installed.
2025-08-09T09:57:28.1048309Z bison is already the newest version (2:3.8.2+dfsg-1build1).
2025-08-09T09:57:28.1048924Z build-essential is already the newest version (12.9ubuntu3).
2025-08-09T09:57:28.1049494Z build-essential set to manually installed.
2025-08-09T09:57:28.1049983Z dosfstools is already the newest version (4.2-1build3).
2025-08-09T09:57:28.1050500Z dosfstools set to manually installed.
2025-08-09T09:57:28.1051098Z flex is already the newest version (2.6.4-8build2).
2025-08-09T09:57:28.1051719Z gcc is already the newest version (4:11.2.0-1ubuntu1).
2025-08-09T09:57:28.1052260Z make is already the newest version (4.3-4.1build1).
2025-08-09T09:57:28.1052821Z squashfs-tools is already the newest version (1:4.5-3build1).
2025-08-09T09:57:28.1053737Z squashfs-tools set to manually installed.
2025-08-09T09:57:28.1055352Z xorriso is already the newest version (1.5.4-2).
2025-08-09T09:57:28.1055893Z curl is already the newest version (7.81.0-1ubuntu1.20).
2025-08-09T09:57:28.1056816Z grub-efi-amd64-bin is already the newest version (2.06-2ubuntu14.8).
2025-08-09T09:57:28.1057454Z grub-efi-amd64-bin set to manually installed.
2025-08-09T09:57:28.1057989Z grub-pc-bin is already the newest version (2.06-2ubuntu7.2).
2025-08-09T09:57:28.1058678Z grub-pc-bin set to manually installed.
2025-08-09T09:57:28.1059343Z libncurses-dev is already the newest version (6.3-2ubuntu0.1).
2025-08-09T09:57:28.1059884Z libncurses-dev set to manually installed.
2025-08-09T09:57:28.1060385Z libssl-dev is already the newest version (3.0.2-0ubuntu1.19).
2025-08-09T09:57:28.1060971Z rsync is already the newest version (3.2.7-0ubuntu0.22.04.4).
2025-08-09T09:57:28.1062064Z wget is already the newest version (1.21.2-2ubuntu1.1).
2025-08-09T09:57:28.1062675Z python3-pip is already the newest version (22.0.2+dfsg-1ubuntu0.6).
2025-08-09T09:57:28.1063319Z git is already the newest version (1:2.50.1-0ppa1~ubuntu22.04.1).
2025-08-09T09:57:28.1063879Z The following additional packages will be installed:
2025-08-09T09:57:28.1064508Z   cpu-checker gstreamer1.0-plugins-base gstreamer1.0-plugins-good
2025-08-09T09:57:28.1065268Z   gstreamer1.0-x ibverbs-providers ipxe-qemu ipxe-qemu-256k-compat-efi-roms
2025-08-09T09:57:28.1066138Z   libaa1 libasyncns0 libavc1394-0 libboost-iostreams1.74.0
2025-08-09T09:57:28.1066827Z   libboost-thread1.74.0 libbrlapi0.8 libcaca0 libcacard0 libcdparanoia0
2025-08-09T09:57:28.1067628Z   libdaxctl1 libdecor-0-0 libdecor-0-plugin-1-cairo libdv4 libfdt1 libflac8
2025-08-09T09:57:28.1068460Z   libgfapi0 libgfrpc0 libgfxdr0 libglusterfs0 libgstreamer-plugins-base1.0-0
2025-08-09T09:57:28.1069296Z   libgstreamer-plugins-good1.0-0 libibverbs1 libiec61883-0 libiscsi7
2025-08-09T09:57:28.1070000Z   libjack-jackd2-0 liblinear4 libmp3lame0 libmpg123-0 libndctl6
2025-08-09T09:57:28.1070698Z   libnl-route-3-200 libopus0 liborc-0.4-0 libpcsclite1 libpmem1 libpmemobj1
2025-08-09T09:57:28.1071439Z   libpulse0 librados2 libraw1394-11 librbd1 librdmacm1 libsamplerate0
2025-08-09T09:57:28.1072161Z   libsdl2-2.0-0 libshout3 libsndfile1 libspeex1 libspice-server1 libtag1v5
2025-08-09T09:57:28.1072910Z   libtag1v5-vanilla libtheora0 libtwolame0 liburing2 libusbredirparser1
2025-08-09T09:57:28.1073650Z   libv4l-0 libv4lconvert0 libvirglrenderer1 libvisual-0.4-0 libvorbisenc2
2025-08-09T09:57:28.1074381Z   libvpx7 libvte-2.91-0 libvte-2.91-common libwavpack1 libxv1 lua-lpeg
2025-08-09T09:57:28.1075057Z   msr-tools nmap-common ovmf qemu-block-extra qemu-system-common
2025-08-09T09:57:28.1075724Z   qemu-system-data qemu-system-gui qemu-utils seabios syslinux-common
2025-08-09T09:57:28.1076432Z Suggested packages:
2025-08-09T09:57:28.1077180Z   squid-deb-proxy-client debian-archive-keyring arch-test wodim cdrkit-doc
2025-08-09T09:57:28.1077949Z   gvfs libdv-bin oss-compat libvisual-0.4-plugins jackd2 liblinear-tools
2025-08-09T09:57:28.1078629Z   liblinear-dev opus-tools pcscd pulseaudio libraw1394-doc speex
2025-08-09T09:57:28.1079357Z   gstreamer1.0-libav gstreamer1.0-plugins-ugly memtest86+ | memtest86 syslinux
2025-08-09T09:57:28.1080129Z   | grub win32-loader gnu-fdisk floppyd ncat ndiff zenmap doc-base samba vde2
2025-08-09T09:57:28.1080712Z   libcrypt-passwdmd5-perl
2025-08-09T09:57:28.1375875Z The following NEW packages will be installed:
2025-08-09T09:57:28.1376688Z   cpu-checker debootstrap genisoimage gstreamer1.0-plugins-base
2025-08-09T09:57:28.1377407Z   gstreamer1.0-plugins-good gstreamer1.0-x ibverbs-providers ipxe-qemu
2025-08-09T09:57:28.1378149Z   ipxe-qemu-256k-compat-efi-roms isolinux libaa1 libasyncns0 libavc1394-0
2025-08-09T09:57:28.1378916Z   libboost-iostreams1.74.0 libboost-thread1.74.0 libbrlapi0.8 libcaca0
2025-08-09T09:57:28.1379756Z   libcacard0 libcdparanoia0 libdaxctl1 libdecor-0-0 libdecor-0-plugin-1-cairo
2025-08-09T09:57:28.1380610Z   libdv4 libelf-dev libfdt1 libflac8 libgfapi0 libgfrpc0 libgfxdr0
2025-08-09T09:57:28.1381507Z   libglusterfs0 libgstreamer-plugins-base1.0-0 libgstreamer-plugins-good1.0-0
2025-08-09T09:57:28.1382329Z   libibverbs1 libiec61883-0 libiscsi7 libjack-jackd2-0 liblinear4 libmp3lame0
2025-08-09T09:57:28.1384776Z   libmpg123-0 libndctl6 libnl-route-3-200 libopus0 liborc-0.4-0 libpcsclite1
2025-08-09T09:57:28.1385817Z   libpmem1 libpmemobj1 libpulse0 librados2 libraw1394-11 librbd1 librdmacm1
2025-08-09T09:57:28.1386712Z   libsamplerate0 libsdl2-2.0-0 libshout3 libsndfile1 libspeex1
2025-08-09T09:57:28.1387392Z   libspice-server1 libtag1v5 libtag1v5-vanilla libtheora0 libtwolame0
2025-08-09T09:57:28.1388113Z   liburing2 libusbredirparser1 libv4l-0 libv4lconvert0 libvirglrenderer1
2025-08-09T09:57:28.1388611Z   libvisual-0.4-0 libvorbisenc2 libvpx7 libvte-2.91-0 libvte-2.91-common
2025-08-09T09:57:28.1389533Z   libwavpack1 libxv1 live-build lua-lpeg msr-tools mtools nmap nmap-common
2025-08-09T09:57:28.1390066Z   ovmf pv qemu-block-extra qemu-system-common qemu-system-data qemu-system-gui
2025-08-09T09:57:28.1390546Z   qemu-system-x86 qemu-utils seabios syslinux-common syslinux-utils
2025-08-09T09:57:28.1559466Z 0 upgraded, 90 newly installed, 0 to remove and 16 not upgraded.
2025-08-09T09:57:28.1560026Z Need to get 53.2 MB of archives.
2025-08-09T09:57:28.1560534Z After this operation, 193 MB of additional disk space will be used.
2025-08-09T09:57:28.1561125Z Get:1 file:/etc/apt/apt-mirrors.txt Mirrorlist [144 B]
2025-08-09T09:57:28.2568336Z Get:2 http://azure.archive.ubuntu.com/ubuntu jammy/main amd64 msr-tools amd64 1.3-4 [10.3 kB]
2025-08-09T09:57:28.2989800Z Get:3 http://azure.archive.ubuntu.com/ubuntu jammy/main amd64 cpu-checker amd64 0.7-1.3build1 [6800 B]
2025-08-09T09:57:28.3399977Z Get:4 http://azure.archive.ubuntu.com/ubuntu jammy/main amd64 genisoimage amd64 9:1.1.11-3.2ubuntu1 [370 kB]
2025-08-09T09:57:28.3885052Z Get:5 http://azure.archive.ubuntu.com/ubuntu jammy/main amd64 libcdparanoia0 amd64 3.10.2+debian-14build2 [49.3 kB]
2025-08-09T09:57:28.4302202Z Get:6 http://azure.archive.ubuntu.com/ubuntu jammy-updates/main amd64 liborc-0.4-0 amd64 1:0.4.32-2ubuntu0.1 [228 kB]
2025-08-09T09:57:28.4750272Z Get:7 http://azure.archive.ubuntu.com/ubuntu jammy-updates/main amd64 libgstreamer-plugins-base1.0-0 amd64 1.20.1-1ubuntu0.4 [848 kB]
2025-08-09T09:57:28.5615264Z Get:8 http://azure.archive.ubuntu.com/ubuntu jammy/main amd64 libopus0 amd64 1.3.1-0.1build2 [203 kB]
2025-08-09T09:57:28.6060275Z Get:9 http://azure.archive.ubuntu.com/ubuntu jammy/main amd64 libtheora0 amd64 1.1.1+dfsg.1-15ubuntu4 [209 kB]
2025-08-09T09:57:28.6554232Z Get:10 http://azure.archive.ubuntu.com/ubuntu jammy/main amd64 libvisual-0.4-0 amd64 0.4.0-17build2 [108 kB]
2025-08-09T09:57:28.6975466Z Get:11 http://azure.archive.ubuntu.com/ubuntu jammy/main amd64 libvorbisenc2 amd64 1.3.7-1build2 [82.6 kB]
2025-08-09T09:57:28.7395789Z Get:12 http://azure.archive.ubuntu.com/ubuntu jammy-updates/main amd64 gstreamer1.0-plugins-base amd64 1.20.1-1ubuntu0.4 [712 kB]
2025-08-09T09:57:28.8251736Z Get:13 http://azure.archive.ubuntu.com/ubuntu jammy/main amd64 libaa1 amd64 1.4p5-50build1 [51.9 kB]
2025-08-09T09:57:28.8675628Z Get:14 http://azure.archive.ubuntu.com/ubuntu jammy/main amd64 libraw1394-11 amd64 2.1.2-2build2 [27.0 kB]
2025-08-09T09:57:28.9103236Z Get:15 http://azure.archive.ubuntu.com/ubuntu jammy/main amd64 libavc1394-0 amd64 0.5.4-5build2 [17.0 kB]
2025-08-09T09:57:28.9520782Z Get:16 http://azure.archive.ubuntu.com/ubuntu jammy/main amd64 libcaca0 amd64 0.99.beta19-2.2ubuntu4 [224 kB]
2025-08-09T09:57:28.9968561Z Get:17 http://azure.archive.ubuntu.com/ubuntu jammy/main amd64 libdv4 amd64 1.0.0-14build1 [61.9 kB]
2025-08-09T09:57:29.0407277Z Get:18 http://azure.archive.ubuntu.com/ubuntu jammy-updates/main amd64 libflac8 amd64 1.3.3-2ubuntu0.2 [111 kB]
2025-08-09T09:57:29.0829692Z Get:19 http://azure.archive.ubuntu.com/ubuntu jammy-updates/main amd64 libgstreamer-plugins-good1.0-0 amd64 1.20.3-0ubuntu1.3 [30.1 kB]
2025-08-09T09:57:29.1263105Z Get:20 http://azure.archive.ubuntu.com/ubuntu jammy/main amd64 libiec61883-0 amd64 1.2.0-4build3 [25.9 kB]
2025-08-09T09:57:29.1680400Z Get:21 http://azure.archive.ubuntu.com/ubuntu jammy/main amd64 libsamplerate0 amd64 0.2.2-1build1 [1359 kB]
2025-08-09T09:57:29.2928589Z Get:22 http://azure.archive.ubuntu.com/ubuntu jammy/main amd64 libjack-jackd2-0 amd64 1.9.20~dfsg-1 [293 kB]
2025-08-09T09:57:29.3411217Z Get:23 http://azure.archive.ubuntu.com/ubuntu jammy/main amd64 libmp3lame0 amd64 3.100-3build2 [141 kB]
2025-08-09T09:57:29.3849809Z Get:24 http://azure.archive.ubuntu.com/ubuntu jammy-updates/main amd64 libmpg123-0 amd64 1.29.3-1ubuntu0.1 [172 kB]
2025-08-09T09:57:29.4298459Z Get:25 http://azure.archive.ubuntu.com/ubuntu jammy/main amd64 libasyncns0 amd64 0.8-6build2 [12.8 kB]
2025-08-09T09:57:29.4733185Z Get:26 http://azure.archive.ubuntu.com/ubuntu jammy-updates/main amd64 libsndfile1 amd64 1.0.31-2ubuntu0.2 [196 kB]
2025-08-09T09:57:29.5158515Z Get:27 http://azure.archive.ubuntu.com/ubuntu jammy-updates/main amd64 libpulse0 amd64 1:15.99.1+dfsg1-1ubuntu2.2 [298 kB]
2025-08-09T09:57:29.5658247Z Get:28 http://azure.archive.ubuntu.com/ubuntu jammy/main amd64 libspeex1 amd64 1.2~rc1.2-1.1ubuntu3 [57.9 kB]
2025-08-09T09:57:29.6082816Z Get:29 http://azure.archive.ubuntu.com/ubuntu jammy/main amd64 libshout3 amd64 2.4.5-1build3 [54.5 kB]
2025-08-09T09:57:29.6500921Z Get:30 http://azure.archive.ubuntu.com/ubuntu jammy/main amd64 libtag1v5-vanilla amd64 1.11.1+dfsg.1-3ubuntu3 [304 kB]
2025-08-09T09:57:29.6982994Z Get:31 http://azure.archive.ubuntu.com/ubuntu jammy/main amd64 libtag1v5 amd64 1.11.1+dfsg.1-3ubuntu3 [11.5 kB]
2025-08-09T09:57:29.7433401Z Get:32 http://azure.archive.ubuntu.com/ubuntu jammy/main amd64 libtwolame0 amd64 0.4.0-2build2 [52.5 kB]
2025-08-09T09:57:29.7855156Z Get:33 http://azure.archive.ubuntu.com/ubuntu jammy/main amd64 libv4lconvert0 amd64 1.22.1-2build1 [82.4 kB]
2025-08-09T09:57:29.8276805Z Get:34 http://azure.archive.ubuntu.com/ubuntu jammy/main amd64 libv4l-0 amd64 1.22.1-2build1 [44.9 kB]
2025-08-09T09:57:29.8695244Z Get:35 http://azure.archive.ubuntu.com/ubuntu jammy-updates/main amd64 libvpx7 amd64 1.11.0-2ubuntu2.4 [1078 kB]
2025-08-09T09:57:29.9599649Z Get:36 http://azure.archive.ubuntu.com/ubuntu jammy/main amd64 libwavpack1 amd64 5.4.0-1build2 [83.7 kB]
2025-08-09T09:57:30.0064783Z Get:37 http://azure.archive.ubuntu.com/ubuntu jammy-updates/main amd64 gstreamer1.0-plugins-good amd64 1.20.3-0ubuntu1.3 [2010 kB]
2025-08-09T09:57:30.1665771Z Get:38 http://azure.archive.ubuntu.com/ubuntu jammy/main amd64 libxv1 amd64 2:1.0.11-1build2 [11.2 kB]
2025-08-09T09:57:30.2088192Z Get:39 http://azure.archive.ubuntu.com/ubuntu jammy-updates/main amd64 gstreamer1.0-x amd64 1.20.1-1ubuntu0.4 [85.1 kB]
2025-08-09T09:57:30.2501939Z Get:40 http://azure.archive.ubuntu.com/ubuntu jammy/main amd64 libnl-route-3-200 amd64 3.5.0-0.1 [180 kB]
2025-08-09T09:57:30.2929871Z Get:41 http://azure.archive.ubuntu.com/ubuntu jammy/main amd64 libibverbs1 amd64 39.0-1 [69.3 kB]
2025-08-09T09:57:30.3351917Z Get:42 http://azure.archive.ubuntu.com/ubuntu jammy/main amd64 ibverbs-providers amd64 39.0-1 [341 kB]
2025-08-09T09:57:30.3819959Z Get:43 http://azure.archive.ubuntu.com/ubuntu jammy/main amd64 ipxe-qemu all 1.21.1+git-20220113.fbbdc3926-0ubuntu1 [1569 kB]
2025-08-09T09:57:30.5111392Z Get:44 http://azure.archive.ubuntu.com/ubuntu jammy/main amd64 ipxe-qemu-256k-compat-efi-roms all 1.0.0+git-20150424.a25a16d-0ubuntu4 [552 kB]
2025-08-09T09:57:30.8257832Z Get:45 http://azure.archive.ubuntu.com/ubuntu jammy/universe amd64 isolinux all 3:6.04~git20190206.bf6db5b4+dfsg1-3ubuntu1 [60.1 kB]
2025-08-09T09:57:30.8709666Z Get:46 http://azure.archive.ubuntu.com/ubuntu jammy/main amd64 libboost-iostreams1.74.0 amd64 1.74.0-14ubuntu3 [245 kB]
2025-08-09T09:57:30.9204760Z Get:47 http://azure.archive.ubuntu.com/ubuntu jammy/main amd64 libboost-thread1.74.0 amd64 1.74.0-14ubuntu3 [262 kB]
2025-08-09T09:57:30.9694883Z Get:48 http://azure.archive.ubuntu.com/ubuntu jammy-updates/main amd64 libbrlapi0.8 amd64 6.4-4ubuntu3 [28.7 kB]
2025-08-09T09:57:31.0141298Z Get:49 http://azure.archive.ubuntu.com/ubuntu jammy-updates/main amd64 libpcsclite1 amd64 1.9.5-3ubuntu1 [19.8 kB]
2025-08-09T09:57:31.0644821Z Get:50 http://azure.archive.ubuntu.com/ubuntu jammy/main amd64 libcacard0 amd64 1:2.8.0-3build2 [38.0 kB]
2025-08-09T09:57:31.1037489Z Get:51 http://azure.archive.ubuntu.com/ubuntu jammy/main amd64 libdaxctl1 amd64 72.1-1 [19.8 kB]
2025-08-09T09:57:31.1485919Z Get:52 http://azure.archive.ubuntu.com/ubuntu jammy/main amd64 libdecor-0-0 amd64 0.1.0-3build1 [15.1 kB]
2025-08-09T09:57:31.1931680Z Get:53 http://azure.archive.ubuntu.com/ubuntu jammy/main amd64 libdecor-0-plugin-1-cairo amd64 0.1.0-3build1 [20.4 kB]
2025-08-09T09:57:31.2380887Z Get:54 http://azure.archive.ubuntu.com/ubuntu jammy-updates/main amd64 libelf-dev amd64 0.186-1ubuntu0.1 [64.4 kB]
2025-08-09T09:57:31.2829714Z Get:55 http://azure.archive.ubuntu.com/ubuntu jammy-updates/main amd64 libgfxdr0 amd64 10.1-1ubuntu0.2 [22.3 kB]
2025-08-09T09:57:31.3277094Z Get:56 http://azure.archive.ubuntu.com/ubuntu jammy-updates/main amd64 libglusterfs0 amd64 10.1-1ubuntu0.2 [287 kB]
2025-08-09T09:57:31.3786185Z Get:57 http://azure.archive.ubuntu.com/ubuntu jammy-updates/main amd64 libgfrpc0 amd64 10.1-1ubuntu0.2 [47.1 kB]
2025-08-09T09:57:31.4235452Z Get:58 http://azure.archive.ubuntu.com/ubuntu jammy-updates/main amd64 libgfapi0 amd64 10.1-1ubuntu0.2 [77.3 kB]
2025-08-09T09:57:31.4710766Z Get:59 http://azure.archive.ubuntu.com/ubuntu jammy/main amd64 librdmacm1 amd64 39.0-1 [71.2 kB]
2025-08-09T09:57:31.5136268Z Get:60 http://azure.archive.ubuntu.com/ubuntu jammy/main amd64 libiscsi7 amd64 1.19.0-3build2 [70.6 kB]
2025-08-09T09:57:31.5576471Z Get:61 http://azure.archive.ubuntu.com/ubuntu jammy/universe amd64 liblinear4 amd64 2.3.0+dfsg-5 [41.4 kB]
2025-08-09T09:57:31.5993428Z Get:62 http://azure.archive.ubuntu.com/ubuntu jammy/main amd64 libndctl6 amd64 72.1-1 [57.7 kB]
2025-08-09T09:57:31.6415663Z Get:63 http://azure.archive.ubuntu.com/ubuntu jammy/main amd64 libpmem1 amd64 1.11.1-3build1 [81.4 kB]
2025-08-09T09:57:31.6838824Z Get:64 http://azure.archive.ubuntu.com/ubuntu jammy/main amd64 libpmemobj1 amd64 1.11.1-3build1 [124 kB]
2025-08-09T09:57:31.7271699Z Get:65 http://azure.archive.ubuntu.com/ubuntu jammy-updates/main amd64 librados2 amd64 17.2.7-0ubuntu0.22.04.2 [3594 kB]
2025-08-09T09:57:31.8992585Z Get:66 http://azure.archive.ubuntu.com/ubuntu jammy-updates/main amd64 librbd1 amd64 17.2.7-0ubuntu0.22.04.2 [3548 kB]
2025-08-09T09:57:32.0741216Z Get:67 http://azure.archive.ubuntu.com/ubuntu jammy-updates/main amd64 libsdl2-2.0-0 amd64 2.0.20+dfsg-2ubuntu1.22.04.1 [582 kB]
2025-08-09T09:57:32.1662898Z Get:68 http://azure.archive.ubuntu.com/ubuntu jammy/main amd64 libspice-server1 amd64 0.15.0-2ubuntu4 [351 kB]
2025-08-09T09:57:32.2147471Z Get:69 http://azure.archive.ubuntu.com/ubuntu jammy/main amd64 liburing2 amd64 2.1-2build1 [10.3 kB]
2025-08-09T09:57:32.2591282Z Get:70 http://azure.archive.ubuntu.com/ubuntu jammy/main amd64 libusbredirparser1 amd64 0.11.0-2build1 [15.9 kB]
2025-08-09T09:57:32.3038777Z Get:71 http://azure.archive.ubuntu.com/ubuntu jammy/main amd64 libvirglrenderer1 amd64 0.9.1-1~exp1ubuntu2 [188 kB]
2025-08-09T09:57:32.3500170Z Get:72 http://azure.archive.ubuntu.com/ubuntu jammy-updates/main amd64 libvte-2.91-common amd64 0.68.0-1ubuntu0.1 [9408 B]
2025-08-09T09:57:32.3945609Z Get:73 http://azure.archive.ubuntu.com/ubuntu jammy-updates/main amd64 libvte-2.91-0 amd64 0.68.0-1ubuntu0.1 [214 kB]
2025-08-09T09:57:32.4413698Z Get:74 http://azure.archive.ubuntu.com/ubuntu jammy-updates/main amd64 debootstrap all 1.0.126+nmu1ubuntu0.8 [40.6 kB]
2025-08-09T09:57:32.4873803Z Get:75 http://azure.archive.ubuntu.com/ubuntu jammy-updates/main amd64 live-build all 3.0~a57-1ubuntu41.22.04.1 [132 kB]
2025-08-09T09:57:32.5335327Z Get:76 http://azure.archive.ubuntu.com/ubuntu jammy/universe amd64 lua-lpeg amd64 1.0.2-1 [31.4 kB]
2025-08-09T09:57:32.5795808Z Get:77 http://azure.archive.ubuntu.com/ubuntu jammy/main amd64 mtools amd64 4.0.33-1+really4.0.32-1build1 [201 kB]
2025-08-09T09:57:32.6262427Z Get:78 http://azure.archive.ubuntu.com/ubuntu jammy-updates/universe amd64 nmap-common all 7.91+dfsg1+really7.80+dfsg1-2ubuntu0.1 [3940 kB]
2025-08-09T09:57:32.8462515Z Get:79 http://azure.archive.ubuntu.com/ubuntu jammy/main amd64 pv amd64 1.6.6-1build2 [44.5 kB]
2025-08-09T09:57:32.8908419Z Get:80 http://azure.archive.ubuntu.com/ubuntu jammy/main amd64 libfdt1 amd64 1.6.1-1 [20.0 kB]
2025-08-09T09:57:32.9352673Z Get:81 http://azure.archive.ubuntu.com/ubuntu jammy-updates/main amd64 qemu-system-common amd64 1:6.2+dfsg-2ubuntu6.26 [2047 kB]
2025-08-09T09:57:33.0736542Z Get:82 http://azure.archive.ubuntu.com/ubuntu jammy-updates/main amd64 qemu-system-data all 1:6.2+dfsg-2ubuntu6.26 [1430 kB]
2025-08-09T09:57:33.2069178Z Get:83 http://azure.archive.ubuntu.com/ubuntu jammy/main amd64 seabios all 1.15.0-1 [174 kB]
2025-08-09T09:57:33.2547226Z Get:84 http://azure.archive.ubuntu.com/ubuntu jammy-updates/main amd64 qemu-system-x86 amd64 1:6.2+dfsg-2ubuntu6.26 [10.1 MB]
2025-08-09T09:57:33.6123819Z Get:85 http://azure.archive.ubuntu.com/ubuntu jammy-updates/main amd64 qemu-utils amd64 1:6.2+dfsg-2ubuntu6.26 [1527 kB]
2025-08-09T09:57:33.7460098Z Get:86 http://azure.archive.ubuntu.com/ubuntu jammy-updates/main amd64 qemu-block-extra amd64 1:6.2+dfsg-2ubuntu6.26 [68.2 kB]
2025-08-09T09:57:33.7923856Z Get:87 http://azure.archive.ubuntu.com/ubuntu jammy-updates/main amd64 qemu-system-gui amd64 1:6.2+dfsg-2ubuntu6.26 [220 kB]
2025-08-09T09:57:33.8401029Z Get:88 http://azure.archive.ubuntu.com/ubuntu jammy/main amd64 syslinux-common all 3:6.04~git20190206.bf6db5b4+dfsg1-3ubuntu1 [1271 kB]
2025-08-09T09:57:33.9701072Z Get:89 http://azure.archive.ubuntu.com/ubuntu jammy/universe amd64 syslinux-utils amd64 3:6.04~git20190206.bf6db5b4+dfsg1-3ubuntu1 [50.9 kB]
2025-08-09T09:57:34.0152551Z Get:90 http://azure.archive.ubuntu.com/ubuntu jammy-updates/universe amd64 nmap amd64 7.91+dfsg1+really7.80+dfsg1-2ubuntu0.1 [1731 kB]
2025-08-09T09:57:34.1527884Z Get:91 http://azure.archive.ubuntu.com/ubuntu jammy-updates/main amd64 ovmf all 2022.02-3ubuntu0.22.04.3 [7561 kB]
2025-08-09T09:57:34.7717153Z Fetched 53.2 MB in 6s (8538 kB/s)
2025-08-09T09:57:34.7951133Z Selecting previously unselected package msr-tools.
2025-08-09T09:57:34.8179265Z (Reading database ... 
2025-08-09T09:57:34.8179659Z (Reading database ... 5%
2025-08-09T09:57:34.8180040Z (Reading database ... 10%
2025-08-09T09:57:34.8180369Z (Reading database ... 15%
2025-08-09T09:57:34.8180630Z (Reading database ... 20%
2025-08-09T09:57:34.8180825Z (Reading database ... 25%
2025-08-09T09:57:34.8181014Z (Reading database ... 30%
2025-08-09T09:57:34.8181216Z (Reading database ... 35%
2025-08-09T09:57:34.8181408Z (Reading database ... 40%
2025-08-09T09:57:34.8181602Z (Reading database ... 45%
2025-08-09T09:57:34.8181790Z (Reading database ... 50%
2025-08-09T09:57:34.8527544Z (Reading database ... 55%
2025-08-09T09:57:34.8782396Z (Reading database ... 60%
2025-08-09T09:57:34.9014663Z (Reading database ... 65%
2025-08-09T09:57:34.9309002Z (Reading database ... 70%
2025-08-09T09:57:34.9817651Z (Reading database ... 75%
2025-08-09T09:57:35.0134463Z (Reading database ... 80%
2025-08-09T09:57:35.0788426Z (Reading database ... 85%
2025-08-09T09:57:35.1135585Z (Reading database ... 90%
2025-08-09T09:57:35.1608172Z (Reading database ... 95%
2025-08-09T09:57:35.1608580Z (Reading database ... 100%
2025-08-09T09:57:35.1609012Z (Reading database ... 267991 files and directories currently installed.)
2025-08-09T09:57:35.1662317Z Preparing to unpack .../00-msr-tools_1.3-4_amd64.deb ...
2025-08-09T09:57:35.1688600Z Unpacking msr-tools (1.3-4) ...
2025-08-09T09:57:35.1927641Z Selecting previously unselected package cpu-checker.
2025-08-09T09:57:35.2085500Z Preparing to unpack .../01-cpu-checker_0.7-1.3build1_amd64.deb ...
2025-08-09T09:57:35.2093831Z Unpacking cpu-checker (0.7-1.3build1) ...
2025-08-09T09:57:35.2300950Z Selecting previously unselected package genisoimage.
2025-08-09T09:57:35.2457088Z Preparing to unpack .../02-genisoimage_9%3a1.1.11-3.2ubuntu1_amd64.deb ...
2025-08-09T09:57:35.2464689Z Unpacking genisoimage (9:1.1.11-3.2ubuntu1) ...
2025-08-09T09:57:35.2814176Z Selecting previously unselected package libcdparanoia0:amd64.
2025-08-09T09:57:35.2973798Z Preparing to unpack .../03-libcdparanoia0_3.10.2+debian-14build2_amd64.deb ...
2025-08-09T09:57:35.2992932Z Unpacking libcdparanoia0:amd64 (3.10.2+debian-14build2) ...
2025-08-09T09:57:35.3215402Z Selecting previously unselected package liborc-0.4-0:amd64.
2025-08-09T09:57:35.3375901Z Preparing to unpack .../04-liborc-0.4-0_1%3a0.4.32-2ubuntu0.1_amd64.deb ...
2025-08-09T09:57:35.3384003Z Unpacking liborc-0.4-0:amd64 (1:0.4.32-2ubuntu0.1) ...
2025-08-09T09:57:35.3636885Z Selecting previously unselected package libgstreamer-plugins-base1.0-0:amd64.
2025-08-09T09:57:35.3798685Z Preparing to unpack .../05-libgstreamer-plugins-base1.0-0_1.20.1-1ubuntu0.4_amd64.deb ...
2025-08-09T09:57:35.3809832Z Unpacking libgstreamer-plugins-base1.0-0:amd64 (1.20.1-1ubuntu0.4) ...
2025-08-09T09:57:35.4133076Z Selecting previously unselected package libopus0:amd64.
2025-08-09T09:57:35.4292878Z Preparing to unpack .../06-libopus0_1.3.1-0.1build2_amd64.deb ...
2025-08-09T09:57:35.4301196Z Unpacking libopus0:amd64 (1.3.1-0.1build2) ...
2025-08-09T09:57:35.4528414Z Selecting previously unselected package libtheora0:amd64.
2025-08-09T09:57:35.4687006Z Preparing to unpack .../07-libtheora0_1.1.1+dfsg.1-15ubuntu4_amd64.deb ...
2025-08-09T09:57:35.4694627Z Unpacking libtheora0:amd64 (1.1.1+dfsg.1-15ubuntu4) ...
2025-08-09T09:57:35.4932038Z Selecting previously unselected package libvisual-0.4-0:amd64.
2025-08-09T09:57:35.5090508Z Preparing to unpack .../08-libvisual-0.4-0_0.4.0-17build2_amd64.deb ...
2025-08-09T09:57:35.5099430Z Unpacking libvisual-0.4-0:amd64 (0.4.0-17build2) ...
2025-08-09T09:57:35.5324131Z Selecting previously unselected package libvorbisenc2:amd64.
2025-08-09T09:57:35.5485312Z Preparing to unpack .../09-libvorbisenc2_1.3.7-1build2_amd64.deb ...
2025-08-09T09:57:35.5493297Z Unpacking libvorbisenc2:amd64 (1.3.7-1build2) ...
2025-08-09T09:57:35.5719798Z Selecting previously unselected package gstreamer1.0-plugins-base:amd64.
2025-08-09T09:57:35.5879006Z Preparing to unpack .../10-gstreamer1.0-plugins-base_1.20.1-1ubuntu0.4_amd64.deb ...
2025-08-09T09:57:35.5886703Z Unpacking gstreamer1.0-plugins-base:amd64 (1.20.1-1ubuntu0.4) ...
2025-08-09T09:57:35.6208297Z Selecting previously unselected package libaa1:amd64.
2025-08-09T09:57:35.6368854Z Preparing to unpack .../11-libaa1_1.4p5-50build1_amd64.deb ...
2025-08-09T09:57:35.6377311Z Unpacking libaa1:amd64 (1.4p5-50build1) ...
2025-08-09T09:57:35.6586885Z Selecting previously unselected package libraw1394-11:amd64.
2025-08-09T09:57:35.6745363Z Preparing to unpack .../12-libraw1394-11_2.1.2-2build2_amd64.deb ...
2025-08-09T09:57:35.6753610Z Unpacking libraw1394-11:amd64 (2.1.2-2build2) ...
2025-08-09T09:57:35.6960827Z Selecting previously unselected package libavc1394-0:amd64.
2025-08-09T09:57:35.7121006Z Preparing to unpack .../13-libavc1394-0_0.5.4-5build2_amd64.deb ...
2025-08-09T09:57:35.7131297Z Unpacking libavc1394-0:amd64 (0.5.4-5build2) ...
2025-08-09T09:57:35.7336580Z Selecting previously unselected package libcaca0:amd64.
2025-08-09T09:57:35.7494580Z Preparing to unpack .../14-libcaca0_0.99.beta19-2.2ubuntu4_amd64.deb ...
2025-08-09T09:57:35.7502791Z Unpacking libcaca0:amd64 (0.99.beta19-2.2ubuntu4) ...
2025-08-09T09:57:35.7750008Z Selecting previously unselected package libdv4:amd64.
2025-08-09T09:57:35.7908046Z Preparing to unpack .../15-libdv4_1.0.0-14build1_amd64.deb ...
2025-08-09T09:57:35.7916231Z Unpacking libdv4:amd64 (1.0.0-14build1) ...
2025-08-09T09:57:35.8136742Z Selecting previously unselected package libflac8:amd64.
2025-08-09T09:57:35.8298170Z Preparing to unpack .../16-libflac8_1.3.3-2ubuntu0.2_amd64.deb ...
2025-08-09T09:57:35.8307726Z Unpacking libflac8:amd64 (1.3.3-2ubuntu0.2) ...
2025-08-09T09:57:35.8539292Z Selecting previously unselected package libgstreamer-plugins-good1.0-0:amd64.
2025-08-09T09:57:35.8701016Z Preparing to unpack .../17-libgstreamer-plugins-good1.0-0_1.20.3-0ubuntu1.3_amd64.deb ...
2025-08-09T09:57:35.8709951Z Unpacking libgstreamer-plugins-good1.0-0:amd64 (1.20.3-0ubuntu1.3) ...
2025-08-09T09:57:35.8925370Z Selecting previously unselected package libiec61883-0:amd64.
2025-08-09T09:57:35.9085600Z Preparing to unpack .../18-libiec61883-0_1.2.0-4build3_amd64.deb ...
2025-08-09T09:57:35.9093480Z Unpacking libiec61883-0:amd64 (1.2.0-4build3) ...
2025-08-09T09:57:35.9298013Z Selecting previously unselected package libsamplerate0:amd64.
2025-08-09T09:57:35.9457940Z Preparing to unpack .../19-libsamplerate0_0.2.2-1build1_amd64.deb ...
2025-08-09T09:57:35.9466302Z Unpacking libsamplerate0:amd64 (0.2.2-1build1) ...
2025-08-09T09:57:35.9733662Z Selecting previously unselected package libjack-jackd2-0:amd64.
2025-08-09T09:57:35.9894173Z Preparing to unpack .../20-libjack-jackd2-0_1.9.20~dfsg-1_amd64.deb ...
2025-08-09T09:57:35.9902460Z Unpacking libjack-jackd2-0:amd64 (1.9.20~dfsg-1) ...
2025-08-09T09:57:36.0150466Z Selecting previously unselected package libmp3lame0:amd64.
2025-08-09T09:57:36.0311095Z Preparing to unpack .../21-libmp3lame0_3.100-3build2_amd64.deb ...
2025-08-09T09:57:36.0321417Z Unpacking libmp3lame0:amd64 (3.100-3build2) ...
2025-08-09T09:57:36.0570505Z Selecting previously unselected package libmpg123-0:amd64.
2025-08-09T09:57:36.0729620Z Preparing to unpack .../22-libmpg123-0_1.29.3-1ubuntu0.1_amd64.deb ...
2025-08-09T09:57:36.0737934Z Unpacking libmpg123-0:amd64 (1.29.3-1ubuntu0.1) ...
2025-08-09T09:57:36.0958763Z Selecting previously unselected package libasyncns0:amd64.
2025-08-09T09:57:36.1118845Z Preparing to unpack .../23-libasyncns0_0.8-6build2_amd64.deb ...
2025-08-09T09:57:36.1127681Z Unpacking libasyncns0:amd64 (0.8-6build2) ...
2025-08-09T09:57:36.1336420Z Selecting previously unselected package libsndfile1:amd64.
2025-08-09T09:57:36.1497631Z Preparing to unpack .../24-libsndfile1_1.0.31-2ubuntu0.2_amd64.deb ...
2025-08-09T09:57:36.1507357Z Unpacking libsndfile1:amd64 (1.0.31-2ubuntu0.2) ...
2025-08-09T09:57:36.1786244Z Selecting previously unselected package libpulse0:amd64.
2025-08-09T09:57:36.1945360Z Preparing to unpack .../25-libpulse0_1%3a15.99.1+dfsg1-1ubuntu2.2_amd64.deb ...
2025-08-09T09:57:36.2016244Z Unpacking libpulse0:amd64 (1:15.99.1+dfsg1-1ubuntu2.2) ...
2025-08-09T09:57:36.2264290Z Selecting previously unselected package libspeex1:amd64.
2025-08-09T09:57:36.2424652Z Preparing to unpack .../26-libspeex1_1.2~rc1.2-1.1ubuntu3_amd64.deb ...
2025-08-09T09:57:36.2432787Z Unpacking libspeex1:amd64 (1.2~rc1.2-1.1ubuntu3) ...
2025-08-09T09:57:36.2639830Z Selecting previously unselected package libshout3:amd64.
2025-08-09T09:57:36.2799615Z Preparing to unpack .../27-libshout3_2.4.5-1build3_amd64.deb ...
2025-08-09T09:57:36.2809210Z Unpacking libshout3:amd64 (2.4.5-1build3) ...
2025-08-09T09:57:36.3030189Z Selecting previously unselected package libtag1v5-vanilla:amd64.
2025-08-09T09:57:36.3190859Z Preparing to unpack .../28-libtag1v5-vanilla_1.11.1+dfsg.1-3ubuntu3_amd64.deb ...
2025-08-09T09:57:36.3198400Z Unpacking libtag1v5-vanilla:amd64 (1.11.1+dfsg.1-3ubuntu3) ...
2025-08-09T09:57:36.3428389Z Selecting previously unselected package libtag1v5:amd64.
2025-08-09T09:57:36.3588527Z Preparing to unpack .../29-libtag1v5_1.11.1+dfsg.1-3ubuntu3_amd64.deb ...
2025-08-09T09:57:36.3598067Z Unpacking libtag1v5:amd64 (1.11.1+dfsg.1-3ubuntu3) ...
2025-08-09T09:57:36.3800091Z Selecting previously unselected package libtwolame0:amd64.
2025-08-09T09:57:36.3960284Z Preparing to unpack .../30-libtwolame0_0.4.0-2build2_amd64.deb ...
2025-08-09T09:57:36.3968823Z Unpacking libtwolame0:amd64 (0.4.0-2build2) ...
2025-08-09T09:57:36.4178823Z Selecting previously unselected package libv4lconvert0:amd64.
2025-08-09T09:57:36.4340393Z Preparing to unpack .../31-libv4lconvert0_1.22.1-2build1_amd64.deb ...
2025-08-09T09:57:36.4348165Z Unpacking libv4lconvert0:amd64 (1.22.1-2build1) ...
2025-08-09T09:57:36.4711942Z Selecting previously unselected package libv4l-0:amd64.
2025-08-09T09:57:36.4870456Z Preparing to unpack .../32-libv4l-0_1.22.1-2build1_amd64.deb ...
2025-08-09T09:57:36.4891226Z Unpacking libv4l-0:amd64 (1.22.1-2build1) ...
2025-08-09T09:57:36.5118216Z Selecting previously unselected package libvpx7:amd64.
2025-08-09T09:57:36.5276129Z Preparing to unpack .../33-libvpx7_1.11.0-2ubuntu2.4_amd64.deb ...
2025-08-09T09:57:36.5283879Z Unpacking libvpx7:amd64 (1.11.0-2ubuntu2.4) ...
2025-08-09T09:57:36.5611394Z Selecting previously unselected package libwavpack1:amd64.
2025-08-09T09:57:36.5769657Z Preparing to unpack .../34-libwavpack1_5.4.0-1build2_amd64.deb ...
2025-08-09T09:57:36.5778111Z Unpacking libwavpack1:amd64 (5.4.0-1build2) ...
2025-08-09T09:57:36.6004027Z Selecting previously unselected package gstreamer1.0-plugins-good:amd64.
2025-08-09T09:57:36.6163625Z Preparing to unpack .../35-gstreamer1.0-plugins-good_1.20.3-0ubuntu1.3_amd64.deb ...
2025-08-09T09:57:36.6172516Z Unpacking gstreamer1.0-plugins-good:amd64 (1.20.3-0ubuntu1.3) ...
2025-08-09T09:57:36.6687824Z Selecting previously unselected package libxv1:amd64.
2025-08-09T09:57:36.6848882Z Preparing to unpack .../36-libxv1_2%3a1.0.11-1build2_amd64.deb ...
2025-08-09T09:57:36.6857923Z Unpacking libxv1:amd64 (2:1.0.11-1build2) ...
2025-08-09T09:57:36.7051237Z Selecting previously unselected package gstreamer1.0-x:amd64.
2025-08-09T09:57:36.7211508Z Preparing to unpack .../37-gstreamer1.0-x_1.20.1-1ubuntu0.4_amd64.deb ...
2025-08-09T09:57:36.7219857Z Unpacking gstreamer1.0-x:amd64 (1.20.1-1ubuntu0.4) ...
2025-08-09T09:57:36.7447871Z Selecting previously unselected package libnl-route-3-200:amd64.
2025-08-09T09:57:36.7607427Z Preparing to unpack .../38-libnl-route-3-200_3.5.0-0.1_amd64.deb ...
2025-08-09T09:57:36.7616183Z Unpacking libnl-route-3-200:amd64 (3.5.0-0.1) ...
2025-08-09T09:57:36.7845611Z Selecting previously unselected package libibverbs1:amd64.
2025-08-09T09:57:36.8004699Z Preparing to unpack .../39-libibverbs1_39.0-1_amd64.deb ...
2025-08-09T09:57:36.8012434Z Unpacking libibverbs1:amd64 (39.0-1) ...
2025-08-09T09:57:36.8245395Z Selecting previously unselected package ibverbs-providers:amd64.
2025-08-09T09:57:36.8405042Z Preparing to unpack .../40-ibverbs-providers_39.0-1_amd64.deb ...
2025-08-09T09:57:36.8529780Z Unpacking ibverbs-providers:amd64 (39.0-1) ...
2025-08-09T09:57:36.8806787Z Selecting previously unselected package ipxe-qemu.
2025-08-09T09:57:36.8967738Z Preparing to unpack .../41-ipxe-qemu_1.21.1+git-20220113.fbbdc3926-0ubuntu1_all.deb ...
2025-08-09T09:57:36.8983309Z Unpacking ipxe-qemu (1.21.1+git-20220113.fbbdc3926-0ubuntu1) ...
2025-08-09T09:57:36.9353227Z Selecting previously unselected package ipxe-qemu-256k-compat-efi-roms.
2025-08-09T09:57:36.9514647Z Preparing to unpack .../42-ipxe-qemu-256k-compat-efi-roms_1.0.0+git-20150424.a25a16d-0ubuntu4_all.deb ...
2025-08-09T09:57:36.9523013Z Unpacking ipxe-qemu-256k-compat-efi-roms (1.0.0+git-20150424.a25a16d-0ubuntu4) ...
2025-08-09T09:57:37.0009510Z Selecting previously unselected package isolinux.
2025-08-09T09:57:37.0169365Z Preparing to unpack .../43-isolinux_3%3a6.04~git20190206.bf6db5b4+dfsg1-3ubuntu1_all.deb ...
2025-08-09T09:57:37.0177686Z Unpacking isolinux (3:6.04~git20190206.bf6db5b4+dfsg1-3ubuntu1) ...
2025-08-09T09:57:37.0430826Z Selecting previously unselected package libboost-iostreams1.74.0:amd64.
2025-08-09T09:57:37.0591329Z Preparing to unpack .../44-libboost-iostreams1.74.0_1.74.0-14ubuntu3_amd64.deb ...
2025-08-09T09:57:37.0905709Z Unpacking libboost-iostreams1.74.0:amd64 (1.74.0-14ubuntu3) ...
2025-08-09T09:57:37.1187590Z Selecting previously unselected package libboost-thread1.74.0:amd64.
2025-08-09T09:57:37.1348755Z Preparing to unpack .../45-libboost-thread1.74.0_1.74.0-14ubuntu3_amd64.deb ...
2025-08-09T09:57:37.1359595Z Unpacking libboost-thread1.74.0:amd64 (1.74.0-14ubuntu3) ...
2025-08-09T09:57:37.1678546Z Selecting previously unselected package libbrlapi0.8:amd64.
2025-08-09T09:57:37.1838860Z Preparing to unpack .../46-libbrlapi0.8_6.4-4ubuntu3_amd64.deb ...
2025-08-09T09:57:37.1846604Z Unpacking libbrlapi0.8:amd64 (6.4-4ubuntu3) ...
2025-08-09T09:57:37.2054369Z Selecting previously unselected package libpcsclite1:amd64.
2025-08-09T09:57:37.2214248Z Preparing to unpack .../47-libpcsclite1_1.9.5-3ubuntu1_amd64.deb ...
2025-08-09T09:57:37.2223022Z Unpacking libpcsclite1:amd64 (1.9.5-3ubuntu1) ...
2025-08-09T09:57:37.2429405Z Selecting previously unselected package libcacard0:amd64.
2025-08-09T09:57:37.2589243Z Preparing to unpack .../48-libcacard0_1%3a2.8.0-3build2_amd64.deb ...
2025-08-09T09:57:37.2598566Z Unpacking libcacard0:amd64 (1:2.8.0-3build2) ...
2025-08-09T09:57:37.2817303Z Selecting previously unselected package libdaxctl1:amd64.
2025-08-09T09:57:37.2978316Z Preparing to unpack .../49-libdaxctl1_72.1-1_amd64.deb ...
2025-08-09T09:57:37.2986953Z Unpacking libdaxctl1:amd64 (72.1-1) ...
2025-08-09T09:57:37.3200925Z Selecting previously unselected package libdecor-0-0:amd64.
2025-08-09T09:57:37.3361513Z Preparing to unpack .../50-libdecor-0-0_0.1.0-3build1_amd64.deb ...
2025-08-09T09:57:37.3369831Z Unpacking libdecor-0-0:amd64 (0.1.0-3build1) ...
2025-08-09T09:57:37.3587030Z Selecting previously unselected package libdecor-0-plugin-1-cairo:amd64.
2025-08-09T09:57:37.3747692Z Preparing to unpack .../51-libdecor-0-plugin-1-cairo_0.1.0-3build1_amd64.deb ...
2025-08-09T09:57:37.3757663Z Unpacking libdecor-0-plugin-1-cairo:amd64 (0.1.0-3build1) ...
2025-08-09T09:57:37.3955686Z Selecting previously unselected package libelf-dev:amd64.
2025-08-09T09:57:37.4114756Z Preparing to unpack .../52-libelf-dev_0.186-1ubuntu0.1_amd64.deb ...
2025-08-09T09:57:37.4123099Z Unpacking libelf-dev:amd64 (0.186-1ubuntu0.1) ...
2025-08-09T09:57:37.4402803Z Selecting previously unselected package libgfxdr0:amd64.
2025-08-09T09:57:37.4590515Z Preparing to unpack .../53-libgfxdr0_10.1-1ubuntu0.2_amd64.deb ...
2025-08-09T09:57:37.4599199Z Unpacking libgfxdr0:amd64 (10.1-1ubuntu0.2) ...
2025-08-09T09:57:37.4807087Z Selecting previously unselected package libglusterfs0:amd64.
2025-08-09T09:57:37.4965392Z Preparing to unpack .../54-libglusterfs0_10.1-1ubuntu0.2_amd64.deb ...
2025-08-09T09:57:37.4974805Z Unpacking libglusterfs0:amd64 (10.1-1ubuntu0.2) ...
2025-08-09T09:57:37.5213016Z Selecting previously unselected package libgfrpc0:amd64.
2025-08-09T09:57:37.5373403Z Preparing to unpack .../55-libgfrpc0_10.1-1ubuntu0.2_amd64.deb ...
2025-08-09T09:57:37.5381357Z Unpacking libgfrpc0:amd64 (10.1-1ubuntu0.2) ...
2025-08-09T09:57:37.5598462Z Selecting previously unselected package libgfapi0:amd64.
2025-08-09T09:57:37.5757691Z Preparing to unpack .../56-libgfapi0_10.1-1ubuntu0.2_amd64.deb ...
2025-08-09T09:57:37.5765325Z Unpacking libgfapi0:amd64 (10.1-1ubuntu0.2) ...
2025-08-09T09:57:37.5991720Z Selecting previously unselected package librdmacm1:amd64.
2025-08-09T09:57:37.6151116Z Preparing to unpack .../57-librdmacm1_39.0-1_amd64.deb ...
2025-08-09T09:57:37.6159091Z Unpacking librdmacm1:amd64 (39.0-1) ...
2025-08-09T09:57:37.6394444Z Selecting previously unselected package libiscsi7:amd64.
2025-08-09T09:57:37.6555815Z Preparing to unpack .../58-libiscsi7_1.19.0-3build2_amd64.deb ...
2025-08-09T09:57:37.6564995Z Unpacking libiscsi7:amd64 (1.19.0-3build2) ...
2025-08-09T09:57:37.6789205Z Selecting previously unselected package liblinear4:amd64.
2025-08-09T09:57:37.6947135Z Preparing to unpack .../59-liblinear4_2.3.0+dfsg-5_amd64.deb ...
2025-08-09T09:57:37.6955782Z Unpacking liblinear4:amd64 (2.3.0+dfsg-5) ...
2025-08-09T09:57:37.7237669Z Selecting previously unselected package libndctl6:amd64.
2025-08-09T09:57:37.7396296Z Preparing to unpack .../60-libndctl6_72.1-1_amd64.deb ...
2025-08-09T09:57:37.7405458Z Unpacking libndctl6:amd64 (72.1-1) ...
2025-08-09T09:57:37.8203203Z Selecting previously unselected package libpmem1:amd64.
2025-08-09T09:57:37.8361861Z Preparing to unpack .../61-libpmem1_1.11.1-3build1_amd64.deb ...
2025-08-09T09:57:37.8369947Z Unpacking libpmem1:amd64 (1.11.1-3build1) ...
2025-08-09T09:57:37.8596558Z Selecting previously unselected package libpmemobj1:amd64.
2025-08-09T09:57:37.8755184Z Preparing to unpack .../62-libpmemobj1_1.11.1-3build1_amd64.deb ...
2025-08-09T09:57:37.8763723Z Unpacking libpmemobj1:amd64 (1.11.1-3build1) ...
2025-08-09T09:57:37.9027075Z Selecting previously unselected package librados2.
2025-08-09T09:57:37.9187630Z Preparing to unpack .../63-librados2_17.2.7-0ubuntu0.22.04.2_amd64.deb ...
2025-08-09T09:57:37.9202566Z Unpacking librados2 (17.2.7-0ubuntu0.22.04.2) ...
2025-08-09T09:57:37.9844449Z Selecting previously unselected package librbd1.
2025-08-09T09:57:38.0006381Z Preparing to unpack .../64-librbd1_17.2.7-0ubuntu0.22.04.2_amd64.deb ...
2025-08-09T09:57:38.0015623Z Unpacking librbd1 (17.2.7-0ubuntu0.22.04.2) ...
2025-08-09T09:57:38.0691406Z Selecting previously unselected package libsdl2-2.0-0:amd64.
2025-08-09T09:57:38.0850414Z Preparing to unpack .../65-libsdl2-2.0-0_2.0.20+dfsg-2ubuntu1.22.04.1_amd64.deb ...
2025-08-09T09:57:38.0864417Z Unpacking libsdl2-2.0-0:amd64 (2.0.20+dfsg-2ubuntu1.22.04.1) ...
2025-08-09T09:57:38.1137149Z Selecting previously unselected package libspice-server1:amd64.
2025-08-09T09:57:38.1297363Z Preparing to unpack .../66-libspice-server1_0.15.0-2ubuntu4_amd64.deb ...
2025-08-09T09:57:38.1305336Z Unpacking libspice-server1:amd64 (0.15.0-2ubuntu4) ...
2025-08-09T09:57:38.1556239Z Selecting previously unselected package liburing2:amd64.
2025-08-09T09:57:38.1715154Z Preparing to unpack .../67-liburing2_2.1-2build1_amd64.deb ...
2025-08-09T09:57:38.1724247Z Unpacking liburing2:amd64 (2.1-2build1) ...
2025-08-09T09:57:38.1932605Z Selecting previously unselected package libusbredirparser1:amd64.
2025-08-09T09:57:38.2098041Z Preparing to unpack .../68-libusbredirparser1_0.11.0-2build1_amd64.deb ...
2025-08-09T09:57:38.2107237Z Unpacking libusbredirparser1:amd64 (0.11.0-2build1) ...
2025-08-09T09:57:38.2318548Z Selecting previously unselected package libvirglrenderer1:amd64.
2025-08-09T09:57:38.2477358Z Preparing to unpack .../69-libvirglrenderer1_0.9.1-1~exp1ubuntu2_amd64.deb ...
2025-08-09T09:57:38.2485413Z Unpacking libvirglrenderer1:amd64 (0.9.1-1~exp1ubuntu2) ...
2025-08-09T09:57:38.2733333Z Selecting previously unselected package libvte-2.91-common.
2025-08-09T09:57:38.2893817Z Preparing to unpack .../70-libvte-2.91-common_0.68.0-1ubuntu0.1_amd64.deb ...
2025-08-09T09:57:38.2902051Z Unpacking libvte-2.91-common (0.68.0-1ubuntu0.1) ...
2025-08-09T09:57:38.3124245Z Selecting previously unselected package libvte-2.91-0:amd64.
2025-08-09T09:57:38.3284477Z Preparing to unpack .../71-libvte-2.91-0_0.68.0-1ubuntu0.1_amd64.deb ...
2025-08-09T09:57:38.3293143Z Unpacking libvte-2.91-0:amd64 (0.68.0-1ubuntu0.1) ...
2025-08-09T09:57:38.3509581Z Selecting previously unselected package debootstrap.
2025-08-09T09:57:38.3667936Z Preparing to unpack .../72-debootstrap_1.0.126+nmu1ubuntu0.8_all.deb ...
2025-08-09T09:57:38.3676374Z Unpacking debootstrap (1.0.126+nmu1ubuntu0.8) ...
2025-08-09T09:57:38.4015354Z Selecting previously unselected package live-build.
2025-08-09T09:57:38.4175201Z Preparing to unpack .../73-live-build_3.0~a57-1ubuntu41.22.04.1_all.deb ...
2025-08-09T09:57:38.4183949Z Unpacking live-build (3.0~a57-1ubuntu41.22.04.1) ...
2025-08-09T09:57:38.4867118Z Selecting previously unselected package lua-lpeg:amd64.
2025-08-09T09:57:38.5028477Z Preparing to unpack .../74-lua-lpeg_1.0.2-1_amd64.deb ...
2025-08-09T09:57:38.5035891Z Unpacking lua-lpeg:amd64 (1.0.2-1) ...
2025-08-09T09:57:38.5333992Z Selecting previously unselected package mtools.
2025-08-09T09:57:38.5507265Z Preparing to unpack .../75-mtools_4.0.33-1+really4.0.32-1build1_amd64.deb ...
2025-08-09T09:57:38.5515137Z Unpacking mtools (4.0.33-1+really4.0.32-1build1) ...
2025-08-09T09:57:38.5949224Z Selecting previously unselected package nmap-common.
2025-08-09T09:57:38.6114405Z Preparing to unpack .../76-nmap-common_7.91+dfsg1+really7.80+dfsg1-2ubuntu0.1_all.deb ...
2025-08-09T09:57:38.6124077Z Unpacking nmap-common (7.91+dfsg1+really7.80+dfsg1-2ubuntu0.1) ...
2025-08-09T09:57:38.8279064Z Selecting previously unselected package pv.
2025-08-09T09:57:38.8445336Z Preparing to unpack .../77-pv_1.6.6-1build2_amd64.deb ...
2025-08-09T09:57:38.8453473Z Unpacking pv (1.6.6-1build2) ...
2025-08-09T09:57:38.8685917Z Selecting previously unselected package libfdt1:amd64.
2025-08-09T09:57:38.8848908Z Preparing to unpack .../78-libfdt1_1.6.1-1_amd64.deb ...
2025-08-09T09:57:38.8858202Z Unpacking libfdt1:amd64 (1.6.1-1) ...
2025-08-09T09:57:38.9071265Z Selecting previously unselected package qemu-system-common.
2025-08-09T09:57:38.9236715Z Preparing to unpack .../79-qemu-system-common_1%3a6.2+dfsg-2ubuntu6.26_amd64.deb ...
2025-08-09T09:57:38.9272794Z Unpacking qemu-system-common (1:6.2+dfsg-2ubuntu6.26) ...
2025-08-09T09:57:39.0104913Z Selecting previously unselected package qemu-system-data.
2025-08-09T09:57:39.0272081Z Preparing to unpack .../80-qemu-system-data_1%3a6.2+dfsg-2ubuntu6.26_all.deb ...
2025-08-09T09:57:39.0281123Z Unpacking qemu-system-data (1:6.2+dfsg-2ubuntu6.26) ...
2025-08-09T09:57:39.0912718Z Selecting previously unselected package seabios.
2025-08-09T09:57:39.1079029Z Preparing to unpack .../81-seabios_1.15.0-1_all.deb ...
2025-08-09T09:57:39.1088092Z Unpacking seabios (1.15.0-1) ...
2025-08-09T09:57:39.1342838Z Selecting previously unselected package qemu-system-x86.
2025-08-09T09:57:39.1509452Z Preparing to unpack .../82-qemu-system-x86_1%3a6.2+dfsg-2ubuntu6.26_amd64.deb ...
2025-08-09T09:57:39.1643811Z Unpacking qemu-system-x86 (1:6.2+dfsg-2ubuntu6.26) ...
2025-08-09T09:57:39.3111141Z Selecting previously unselected package qemu-utils.
2025-08-09T09:57:39.3273951Z Preparing to unpack .../83-qemu-utils_1%3a6.2+dfsg-2ubuntu6.26_amd64.deb ...
2025-08-09T09:57:39.3286332Z Unpacking qemu-utils (1:6.2+dfsg-2ubuntu6.26) ...
2025-08-09T09:57:39.3825792Z Selecting previously unselected package qemu-block-extra.
2025-08-09T09:57:39.3990368Z Preparing to unpack .../84-qemu-block-extra_1%3a6.2+dfsg-2ubuntu6.26_amd64.deb ...
2025-08-09T09:57:39.4000562Z Unpacking qemu-block-extra (1:6.2+dfsg-2ubuntu6.26) ...
2025-08-09T09:57:39.4231688Z Selecting previously unselected package qemu-system-gui.
2025-08-09T09:57:39.4399763Z Preparing to unpack .../85-qemu-system-gui_1%3a6.2+dfsg-2ubuntu6.26_amd64.deb ...
2025-08-09T09:57:39.4408227Z Unpacking qemu-system-gui (1:6.2+dfsg-2ubuntu6.26) ...
2025-08-09T09:57:39.4649800Z Selecting previously unselected package syslinux-common.
2025-08-09T09:57:39.4815872Z Preparing to unpack .../86-syslinux-common_3%3a6.04~git20190206.bf6db5b4+dfsg1-3ubuntu1_all.deb ...
2025-08-09T09:57:39.4824682Z Unpacking syslinux-common (3:6.04~git20190206.bf6db5b4+dfsg1-3ubuntu1) ...
2025-08-09T09:57:39.5411548Z Selecting previously unselected package syslinux-utils.
2025-08-09T09:57:39.5574943Z Preparing to unpack .../87-syslinux-utils_3%3a6.04~git20190206.bf6db5b4+dfsg1-3ubuntu1_amd64.deb ...
2025-08-09T09:57:39.5582298Z Unpacking syslinux-utils (3:6.04~git20190206.bf6db5b4+dfsg1-3ubuntu1) ...
2025-08-09T09:57:39.5850558Z Selecting previously unselected package nmap.
2025-08-09T09:57:39.6014126Z Preparing to unpack .../88-nmap_7.91+dfsg1+really7.80+dfsg1-2ubuntu0.1_amd64.deb ...
2025-08-09T09:57:39.6022161Z Unpacking nmap (7.91+dfsg1+really7.80+dfsg1-2ubuntu0.1) ...
2025-08-09T09:57:39.6620636Z Selecting previously unselected package ovmf.
2025-08-09T09:57:39.6785103Z Preparing to unpack .../89-ovmf_2022.02-3ubuntu0.22.04.3_all.deb ...
2025-08-09T09:57:39.6793082Z Unpacking ovmf (2022.02-3ubuntu0.22.04.3) ...
2025-08-09T09:57:39.7720289Z Setting up genisoimage (9:1.1.11-3.2ubuntu1) ...
2025-08-09T09:57:39.7747784Z Setting up libcdparanoia0:amd64 (3.10.2+debian-14build2) ...
2025-08-09T09:57:39.7781073Z Setting up lua-lpeg:amd64 (1.0.2-1) ...
2025-08-09T09:57:39.7802310Z Setting up debootstrap (1.0.126+nmu1ubuntu0.8) ...
2025-08-09T09:57:39.7825329Z Setting up libraw1394-11:amd64 (2.1.2-2build2) ...
2025-08-09T09:57:39.7847349Z Setting up libtag1v5-vanilla:amd64 (1.11.1+dfsg.1-3ubuntu3) ...
2025-08-09T09:57:39.7869745Z Setting up libmpg123-0:amd64 (1.29.3-1ubuntu0.1) ...
2025-08-09T09:57:39.7889677Z Setting up isolinux (3:6.04~git20190206.bf6db5b4+dfsg1-3ubuntu1) ...
2025-08-09T09:57:39.7912077Z Setting up libspeex1:amd64 (1.2~rc1.2-1.1ubuntu3) ...
2025-08-09T09:57:39.7937586Z Setting up libcaca0:amd64 (0.99.beta19-2.2ubuntu4) ...
2025-08-09T09:57:39.7960823Z Setting up libtwolame0:amd64 (0.4.0-2build2) ...
2025-08-09T09:57:39.7982904Z Setting up libvte-2.91-common (0.68.0-1ubuntu0.1) ...
2025-08-09T09:57:39.8020731Z Setting up libvisual-0.4-0:amd64 (0.4.0-17build2) ...
2025-08-09T09:57:39.8040816Z Setting up mtools (4.0.33-1+really4.0.32-1build1) ...
2025-08-09T09:57:39.8070719Z Setting up libboost-iostreams1.74.0:amd64 (1.74.0-14ubuntu3) ...
2025-08-09T09:57:39.8114406Z Setting up msr-tools (1.3-4) ...
2025-08-09T09:57:39.8136673Z Setting up syslinux-common (3:6.04~git20190206.bf6db5b4+dfsg1-3ubuntu1) ...
2025-08-09T09:57:39.8160083Z Setting up live-build (3.0~a57-1ubuntu41.22.04.1) ...
2025-08-09T09:57:39.8179562Z Setting up libfdt1:amd64 (1.6.1-1) ...
2025-08-09T09:57:39.8202480Z Setting up libvte-2.91-0:amd64 (0.68.0-1ubuntu0.1) ...
2025-08-09T09:57:39.8224486Z Setting up libusbredirparser1:amd64 (0.11.0-2build1) ...
2025-08-09T09:57:39.8243870Z Setting up liblinear4:amd64 (2.3.0+dfsg-5) ...
2025-08-09T09:57:39.8269816Z Setting up libflac8:amd64 (1.3.3-2ubuntu0.2) ...
2025-08-09T09:57:39.8290119Z Setting up syslinux-utils (3:6.04~git20190206.bf6db5b4+dfsg1-3ubuntu1) ...
2025-08-09T09:57:39.8310097Z Setting up libnl-route-3-200:amd64 (3.5.0-0.1) ...
2025-08-09T09:57:39.8333246Z Setting up ovmf (2022.02-3ubuntu0.22.04.3) ...
2025-08-09T09:57:39.8353176Z Setting up libglusterfs0:amd64 (10.1-1ubuntu0.2) ...
2025-08-09T09:57:39.8373922Z Setting up libvirglrenderer1:amd64 (0.9.1-1~exp1ubuntu2) ...
2025-08-09T09:57:39.8395067Z Setting up libopus0:amd64 (1.3.1-0.1build2) ...
2025-08-09T09:57:39.8423210Z Setting up libxv1:amd64 (2:1.0.11-1build2) ...
2025-08-09T09:57:39.8444087Z Setting up liborc-0.4-0:amd64 (1:0.4.32-2ubuntu0.1) ...
2025-08-09T09:57:39.8466216Z Setting up libelf-dev:amd64 (0.186-1ubuntu0.1) ...
2025-08-09T09:57:39.8486611Z Setting up libpcsclite1:amd64 (1.9.5-3ubuntu1) ...
2025-08-09T09:57:39.8507967Z Setting up libdaxctl1:amd64 (72.1-1) ...
2025-08-09T09:57:39.8529173Z Setting up qemu-system-data (1:6.2+dfsg-2ubuntu6.26) ...
2025-08-09T09:57:39.8549272Z Setting up seabios (1.15.0-1) ...
2025-08-09T09:57:39.8575137Z Setting up nmap-common (7.91+dfsg1+really7.80+dfsg1-2ubuntu0.1) ...
2025-08-09T09:57:39.8840748Z Setting up libtag1v5:amd64 (1.11.1+dfsg.1-3ubuntu3) ...
2025-08-09T09:57:39.8860639Z Setting up cpu-checker (0.7-1.3build1) ...
2025-08-09T09:57:39.8881166Z Setting up libdv4:amd64 (1.0.0-14build1) ...
2025-08-09T09:57:39.8902170Z Setting up libasyncns0:amd64 (0.8-6build2) ...
2025-08-09T09:57:39.8922016Z Setting up pv (1.6.6-1build2) ...
2025-08-09T09:57:39.8943089Z Setting up libwavpack1:amd64 (5.4.0-1build2) ...
2025-08-09T09:57:39.8962498Z Setting up ipxe-qemu (1.21.1+git-20220113.fbbdc3926-0ubuntu1) ...
2025-08-09T09:57:39.8983810Z Setting up libtheora0:amd64 (1.1.1+dfsg.1-15ubuntu4) ...
2025-08-09T09:57:39.9005616Z Setting up libv4lconvert0:amd64 (1.22.1-2build1) ...
2025-08-09T09:57:39.9026687Z Setting up libdecor-0-0:amd64 (0.1.0-3build1) ...
2025-08-09T09:57:39.9049766Z Setting up libndctl6:amd64 (72.1-1) ...
2025-08-09T09:57:39.9075132Z Setting up ipxe-qemu-256k-compat-efi-roms (1.0.0+git-20150424.a25a16d-0ubuntu4) ...
2025-08-09T09:57:39.9097053Z Setting up libvpx7:amd64 (1.11.0-2ubuntu2.4) ...
2025-08-09T09:57:39.9116796Z Setting up libbrlapi0.8:amd64 (6.4-4ubuntu3) ...
2025-08-09T09:57:39.9137762Z Setting up liburing2:amd64 (2.1-2build1) ...
2025-08-09T09:57:39.9161844Z Setting up libsamplerate0:amd64 (0.2.2-1build1) ...
2025-08-09T09:57:39.9181978Z Setting up libpmem1:amd64 (1.11.1-3build1) ...
2025-08-09T09:57:39.9230494Z Setting up libmp3lame0:amd64 (3.100-3build2) ...
2025-08-09T09:57:39.9252110Z Setting up libvorbisenc2:amd64 (1.3.7-1build2) ...
2025-08-09T09:57:39.9273122Z Setting up libgfxdr0:amd64 (10.1-1ubuntu0.2) ...
2025-08-09T09:57:39.9298479Z Setting up libboost-thread1.74.0:amd64 (1.74.0-14ubuntu3) ...
2025-08-09T09:57:39.9318751Z Setting up libaa1:amd64 (1.4p5-50build1) ...
2025-08-09T09:57:39.9339650Z Setting up libiec61883-0:amd64 (1.2.0-4build3) ...
2025-08-09T09:57:39.9364341Z Setting up libavc1394-0:amd64 (0.5.4-5build2) ...
2025-08-09T09:57:39.9388796Z Setting up libibverbs1:amd64 (39.0-1) ...
2025-08-09T09:57:40.0377309Z Setting up ibverbs-providers:amd64 (39.0-1) ...
2025-08-09T09:57:40.0613908Z Setting up libgstreamer-plugins-base1.0-0:amd64 (1.20.1-1ubuntu0.4) ...
2025-08-09T09:57:40.0648038Z Setting up nmap (7.91+dfsg1+really7.80+dfsg1-2ubuntu0.1) ...
2025-08-09T09:57:40.0674475Z Setting up libcacard0:amd64 (1:2.8.0-3build2) ...
2025-08-09T09:57:40.0697955Z Setting up libv4l-0:amd64 (1.22.1-2build1) ...
2025-08-09T09:57:40.0720209Z Setting up libgstreamer-plugins-good1.0-0:amd64 (1.20.3-0ubuntu1.3) ...
2025-08-09T09:57:40.0744522Z Setting up gstreamer1.0-plugins-base:amd64 (1.20.1-1ubuntu0.4) ...
2025-08-09T09:57:40.0766751Z Setting up libshout3:amd64 (2.4.5-1build3) ...
2025-08-09T09:57:40.0792817Z Setting up libpmemobj1:amd64 (1.11.1-3build1) ...
2025-08-09T09:57:40.0818699Z Setting up libdecor-0-plugin-1-cairo:amd64 (0.1.0-3build1) ...
2025-08-09T09:57:40.0840225Z Setting up libjack-jackd2-0:amd64 (1.9.20~dfsg-1) ...
2025-08-09T09:57:40.0862431Z Setting up libsndfile1:amd64 (1.0.31-2ubuntu0.2) ...
2025-08-09T09:57:40.0885902Z Setting up qemu-utils (1:6.2+dfsg-2ubuntu6.26) ...
2025-08-09T09:57:40.0908591Z Setting up libgfrpc0:amd64 (10.1-1ubuntu0.2) ...
2025-08-09T09:57:40.0930714Z Setting up librdmacm1:amd64 (39.0-1) ...
2025-08-09T09:57:40.0951694Z Setting up librados2 (17.2.7-0ubuntu0.22.04.2) ...
2025-08-09T09:57:40.1100176Z Setting up gstreamer1.0-x:amd64 (1.20.1-1ubuntu0.4) ...
2025-08-09T09:57:40.1122788Z Setting up libpulse0:amd64 (1:15.99.1+dfsg1-1ubuntu2.2) ...
2025-08-09T09:57:40.1196382Z Setting up gstreamer1.0-plugins-good:amd64 (1.20.3-0ubuntu1.3) ...
2025-08-09T09:57:40.1217412Z Setting up libspice-server1:amd64 (0.15.0-2ubuntu4) ...
2025-08-09T09:57:40.1243328Z Setting up librbd1 (17.2.7-0ubuntu0.22.04.2) ...
2025-08-09T09:57:40.1272221Z Setting up libgfapi0:amd64 (10.1-1ubuntu0.2) ...
2025-08-09T09:57:40.1297964Z Setting up libiscsi7:amd64 (1.19.0-3build2) ...
2025-08-09T09:57:40.1321805Z Setting up libsdl2-2.0-0:amd64 (2.0.20+dfsg-2ubuntu1.22.04.1) ...
2025-08-09T09:57:40.1347946Z Setting up qemu-block-extra (1:6.2+dfsg-2ubuntu6.26) ...
2025-08-09T09:57:40.4240001Z Created symlink /etc/systemd/system/multi-user.target.wants/run-qemu.mount → /lib/systemd/system/run-qemu.mount.
2025-08-09T09:57:40.8614729Z Setting up qemu-system-common (1:6.2+dfsg-2ubuntu6.26) ...
2025-08-09T09:57:40.9662027Z Created symlink /etc/systemd/system/multi-user.target.wants/qemu-kvm.service → /lib/systemd/system/qemu-kvm.service.
2025-08-09T09:57:41.8145151Z Setting up qemu-system-x86 (1:6.2+dfsg-2ubuntu6.26) ...
2025-08-09T09:57:41.8171069Z Setting up qemu-system-gui (1:6.2+dfsg-2ubuntu6.26) ...
2025-08-09T09:57:41.8202141Z Processing triggers for man-db (2.10.2-1) ...
2025-08-09T09:57:42.5001592Z Processing triggers for install-info (6.8-4build1) ...
2025-08-09T09:57:43.0049218Z Processing triggers for hicolor-icon-theme (0.17-2) ...
2025-08-09T09:57:43.4563191Z Processing triggers for libc-bin (2.35-0ubuntu3.10) ...
2025-08-09T09:57:43.7256475Z NEEDRESTART-VER: 3.5
2025-08-09T09:57:43.9972936Z NEEDRESTART-KCUR: 6.8.0-1031-azure
2025-08-09T09:57:43.9973357Z NEEDRESTART-KEXP: 6.8.0-1031-azure
2025-08-09T09:57:43.9973588Z NEEDRESTART-KSTA: 1
2025-08-09T09:57:43.9973820Z NEEDRESTART-SVC: hosted-compute-agent.service
2025-08-09T09:57:45.3293551Z ##[group]Run echo "CLUSTER_MODE=main" >> $GITHUB_ENV
2025-08-09T09:57:45.3293924Z [36;1mecho "CLUSTER_MODE=main" >> $GITHUB_ENV[0m
2025-08-09T09:57:45.3294207Z [36;1mecho "ENABLE_GUI=true" >> $GITHUB_ENV[0m
2025-08-09T09:57:45.3294481Z [36;1mecho "SKIP_QEMU_TEST=true" >> $GITHUB_ENV[0m
2025-08-09T09:57:45.3294791Z [36;1mecho "BUILD_THREADS=2" >> $GITHUB_ENV  # Limit for CI[0m
2025-08-09T09:57:45.3295232Z [36;1mecho "SKIP_CONNECTIVITY_CHECK=true" >> $GITHUB_ENV  # Skip redundant check in CI[0m
2025-08-09T09:57:45.3322512Z shell: /usr/bin/bash -e {0}
2025-08-09T09:57:45.3322755Z ##[endgroup]
2025-08-09T09:57:45.3395501Z ##[group]Run chmod +x ainux-builder.sh
2025-08-09T09:57:45.3395815Z [36;1mchmod +x ainux-builder.sh[0m
2025-08-09T09:57:45.3396281Z [36;1m[0m
2025-08-09T09:57:45.3396449Z [36;1m# Add debug output[0m
2025-08-09T09:57:45.3396659Z [36;1mset -x[0m
2025-08-09T09:57:45.3396818Z [36;1m[0m
2025-08-09T09:57:45.3397001Z [36;1m# Run build with timeout (2 hours max)[0m
2025-08-09T09:57:45.3397287Z [36;1mtimeout 7200 ./ainux-builder.sh || {[0m
2025-08-09T09:57:45.3397565Z [36;1m  echo "Build timed out or failed"[0m
2025-08-09T09:57:45.3397865Z [36;1m  echo "=== Last 100 lines of any available logs ==="[0m
2025-08-09T09:57:45.3398335Z [36;1m  find ~/ainux-build/logs -name "*.log" -exec tail -50 {} \; 2>/dev/null || echo "No log files found"[0m
2025-08-09T09:57:45.3398727Z [36;1m  [0m
2025-08-09T09:57:45.3398930Z [36;1m  echo "=== Environment Variables ==="[0m
2025-08-09T09:57:45.3399258Z [36;1m  env | grep -E "(CLUSTER_MODE|ENABLE_GUI|SKIP_|BUILD_)" || true[0m
2025-08-09T09:57:45.3399590Z [36;1m  [0m
2025-08-09T09:57:45.3399754Z [36;1m  echo "=== Disk Usage ==="[0m
2025-08-09T09:57:45.3399979Z [36;1m  df -h || true[0m
2025-08-09T09:57:45.3400170Z [36;1m  [0m
2025-08-09T09:57:45.3400352Z [36;1m  echo "=== Memory Usage ==="[0m
2025-08-09T09:57:45.3400585Z [36;1m  free -h || true[0m
2025-08-09T09:57:45.3400778Z [36;1m  [0m
2025-08-09T09:57:45.3400927Z [36;1m  exit 1[0m
2025-08-09T09:57:45.3401089Z [36;1m}[0m
2025-08-09T09:57:45.3424909Z shell: /usr/bin/bash -e {0}
2025-08-09T09:57:45.3425127Z env:
2025-08-09T09:57:45.3425283Z   CLUSTER_MODE: main
2025-08-09T09:57:45.3425474Z   ENABLE_GUI: true
2025-08-09T09:57:45.3425649Z   SKIP_QEMU_TEST: true
2025-08-09T09:57:45.3425820Z   BUILD_THREADS: 2
2025-08-09T09:57:45.3426196Z   SKIP_CONNECTIVITY_CHECK: true
2025-08-09T09:57:45.3426414Z ##[endgroup]
2025-08-09T09:57:45.3479200Z + timeout 7200 ./ainux-builder.sh
2025-08-09T09:57:45.3555349Z 
2025-08-09T09:57:45.3556264Z [0;35m[PHASE][0m Starting Ainux OS AI Cluster Builder Process
2025-08-09T09:57:45.3556720Z 
2025-08-09T09:57:45.3556732Z 
2025-08-09T09:57:45.3556968Z [0;35m[PHASE][0m Checking Prerequisites
2025-08-09T09:57:45.3557277Z 
2025-08-09T09:57:45.3602814Z [0;34m[INFO][0m Detected Ubuntu 22.04 LTS - supported
2025-08-09T09:57:45.3631651Z [0;34m[INFO][0m Disk space check passed: 36GB available
2025-08-09T09:57:45.3632334Z [0;34m[INFO][0m Checking internet connectivity...
2025-08-09T09:57:45.3633100Z [1;33m[WARNING][0m Skipping connectivity check (SKIP_CONNECTIVITY_CHECK=true)
2025-08-09T09:57:45.3633828Z [0;32m[SUCCESS][0m Prerequisites check passed
2025-08-09T09:57:45.3634146Z 
2025-08-09T09:57:45.3634496Z [0;35m[PHASE][0m Initializing Ainux OS AI Cluster Build Environment
2025-08-09T09:57:45.3634907Z 
2025-08-09T09:57:45.3635118Z [0;34m[INFO][0m Build Configuration:
2025-08-09T09:57:45.3635586Z [0;34m[INFO][0m   Kernel Version: 6.6.58
2025-08-09T09:57:45.3636245Z [0;34m[INFO][0m   Cluster Mode: main
2025-08-09T09:57:45.3636741Z [0;34m[INFO][0m   Build Threads: 2
2025-08-09T09:57:45.3637332Z [0;34m[INFO][0m   GUI Enabled: true
2025-08-09T09:57:45.3637683Z [0;34m[INFO][0m   Build Directory: /home/runner/ainux-build
2025-08-09T09:57:45.3638053Z [0;34m[INFO][0m Installing build dependencies...
2025-08-09T09:57:45.3638464Z [0;34m[INFO][0m Detected CI environment - applying optimizations...
2025-08-09T09:57:46.9410736Z 
2025-08-09T09:57:46.9411371Z WARNING: apt does not have a stable CLI interface. Use with caution in scripts.
2025-08-09T09:57:46.9411874Z 
2025-08-09T09:57:46.9796844Z Reading package lists...
2025-08-09T09:57:47.1621217Z Building dependency tree...
2025-08-09T09:57:47.1633606Z Reading state information...
2025-08-09T09:57:47.3070757Z bc is already the newest version (1.07.1-3build1).
2025-08-09T09:57:47.3071258Z bison is already the newest version (2:3.8.2+dfsg-1build1).
2025-08-09T09:57:47.3071724Z build-essential is already the newest version (12.9ubuntu3).
2025-08-09T09:57:47.3072620Z dosfstools is already the newest version (4.2-1build3).
2025-08-09T09:57:47.3073018Z flex is already the newest version (2.6.4-8build2).
2025-08-09T09:57:47.3073381Z gcc is already the newest version (4:11.2.0-1ubuntu1).
2025-08-09T09:57:47.3073796Z genisoimage is already the newest version (9:1.1.11-3.2ubuntu1).
2025-08-09T09:57:47.3074197Z make is already the newest version (4.3-4.1build1).
2025-08-09T09:57:47.3074615Z mtools is already the newest version (4.0.33-1+really4.0.32-1build1).
2025-08-09T09:57:47.3075033Z pv is already the newest version (1.6.6-1build2).
2025-08-09T09:57:47.3075441Z squashfs-tools is already the newest version (1:4.5-3build1).
2025-08-09T09:57:47.3076273Z isolinux is already the newest version (3:6.04~git20190206.bf6db5b4+dfsg1-3ubuntu1).
2025-08-09T09:57:47.3076924Z syslinux-utils is already the newest version (3:6.04~git20190206.bf6db5b4+dfsg1-3ubuntu1).
2025-08-09T09:57:47.3077423Z xorriso is already the newest version (1.5.4-2).
2025-08-09T09:57:47.3077805Z curl is already the newest version (7.81.0-1ubuntu1.20).
2025-08-09T09:57:47.3078246Z debootstrap is already the newest version (1.0.126+nmu1ubuntu0.8).
2025-08-09T09:57:47.3078731Z grub-efi-amd64-bin is already the newest version (2.06-2ubuntu14.8).
2025-08-09T09:57:47.3079211Z grub-pc-bin is already the newest version (2.06-2ubuntu7.2).
2025-08-09T09:57:47.3079633Z libelf-dev is already the newest version (0.186-1ubuntu0.1).
2025-08-09T09:57:47.3080058Z libncurses-dev is already the newest version (6.3-2ubuntu0.1).
2025-08-09T09:57:47.3080494Z libssl-dev is already the newest version (3.0.2-0ubuntu1.19).
2025-08-09T09:57:47.3080983Z live-build is already the newest version (3.0~a57-1ubuntu41.22.04.1).
2025-08-09T09:57:47.3081476Z qemu-system-x86 is already the newest version (1:6.2+dfsg-2ubuntu6.26).
2025-08-09T09:57:47.3081932Z rsync is already the newest version (3.2.7-0ubuntu0.22.04.4).
2025-08-09T09:57:47.3082324Z wget is already the newest version (1.21.2-2ubuntu1.1).
2025-08-09T09:57:47.3082787Z nmap is already the newest version (7.91+dfsg1+really7.80+dfsg1-2ubuntu0.1).
2025-08-09T09:57:47.3083312Z python3-pip is already the newest version (22.0.2+dfsg-1ubuntu0.6).
2025-08-09T09:57:47.3083784Z git is already the newest version (1:2.50.1-0ppa1~ubuntu22.04.1).
2025-08-09T09:57:47.3431474Z The following NEW packages will be installed:
2025-08-09T09:57:47.3436258Z   dialog
2025-08-09T09:57:47.3712973Z 0 upgraded, 1 newly installed, 0 to remove and 16 not upgraded.
2025-08-09T09:57:47.4055757Z Need to get 303 kB of archives.
2025-08-09T09:57:47.4056653Z After this operation, 1258 kB of additional disk space will be used.
2025-08-09T09:57:47.4057326Z Get:1 file:/etc/apt/apt-mirrors.txt Mirrorlist [144 B]
2025-08-09T09:57:47.5063667Z Get:2 http://azure.archive.ubuntu.com/ubuntu jammy/universe amd64 dialog amd64 1.3-20211214-1 [303 kB]
2025-08-09T09:57:47.8110437Z Fetched 303 kB in 0s (2611 kB/s)
2025-08-09T09:57:47.8320292Z Selecting previously unselected package dialog.
2025-08-09T09:57:47.8392064Z (Reading database ... 
2025-08-09T09:57:47.8392467Z (Reading database ... 5%
2025-08-09T09:57:47.8393090Z (Reading database ... 10%
2025-08-09T09:57:47.8393419Z (Reading database ... 15%
2025-08-09T09:57:47.8393729Z (Reading database ... 20%
2025-08-09T09:57:47.8394046Z (Reading database ... 25%
2025-08-09T09:57:47.8394353Z (Reading database ... 30%
2025-08-09T09:57:47.8394666Z (Reading database ... 35%
2025-08-09T09:57:47.8394969Z (Reading database ... 40%
2025-08-09T09:57:47.8395281Z (Reading database ... 45%
2025-08-09T09:57:47.8396296Z (Reading database ... 50%
2025-08-09T09:57:47.8448045Z (Reading database ... 55%
2025-08-09T09:57:47.8482432Z (Reading database ... 60%
2025-08-09T09:57:47.8503437Z (Reading database ... 65%
2025-08-09T09:57:47.8588599Z (Reading database ... 70%
2025-08-09T09:57:47.8750315Z (Reading database ... 75%
2025-08-09T09:57:47.8783035Z (Reading database ... 80%
2025-08-09T09:57:47.9055166Z (Reading database ... 85%
2025-08-09T09:57:47.9128682Z (Reading database ... 90%
2025-08-09T09:57:47.9279473Z (Reading database ... 95%
2025-08-09T09:57:47.9280338Z (Reading database ... 100%
2025-08-09T09:57:47.9280825Z (Reading database ... 270634 files and directories currently installed.)
2025-08-09T09:57:47.9332657Z Preparing to unpack .../dialog_1.3-20211214-1_amd64.deb ...
2025-08-09T09:57:47.9342841Z Unpacking dialog (1.3-20211214-1) ...
2025-08-09T09:57:48.0965533Z Setting up dialog (1.3-20211214-1) ...
2025-08-09T09:57:48.0993056Z Processing triggers for man-db (2.10.2-1) ...
2025-08-09T09:57:48.6406974Z NEEDRESTART-VER: 3.5
2025-08-09T09:57:48.8733670Z NEEDRESTART-KCUR: 6.8.0-1031-azure
2025-08-09T09:57:48.8734134Z NEEDRESTART-KEXP: 6.8.0-1031-azure
2025-08-09T09:57:48.8734500Z NEEDRESTART-KSTA: 1
2025-08-09T09:57:48.8734858Z NEEDRESTART-SVC: hosted-compute-agent.service
2025-08-09T09:57:50.1926338Z [0;34m[INFO][0m Applying CI space optimizations...
2025-08-09T09:57:51.1220990Z Reading package lists...
2025-08-09T09:57:51.3105265Z Building dependency tree...
2025-08-09T09:57:51.3117436Z Reading state information...
2025-08-09T09:57:51.4515619Z The following packages will be REMOVED:
2025-08-09T09:57:51.4517019Z   apport-symptoms landscape-common libintl-perl libintl-xs-perl libisns0
2025-08-09T09:57:51.4517723Z   liblldb-13 liblldb-15 libmodule-find-perl libmodule-scandeps-perl libmspack0
2025-08-09T09:57:51.4518518Z   libopeniscsiusr libproc-processtable-perl libsort-naturally-perl
2025-08-09T09:57:51.4519993Z   libterm-readkey-perl libxmlsec1 libxmlsec1-openssl lxd-agent-loader
2025-08-09T09:57:51.4520761Z   needrestart open-iscsi open-vm-tools python3-apport python3-automat
2025-08-09T09:57:51.4521457Z   python3-bcrypt python3-click python3-colorama python3-constantly
2025-08-09T09:57:51.4521953Z   python3-hamcrest python3-hyperlink python3-incremental
2025-08-09T09:57:51.4522401Z   python3-problem-report python3-pyasn1 python3-pyasn1-modules
2025-08-09T09:57:51.4522855Z   python3-service-identity python3-systemd python3-twisted
2025-08-09T09:57:51.4523235Z   python3-zope.interface zerofree
2025-08-09T09:57:51.7291227Z 0 upgraded, 0 newly installed, 37 to remove and 14 not upgraded.
2025-08-09T09:57:51.7291773Z After this operation, 62.7 MB disk space will be freed.
2025-08-09T09:57:51.7514455Z (Reading database ... 
2025-08-09T09:57:51.7514860Z (Reading database ... 5%
2025-08-09T09:57:51.7515204Z (Reading database ... 10%
2025-08-09T09:57:51.7515534Z (Reading database ... 15%
2025-08-09T09:57:51.7515847Z (Reading database ... 20%
2025-08-09T09:57:51.7516343Z (Reading database ... 25%
2025-08-09T09:57:51.7516659Z (Reading database ... 30%
2025-08-09T09:57:51.7516981Z (Reading database ... 35%
2025-08-09T09:57:51.7517857Z (Reading database ... 40%
2025-08-09T09:57:51.7541452Z (Reading database ... 45%
2025-08-09T09:57:51.7541826Z (Reading database ... 50%
2025-08-09T09:57:51.7576787Z (Reading database ... 55%
2025-08-09T09:57:51.7610512Z (Reading database ... 60%
2025-08-09T09:57:51.7629711Z (Reading database ... 65%
2025-08-09T09:57:51.7714843Z (Reading database ... 70%
2025-08-09T09:57:51.7875439Z (Reading database ... 75%
2025-08-09T09:57:51.7907718Z (Reading database ... 80%
2025-08-09T09:57:51.8168111Z (Reading database ... 85%
2025-08-09T09:57:51.8237897Z (Reading database ... 90%
2025-08-09T09:57:51.8381807Z (Reading database ... 95%
2025-08-09T09:57:51.8382233Z (Reading database ... 100%
2025-08-09T09:57:51.8382628Z (Reading database ... 270787 files and directories currently installed.)
2025-08-09T09:57:51.8432949Z Removing apport-symptoms (0.24) ...
2025-08-09T09:57:51.8641763Z Removing landscape-common (23.02-0ubuntu1~22.04.4) ...
2025-08-09T09:57:52.0000702Z Removing libintl-xs-perl (1.26-3build2) ...
2025-08-09T09:57:52.0223847Z Removing needrestart (3.5-5ubuntu2.4) ...
2025-08-09T09:57:52.0725317Z Removing libintl-perl (1.26-3build2) ...
2025-08-09T09:57:52.1016818Z Removing open-iscsi (2.1.5-1ubuntu1.1) ...
2025-08-09T09:57:52.2802402Z Warning: Stopping iscsid.service, but it can still be activated by:
2025-08-09T09:57:52.2802994Z   iscsid.socket
2025-08-09T09:57:53.7041863Z Removing libisns0:amd64 (0.101-0ubuntu2) ...
2025-08-09T09:57:53.7247701Z Removing liblldb-13 (1:13.0.1-2ubuntu2.2) ...
2025-08-09T09:57:53.7602657Z Removing liblldb-15 (1:15.0.7-0ubuntu0.22.04.3) ...
2025-08-09T09:57:53.7999380Z Removing libmodule-find-perl (0.15-1) ...
2025-08-09T09:57:53.8207300Z Removing libmodule-scandeps-perl (1.31-1ubuntu0.1) ...
2025-08-09T09:57:53.8411262Z Removing open-vm-tools (2:12.3.5-3~ubuntu0.22.04.2) ...
2025-08-09T09:57:54.8618834Z Removing libmspack0:amd64 (0.10.1-2build2) ...
2025-08-09T09:57:54.8779924Z Removing libopeniscsiusr (2.1.5-1ubuntu1.1) ...
2025-08-09T09:57:54.8942246Z Removing libproc-processtable-perl:amd64 (0.634-1build1) ...
2025-08-09T09:57:54.9112916Z Removing libsort-naturally-perl (1.03-2) ...
2025-08-09T09:57:54.9270787Z Removing libterm-readkey-perl (2.38-1build4) ...
2025-08-09T09:57:54.9432499Z Removing libxmlsec1-openssl:amd64 (1.2.33-1build2) ...
2025-08-09T09:57:54.9596697Z Removing libxmlsec1:amd64 (1.2.33-1build2) ...
2025-08-09T09:57:54.9758102Z Removing lxd-agent-loader (0.5) ...
2025-08-09T09:57:55.4494404Z Removing python3-apport (2.20.11-0ubuntu82.9) ...
2025-08-09T09:57:55.5645080Z Removing python3-twisted (22.1.0-2ubuntu2.6) ...
2025-08-09T09:57:55.8755764Z Removing python3-automat (20.2.0-1) ...
2025-08-09T09:57:55.9893736Z Removing python3-bcrypt (3.2.0-1build1) ...
2025-08-09T09:57:56.0734737Z Removing python3-click (8.0.3-1) ...
2025-08-09T09:57:56.1656887Z Removing python3-colorama (0.4.4-1) ...
2025-08-09T09:57:56.2520437Z Removing python3-constantly (15.1.0-2) ...
2025-08-09T09:57:56.3409959Z Removing python3-hamcrest (2.0.2-2) ...
2025-08-09T09:57:56.4395235Z Removing python3-hyperlink (21.0.0-3) ...
2025-08-09T09:57:56.5333236Z Removing python3-incremental (21.3.0-1) ...
2025-08-09T09:57:56.6226720Z Removing python3-problem-report (2.20.11-0ubuntu82.9) ...
2025-08-09T09:57:56.7310968Z Removing python3-service-identity (18.1.0-6) ...
2025-08-09T09:57:56.8171030Z Removing python3-pyasn1-modules (0.2.1-1) ...
2025-08-09T09:57:56.9105168Z Removing python3-pyasn1 (0.4.8-1) ...
2025-08-09T09:57:57.0033008Z Removing python3-systemd (234-3ubuntu2) ...
2025-08-09T09:57:57.1019954Z Removing python3-zope.interface (5.4.0-1build1) ...
2025-08-09T09:57:57.2018932Z Removing zerofree (1.1.1-1build3) ...
2025-08-09T09:57:57.2533767Z Processing triggers for libc-bin (2.35-0ubuntu3.10) ...
2025-08-09T09:57:57.2693935Z Processing triggers for man-db (2.10.2-1) ...
2025-08-09T09:57:57.5949707Z Processing triggers for initramfs-tools (0.140ubuntu13.5) ...
2025-08-09T09:57:57.6976358Z update-initramfs: Generating /boot/initrd.img-6.8.0-1031-azure
2025-08-09T09:58:09.4748436Z [0;32m[SUCCESS][0m Build environment initialized
2025-08-09T09:58:09.4750146Z 
2025-08-09T09:58:09.4750518Z [0;35m[PHASE][0m Building Custom Kernel 6.6.58 with AI Optimizations
2025-08-09T09:58:09.4750893Z 
2025-08-09T09:58:09.4751064Z [0;34m[INFO][0m Downloading Linux kernel 6.6.58...
2025-08-09T09:58:09.4751602Z [0;34m[INFO][0m CI environment detected - using optimized download strategy
2025-08-09T09:58:09.4752102Z [0;34m[INFO][0m Downloading kernel tarball (faster than git clone)...
2025-08-09T09:58:09.6343473Z --2025-08-09 09:58:09--  https://www.kernel.org/pub/linux/kernel/v6.x/linux-6.6.58.tar.xz
2025-08-09T09:58:09.6683352Z Resolving www.kernel.org (www.kernel.org)... 146.75.105.55, 2a04:4e42:26::311
2025-08-09T09:58:09.6812029Z Connecting to www.kernel.org (www.kernel.org)|146.75.105.55|:443... connected.
2025-08-09T09:58:09.7269948Z HTTP request sent, awaiting response... 200 OK
2025-08-09T09:58:09.7270388Z Length: 140387240 (134M) [application/x-xz]
2025-08-09T09:58:09.7271010Z Saving to: ‘linux-6.6.58.tar.xz’
2025-08-09T09:58:09.7439381Z 
2025-08-09T09:58:09.8101606Z      0K ........ ........ ........ ........ ........ ........  2% 36.2M 4s
2025-08-09T09:58:09.8243903Z   3072K ........ ........ ........ ........ ........ ........  4%  208M 2s
2025-08-09T09:58:09.8351986Z   6144K ........ ........ ........ ........ ........ ........  6%  279M 1s
2025-08-09T09:58:09.8490124Z   9216K ........ ........ ........ ........ ........ ........  8%  217M 1s
2025-08-09T09:58:09.8559572Z  12288K ........ ........ ........ ........ ........ ........ 11%  433M 1s
2025-08-09T09:58:09.8679062Z  15360K ........ ........ ........ ........ ........ ........ 13%  251M 1s
2025-08-09T09:58:09.8803032Z  18432K ........ ........ ........ ........ ........ ........ 15%  244M 1s
2025-08-09T09:58:09.8914863Z  21504K ........ ........ ........ ........ ........ ........ 17%  272M 1s
2025-08-09T09:58:09.9023549Z  24576K ........ ........ ........ ........ ........ ........ 20%  276M 1s
2025-08-09T09:58:09.9133718Z  27648K ........ ........ ........ ........ ........ ........ 22%  271M 1s
2025-08-09T09:58:09.9214217Z  30720K ........ ........ ........ ........ ........ ........ 24%  372M 1s
2025-08-09T09:58:09.9322599Z  33792K ........ ........ ........ ........ ........ ........ 26%  276M 1s
2025-08-09T09:58:09.9430764Z  36864K ........ ........ ........ ........ ........ ........ 29%  278M 1s
2025-08-09T09:58:09.9550279Z  39936K ........ ........ ........ ........ ........ ........ 31%  250M 0s
2025-08-09T09:58:09.9662053Z  43008K ........ ........ ........ ........ ........ ........ 33%  271M 0s
2025-08-09T09:58:09.9752617Z  46080K ........ ........ ........ ........ ........ ........ 35%  365M 0s
2025-08-09T09:58:09.9856399Z  49152K ........ ........ ........ ........ ........ ........ 38%  263M 0s
2025-08-09T09:58:09.9967837Z  52224K ........ ........ ........ ........ ........ ........ 40%  271M 0s
2025-08-09T09:58:10.0066298Z  55296K ........ ........ ........ ........ ........ ........ 42%  307M 0s
2025-08-09T09:58:10.0165199Z  58368K ........ ........ ........ ........ ........ ........ 44%  299M 0s
2025-08-09T09:58:10.0266500Z  61440K ........ ........ ........ ........ ........ ........ 47%  294M 0s
2025-08-09T09:58:10.0370339Z  64512K ........ ........ ........ ........ ........ ........ 49%  290M 0s
2025-08-09T09:58:10.0474590Z  67584K ........ ........ ........ ........ ........ ........ 51%  290M 0s
2025-08-09T09:58:10.0587588Z  70656K ........ ........ ........ ........ ........ ........ 53%  265M 0s
2025-08-09T09:58:10.0672240Z  73728K ........ ........ ........ ........ ........ ........ 56%  353M 0s
2025-08-09T09:58:10.0778567Z  76800K ........ ........ ........ ........ ........ ........ 58%  285M 0s
2025-08-09T09:58:10.0888552Z  79872K ........ ........ ........ ........ ........ ........ 60%  273M 0s
2025-08-09T09:58:10.0996162Z  82944K ........ ........ ........ ........ ........ ........ 62%  280M 0s
2025-08-09T09:58:10.1085897Z  86016K ........ ........ ........ ........ ........ ........ 64%  335M 0s
2025-08-09T09:58:10.1187620Z  89088K ........ ........ ........ ........ ........ ........ 67%  293M 0s
2025-08-09T09:58:10.1296588Z  92160K ........ ........ ........ ........ ........ ........ 69%  279M 0s
2025-08-09T09:58:10.1398584Z  95232K ........ ........ ........ ........ ........ ........ 71%  292M 0s
2025-08-09T09:58:10.1492941Z  98304K ........ ........ ........ ........ ........ ........ 73%  336M 0s
2025-08-09T09:58:10.1597318Z 101376K ........ ........ ........ ........ ........ ........ 76%  272M 0s
2025-08-09T09:58:10.1708200Z 104448K ........ ........ ........ ........ ........ ........ 78%  272M 0s
2025-08-09T09:58:10.1816606Z 107520K ........ ........ ........ ........ ........ ........ 80%  275M 0s
2025-08-09T09:58:10.1895852Z 110592K ........ ........ ........ ........ ........ ........ 82%  372M 0s
2025-08-09T09:58:10.2004917Z 113664K ........ ........ ........ ........ ........ ........ 85%  280M 0s
2025-08-09T09:58:10.2114831Z 116736K ........ ........ ........ ........ ........ ........ 87%  270M 0s
2025-08-09T09:58:10.2224978Z 119808K ........ ........ ........ ........ ........ ........ 89%  276M 0s
2025-08-09T09:58:10.2306701Z 122880K ........ ........ ........ ........ ........ ........ 91%  364M 0s
2025-08-09T09:58:10.2413453Z 125952K ........ ........ ........ ........ ........ ........ 94%  278M 0s
2025-08-09T09:58:10.2525272Z 129024K ........ ........ ........ ........ ........ ........ 96%  271M 0s
2025-08-09T09:58:10.2638155Z 132096K ........ ........ ........ ........ ........ ........ 98%  302M 0s
2025-08-09T09:58:10.2680899Z 135168K ........ ........ ........ ......                    100%  320M=0.5s
2025-08-09T09:58:10.2681255Z 
2025-08-09T09:58:10.2682045Z 2025-08-09 09:58:10 (247 MB/s) - ‘linux-6.6.58.tar.xz’ saved [140387240/140387240]
2025-08-09T09:58:10.2682487Z 
2025-08-09T09:58:10.2693762Z [0;34m[INFO][0m ✓ Kernel tarball downloaded successfully from kernel.org
2025-08-09T09:58:10.2694478Z [0;34m[INFO][0m Extracting kernel source...
2025-08-09T09:58:19.5593074Z [0;32m[SUCCESS][0m Kernel source extracted successfully
2025-08-09T09:58:19.5593654Z [0;34m[INFO][0m Applying AI/NPU optimization patches...
2025-08-09T09:58:19.5636893Z [0;34m[INFO][0m Script directory: /home/runner/ainux-build/kernel/linux
2025-08-09T09:58:19.5637813Z [0;34m[INFO][0m Initial patch directory: /home/runner/ainux-build/kernel/linux/patches
2025-08-09T09:58:19.5641723Z [0;34m[INFO][0m Current working directory: /home/runner/ainux-build/kernel/linux
2025-08-09T09:58:19.5642531Z [0;34m[INFO][0m Script location: ./ainux-builder.sh
2025-08-09T09:58:19.5643228Z [0;34m[INFO][0m Primary patch directory not found, trying alternatives...
2025-08-09T09:58:19.5665632Z [0;34m[INFO][0m Found patches at CI path: /home/runner/work/ainux/ainux/patches
2025-08-09T09:58:19.5666792Z [0;34m[INFO][0m Using local patches from repository: /home/runner/work/ainux/ainux/patches
2025-08-09T09:58:19.5704297Z [0;34m[INFO][0m Available patches: 6.6-cluster-networking-simple 6.6-cluster-networking 6.6-npu-kconfig-fix 6.6-npu-support 6.6-rocm-optimizations-simple 6.6-rocm-optimizations 6.6-tpu-support tpu-integration 
2025-08-09T09:58:19.5705744Z [0;34m[INFO][0m Applying NPU support patch...
2025-08-09T09:58:19.5997303Z patching file drivers/Kconfig
2025-08-09T09:58:19.5998002Z Hunk #1 succeeded at 243 with fuzz 2 (offset 3 lines).
2025-08-09T09:58:19.5998550Z patching file drivers/Makefile
2025-08-09T09:58:19.5999503Z patching file drivers/npu/Kconfig
2025-08-09T09:58:19.6000758Z patching file drivers/npu/Makefile
2025-08-09T09:58:19.6001596Z patching file drivers/npu/npu-core.c
2025-08-09T09:58:19.6003951Z patching file drivers/npu/rockchip-npu.c
2025-08-09T09:58:19.6005625Z patching file include/uapi/linux/npu.h
2025-08-09T09:58:19.6006950Z patching file drivers/npu/arm-ethos-npu.c
2025-08-09T09:58:19.6007869Z patching file drivers/npu/intel-vpu.c
2025-08-09T09:58:19.6008907Z patching file drivers/npu/qualcomm-npu.c
2025-08-09T09:58:19.6009650Z patching file drivers/npu/mediatek-apu.c
2025-08-09T09:58:19.6010537Z patching file drivers/npu/google-tpu.c
2025-08-09T09:58:19.6011346Z patching file drivers/npu/npu-debug.c
2025-08-09T09:58:19.6017626Z [0;34m[INFO][0m Applying simplified ROCm optimization patch...
2025-08-09T09:58:19.6031130Z patching file drivers/gpu/drm/amd/amdgpu/amdgpu_cs.c
2025-08-09T09:58:19.6031646Z Hunk #1 succeeded at 1274 with fuzz 3.
2025-08-09T09:58:19.6038070Z [0;34m[INFO][0m Applying simplified cluster networking patch...
2025-08-09T09:58:19.6054510Z patching file net/core/dev.c
2025-08-09T09:58:19.6060507Z Hunk #1 succeeded at 5354 with fuzz 2 (offset -166 lines).
2025-08-09T09:58:19.6067486Z [0;34m[INFO][0m Configuring kernel for AI workloads...
2025-08-09T09:58:19.7591849Z [0;34m[INFO][0m Applying AI hardware optimizations to kernel config...
2025-08-09T09:58:19.7592570Z [0;34m[INFO][0m Enabling mandatory NPU support for AI cluster...
2025-08-09T09:58:19.8534026Z [0;34m[INFO][0m Enabling mandatory AMD ROCm support...
2025-08-09T09:58:20.2712584Z   HOSTCC  scripts/basic/fixdep
2025-08-09T09:58:20.4264903Z   HOSTCC  scripts/kconfig/conf.o
2025-08-09T09:58:20.5919332Z   HOSTCC  scripts/kconfig/confdata.o
2025-08-09T09:58:20.8161024Z   HOSTCC  scripts/kconfig/expr.o
2025-08-09T09:58:21.0000647Z   LEX     scripts/kconfig/lexer.lex.c
2025-08-09T09:58:21.0705609Z   YACC    scripts/kconfig/parser.tab.[ch]
2025-08-09T09:58:21.2531488Z   HOSTCC  scripts/kconfig/lexer.lex.o
2025-08-09T09:58:21.4875500Z   HOSTCC  scripts/kconfig/menu.o
2025-08-09T09:58:21.6409475Z   HOSTCC  scripts/kconfig/parser.tab.o
2025-08-09T09:58:21.8324411Z   HOSTCC  scripts/kconfig/preprocess.o
2025-08-09T09:58:21.9317663Z   HOSTCC  scripts/kconfig/symbol.o
2025-08-09T09:58:22.1877338Z   HOSTCC  scripts/kconfig/util.o
2025-08-09T09:58:22.2341932Z   HOSTLD  scripts/kconfig/conf
2025-08-09T09:58:39.8684589Z drivers/Kconfig:248: unexpected 'menu' within if block
2025-08-09T09:58:40.2392060Z <none>:34: syntax error
2025-08-09T09:58:40.2392589Z drivers/Kconfig:2: missing end statement for this entry
2025-08-09T09:58:40.2403791Z make[2]: *** [scripts/kconfig/Makefile:77: oldconfig] Error 1
2025-08-09T09:58:40.2407031Z make[1]: *** [/home/runner/ainux-build/kernel/linux/Makefile:697: oldconfig] Error 2
2025-08-09T09:58:40.2409171Z make: *** [Makefile:234: __sub-make] Error 2
2025-08-09T09:58:40.2417181Z + echo 'Build timed out or failed'
2025-08-09T09:58:40.2417472Z Build timed out or failed
2025-08-09T09:58:40.2417718Z + echo '=== Last 100 lines of any available logs ==='
2025-08-09T09:58:40.2418045Z === Last 100 lines of any available logs ===
2025-08-09T09:58:40.2421500Z + find /home/runner/ainux-build/logs -name '*.log' -exec tail -50 '{}' ';'
2025-08-09T09:58:40.2443039Z patching file net/core/dev.c
2025-08-09T09:58:40.2443505Z Hunk #1 succeeded at 5354 with fuzz 2 (offset -166 lines).
2025-08-09T09:58:40.2453447Z patching file drivers/Kconfig
2025-08-09T09:58:40.2453924Z Hunk #1 succeeded at 243 with fuzz 2 (offset 3 lines).
2025-08-09T09:58:40.2454339Z patching file drivers/Makefile
2025-08-09T09:58:40.2454577Z patching file drivers/npu/Kconfig
2025-08-09T09:58:40.2454813Z patching file drivers/npu/Makefile
2025-08-09T09:58:40.2455051Z patching file drivers/npu/npu-core.c
2025-08-09T09:58:40.2455310Z patching file drivers/npu/rockchip-npu.c
2025-08-09T09:58:40.2455557Z patching file include/uapi/linux/npu.h
2025-08-09T09:58:40.2455798Z patching file drivers/npu/arm-ethos-npu.c
2025-08-09T09:58:40.2456277Z patching file drivers/npu/intel-vpu.c
2025-08-09T09:58:40.2456539Z patching file drivers/npu/qualcomm-npu.c
2025-08-09T09:58:40.2456789Z patching file drivers/npu/mediatek-apu.c
2025-08-09T09:58:40.2457026Z patching file drivers/npu/google-tpu.c
2025-08-09T09:58:40.2457254Z patching file drivers/npu/npu-debug.c
2025-08-09T09:58:40.2463756Z patching file drivers/gpu/drm/amd/amdgpu/amdgpu_cs.c
2025-08-09T09:58:40.2464221Z Hunk #1 succeeded at 1274 with fuzz 3.
2025-08-09T09:58:40.2467252Z + echo '=== Environment Variables ==='
2025-08-09T09:58:40.2467668Z === Environment Variables ===
2025-08-09T09:58:40.2469546Z + env
2025-08-09T09:58:40.2471083Z + grep -E '(CLUSTER_MODE|ENABLE_GUI|SKIP_|BUILD_)'
2025-08-09T09:58:40.2484085Z BUILD_THREADS=2
2025-08-09T09:58:40.2484427Z DOTNET_SKIP_FIRST_TIME_EXPERIENCE=1
2025-08-09T09:58:40.2484807Z SKIP_QEMU_TEST=true
2025-08-09T09:58:40.2485094Z CLUSTER_MODE=main
2025-08-09T09:58:40.2485339Z SKIP_CONNECTIVITY_CHECK=true
2025-08-09T09:58:40.2485543Z ENABLE_GUI=true
2025-08-09T09:58:40.2485904Z + echo '=== Disk Usage ==='
2025-08-09T09:58:40.2486642Z + df -h
2025-08-09T09:58:40.2486802Z === Disk Usage ===
2025-08-09T09:58:40.2498313Z Filesystem      Size  Used Avail Use% Mounted on
2025-08-09T09:58:40.2498593Z /dev/root        73G   38G   36G  52% /
2025-08-09T09:58:40.2498838Z tmpfs           7.9G  172K  7.9G   1% /dev/shm
2025-08-09T09:58:40.2499120Z tmpfs           3.2G  1.1M  3.2G   1% /run
2025-08-09T09:58:40.2499551Z tmpfs           5.0M     0  5.0M   0% /run/lock
2025-08-09T09:58:40.2500002Z /dev/sda15      105M  6.1M   99M   6% /boot/efi
2025-08-09T09:58:40.2500418Z /dev/sdb1        74G  4.1G   66G   6% /mnt
2025-08-09T09:58:40.2500835Z tmpfs           1.6G   12K  1.6G   1% /run/user/1001
2025-08-09T09:58:40.2501273Z tmpfs           7.9G     0  7.9G   0% /run/qemu
2025-08-09T09:58:40.2501689Z + echo '=== Memory Usage ==='
2025-08-09T09:58:40.2502030Z + free -h
2025-08-09T09:58:40.2502233Z === Memory Usage ===
2025-08-09T09:58:40.2516449Z                total        used        free      shared  buff/cache   available
2025-08-09T09:58:40.2517319Z Mem:            15Gi       598Mi        10Gi        44Mi       4.7Gi        14Gi
2025-08-09T09:58:40.2517718Z Swap:          4.0Gi          0B       4.0Gi
2025-08-09T09:58:40.2519228Z + exit 1
2025-08-09T09:58:40.2535490Z ##[error]Process completed with exit code 1.
2025-08-09T09:58:40.2627162Z Post job cleanup.
2025-08-09T09:58:40.3551287Z [command]/usr/bin/git version
2025-08-09T09:58:40.3588241Z git version 2.50.1
2025-08-09T09:58:40.3631278Z Temporarily overriding HOME='/home/runner/work/_temp/2c80262b-9f74-4efd-98ce-0edc36799968' before making global git config changes
2025-08-09T09:58:40.3632534Z Adding repository directory to the temporary git global config as a safe directory
2025-08-09T09:58:40.3643956Z [command]/usr/bin/git config --global --add safe.directory /home/runner/work/ainux/ainux
2025-08-09T09:58:40.3677677Z [command]/usr/bin/git config --local --name-only --get-regexp core\.sshCommand
2025-08-09T09:58:40.3709668Z [command]/usr/bin/git submodule foreach --recursive sh -c "git config --local --name-only --get-regexp 'core\.sshCommand' && git config --local --unset-all 'core.sshCommand' || :"
2025-08-09T09:58:40.3930803Z [command]/usr/bin/git config --local --name-only --get-regexp http\.https\:\/\/github\.com\/\.extraheader
2025-08-09T09:58:40.3951072Z http.https://github.com/.extraheader
2025-08-09T09:58:40.3963203Z [command]/usr/bin/git config --local --unset-all http.https://github.com/.extraheader
2025-08-09T09:58:40.3994236Z [command]/usr/bin/git submodule foreach --recursive sh -c "git config --local --name-only --get-regexp 'http\.https\:\/\/github\.com\/\.extraheader' && git config --local --unset-all 'http.https://github.com/.extraheader' || :"
2025-08-09T09:58:40.4320053Z Cleaning up orphan processes
